Running moon test with real execution...
Compiling azimuth...
azimuth/lib.mbt:705:7-705:8 [E0002] Warning (unused_value): Unused variable 'n'
azimuth/lib.mbt:740:7-740:13 [E0002] Warning (unused_value): Unused variable 'number'
azimuth/lib.mbt:826:7-826:12 [E0002] Warning (unused_value): Unused variable 'power'
azimuth/lib.mbt:1058:7-1058:15 [E0002] Warning (unused_value): Unused variable 'template'
azimuth/lib.mbt:1198:7-1198:20 [E0002] Warning (unused_value): Unused variable 'growth_factor'
azimuth/lib.mbt:1199:7-1199:14 [E0002] Warning (unused_value): Unused variable 'periods'
azimuth/lib.mbt:1242:7-1242:13 [E0002] Warning (unused_value): Unused variable 'number'
azimuth/lib.mbt:1256:7-1256:19 [E0002] Warning (unused_value): Unused variable 'integer_part'
azimuth/lib.mbt:1257:7-1257:19 [E0002] Warning (unused_value): Unused variable 'decimal_part'
azimuth/lib.mbt:1264:7-1264:18 [E0002] Warning (unused_value): Unused variable 'time_string'
azimuth/lib.mbt:1265:7-1265:22 [E0002] Warning (unused_value): Unused variable 'datetime_string'
azimuth/lib.mbt:1274:7-1274:8 [E0002] Warning (unused_value): Unused variable 'n'
azimuth/lib.mbt:1403:7-1403:20 [E0002] Warning (unused_value): Unused variable 'index_lookups'
azimuth/lib.mbt:1419:7-1419:17 [E0002] Warning (unused_value): Unused variable 'key_length'
azimuth/lib.mbt:1470:7-1470:8 [E0002] Warning (unused_value): Unused variable 'a'
azimuth/lib.mbt:1471:7-1471:8 [E0002] Warning (unused_value): Unused variable 'b'
azimuth/lib.mbt:1482:7-1482:22 [E0002] Warning (unused_value): Unused variable 'prime_candidate'
azimuth/lib.mbt:1488:7-1488:12 [E0002] Warning (unused_value): Unused variable 'fib_n'
azimuth/lib.mbt:1524:7-1524:15 [E0002] Warning (unused_value): Unused variable 'variance'
azimuth/lib.mbt:1525:7-1525:25 [E0002] Warning (unused_value): Unused variable 'standard_deviation'
azimuth/lib.mbt:1541:7-1541:21 [E0002] Warning (unused_value): Unused variable 'report_content'
azimuth/lib.mbt:1552:7-1552:16 [E0002] Warning (unused_value): Unused variable 'compounds'
azimuth/lib.mbt:1602:7-1602:16 [E0002] Warning (unused_value): Unused variable 'plaintext'
azimuth/lib.mbt:1645:7-1645:20 [E0002] Warning (unused_value): Unused variable 'original_data'
azimuth/lib.mbt:1678:7-1678:9 [E0002] Warning (unused_value): Unused variable 'x3'
azimuth/lib.mbt:1678:19-1678:21 [E0002] Warning (unused_value): Unused variable 'y3'
azimuth/lib.mbt:1750:7-1750:8 [E0002] Warning (unused_value): Unused variable 'b'
azimuth/lib.mbt:1898:7-1898:19 [E0002] Warning (unused_value): Unused variable 'start_vertex'
azimuth/lib.mbt:1899:7-1899:17 [E0002] Warning (unused_value): Unused variable 'end_vertex'
azimuth/lib.mbt:1921:7-1921:18 [E0002] Warning (unused_value): Unused variable 'tree_height'
azimuth/lib.mbt:1925:7-1925:16 [E0002] Warning (unused_value): Unused variable 'max_nodes'
azimuth/lib.mbt:2118:7-2118:8 [E0002] Warning (unused_value): Unused variable 'n'
azimuth/lib.mbt:2165:7-2165:25 [E0002] Warning (unused_value): Unused variable 'compounds_per_year'
azimuth/lib.mbt:2178:7-2178:13 [E0002] Warning (unused_value): Unused variable 'values'
azimuth/lib.mbt:2220:7-2220:13 [E0002] Warning (unused_value): Unused variable 'scores'
azimuth/lib.mbt:2307:7-2307:14 [E0002] Warning (unused_value): Unused variable 'pattern'
azimuth/lib.mbt:2441:7-2441:8 [E0002] Warning (unused_value): Unused variable 'g'
azimuth/lib.mbt:2442:7-2442:8 [E0002] Warning (unused_value): Unused variable 'b'
azimuth/lib.mbt:2467:7-2467:9 [E0002] Warning (unused_value): Unused variable 'g2'
azimuth/lib.mbt:2468:7-2468:9 [E0002] Warning (unused_value): Unused variable 'b2'
azimuth/lib.mbt:2518:7-2518:19 [E0002] Warning (unused_value): Unused variable 'server_count'
azimuth/lib.mbt:2522:7-2522:23 [E0002] Warning (unused_value): Unused variable 'server1_requests'
azimuth/lib.mbt:2523:7-2523:23 [E0002] Warning (unused_value): Unused variable 'server2_requests'
azimuth/lib.mbt:2524:7-2524:23 [E0002] Warning (unused_value): Unused variable 'server3_requests'
azimuth/lib.mbt:2560:7-2560:17 [E0002] Warning (unused_value): Unused variable 'cache_size'
azimuth/lib.mbt:2561:7-2561:22 [E0002] Warning (unused_value): Unused variable 'access_sequence'
azimuth/lib.mbt:2570:7-2570:18 [E0002] Warning (unused_value): Unused variable 'final_cache'
azimuth/lib.mbt:2596:7-2596:16 [E0002] Warning (unused_value): Unused variable 'data_byte'
azimuth/lib.mbt:2597:7-2597:16 [E0002] Warning (unused_value): Unused variable 'data_bits'
azimuth/lib.mbt:2606:7-2606:20 [E0002] Warning (unused_value): Unused variable 'received_data'
Generating azimuth.wasm...
Testing azimuth...
Checking azimuth_new_test_cases.mbt...
Found 9 tests in azimuth_new_test_cases.mbt
test ... ok
test ... ok
test ... ok
test ... ok
test ... ok
test ... ok
test ... ok
test ... ok
test ... ok
Checking azimuth_comprehensive_tests.mbt...
azimuth_test/azimuth_comprehensive_tests.mbt:4:1-4:4 [E0035] Warning (reserved_keyword): The word `use` is reserved for possible future use. Please consider using another name.
azimuth_test/azimuth_comprehensive_tests.mbt:4:1-4:4 [E3002] Parse error, unexpected token id (lowercase start), you may expect `pub`, `priv`, `type`, `suberror`, `typealias`, `async`, `fn`, `fnalias`, `struct`, `enum`, `let`, `const`, `extern`, `test`, `impl`, `trait`, `traitalias`, `enumview`, `#attribute` or `using`.
azimuth_test/azimuth_comprehensive_tests.mbt:8:3-8:12 [E4021] The value identifier assert_eq is unbound.
azimuth_test/azimuth_comprehensive_tests.mbt:8:17-8:20 [E4021] The value identifier add is unbound.
azimuth_test/azimuth_comprehensive_tests.mbt:9:3-9:12 [E4021] The value identifier assert_eq is unbound.
azimuth_test/azimuth_comprehensive_tests.mbt:9:17-9:25 [E4021] The value identifier multiply is unbound.
azimuth_test/azimuth_comprehensive_tests.mbt:10:3-10:12 [E4021] The value identifier assert_eq is unbound.
azimuth_test/azimuth_comprehensive_tests.mbt:10:16-10:19 [E4021] The value identifier add is unbound.
azimuth_test/azimuth_comprehensive_tests.mbt:11:3-11:12 [E4021] The value identifier assert_eq is unbound.
azimuth_test/azimuth_comprehensive_tests.mbt:11:17-11:25 [E4021] The value identifier multiply is unbound.
azimuth_test/azimuth_comprehensive_tests.mbt:18:3-18:12 [E4021] The value identifier assert_eq is unbound.
azimuth_test/azimuth_comprehensive_tests.mbt:18:16-18:19 [E4021] The value identifier add is unbound.
azimuth_test/azimuth_comprehensive_tests.mbt:19:3-19:12 [E4021] The value identifier assert_eq is unbound.
azimuth_test/azimuth_comprehensive_tests.mbt:19:16-19:19 [E4021] The value identifier add is unbound.
azimuth_test/azimuth_comprehensive_tests.mbt:22:3-22:12 [E4021] The value identifier assert_eq is unbound.
azimuth_test/azimuth_comprehensive_tests.mbt:22:16-22:24 [E4021] The value identifier multiply is unbound.
azimuth_test/azimuth_comprehensive_tests.mbt:23:3-23:12 [E4021] The value identifier assert_eq is unbound.
azimuth_test/azimuth_comprehensive_tests.mbt:23:16-23:24 [E4021] The value identifier multiply is unbound.
azimuth_test/azimuth_comprehensive_tests.mbt:29:16-29:19 [E4021] The value identifier add is unbound.
azimuth_test/azimuth_comprehensive_tests.mbt:29:20-29:23 [E4021] The value identifier add is unbound.
azimuth_test/azimuth_comprehensive_tests.mbt:29:24-29:27 [E4021] The value identifier add is unbound.
azimuth_test/azimuth_comprehensive_tests.mbt:30:3-30:12 [E4021] The value identifier assert_eq is unbound.
azimuth_test/azimuth_comprehensive_tests.mbt:33:17-33:25 [E4021] The value identifier multiply is unbound.
azimuth_test/azimuth_comprehensive_tests.mbt:33:26-33:34 [E4021] The value identifier multiply is unbound.
azimuth_test/azimuth_comprehensive_tests.mbt:33:35-33:43 [E4021] The value identifier multiply is unbound.
azimuth_test/azimuth_comprehensive_tests.mbt:34:3-34:12 [E4021] The value identifier assert_eq is unbound.
azimuth_test/azimuth_comprehensive_tests.mbt:42:23-42:31 [E4021] The value identifier multiply is unbound.
azimuth_test/azimuth_comprehensive_tests.mbt:43:3-43:12 [E4021] The value identifier assert_eq is unbound.
azimuth_test/azimuth_comprehensive_tests.mbt:47:16-47:24 [E4021] The value identifier multiply is unbound.
azimuth_test/azimuth_comprehensive_tests.mbt:47:25-47:33 [E4021] The value identifier multiply is unbound.
azimuth_test/azimuth_comprehensive_tests.mbt:48:3-48:12 [E4021] The value identifier assert_eq is unbound.
azimuth_test/azimuth_comprehensive_tests.mbt:54:3-54:12 [E4021] The value identifier assert_eq is unbound.
azimuth_test/azimuth_comprehensive_tests.mbt:54:16-54:19 [E4021] The value identifier add is unbound.
azimuth_test/azimuth_comprehensive_tests.mbt:55:3-55:12 [E4021] The value identifier assert_eq is unbound.
azimuth_test/azimuth_comprehensive_tests.mbt:55:16-55:24 [E4021] The value identifier multiply is unbound.
azimuth_test/azimuth_comprehensive_tests.mbt:58:3-58:12 [E4021] The value identifier assert_eq is unbound.
azimuth_test/azimuth_comprehensive_tests.mbt:58:17-58:20 [E4021] The value identifier add is unbound.
azimuth_test/azimuth_comprehensive_tests.mbt:59:3-59:12 [E4021] The value identifier assert_eq is unbound.
azimuth_test/azimuth_comprehensive_tests.mbt:59:16-59:24 [E4021] The value identifier multiply is unbound.
azimuth_test/azimuth_comprehensive_tests.mbt:62:3-62:12 [E4021] The value identifier assert_eq is unbound.
azimuth_test/azimuth_comprehensive_tests.mbt:62:16-62:19 [E4021] The value identifier add is unbound.
azimuth_test/azimuth_comprehensive_tests.mbt:63:3-63:12 [E4021] The value identifier assert_eq is unbound.
azimuth_test/azimuth_comprehensive_tests.mbt:63:16-63:24 [E4021] The value identifier multiply is unbound.
azimuth_test/azimuth_comprehensive_tests.mbt:72:3-72:12 [E4021] The value identifier assert_eq is unbound.
azimuth_test/azimuth_comprehensive_tests.mbt:72:20-72:23 [E4021] The value identifier add is unbound.
azimuth_test/azimuth_comprehensive_tests.mbt:73:3-73:12 [E4021] The value identifier assert_eq is unbound.
azimuth_test/azimuth_comprehensive_tests.mbt:73:24-73:32 [E4021] The value identifier multiply is unbound.
azimuth_test/azimuth_comprehensive_tests.mbt:83:17-83:20 [E4021] The value identifier add is unbound.
azimuth_test/azimuth_comprehensive_tests.mbt:84:3-84:12 [E4021] The value identifier assert_eq is unbound.
azimuth_test/azimuth_comprehensive_tests.mbt:87:17-87:25 [E4021] The value identifier multiply is unbound.
azimuth_test/azimuth_comprehensive_tests.mbt:88:3-88:12 [E4021] The value identifier assert_eq is unbound.
azimuth_test/azimuth_comprehensive_tests.mbt:99:24-99:32 [E4021] The value identifier multiply is unbound.
azimuth_test/azimuth_comprehensive_tests.mbt:99:33-99:36 [E4021] The value identifier add is unbound.
azimuth_test/azimuth_comprehensive_tests.mbt:99:44-99:47 [E4021] The value identifier add is unbound.
azimuth_test/azimuth_comprehensive_tests.mbt:100:3-100:12 [E4021] The value identifier assert_eq is unbound.
azimuth_test/azimuth_comprehensive_tests.mbt:103:25-103:28 [E4021] The value identifier add is unbound.
azimuth_test/azimuth_comprehensive_tests.mbt:103:29-103:37 [E4021] The value identifier multiply is unbound.
azimuth_test/azimuth_comprehensive_tests.mbt:103:45-103:53 [E4021] The value identifier multiply is unbound.
azimuth_test/azimuth_comprehensive_tests.mbt:104:3-104:12 [E4021] The value identifier assert_eq is unbound.
azimuth_test/azimuth_comprehensive_tests.mbt:110:21-110:24 [E4021] The value identifier add is unbound.
azimuth_test/azimuth_comprehensive_tests.mbt:111:21-111:29 [E4021] The value identifier multiply is unbound.
azimuth_test/azimuth_comprehensive_tests.mbt:114:3-114:12 [E4021] The value identifier assert_eq is unbound.
azimuth_test/azimuth_comprehensive_tests.mbt:115:3-115:12 [E4021] The value identifier assert_eq is unbound.
azimuth_test/azimuth_comprehensive_tests.mbt:118:26-118:29 [E4021] The value identifier add is unbound.
azimuth_test/azimuth_comprehensive_tests.mbt:119:26-119:34 [E4021] The value identifier multiply is unbound.
azimuth_test/azimuth_comprehensive_tests.mbt:121:3-121:12 [E4021] The value identifier assert_eq is unbound.
azimuth_test/azimuth_comprehensive_tests.mbt:122:3-122:12 [E4021] The value identifier assert_eq is unbound.
azimuth_test/azimuth_comprehensive_tests.mbt:132:26-132:34 [E4021] The value identifier multiply is unbound.
azimuth_test/azimuth_comprehensive_tests.mbt:132:35-132:38 [E4021] The value identifier add is unbound.
azimuth_test/azimuth_comprehensive_tests.mbt:132:46-132:49 [E4021] The value identifier add is unbound.
azimuth_test/azimuth_comprehensive_tests.mbt:133:3-133:12 [E4021] The value identifier assert_eq is unbound.
azimuth_test/azimuth_comprehensive_tests.mbt:136:27-136:30 [E4021] The value identifier add is unbound.
azimuth_test/azimuth_comprehensive_tests.mbt:136:31-136:39 [E4021] The value identifier multiply is unbound.
azimuth_test/azimuth_comprehensive_tests.mbt:136:47-136:50 [E4021] The value identifier add is unbound.
azimuth_test/azimuth_comprehensive_tests.mbt:137:3-137:12 [E4021] The value identifier assert_eq is unbound.
Error: azimuth_comprehensive_tests.mbt compilation failed
Checking compact_moonbit_test_cases.mbt...
azimuth_test/compact_moonbit_test_cases.mbt:37:7-37:14 [E0002] Warning (unused_value): Unused variable 'max_val'
Found 10 tests in compact_moonbit_test_cases.mbt
test ... ok
test ... ok
test ... ok
test ... ok
test ... ok
test ... ok
test ... ok
test ... ok
test ... ok
test ... ok
Checking user_requested_tests.mbt...
Found 10 tests in user_requested_tests.mbt
test ... ok
test ... ok
test ... ok
test ... ok
test ... ok
test ... ok
test ... ok
test ... ok
test ... ok
test ... ok
Checking simple_test_example.mbt...
Found 5 tests in simple_test_example.mbt
test ... ok
test ... ok
test ... ok
test ... ok
test ... ok
Checking additional_moonbit_test_cases_v2.mbt...
azimuth_test/additional_moonbit_test_cases_v2.mbt:6:3-6:12 [E4021] The value identifier assert_eq is unbound.
azimuth_test/additional_moonbit_test_cases_v2.mbt:6:16-6:19 [E4021] The value identifier add is unbound.
azimuth_test/additional_moonbit_test_cases_v2.mbt:7:3-7:12 [E4021] The value identifier assert_eq is unbound.
azimuth_test/additional_moonbit_test_cases_v2.mbt:7:16-7:19 [E4021] The value identifier add is unbound.
azimuth_test/additional_moonbit_test_cases_v2.mbt:8:3-8:12 [E4021] The value identifier assert_eq is unbound.
azimuth_test/additional_moonbit_test_cases_v2.mbt:8:17-8:20 [E4021] The value identifier add is unbound.
azimuth_test/additional_moonbit_test_cases_v2.mbt:13:3-13:12 [E4021] The value identifier assert_eq is unbound.
azimuth_test/additional_moonbit_test_cases_v2.mbt:13:16-13:19 [E4021] The value identifier add is unbound.
azimuth_test/additional_moonbit_test_cases_v2.mbt:14:3-14:12 [E4021] The value identifier assert_eq is unbound.
azimuth_test/additional_moonbit_test_cases_v2.mbt:14:17-14:20 [E4021] The value identifier add is unbound.
azimuth_test/additional_moonbit_test_cases_v2.mbt:15:3-15:12 [E4021] The value identifier assert_eq is unbound.
azimuth_test/additional_moonbit_test_cases_v2.mbt:15:16-15:19 [E4021] The value identifier add is unbound.
azimuth_test/additional_moonbit_test_cases_v2.mbt:20:3-20:12 [E4021] The value identifier assert_eq is unbound.
azimuth_test/additional_moonbit_test_cases_v2.mbt:20:16-20:24 [E4021] The value identifier multiply is unbound.
azimuth_test/additional_moonbit_test_cases_v2.mbt:21:3-21:12 [E4021] The value identifier assert_eq is unbound.
azimuth_test/additional_moonbit_test_cases_v2.mbt:21:16-21:24 [E4021] The value identifier multiply is unbound.
azimuth_test/additional_moonbit_test_cases_v2.mbt:22:3-22:12 [E4021] The value identifier assert_eq is unbound.
azimuth_test/additional_moonbit_test_cases_v2.mbt:22:17-22:25 [E4021] The value identifier multiply is unbound.
azimuth_test/additional_moonbit_test_cases_v2.mbt:23:3-23:12 [E4021] The value identifier assert_eq is unbound.
azimuth_test/additional_moonbit_test_cases_v2.mbt:23:16-23:24 [E4021] The value identifier multiply is unbound.
azimuth_test/additional_moonbit_test_cases_v2.mbt:28:3-28:12 [E4021] The value identifier assert_eq is unbound.
azimuth_test/additional_moonbit_test_cases_v2.mbt:28:22-28:30 [E4021] The value identifier multiply is unbound.
azimuth_test/additional_moonbit_test_cases_v2.mbt:29:3-29:12 [E4021] The value identifier assert_eq is unbound.
azimuth_test/additional_moonbit_test_cases_v2.mbt:29:23-29:31 [E4021] The value identifier multiply is unbound.
azimuth_test/additional_moonbit_test_cases_v2.mbt:34:3-34:19 [E4021] The value identifier assert_eq_string is unbound.
azimuth_test/additional_moonbit_test_cases_v2.mbt:34:37-34:42 [E4021] The value identifier greet is unbound.
azimuth_test/additional_moonbit_test_cases_v2.mbt:35:3-35:19 [E4021] The value identifier assert_eq_string is unbound.
azimuth_test/additional_moonbit_test_cases_v2.mbt:35:39-35:44 [E4021] The value identifier greet is unbound.
azimuth_test/additional_moonbit_test_cases_v2.mbt:36:3-36:19 [E4021] The value identifier assert_eq_string is unbound.
azimuth_test/additional_moonbit_test_cases_v2.mbt:36:32-36:37 [E4021] The value identifier greet is unbound.
azimuth_test/additional_moonbit_test_cases_v2.mbt:41:3-41:19 [E4021] The value identifier assert_eq_string is unbound.
azimuth_test/additional_moonbit_test_cases_v2.mbt:41:34-41:39 [E4021] The value identifier greet is unbound.
azimuth_test/additional_moonbit_test_cases_v2.mbt:42:3-42:19 [E4021] The value identifier assert_eq_string is unbound.
azimuth_test/additional_moonbit_test_cases_v2.mbt:42:40-42:45 [E4021] The value identifier greet is unbound.
azimuth_test/additional_moonbit_test_cases_v2.mbt:43:3-43:19 [E4021] The value identifier assert_eq_string is unbound.
azimuth_test/additional_moonbit_test_cases_v2.mbt:43:33-43:38 [E4021] The value identifier greet is unbound.
azimuth_test/additional_moonbit_test_cases_v2.mbt:51:3-51:12 [E4021] The value identifier assert_eq is unbound.
azimuth_test/additional_moonbit_test_cases_v2.mbt:51:22-51:25 [E4021] The value identifier add is unbound.
azimuth_test/additional_moonbit_test_cases_v2.mbt:52:3-52:12 [E4021] The value identifier assert_eq is unbound.
azimuth_test/additional_moonbit_test_cases_v2.mbt:52:22-52:25 [E4021] The value identifier add is unbound.
azimuth_test/additional_moonbit_test_cases_v2.mbt:53:3-53:12 [E4021] The value identifier assert_eq is unbound.
azimuth_test/additional_moonbit_test_cases_v2.mbt:53:17-53:20 [E4021] The value identifier add is unbound.
azimuth_test/additional_moonbit_test_cases_v2.mbt:61:3-61:12 [E4021] The value identifier assert_eq is unbound.
azimuth_test/additional_moonbit_test_cases_v2.mbt:61:16-61:24 [E4021] The value identifier multiply is unbound.
azimuth_test/additional_moonbit_test_cases_v2.mbt:62:3-62:12 [E4021] The value identifier assert_eq is unbound.
azimuth_test/additional_moonbit_test_cases_v2.mbt:62:22-62:30 [E4021] The value identifier multiply is unbound.
azimuth_test/additional_moonbit_test_cases_v2.mbt:63:3-63:12 [E4021] The value identifier assert_eq is unbound.
azimuth_test/additional_moonbit_test_cases_v2.mbt:63:22-63:30 [E4021] The value identifier multiply is unbound.
azimuth_test/additional_moonbit_test_cases_v2.mbt:74:16-74:19 [E4021] The value identifier add is unbound.
azimuth_test/additional_moonbit_test_cases_v2.mbt:75:17-75:25 [E4021] The value identifier multiply is unbound.
azimuth_test/additional_moonbit_test_cases_v2.mbt:76:16-76:19 [E4021] The value identifier add is unbound.
azimuth_test/additional_moonbit_test_cases_v2.mbt:78:3-78:12 [E4021] The value identifier assert_eq is unbound.
azimuth_test/additional_moonbit_test_cases_v2.mbt:88:16-88:24 [E4021] The value identifier multiply is unbound.
azimuth_test/additional_moonbit_test_cases_v2.mbt:89:16-89:24 [E4021] The value identifier multiply is unbound.
azimuth_test/additional_moonbit_test_cases_v2.mbt:90:20-90:23 [E4021] The value identifier add is unbound.
azimuth_test/additional_moonbit_test_cases_v2.mbt:92:3-92:12 [E4021] The value identifier assert_eq is unbound.
Error: additional_moonbit_test_cases_v2.mbt compilation failed
Checking concise_moonbit_tests.mbt...
Found 10 tests in concise_moonbit_tests.mbt
test ... ok
test ... ok
test ... ok
test ... ok
test ... ok
test ... ok
test ... ok
test ... ok
test ... ok
test ... ok
Checking essential_moonbit_tests.mbt...
Found 10 tests in essential_moonbit_tests.mbt
test ... ok
test ... ok
test ... ok
test ... ok
test ... ok
test ... ok
test ... ok
test ... ok
test ... ok
test ... ok
Checking moonbit_user_tests.mbt...
azimuth_test/moonbit_user_tests.mbt:45:7-45:17 [E0002] Warning (unused_value): Unused variable 'remainder3'
azimuth_test/moonbit_user_tests.mbt:55:7-55:15 [E0002] Warning (unused_value): Unused variable 'is_prime'
Found 8 tests in moonbit_user_tests.mbt
test ... ok
test ... ok
test ... ok
test ... ok
test ... ok
test ... ok
test ... ok
test ... ok
Checking new_standard_moonbit_tests.mbt...
Found 10 tests in new_standard_moonbit_tests.mbt
test ... ok
test ... ok
test ... ok
test ... ok
test ... ok
test ... ok
test ... ok
test ... ok
test ... ok
test ... ok
Checking moon_test_cases.mbt...
Found 10 tests in moon_test_cases.mbt
test ... ok
test ... ok
test ... ok
test ... ok
test ... ok
test ... ok
test ... ok
test ... ok
test ... ok
test ... ok
Checking standard_moonbit_tests_v10.mbt...
azimuth_test/standard_moonbit_tests_v10.mbt:6:3-6:12 [E4021] The value identifier assert_eq is unbound.
azimuth_test/standard_moonbit_tests_v10.mbt:6:16-6:19 [E4021] The value identifier add is unbound.
azimuth_test/standard_moonbit_tests_v10.mbt:7:3-7:12 [E4021] The value identifier assert_eq is unbound.
azimuth_test/standard_moonbit_tests_v10.mbt:7:16-7:19 [E4021] The value identifier add is unbound.
azimuth_test/standard_moonbit_tests_v10.mbt:8:3-8:12 [E4021] The value identifier assert_eq is unbound.
azimuth_test/standard_moonbit_tests_v10.mbt:8:17-8:20 [E4021] The value identifier add is unbound.
azimuth_test/standard_moonbit_tests_v10.mbt:9:3-9:12 [E4021] The value identifier assert_eq is unbound.
azimuth_test/standard_moonbit_tests_v10.mbt:9:18-9:21 [E4021] The value identifier add is unbound.
azimuth_test/standard_moonbit_tests_v10.mbt:18:3-18:12 [E4021] The value identifier assert_eq is unbound.
azimuth_test/standard_moonbit_tests_v10.mbt:18:17-18:20 [E4021] The value identifier add is unbound.
azimuth_test/standard_moonbit_tests_v10.mbt:19:3-19:12 [E4021] The value identifier assert_eq is unbound.
azimuth_test/standard_moonbit_tests_v10.mbt:19:17-19:20 [E4021] The value identifier add is unbound.
azimuth_test/standard_moonbit_tests_v10.mbt:20:3-20:12 [E4021] The value identifier assert_eq is unbound.
azimuth_test/standard_moonbit_tests_v10.mbt:20:16-20:19 [E4021] The value identifier add is unbound.
azimuth_test/standard_moonbit_tests_v10.mbt:23:3-23:12 [E4021] The value identifier assert_eq is unbound.
azimuth_test/standard_moonbit_tests_v10.mbt:23:22-23:25 [E4021] The value identifier add is unbound.
azimuth_test/standard_moonbit_tests_v10.mbt:24:3-24:12 [E4021] The value identifier assert_eq is unbound.
azimuth_test/standard_moonbit_tests_v10.mbt:24:22-24:25 [E4021] The value identifier add is unbound.
azimuth_test/standard_moonbit_tests_v10.mbt:25:3-25:12 [E4021] The value identifier assert_eq is unbound.
azimuth_test/standard_moonbit_tests_v10.mbt:25:17-25:20 [E4021] The value identifier add is unbound.
azimuth_test/standard_moonbit_tests_v10.mbt:30:3-30:12 [E4021] The value identifier assert_eq is unbound.
azimuth_test/standard_moonbit_tests_v10.mbt:30:16-30:24 [E4021] The value identifier multiply is unbound.
azimuth_test/standard_moonbit_tests_v10.mbt:31:3-31:12 [E4021] The value identifier assert_eq is unbound.
azimuth_test/standard_moonbit_tests_v10.mbt:31:17-31:25 [E4021] The value identifier multiply is unbound.
azimuth_test/standard_moonbit_tests_v10.mbt:32:3-32:12 [E4021] The value identifier assert_eq is unbound.
azimuth_test/standard_moonbit_tests_v10.mbt:32:16-32:24 [E4021] The value identifier multiply is unbound.
azimuth_test/standard_moonbit_tests_v10.mbt:33:3-33:12 [E4021] The value identifier assert_eq is unbound.
azimuth_test/standard_moonbit_tests_v10.mbt:33:16-33:24 [E4021] The value identifier multiply is unbound.
azimuth_test/standard_moonbit_tests_v10.mbt:34:3-34:12 [E4021] The value identifier assert_eq is unbound.
azimuth_test/standard_moonbit_tests_v10.mbt:34:18-34:26 [E4021] The value identifier multiply is unbound.
azimuth_test/standard_moonbit_tests_v10.mbt:43:3-43:12 [E4021] The value identifier assert_eq is unbound.
azimuth_test/standard_moonbit_tests_v10.mbt:43:17-43:25 [E4021] The value identifier multiply is unbound.
azimuth_test/standard_moonbit_tests_v10.mbt:44:3-44:12 [E4021] The value identifier assert_eq is unbound.
azimuth_test/standard_moonbit_tests_v10.mbt:44:16-44:24 [E4021] The value identifier multiply is unbound.
azimuth_test/standard_moonbit_tests_v10.mbt:45:3-45:12 [E4021] The value identifier assert_eq is unbound.
azimuth_test/standard_moonbit_tests_v10.mbt:45:16-45:24 [E4021] The value identifier multiply is unbound.
azimuth_test/standard_moonbit_tests_v10.mbt:46:3-46:12 [E4021] The value identifier assert_eq is unbound.
azimuth_test/standard_moonbit_tests_v10.mbt:46:16-46:24 [E4021] The value identifier multiply is unbound.
azimuth_test/standard_moonbit_tests_v10.mbt:49:3-49:12 [E4021] The value identifier assert_eq is unbound.
azimuth_test/standard_moonbit_tests_v10.mbt:49:22-49:30 [E4021] The value identifier multiply is unbound.
azimuth_test/standard_moonbit_tests_v10.mbt:50:3-50:12 [E4021] The value identifier assert_eq is unbound.
azimuth_test/standard_moonbit_tests_v10.mbt:50:22-50:30 [E4021] The value identifier multiply is unbound.
azimuth_test/standard_moonbit_tests_v10.mbt:55:3-55:19 [E4021] The value identifier assert_eq_string is unbound.
azimuth_test/standard_moonbit_tests_v10.mbt:55:37-55:42 [E4021] The value identifier greet is unbound.
azimuth_test/standard_moonbit_tests_v10.mbt:56:3-56:19 [E4021] The value identifier assert_eq_string is unbound.
azimuth_test/standard_moonbit_tests_v10.mbt:56:39-56:44 [E4021] The value identifier greet is unbound.
azimuth_test/standard_moonbit_tests_v10.mbt:57:3-57:19 [E4021] The value identifier assert_eq_string is unbound.
azimuth_test/standard_moonbit_tests_v10.mbt:57:32-57:37 [E4021] The value identifier greet is unbound.
azimuth_test/standard_moonbit_tests_v10.mbt:58:3-58:19 [E4021] The value identifier assert_eq_string is unbound.
azimuth_test/standard_moonbit_tests_v10.mbt:58:34-58:39 [E4021] The value identifier greet is unbound.
azimuth_test/standard_moonbit_tests_v10.mbt:59:3-59:19 [E4021] The value identifier assert_eq_string is unbound.
azimuth_test/standard_moonbit_tests_v10.mbt:59:35-59:40 [E4021] The value identifier greet is unbound.
azimuth_test/standard_moonbit_tests_v10.mbt:68:14-68:22 [E4021] The value identifier multiply is unbound.
azimuth_test/standard_moonbit_tests_v10.mbt:69:19-69:22 [E4021] The value identifier add is unbound.
azimuth_test/standard_moonbit_tests_v10.mbt:69:23-69:31 [E4021] The value identifier multiply is unbound.
azimuth_test/standard_moonbit_tests_v10.mbt:69:44-69:52 [E4021] The value identifier multiply is unbound.
azimuth_test/standard_moonbit_tests_v10.mbt:71:3-71:12 [E4021] The value identifier assert_eq is unbound.
azimuth_test/standard_moonbit_tests_v10.mbt:72:3-72:12 [E4021] The value identifier assert_eq is unbound.
azimuth_test/standard_moonbit_tests_v10.mbt:75:16-75:19 [E4021] The value identifier add is unbound.
azimuth_test/standard_moonbit_tests_v10.mbt:75:20-75:23 [E4021] The value identifier add is unbound.
azimuth_test/standard_moonbit_tests_v10.mbt:77:3-77:12 [E4021] The value identifier assert_eq is unbound.
azimuth_test/standard_moonbit_tests_v10.mbt:87:3-87:12 [E4021] The value identifier assert_eq is unbound.
azimuth_test/standard_moonbit_tests_v10.mbt:87:13-87:16 [E4021] The value identifier add is unbound.
azimuth_test/standard_moonbit_tests_v10.mbt:87:24-87:27 [E4021] The value identifier add is unbound.
azimuth_test/standard_moonbit_tests_v10.mbt:90:3-90:12 [E4021] The value identifier assert_eq is unbound.
azimuth_test/standard_moonbit_tests_v10.mbt:90:13-90:21 [E4021] The value identifier multiply is unbound.
azimuth_test/standard_moonbit_tests_v10.mbt:90:29-90:37 [E4021] The value identifier multiply is unbound.
azimuth_test/standard_moonbit_tests_v10.mbt:93:3-93:12 [E4021] The value identifier assert_eq is unbound.
azimuth_test/standard_moonbit_tests_v10.mbt:93:13-93:21 [E4021] The value identifier multiply is unbound.
azimuth_test/standard_moonbit_tests_v10.mbt:93:25-93:28 [E4021] The value identifier add is unbound.
azimuth_test/standard_moonbit_tests_v10.mbt:93:37-93:40 [E4021] The value identifier add is unbound.
azimuth_test/standard_moonbit_tests_v10.mbt:93:41-93:49 [E4021] The value identifier multiply is unbound.
azimuth_test/standard_moonbit_tests_v10.mbt:93:57-93:65 [E4021] The value identifier multiply is unbound.
azimuth_test/standard_moonbit_tests_v10.mbt:96:3-96:12 [E4021] The value identifier assert_eq is unbound.
azimuth_test/standard_moonbit_tests_v10.mbt:96:13-96:16 [E4021] The value identifier add is unbound.
azimuth_test/standard_moonbit_tests_v10.mbt:96:17-96:20 [E4021] The value identifier add is unbound.
azimuth_test/standard_moonbit_tests_v10.mbt:96:32-96:35 [E4021] The value identifier add is unbound.
azimuth_test/standard_moonbit_tests_v10.mbt:96:39-96:42 [E4021] The value identifier add is unbound.
azimuth_test/standard_moonbit_tests_v10.mbt:97:3-97:12 [E4021] The value identifier assert_eq is unbound.
azimuth_test/standard_moonbit_tests_v10.mbt:97:13-97:21 [E4021] The value identifier multiply is unbound.
azimuth_test/standard_moonbit_tests_v10.mbt:97:22-97:30 [E4021] The value identifier multiply is unbound.
azimuth_test/standard_moonbit_tests_v10.mbt:97:42-97:50 [E4021] The value identifier multiply is unbound.
azimuth_test/standard_moonbit_tests_v10.mbt:97:54-97:62 [E4021] The value identifier multiply is unbound.
azimuth_test/standard_moonbit_tests_v10.mbt:108:18-108:26 [E4021] The value identifier multiply is unbound.
azimuth_test/standard_moonbit_tests_v10.mbt:109:15-109:18 [E4021] The value identifier add is unbound.
azimuth_test/standard_moonbit_tests_v10.mbt:109:19-109:22 [E4021] The value identifier add is unbound.
azimuth_test/standard_moonbit_tests_v10.mbt:111:3-111:12 [E4021] The value identifier assert_eq is unbound.
azimuth_test/standard_moonbit_tests_v10.mbt:115:20-115:23 [E4021] The value identifier add is unbound.
azimuth_test/standard_moonbit_tests_v10.mbt:115:24-115:32 [E4021] The value identifier multiply is unbound.
azimuth_test/standard_moonbit_tests_v10.mbt:116:3-116:12 [E4021] The value identifier assert_eq is unbound.
azimuth_test/standard_moonbit_tests_v10.mbt:122:3-122:19 [E4021] The value identifier assert_eq_string is unbound.
azimuth_test/standard_moonbit_tests_v10.mbt:122:36-122:41 [E4021] The value identifier greet is unbound.
azimuth_test/standard_moonbit_tests_v10.mbt:123:3-123:19 [E4021] The value identifier assert_eq_string is unbound.
azimuth_test/standard_moonbit_tests_v10.mbt:123:34-123:39 [E4021] The value identifier greet is unbound.
azimuth_test/standard_moonbit_tests_v10.mbt:124:3-124:19 [E4021] The value identifier assert_eq_string is unbound.
azimuth_test/standard_moonbit_tests_v10.mbt:124:37-124:42 [E4021] The value identifier greet is unbound.
azimuth_test/standard_moonbit_tests_v10.mbt:127:3-127:19 [E4021] The value identifier assert_eq_string is unbound.
azimuth_test/standard_moonbit_tests_v10.mbt:127:33-127:38 [E4021] The value identifier greet is unbound.
azimuth_test/standard_moonbit_tests_v10.mbt:128:3-128:19 [E4021] The value identifier assert_eq_string is unbound.
azimuth_test/standard_moonbit_tests_v10.mbt:128:34-128:39 [E4021] The value identifier greet is unbound.
azimuth_test/standard_moonbit_tests_v10.mbt:129:3-129:19 [E4021] The value identifier assert_eq_string is unbound.
azimuth_test/standard_moonbit_tests_v10.mbt:129:44-129:49 [E4021] The value identifier greet is unbound.
azimuth_test/standard_moonbit_tests_v10.mbt:138:3-138:12 [E4021] The value identifier assert_eq is unbound.
azimuth_test/standard_moonbit_tests_v10.mbt:138:22-138:25 [E4021] The value identifier add is unbound.
azimuth_test/standard_moonbit_tests_v10.mbt:139:3-139:12 [E4021] The value identifier assert_eq is unbound.
azimuth_test/standard_moonbit_tests_v10.mbt:139:13-139:26 [E4095] Integer literal 2000000000000 is out of range.
azimuth_test/standard_moonbit_tests_v10.mbt:139:28-139:36 [E4021] The value identifier multiply is unbound.
azimuth_test/standard_moonbit_tests_v10.mbt:142:16-142:19 [E4021] The value identifier add is unbound.
azimuth_test/standard_moonbit_tests_v10.mbt:142:20-142:28 [E4021] The value identifier multiply is unbound.
azimuth_test/standard_moonbit_tests_v10.mbt:142:39-142:47 [E4021] The value identifier multiply is unbound.
azimuth_test/standard_moonbit_tests_v10.mbt:143:3-143:12 [E4021] The value identifier assert_eq is unbound.
azimuth_test/standard_moonbit_tests_v10.mbt:146:16-146:24 [E4021] The value identifier multiply is unbound.
azimuth_test/standard_moonbit_tests_v10.mbt:146:25-146:28 [E4021] The value identifier add is unbound.
azimuth_test/standard_moonbit_tests_v10.mbt:146:38-146:41 [E4021] The value identifier add is unbound.
azimuth_test/standard_moonbit_tests_v10.mbt:147:3-147:12 [E4021] The value identifier assert_eq is unbound.
Error: standard_moonbit_tests_v10.mbt compilation failed
Checking new_standard_tests.mbt...
Found 10 tests in new_standard_tests.mbt
test ... ok
test ... ok
test ... ok
test ... ok
test ... ok
test ... ok
test ... ok
test ... ok
test ... ok
test ... ok
Checking moonbit_standard_test_cases.mbt...
Found 10 tests in moonbit_standard_test_cases.mbt
test ... ok
test ... ok
test ... ok
test ... ok
test ... ok
test ... ok
test ... ok
test ... ok
test ... ok
test ... ok
Checking new_standard_test_cases.mbt...
azimuth_test/new_standard_test_cases.mbt:183:7-183:14 [E0002] Warning (unused_value): Unused variable 'num_str'
azimuth_test/new_standard_test_cases.mbt:188:7-188:16 [E0002] Warning (unused_value): Unused variable 'bool_true'
azimuth_test/new_standard_test_cases.mbt:189:7-189:17 [E0002] Warning (unused_value): Unused variable 'bool_false'
Found 10 tests in new_standard_test_cases.mbt
test ... ok
test ... ok
test ... ok
test ... ok
test ... ok
test ... ok
test ... ok
test ... ok
test ... ok
test ... ok
Checking additional_user_tests.mbt...
azimuth_test/additional_user_tests.mbt:6:3-6:12 [E4021] The value identifier assert_eq is unbound.
azimuth_test/additional_user_tests.mbt:6:18-6:21 [E4021] The value identifier add is unbound.
azimuth_test/additional_user_tests.mbt:7:3-7:12 [E4021] The value identifier assert_eq is unbound.
azimuth_test/additional_user_tests.mbt:7:16-7:19 [E4021] The value identifier add is unbound.
azimuth_test/additional_user_tests.mbt:8:3-8:12 [E4021] The value identifier assert_eq is unbound.
azimuth_test/additional_user_tests.mbt:8:19-8:22 [E4021] The value identifier add is unbound.
azimuth_test/additional_user_tests.mbt:13:3-13:12 [E4021] The value identifier assert_eq is unbound.
azimuth_test/additional_user_tests.mbt:13:18-13:26 [E4021] The value identifier multiply is unbound.
azimuth_test/additional_user_tests.mbt:14:3-14:12 [E4021] The value identifier assert_eq is unbound.
azimuth_test/additional_user_tests.mbt:14:17-14:25 [E4021] The value identifier multiply is unbound.
azimuth_test/additional_user_tests.mbt:15:3-15:12 [E4021] The value identifier assert_eq is unbound.
azimuth_test/additional_user_tests.mbt:15:16-15:24 [E4021] The value identifier multiply is unbound.
azimuth_test/additional_user_tests.mbt:20:3-20:19 [E4021] The value identifier assert_eq_string is unbound.
azimuth_test/additional_user_tests.mbt:20:36-20:41 [E4021] The value identifier greet is unbound.
azimuth_test/additional_user_tests.mbt:21:3-21:19 [E4021] The value identifier assert_eq_string is unbound.
azimuth_test/additional_user_tests.mbt:21:34-21:39 [E4021] The value identifier greet is unbound.
azimuth_test/additional_user_tests.mbt:22:3-22:19 [E4021] The value identifier assert_eq_string is unbound.
azimuth_test/additional_user_tests.mbt:22:39-22:44 [E4021] The value identifier greet is unbound.
azimuth_test/additional_user_tests.mbt:23:3-23:19 [E4021] The value identifier assert_eq_string is unbound.
azimuth_test/additional_user_tests.mbt:23:41-23:46 [E4021] The value identifier greet is unbound.
azimuth_test/additional_user_tests.mbt:31:14-31:17 [E4021] The value identifier add is unbound.
azimuth_test/additional_user_tests.mbt:32:14-32:17 [E4021] The value identifier add is unbound.
azimuth_test/additional_user_tests.mbt:33:14-33:17 [E4021] The value identifier add is unbound.
azimuth_test/additional_user_tests.mbt:35:13-35:16 [E4021] The value identifier add is unbound.
azimuth_test/additional_user_tests.mbt:35:17-35:20 [E4021] The value identifier add is unbound.
azimuth_test/additional_user_tests.mbt:35:21-35:24 [E4021] The value identifier add is unbound.
azimuth_test/additional_user_tests.mbt:35:25-35:28 [E4021] The value identifier add is unbound.
azimuth_test/additional_user_tests.mbt:36:3-36:12 [E4021] The value identifier assert_eq is unbound.
azimuth_test/additional_user_tests.mbt:45:18-45:26 [E4021] The value identifier multiply is unbound.
azimuth_test/additional_user_tests.mbt:46:25-46:33 [E4021] The value identifier multiply is unbound.
azimuth_test/additional_user_tests.mbt:47:21-47:24 [E4021] The value identifier add is unbound.
azimuth_test/additional_user_tests.mbt:49:3-49:12 [E4021] The value identifier assert_eq is unbound.
azimuth_test/additional_user_tests.mbt:57:29-57:32 [E4021] The value identifier add is unbound.
azimuth_test/additional_user_tests.mbt:57:33-57:41 [E4021] The value identifier multiply is unbound.
azimuth_test/additional_user_tests.mbt:58:3-58:12 [E4021] The value identifier assert_eq is unbound.
azimuth_test/additional_user_tests.mbt:61:25-61:28 [E4021] The value identifier add is unbound.
azimuth_test/additional_user_tests.mbt:61:29-61:37 [E4021] The value identifier multiply is unbound.
azimuth_test/additional_user_tests.mbt:62:3-62:12 [E4021] The value identifier assert_eq is unbound.
azimuth_test/additional_user_tests.mbt:65:28-65:31 [E4021] The value identifier add is unbound.
azimuth_test/additional_user_tests.mbt:65:32-65:40 [E4021] The value identifier multiply is unbound.
azimuth_test/additional_user_tests.mbt:66:3-66:12 [E4021] The value identifier assert_eq is unbound.
azimuth_test/additional_user_tests.mbt:75:3-75:19 [E4021] The value identifier assert_eq_string is unbound.
azimuth_test/additional_user_tests.mbt:75:48-75:53 [E4021] The value identifier greet is unbound.
azimuth_test/additional_user_tests.mbt:76:3-76:19 [E4021] The value identifier assert_eq_string is unbound.
azimuth_test/additional_user_tests.mbt:76:47-76:52 [E4021] The value identifier greet is unbound.
azimuth_test/additional_user_tests.mbt:77:3-77:19 [E4021] The value identifier assert_eq_string is unbound.
azimuth_test/additional_user_tests.mbt:77:55-77:60 [E4021] The value identifier greet is unbound.
azimuth_test/additional_user_tests.mbt:84:26-84:34 [E4021] The value identifier multiply is unbound.
azimuth_test/additional_user_tests.mbt:85:3-85:12 [E4021] The value identifier assert_eq is unbound.
azimuth_test/additional_user_tests.mbt:90:24-90:32 [E4021] The value identifier multiply is unbound.
azimuth_test/additional_user_tests.mbt:90:36-90:39 [E4021] The value identifier add is unbound.
azimuth_test/additional_user_tests.mbt:91:3-91:12 [E4021] The value identifier assert_eq is unbound.
azimuth_test/additional_user_tests.mbt:97:28-97:31 [E4021] The value identifier add is unbound.
azimuth_test/additional_user_tests.mbt:97:32-97:35 [E4021] The value identifier add is unbound.
azimuth_test/additional_user_tests.mbt:98:3-98:12 [E4021] The value identifier assert_eq is unbound.
azimuth_test/additional_user_tests.mbt:106:7-106:11 [E0002] Warning (unused_value): Unused variable 'num1'
azimuth_test/additional_user_tests.mbt:107:14-107:17 [E4021] The value identifier add is unbound.
azimuth_test/additional_user_tests.mbt:107:18-107:21 [E4021] The value identifier add is unbound.
azimuth_test/additional_user_tests.mbt:107:22-107:25 [E4021] The value identifier add is unbound.
azimuth_test/additional_user_tests.mbt:108:23-108:26 [E4021] The value identifier add is unbound.
azimuth_test/additional_user_tests.mbt:109:3-109:12 [E4021] The value identifier assert_eq is unbound.
azimuth_test/additional_user_tests.mbt:111:7-111:11 [E0002] Warning (unused_value): Unused variable 'num2'
azimuth_test/additional_user_tests.mbt:112:14-112:17 [E4021] The value identifier add is unbound.
azimuth_test/additional_user_tests.mbt:112:21-112:24 [E4021] The value identifier add is unbound.
azimuth_test/additional_user_tests.mbt:113:23-113:26 [E4021] The value identifier add is unbound.
azimuth_test/additional_user_tests.mbt:114:3-114:12 [E4021] The value identifier assert_eq is unbound.
azimuth_test/additional_user_tests.mbt:128:15-128:18 [E4021] The value identifier add is unbound.
azimuth_test/additional_user_tests.mbt:128:19-128:22 [E4021] The value identifier add is unbound.
azimuth_test/additional_user_tests.mbt:128:23-128:26 [E4021] The value identifier add is unbound.
azimuth_test/additional_user_tests.mbt:128:27-128:30 [E4021] The value identifier add is unbound.
azimuth_test/additional_user_tests.mbt:129:3-129:12 [E4021] The value identifier assert_eq is unbound.
azimuth_test/additional_user_tests.mbt:134:3-134:12 [E4021] The value identifier assert_eq is unbound.
Error: additional_user_tests.mbt compilation failed
Checking standard_moonbit_tests_v8.mbt...
Found 10 tests in standard_moonbit_tests_v8.mbt
test ... ok
test ... ok
test ... ok
test ... ok
test ... ok
test ... ok
test ... ok
test ... ok
test ... ok
test ... ok
Checking additional_moonbit_test_cases.mbt...
Found 10 tests in additional_moonbit_test_cases.mbt
test ... ok
test ... ok
test ... ok
test ... ok
test ... ok
test ... ok
test ... ok
test ... ok
test ... ok
test ... ok
Checking essential_test_cases.mbt...
Found 10 tests in essential_test_cases.mbt
test ... ok
test ... ok
test ... ok
test ... ok
test ... ok
test ... ok
test ... ok
test ... ok
test ... ok
test ... ok
Checking new_moon_tests.mbt...
Found 10 tests in new_moon_tests.mbt
test ... ok
test ... ok
test ... ok
test ... ok
test ... ok
test ... ok
test ... ok
test ... ok
test ... ok
test ... ok
Checking standard_moonbit_tests_final.mbt...
Found 10 tests in standard_moonbit_tests_final.mbt
test ... ok
test ... ok
test ... ok
test ... ok
test ... ok
test ... ok
test ... ok
test ... ok
test ... ok
test ... ok
Checking test_enhanced_moonbit.mbt...
azimuth_test/test_enhanced_moonbit.mbt:28:7-28:13 [E0002] Warning (unused_value): Unused variable 'email1'
azimuth_test/test_enhanced_moonbit.mbt:29:7-29:13 [E0002] Warning (unused_value): Unused variable 'email2'
azimuth_test/test_enhanced_moonbit.mbt:30:7-30:20 [E0002] Warning (unused_value): Unused variable 'invalid_email'
azimuth_test/test_enhanced_moonbit.mbt:44:7-44:14 [E0002] Warning (unused_value): Unused variable 'user_id'
azimuth_test/test_enhanced_moonbit.mbt:46:7-46:15 [E0002] Warning (unused_value): Unused variable 'username'
azimuth_test/test_enhanced_moonbit.mbt:159:7-159:24 [E0002] Warning (unused_value): Unused variable 'current_level_exp'
Found 10 tests in test_enhanced_moonbit.mbt
test ... ok
test ... ok
test ... ok
test ... ok
test ... ok
test ... ok
test ... ok
test ... ok
test ... ok
test ... ok
Checking moonbit_test_suite_new.mbt...
Found 10 tests in moonbit_test_suite_new.mbt
test ... ok
test ... ok
test ... ok
test ... ok
test ... ok
test ... ok
test ... ok
test ... ok
test ... ok
test ... ok
Checking user_standard_tests.mbt...
Found 10 tests in user_standard_tests.mbt
test ... ok
test ... ok
test ... ok
test ... ok
test ... ok
test ... ok
test ... ok
test ... ok
test ... ok
test ... ok
Checking comprehensive_moonbit_test_suite.mbt...
azimuth_test/comprehensive_moonbit_test_suite.mbt:57:7-57:24 [E0002] Warning (unused_value): Unused variable 'divisible_by_12_a'
azimuth_test/comprehensive_moonbit_test_suite.mbt:164:7-164:13 [E0002] Warning (unused_value): Unused variable 'digit3'
azimuth_test/comprehensive_moonbit_test_suite.mbt:186:7-186:20 [E0002] Warning (unused_value): Unused variable 'binary_digit2'
azimuth_test/comprehensive_moonbit_test_suite.mbt:188:7-188:20 [E0002] Warning (unused_value): Unused variable 'binary_digit4'
Found 10 tests in comprehensive_moonbit_test_suite.mbt
test ... ok
test ... ok
test ... ok
test ... ok
test ... ok
test ... ok
test ... ok
test ... ok
test ... ok
test ... ok
Checking standard_moonbit_tests_v3.mbt...
Found 10 tests in standard_moonbit_tests_v3.mbt
test ... ok
test ... ok
test ... ok
test ... ok
test ... ok
test ... ok
test ... ok
test ... ok
test ... ok
test ... ok
Checking standard_moonbit_tests_v2.mbt...
Found 10 tests in standard_moonbit_tests_v2.mbt
test ... ok
test ... ok
test ... ok
test ... ok
test ... ok
test ... ok
test ... ok
test ... ok
test ... ok
test ... ok
Checking new_additional_moonbit_tests.mbt...
Found 10 tests in new_additional_moonbit_tests.mbt
test ... ok
test ... ok
test ... ok
test ... ok
test ... ok
test ... ok
test ... ok
test ... ok
test ... ok
test ... ok
Checking additional_moonbit_tests.mbt...
Found 10 tests in additional_moonbit_tests.mbt
test ... ok
test ... ok
test ... ok
test ... ok
test ... ok
test ... ok
test ... ok
test ... ok
test ... ok
test ... ok
Checking focused_comprehensive_tests.mbt...
azimuth_test/focused_comprehensive_tests.mbt:32:7-32:14 [E0002] Warning (unused_value): Unused variable 'min_val'
azimuth_test/focused_comprehensive_tests.mbt:155:7-155:12 [E0002] Warning (unused_value): Unused variable 'fib_n'
Found 9 tests in focused_comprehensive_tests.mbt
test ... ok
test ... ok
test ... ok
test ... ok
test ... ok
test ... ok
test ... ok
test ... ok
test ... ok
Checking new_moonbit_test_cases_final.mbt...
azimuth_test/new_moonbit_test_cases_final.mbt:93:7-93:8 [E0002] Warning (unused_value): Unused variable 'n'
Found 10 tests in new_moonbit_test_cases_final.mbt
test ... ok
test ... ok
test ... ok
test ... ok
test ... ok
test ... ok
test ... ok
test ... ok
test ... ok
test ... ok
Checking azimuth_core_tests.mbt...
Found 10 tests in azimuth_core_tests.mbt
test ... ok
test ... ok
test ... ok
test ... ok
test ... ok
test ... ok
test ... ok
test ... ok
test ... ok
test ... ok
Checking user_moonbit_tests.mbt...
Found 10 tests in user_moonbit_tests.mbt
test ... ok
test ... ok
test ... ok
test ... ok
test ... ok
test ... ok
test ... ok
test ... ok
test ... ok
test ... ok
Checking new_standard_test_suite.mbt...
Found 10 tests in new_standard_test_suite.mbt
test ... ok
test ... ok
test ... ok
test ... ok
test ... ok
test ... ok
test ... ok
test ... ok
test ... ok
test ... ok
Checking moonbit_standard_tests.mbt...
Found 10 tests in moonbit_standard_tests.mbt
test ... ok
test ... ok
test ... ok
test ... ok
test ... ok
test ... ok
test ... ok
test ... ok
test ... ok
test ... ok
Checking standard_moonbit_test_suite_new.mbt...
Found 10 tests in standard_moonbit_test_suite_new.mbt
test ... ok
test ... ok
test ... ok
test ... ok
test ... ok
test ... ok
test ... ok
test ... ok
test ... ok
test ... ok
Checking moon_test_standard.mbt...
Found 10 tests in moon_test_standard.mbt
test ... ok
test ... ok
test ... ok
test ... ok
test ... ok
test ... ok
test ... ok
test ... ok
test ... ok
test ... ok
Checking custom_moonbit_tests.mbt...
azimuth_test/custom_moonbit_tests.mbt:6:16-6:23 [E3002] Expected upper case identifier for type name, found lower case identifier.
azimuth_test/custom_moonbit_tests.mbt:7:3-7:10 [E3002] Expected upper case identifier for type name, found lower case identifier.
azimuth_test/custom_moonbit_tests.mbt:12:16-12:23 [E3002] Expected upper case identifier for type name, found lower case identifier.
azimuth_test/custom_moonbit_tests.mbt:13:3-13:10 [E3002] Expected upper case identifier for type name, found lower case identifier.
azimuth_test/custom_moonbit_tests.mbt:18:16-18:23 [E3002] Expected upper case identifier for type name, found lower case identifier.
azimuth_test/custom_moonbit_tests.mbt:19:3-19:10 [E3002] Expected upper case identifier for type name, found lower case identifier.
azimuth_test/custom_moonbit_tests.mbt:27:14-27:21 [E3002] Expected upper case identifier for type name, found lower case identifier.
azimuth_test/custom_moonbit_tests.mbt:27:35-27:42 [E3002] Expected upper case identifier for type name, found lower case identifier.
azimuth_test/custom_moonbit_tests.mbt:27:53-27:60 [E3002] Expected upper case identifier for type name, found lower case identifier.
azimuth_test/custom_moonbit_tests.mbt:28:14-28:21 [E3002] Expected upper case identifier for type name, found lower case identifier.
azimuth_test/custom_moonbit_tests.mbt:28:35-28:42 [E3002] Expected upper case identifier for type name, found lower case identifier.
azimuth_test/custom_moonbit_tests.mbt:29:14-29:21 [E3002] Expected upper case identifier for type name, found lower case identifier.
azimuth_test/custom_moonbit_tests.mbt:30:14-30:21 [E3002] Expected upper case identifier for type name, found lower case identifier.
azimuth_test/custom_moonbit_tests.mbt:32:23-32:30 [E3002] Expected upper case identifier for type name, found lower case identifier.
azimuth_test/custom_moonbit_tests.mbt:32:36-32:43 [E3002] Expected upper case identifier for type name, found lower case identifier.
azimuth_test/custom_moonbit_tests.mbt:32:49-32:56 [E3002] Expected upper case identifier for type name, found lower case identifier.
azimuth_test/custom_moonbit_tests.mbt:33:3-33:10 [E3002] Expected upper case identifier for type name, found lower case identifier.
azimuth_test/custom_moonbit_tests.mbt:44:7-44:17 [E0002] Warning (unused_value): Unused variable 'remainder3'
azimuth_test/custom_moonbit_tests.mbt:48:3-48:10 [E3002] Expected upper case identifier for type name, found lower case identifier.
azimuth_test/custom_moonbit_tests.mbt:51:3-51:10 [E3002] Expected upper case identifier for type name, found lower case identifier.
azimuth_test/custom_moonbit_tests.mbt:52:3-52:10 [E3002] Expected upper case identifier for type name, found lower case identifier.
azimuth_test/custom_moonbit_tests.mbt:61:12-61:19 [E3002] Expected upper case identifier for type name, found lower case identifier.
azimuth_test/custom_moonbit_tests.mbt:62:12-62:19 [E3002] Expected upper case identifier for type name, found lower case identifier.
azimuth_test/custom_moonbit_tests.mbt:63:12-63:19 [E3002] Expected upper case identifier for type name, found lower case identifier.
azimuth_test/custom_moonbit_tests.mbt:64:12-64:19 [E3002] Expected upper case identifier for type name, found lower case identifier.
azimuth_test/custom_moonbit_tests.mbt:65:12-65:19 [E3002] Expected upper case identifier for type name, found lower case identifier.
azimuth_test/custom_moonbit_tests.mbt:66:12-66:19 [E3002] Expected upper case identifier for type name, found lower case identifier.
azimuth_test/custom_moonbit_tests.mbt:67:12-67:19 [E3002] Expected upper case identifier for type name, found lower case identifier.
azimuth_test/custom_moonbit_tests.mbt:68:12-68:19 [E3002] Expected upper case identifier for type name, found lower case identifier.
azimuth_test/custom_moonbit_tests.mbt:69:13-69:20 [E3002] Expected upper case identifier for type name, found lower case identifier.
azimuth_test/custom_moonbit_tests.mbt:71:3-71:10 [E3002] Expected upper case identifier for type name, found lower case identifier.
azimuth_test/custom_moonbit_tests.mbt:72:3-72:10 [E3002] Expected upper case identifier for type name, found lower case identifier.
azimuth_test/custom_moonbit_tests.mbt:73:3-73:10 [E3002] Expected upper case identifier for type name, found lower case identifier.
azimuth_test/custom_moonbit_tests.mbt:74:3-74:10 [E3002] Expected upper case identifier for type name, found lower case identifier.
azimuth_test/custom_moonbit_tests.mbt:75:3-75:10 [E3002] Expected upper case identifier for type name, found lower case identifier.
azimuth_test/custom_moonbit_tests.mbt:76:3-76:10 [E3002] Expected upper case identifier for type name, found lower case identifier.
azimuth_test/custom_moonbit_tests.mbt:77:3-77:10 [E3002] Expected upper case identifier for type name, found lower case identifier.
azimuth_test/custom_moonbit_tests.mbt:78:3-78:10 [E3002] Expected upper case identifier for type name, found lower case identifier.
azimuth_test/custom_moonbit_tests.mbt:79:3-79:10 [E3002] Expected upper case identifier for type name, found lower case identifier.
azimuth_test/custom_moonbit_tests.mbt:80:3-80:10 [E3002] Expected upper case identifier for type name, found lower case identifier.
azimuth_test/custom_moonbit_tests.mbt:81:3-81:10 [E3002] Expected upper case identifier for type name, found lower case identifier.
azimuth_test/custom_moonbit_tests.mbt:85:24-85:31 [E3002] Expected upper case identifier for type name, found lower case identifier.
azimuth_test/custom_moonbit_tests.mbt:86:3-86:10 [E3002] Expected upper case identifier for type name, found lower case identifier.
azimuth_test/custom_moonbit_tests.mbt:86:24-86:31 [E3002] Expected upper case identifier for type name, found lower case identifier.
azimuth_test/custom_moonbit_tests.mbt:87:3-87:10 [E3002] Expected upper case identifier for type name, found lower case identifier.
azimuth_test/custom_moonbit_tests.mbt:87:24-87:31 [E3002] Expected upper case identifier for type name, found lower case identifier.
azimuth_test/custom_moonbit_tests.mbt:87:51-87:58 [E3002] Expected upper case identifier for type name, found lower case identifier.
azimuth_test/custom_moonbit_tests.mbt:106:3-106:10 [E3002] Expected upper case identifier for type name, found lower case identifier.
azimuth_test/custom_moonbit_tests.mbt:110:7-110:17 [E0002] Warning (unused_value): Unused variable 'divisor2_2'
azimuth_test/custom_moonbit_tests.mbt:116:3-116:10 [E3002] Expected upper case identifier for type name, found lower case identifier.
azimuth_test/custom_moonbit_tests.mbt:136:3-136:10 [E3002] Expected upper case identifier for type name, found lower case identifier.
azimuth_test/custom_moonbit_tests.mbt:140:27-140:34 [E3002] Expected upper case identifier for type name, found lower case identifier.
azimuth_test/custom_moonbit_tests.mbt:141:21-141:28 [E3002] Expected upper case identifier for type name, found lower case identifier.
azimuth_test/custom_moonbit_tests.mbt:142:3-142:10 [E3002] Expected upper case identifier for type name, found lower case identifier.
azimuth_test/custom_moonbit_tests.mbt:152:25-152:32 [E3002] Expected upper case identifier for type name, found lower case identifier.
azimuth_test/custom_moonbit_tests.mbt:152:54-152:61 [E3002] Expected upper case identifier for type name, found lower case identifier.
azimuth_test/custom_moonbit_tests.mbt:153:22-153:29 [E3002] Expected upper case identifier for type name, found lower case identifier.
azimuth_test/custom_moonbit_tests.mbt:154:3-154:10 [E3002] Expected upper case identifier for type name, found lower case identifier.
azimuth_test/custom_moonbit_tests.mbt:158:19-158:26 [E3002] Expected upper case identifier for type name, found lower case identifier.
azimuth_test/custom_moonbit_tests.mbt:158:48-158:55 [E3002] Expected upper case identifier for type name, found lower case identifier.
azimuth_test/custom_moonbit_tests.mbt:161:19-161:26 [E3002] Expected upper case identifier for type name, found lower case identifier.
azimuth_test/custom_moonbit_tests.mbt:161:48-161:55 [E3002] Expected upper case identifier for type name, found lower case identifier.
azimuth_test/custom_moonbit_tests.mbt:164:19-164:26 [E3002] Expected upper case identifier for type name, found lower case identifier.
azimuth_test/custom_moonbit_tests.mbt:164:48-164:55 [E3002] Expected upper case identifier for type name, found lower case identifier.
azimuth_test/custom_moonbit_tests.mbt:166:3-166:10 [E3002] Expected upper case identifier for type name, found lower case identifier.
azimuth_test/custom_moonbit_tests.mbt:170:3-170:10 [E3002] Expected upper case identifier for type name, found lower case identifier.
Error: custom_moonbit_tests.mbt compilation failed
Checking additional_focused_tests.mbt...
azimuth_test/additional_focused_tests.mbt:107:7-107:12 [E0002] Warning (unused_value): Unused variable 'inner'
Found 8 tests in additional_focused_tests.mbt
test ... ok
test ... ok
test ... ok
test ... ok
test ... ok
test ... ok
test ... ok
test ... ok
Checking enhanced_test_coverage.mbt...
Found 10 tests in enhanced_test_coverage.mbt
test ... ok
test ... ok
test ... ok
test ... ok
test ... ok
test ... ok
test ... ok
test ... ok
test ... ok
test ... ok
Checking standard_azimuth_tests.mbt...
Found 10 tests in standard_azimuth_tests.mbt
test ... ok
test ... ok
test ... ok
test ... ok
test ... ok
test ... ok
test ... ok
test ... ok
test ... ok
test ... ok
Checking standard_moonbit_test_examples.mbt...
Found 10 tests in standard_moonbit_test_examples.mbt
test ... ok
test ... ok
test ... ok
test ... ok
test ... ok
test ... ok
test ... ok
test ... ok
test ... ok
test ... ok
Checking new_moonbit_test_suite.mbt...
Found 10 tests in new_moonbit_test_suite.mbt
test ... ok
test ... ok
test ... ok
test ... ok
test ... ok
test ... ok
test ... ok
test ... ok
test ... ok
test ... ok
Checking moon_test_comprehensive.mbt...
azimuth_test/moon_test_comprehensive.mbt:128:7-128:16 [E0002] Warning (unused_value): Unused variable 'max_value'
azimuth_test/moon_test_comprehensive.mbt:129:7-129:16 [E0002] Warning (unused_value): Unused variable 'min_value'
azimuth_test/moon_test_comprehensive.mbt:139:7-139:22 [E0002] Warning (unused_value): Unused variable 'critical_chance'
Found 10 tests in moon_test_comprehensive.mbt
test ... ok
test ... ok
test ... ok
test ... ok
test ... ok
test ... ok
test ... ok
test ... ok
test ... ok
test ... ok
Checking moonbit_test_cases.mbt...
Found 10 tests in moonbit_test_cases.mbt
test ... ok
test ... ok
test ... ok
test ... ok
test ... ok
test ... ok
test ... ok
test ... ok
test ... ok
test ... ok
Checking azimuth_test.mbt...
azimuth_test/azimuth_test.mbt:15:7-15:8 [E0002] Warning (unused_value): Unused variable 'b'
azimuth_test/azimuth_test.mbt:352:7-352:17 [E0002] Warning (unused_value): Unused variable 'iterations'
azimuth_test/azimuth_test.mbt:411:16-411:26 [E4095] Integer literal 2147483648 is out of range.
azimuth_test/azimuth_test.mbt:417:7-417:19 [E0002] Warning (unused_value): Unused variable 'digit_string'
Error: azimuth_test.mbt compilation failed
Checking concise_test_cases.mbt...
Found 10 tests in concise_test_cases.mbt
test ... ok
test ... ok
test ... ok
test ... ok
test ... ok
test ... ok
test ... ok
test ... ok
test ... ok
test ... ok
Checking comprehensive_moonbit_tests.mbt...
azimuth_test/comprehensive_moonbit_tests.mbt:147:7-147:15 [E0002] Warning (unused_value): Unused variable 'letter_A'
Found 10 tests in comprehensive_moonbit_tests.mbt
test ... ok
test ... ok
test ... ok
test ... ok
test ... ok
test ... ok
test ... ok
test ... ok
test ... ok
test ... ok
Checking standard_moonbit_test_cases.mbt...
Found 10 tests in standard_moonbit_test_cases.mbt
test ... ok
test ... ok
test ... ok
test ... ok
test ... ok
test ... ok
test ... ok
test ... ok
test ... ok
test ... ok
Checking enhanced_moonbit_test_cases.mbt...
Found 10 tests in enhanced_moonbit_test_cases.mbt
test ... ok
test ... ok
test ... ok
test ... ok
test ... ok
test ... ok
test ... ok
test ... ok
test ... ok
test ... ok
Checking new_moonbit_test_cases.mbt...
azimuth_test/new_moonbit_test_cases.mbt:207:7-207:11 [E0002] Warning (unused_value): Unused variable 'time'
Found 10 tests in new_moonbit_test_cases.mbt
test ... ok
test ... ok
test ... ok
test ... ok
test ... ok
test ... ok
test ... ok
test ... ok
test ... ok
test ... ok
Checking simple_test_cases.mbt...
azimuth_test/simple_test_cases.mbt:5:16-5:19 [E4021] The value identifier add is unbound.
azimuth_test/simple_test_cases.mbt:6:3-6:12 [E4021] The value identifier assert_eq is unbound.
azimuth_test/simple_test_cases.mbt:10:16-10:24 [E4021] The value identifier multiply is unbound.
azimuth_test/simple_test_cases.mbt:11:3-11:12 [E4021] The value identifier assert_eq is unbound.
azimuth_test/simple_test_cases.mbt:15:16-15:21 [E4021] The value identifier greet is unbound.
azimuth_test/simple_test_cases.mbt:16:3-16:19 [E4021] The value identifier assert_eq_string is unbound.
azimuth_test/simple_test_cases.mbt:20:16-20:19 [E4021] The value identifier add is unbound.
azimuth_test/simple_test_cases.mbt:21:3-21:12 [E4021] The value identifier assert_eq is unbound.
azimuth_test/simple_test_cases.mbt:25:16-25:24 [E4021] The value identifier multiply is unbound.
azimuth_test/simple_test_cases.mbt:26:3-26:12 [E4021] The value identifier assert_eq is unbound.
azimuth_test/simple_test_cases.mbt:30:16-30:19 [E4021] The value identifier add is unbound.
azimuth_test/simple_test_cases.mbt:31:3-31:12 [E4021] The value identifier assert_eq is unbound.
azimuth_test/simple_test_cases.mbt:35:16-35:24 [E4021] The value identifier multiply is unbound.
azimuth_test/simple_test_cases.mbt:36:3-36:12 [E4021] The value identifier assert_eq is unbound.
azimuth_test/simple_test_cases.mbt:40:16-40:21 [E4021] The value identifier greet is unbound.
azimuth_test/simple_test_cases.mbt:41:3-41:19 [E4021] The value identifier assert_eq_string is unbound.
azimuth_test/simple_test_cases.mbt:45:3-45:14 [E4021] The value identifier assert_true is unbound.
azimuth_test/simple_test_cases.mbt:46:3-46:15 [E4021] The value identifier assert_false is unbound.
azimuth_test/simple_test_cases.mbt:47:3-47:12 [E4021] The value identifier assert_eq is unbound.
azimuth_test/simple_test_cases.mbt:48:3-48:19 [E4021] The value identifier assert_eq_string is unbound.
azimuth_test/simple_test_cases.mbt:52:16-52:19 [E4021] The value identifier add is unbound.
azimuth_test/simple_test_cases.mbt:52:20-52:28 [E4021] The value identifier multiply is unbound.
azimuth_test/simple_test_cases.mbt:52:36-52:44 [E4021] The value identifier multiply is unbound.
azimuth_test/simple_test_cases.mbt:53:3-53:12 [E4021] The value identifier assert_eq is unbound.
Error: simple_test_cases.mbt compilation failed
Checking standard_moonbit_tests.mbt...
Found 10 tests in standard_moonbit_tests.mbt
test ... ok
test ... ok
test ... ok
test ... ok
test ... ok
test ... ok
test ... ok
test ... ok
test ... ok
test ... ok
Checking additional_test_cases.mbt...
azimuth_test/additional_test_cases.mbt:120:7-120:8 [E0002] Warning (unused_value): Unused variable 'a'
azimuth_test/additional_test_cases.mbt:121:7-121:8 [E0002] Warning (unused_value): Unused variable 'b'
Found 9 tests in additional_test_cases.mbt
test ... ok
test ... ok
test ... ok
test ... ok
test ... ok
test ... ok
test ... ok
test ... ok
test ... ok
Checking new_moonbit_tests.mbt...
Found 10 tests in new_moonbit_tests.mbt
test ... ok
test ... ok
test ... ok
test ... ok
test ... ok
test ... ok
test ... ok
test ... ok
test ... ok
test ... ok
Checking focused_test_scenarios.mbt...
azimuth_test/focused_test_scenarios.mbt:9:31-9:38 [E3002] Expected upper case identifier for type name, found lower case identifier.
azimuth_test/focused_test_scenarios.mbt:9:40-9:48 [E3002] Parse error, unexpected token package name, you may expect method name, constructor name, "[" or "{".
azimuth_test/focused_test_scenarios.mbt:9:3-9:64 [E4080] This function has type (Int, Int) -> Unit, which requires 2 arguments, but is given 3 arguments.
azimuth_test/focused_test_scenarios.mbt:9:64-9:65 [E3002] Parse error, unexpected token `)`, you may expect `;` or `}`.
azimuth_test/focused_test_scenarios.mbt:10:31-10:38 [E3002] Expected upper case identifier for type name, found lower case identifier.
azimuth_test/focused_test_scenarios.mbt:10:40-10:48 [E3002] Parse error, unexpected token package name, you may expect method name, constructor name, "[" or "{".
azimuth_test/focused_test_scenarios.mbt:10:3-10:70 [E4080] This function has type (Int, Int) -> Unit, which requires 2 arguments, but is given 3 arguments.
azimuth_test/focused_test_scenarios.mbt:10:70-10:71 [E3002] Parse error, unexpected token `)`, you may expect `;` or `}`.
azimuth_test/focused_test_scenarios.mbt:13:31-13:38 [E3002] Expected upper case identifier for type name, found lower case identifier.
azimuth_test/focused_test_scenarios.mbt:13:40-13:48 [E3002] Parse error, unexpected token package name, you may expect method name, constructor name, "[" or "{".
azimuth_test/focused_test_scenarios.mbt:13:3-13:65 [E4080] This function has type (Int, Int) -> Unit, which requires 2 arguments, but is given 3 arguments.
azimuth_test/focused_test_scenarios.mbt:13:65-13:66 [E3002] Parse error, unexpected token `)`, you may expect `;` or `}`.
azimuth_test/focused_test_scenarios.mbt:14:31-14:38 [E3002] Expected upper case identifier for type name, found lower case identifier.
azimuth_test/focused_test_scenarios.mbt:14:40-14:48 [E3002] Parse error, unexpected token package name, you may expect method name, constructor name, "[" or "{".
azimuth_test/focused_test_scenarios.mbt:14:3-14:70 [E4080] This function has type (Int, Int) -> Unit, which requires 2 arguments, but is given 3 arguments.
azimuth_test/focused_test_scenarios.mbt:14:70-14:71 [E3002] Parse error, unexpected token `)`, you may expect `;` or `}`.
azimuth_test/focused_test_scenarios.mbt:17:31-17:38 [E3002] Expected upper case identifier for type name, found lower case identifier.
azimuth_test/focused_test_scenarios.mbt:17:40-17:48 [E3002] Parse error, unexpected token package name, you may expect method name, constructor name, "[" or "{".
azimuth_test/focused_test_scenarios.mbt:17:3-17:69 [E4080] This function has type (Int, Int) -> Unit, which requires 2 arguments, but is given 3 arguments.
azimuth_test/focused_test_scenarios.mbt:17:69-17:70 [E3002] Parse error, unexpected token `)`, you may expect `;` or `}`.
azimuth_test/focused_test_scenarios.mbt:18:31-18:38 [E3002] Expected upper case identifier for type name, found lower case identifier.
azimuth_test/focused_test_scenarios.mbt:18:40-18:48 [E3002] Parse error, unexpected token package name, you may expect method name, constructor name, "[" or "{".
azimuth_test/focused_test_scenarios.mbt:18:3-18:70 [E4080] This function has type (Int, Int) -> Unit, which requires 2 arguments, but is given 3 arguments.
azimuth_test/focused_test_scenarios.mbt:18:70-18:71 [E3002] Parse error, unexpected token `)`, you may expect `;` or `}`.
azimuth_test/focused_test_scenarios.mbt:22:7-22:16 [E0002] Warning (unused_value): Unused variable 'principal'
azimuth_test/focused_test_scenarios.mbt:23:7-23:11 [E0002] Warning (unused_value): Unused variable 'rate'
azimuth_test/focused_test_scenarios.mbt:24:7-24:11 [E0002] Warning (unused_value): Unused variable 'time'
azimuth_test/focused_test_scenarios.mbt:27:7-27:15 [E0002] Warning (unused_value): Unused variable 'interest'
azimuth_test/focused_test_scenarios.mbt:27:18-27:25 [E3002] Expected upper case identifier for type name, found lower case identifier.
azimuth_test/focused_test_scenarios.mbt:27:27-27:35 [E3002] Parse error, unexpected token package name, you may expect method name, constructor name, "[" or "{".
azimuth_test/focused_test_scenarios.mbt:28:15-28:22 [E3002] Expected upper case identifier for type name, found lower case identifier.
azimuth_test/focused_test_scenarios.mbt:28:24-28:32 [E3002] Parse error, unexpected token package name, you may expect method name, constructor name, "[" or "{".
azimuth_test/focused_test_scenarios.mbt:33:7-33:20 [E0002] Warning (unused_value): Unused variable 'growth_factor'
azimuth_test/focused_test_scenarios.mbt:33:23-33:30 [E3002] Expected upper case identifier for type name, found lower case identifier.
azimuth_test/focused_test_scenarios.mbt:33:32-33:40 [E3002] Parse error, unexpected token package name, you may expect method name, constructor name, "[" or "{".
azimuth_test/focused_test_scenarios.mbt:34:24-34:31 [E3002] Expected upper case identifier for type name, found lower case identifier.
azimuth_test/focused_test_scenarios.mbt:34:33-34:41 [E3002] Parse error, unexpected token package name, you may expect method name, constructor name, "[" or "{".
azimuth_test/focused_test_scenarios.mbt:41:7-41:13 [E0002] Warning (unused_value): Unused variable 'length'
azimuth_test/focused_test_scenarios.mbt:42:7-42:12 [E0002] Warning (unused_value): Unused variable 'width'
azimuth_test/focused_test_scenarios.mbt:44:14-44:21 [E3002] Expected upper case identifier for type name, found lower case identifier.
azimuth_test/focused_test_scenarios.mbt:44:23-44:31 [E3002] Parse error, unexpected token package name, you may expect method name, constructor name, "[" or "{".
azimuth_test/focused_test_scenarios.mbt:45:19-45:26 [E3002] Expected upper case identifier for type name, found lower case identifier.
azimuth_test/focused_test_scenarios.mbt:45:28-45:36 [E3002] Parse error, unexpected token package name, you may expect method name, constructor name, "[" or "{".
azimuth_test/focused_test_scenarios.mbt:51:7-51:11 [E0002] Warning (unused_value): Unused variable 'base'
azimuth_test/focused_test_scenarios.mbt:53:23-53:30 [E3002] Expected upper case identifier for type name, found lower case identifier.
azimuth_test/focused_test_scenarios.mbt:53:39-53:46 [E3002] Expected upper case identifier for type name, found lower case identifier.
azimuth_test/focused_test_scenarios.mbt:53:48-53:56 [E3002] Parse error, unexpected token package name, you may expect method name, constructor name, "[" or "{".
azimuth_test/focused_test_scenarios.mbt:53:79-53:80 [E3002] Parse error, unexpected token `,`, you may expect `;` or `}`.
azimuth_test/focused_test_scenarios.mbt:60:43-60:50 [E3002] Expected upper case identifier for type name, found lower case identifier.
azimuth_test/focused_test_scenarios.mbt:60:52-60:60 [E3002] Parse error, unexpected token package name, you may expect method name, constructor name, "[" or "{".
azimuth_test/focused_test_scenarios.mbt:60:72-60:73 [E3002] Parse error, unexpected token `)`, you may expect `;` or `}`.
azimuth_test/focused_test_scenarios.mbt:61:43-61:50 [E3002] Expected upper case identifier for type name, found lower case identifier.
azimuth_test/focused_test_scenarios.mbt:61:52-61:60 [E3002] Parse error, unexpected token package name, you may expect method name, constructor name, "[" or "{".
azimuth_test/focused_test_scenarios.mbt:61:72-61:73 [E3002] Parse error, unexpected token `)`, you may expect `;` or `}`.
azimuth_test/focused_test_scenarios.mbt:64:43-64:50 [E3002] Expected upper case identifier for type name, found lower case identifier.
azimuth_test/focused_test_scenarios.mbt:64:52-64:60 [E3002] Parse error, unexpected token package name, you may expect method name, constructor name, "[" or "{".
azimuth_test/focused_test_scenarios.mbt:64:72-64:73 [E3002] Parse error, unexpected token `)`, you may expect `;` or `}`.
azimuth_test/focused_test_scenarios.mbt:65:46-65:53 [E3002] Expected upper case identifier for type name, found lower case identifier.
azimuth_test/focused_test_scenarios.mbt:65:55-65:63 [E3002] Parse error, unexpected token package name, you may expect method name, constructor name, "[" or "{".
azimuth_test/focused_test_scenarios.mbt:65:78-65:79 [E3002] Parse error, unexpected token `)`, you may expect `;` or `}`.
azimuth_test/focused_test_scenarios.mbt:68:48-68:55 [E3002] Expected upper case identifier for type name, found lower case identifier.
azimuth_test/focused_test_scenarios.mbt:68:57-68:65 [E3002] Parse error, unexpected token package name, you may expect method name, constructor name, "[" or "{".
azimuth_test/focused_test_scenarios.mbt:68:82-68:83 [E3002] Parse error, unexpected token `)`, you may expect `;` or `}`.
azimuth_test/focused_test_scenarios.mbt:71:47-71:54 [E3002] Expected upper case identifier for type name, found lower case identifier.
azimuth_test/focused_test_scenarios.mbt:71:56-71:64 [E3002] Parse error, unexpected token package name, you may expect method name, constructor name, "[" or "{".
azimuth_test/focused_test_scenarios.mbt:71:80-71:81 [E3002] Parse error, unexpected token `)`, you may expect `;` or `}`.
azimuth_test/focused_test_scenarios.mbt:74:48-74:55 [E3002] Expected upper case identifier for type name, found lower case identifier.
azimuth_test/focused_test_scenarios.mbt:74:57-74:65 [E3002] Parse error, unexpected token package name, you may expect method name, constructor name, "[" or "{".
azimuth_test/focused_test_scenarios.mbt:74:82-74:83 [E3002] Parse error, unexpected token `)`, you may expect `;` or `}`.
azimuth_test/focused_test_scenarios.mbt:79:7-79:8 [E0002] Warning (unused_value): Unused variable 'a'
azimuth_test/focused_test_scenarios.mbt:80:7-80:8 [E0002] Warning (unused_value): Unused variable 'b'
azimuth_test/focused_test_scenarios.mbt:90:7-90:8 [E0002] Warning (unused_value): Unused variable 'c'
azimuth_test/focused_test_scenarios.mbt:91:7-91:8 [E0002] Warning (unused_value): Unused variable 'd'
azimuth_test/focused_test_scenarios.mbt:98:7-98:12 [E0002] Warning (unused_value): Unused variable 'data1'
azimuth_test/focused_test_scenarios.mbt:99:7-99:12 [E0002] Warning (unused_value): Unused variable 'data2'
azimuth_test/focused_test_scenarios.mbt:100:7-100:12 [E0002] Warning (unused_value): Unused variable 'data3'
azimuth_test/focused_test_scenarios.mbt:101:7-101:12 [E0002] Warning (unused_value): Unused variable 'data4'
azimuth_test/focused_test_scenarios.mbt:102:7-102:12 [E0002] Warning (unused_value): Unused variable 'data5'
azimuth_test/focused_test_scenarios.mbt:105:13-105:20 [E3002] Expected upper case identifier for type name, found lower case identifier.
azimuth_test/focused_test_scenarios.mbt:105:22-105:30 [E3002] Parse error, unexpected token package name, you may expect method name, constructor name, "[" or "{".
azimuth_test/focused_test_scenarios.mbt:109:17-109:24 [E3002] Expected upper case identifier for type name, found lower case identifier.
azimuth_test/focused_test_scenarios.mbt:113:22-113:29 [E3002] Expected upper case identifier for type name, found lower case identifier.
azimuth_test/focused_test_scenarios.mbt:113:31-113:39 [E3002] Parse error, unexpected token package name, you may expect method name, constructor name, "[" or "{".
azimuth_test/focused_test_scenarios.mbt:126:18-126:25 [E3002] Expected upper case identifier for type name, found lower case identifier.
azimuth_test/focused_test_scenarios.mbt:131:7-131:18 [E0002] Warning (unused_value): Unused variable 'base_damage'
azimuth_test/focused_test_scenarios.mbt:132:7-132:24 [E0002] Warning (unused_value): Unused variable 'weapon_multiplier'
azimuth_test/focused_test_scenarios.mbt:133:7-133:21 [E0002] Warning (unused_value): Unused variable 'critical_bonus'
azimuth_test/focused_test_scenarios.mbt:134:7-134:20 [E0002] Warning (unused_value): Unused variable 'enemy_defense'
azimuth_test/focused_test_scenarios.mbt:137:7-137:20 [E0002] Warning (unused_value): Unused variable 'weapon_damage'
azimuth_test/focused_test_scenarios.mbt:137:23-137:30 [E3002] Expected upper case identifier for type name, found lower case identifier.
azimuth_test/focused_test_scenarios.mbt:137:32-137:40 [E3002] Parse error, unexpected token package name, you may expect method name, constructor name, "[" or "{".
azimuth_test/focused_test_scenarios.mbt:140:7-140:22 [E0002] Warning (unused_value): Unused variable 'critical_damage'
azimuth_test/focused_test_scenarios.mbt:140:25-140:32 [E3002] Expected upper case identifier for type name, found lower case identifier.
azimuth_test/focused_test_scenarios.mbt:140:34-140:42 [E3002] Parse error, unexpected token package name, you may expect method name, constructor name, "[" or "{".
azimuth_test/focused_test_scenarios.mbt:143:22-143:29 [E3002] Expected upper case identifier for type name, found lower case identifier.
azimuth_test/focused_test_scenarios.mbt:143:31-143:39 [E3002] Parse error, unexpected token package name, you may expect method name, constructor name, "[" or "{".
azimuth_test/focused_test_scenarios.mbt:148:7-148:12 [E0002] Warning (unused_value): Unused variable 'turns'
azimuth_test/focused_test_scenarios.mbt:149:22-149:29 [E3002] Expected upper case identifier for type name, found lower case identifier.
azimuth_test/focused_test_scenarios.mbt:149:31-149:39 [E3002] Parse error, unexpected token package name, you may expect method name, constructor name, "[" or "{".
azimuth_test/focused_test_scenarios.mbt:154:7-154:12 [E0002] Warning (unused_value): Unused variable 'hours'
azimuth_test/focused_test_scenarios.mbt:155:7-155:14 [E0002] Warning (unused_value): Unused variable 'minutes'
azimuth_test/focused_test_scenarios.mbt:156:7-156:14 [E0002] Warning (unused_value): Unused variable 'seconds'
azimuth_test/focused_test_scenarios.mbt:159:23-159:30 [E3002] Expected upper case identifier for type name, found lower case identifier.
azimuth_test/focused_test_scenarios.mbt:159:32-159:40 [E3002] Parse error, unexpected token package name, you may expect method name, constructor name, "[" or "{".
azimuth_test/focused_test_scenarios.mbt:170:7-170:17 [E0002] Warning (unused_value): Unused variable 'local_time'
azimuth_test/focused_test_scenarios.mbt:171:7-171:22 [E0002] Warning (unused_value): Unused variable 'timezone_offset'
azimuth_test/focused_test_scenarios.mbt:172:18-172:25 [E3002] Expected upper case identifier for type name, found lower case identifier.
azimuth_test/focused_test_scenarios.mbt:172:27-172:35 [E3002] Parse error, unexpected token package name, you may expect method name, constructor name, "[" or "{".
azimuth_test/focused_test_scenarios.mbt:181:3-181:13 [E4087] The variable stack_size is not mutable.
azimuth_test/focused_test_scenarios.mbt:181:16-181:23 [E3002] Expected upper case identifier for type name, found lower case identifier.
azimuth_test/focused_test_scenarios.mbt:181:25-181:33 [E3002] Parse error, unexpected token package name, you may expect method name, constructor name, "[" or "{".
azimuth_test/focused_test_scenarios.mbt:182:3-182:13 [E4087] The variable stack_size is not mutable.
azimuth_test/focused_test_scenarios.mbt:182:16-182:23 [E3002] Expected upper case identifier for type name, found lower case identifier.
azimuth_test/focused_test_scenarios.mbt:182:25-182:33 [E3002] Parse error, unexpected token package name, you may expect method name, constructor name, "[" or "{".
azimuth_test/focused_test_scenarios.mbt:183:3-183:13 [E4087] The variable stack_size is not mutable.
azimuth_test/focused_test_scenarios.mbt:183:16-183:23 [E3002] Expected upper case identifier for type name, found lower case identifier.
azimuth_test/focused_test_scenarios.mbt:183:25-183:33 [E3002] Parse error, unexpected token package name, you may expect method name, constructor name, "[" or "{".
azimuth_test/focused_test_scenarios.mbt:188:3-188:13 [E4087] The variable stack_size is not mutable.
azimuth_test/focused_test_scenarios.mbt:188:16-188:23 [E3002] Expected upper case identifier for type name, found lower case identifier.
azimuth_test/focused_test_scenarios.mbt:188:25-188:33 [E3002] Parse error, unexpected token package name, you may expect method name, constructor name, "[" or "{".
azimuth_test/focused_test_scenarios.mbt:193:3-193:13 [E4087] The variable queue_size is not mutable.
azimuth_test/focused_test_scenarios.mbt:193:16-193:23 [E3002] Expected upper case identifier for type name, found lower case identifier.
azimuth_test/focused_test_scenarios.mbt:193:25-193:33 [E3002] Parse error, unexpected token package name, you may expect method name, constructor name, "[" or "{".
azimuth_test/focused_test_scenarios.mbt:194:3-194:13 [E4087] The variable queue_size is not mutable.
azimuth_test/focused_test_scenarios.mbt:194:16-194:23 [E3002] Expected upper case identifier for type name, found lower case identifier.
azimuth_test/focused_test_scenarios.mbt:194:25-194:33 [E3002] Parse error, unexpected token package name, you may expect method name, constructor name, "[" or "{".
azimuth_test/focused_test_scenarios.mbt:195:3-195:13 [E4087] The variable queue_size is not mutable.
azimuth_test/focused_test_scenarios.mbt:195:16-195:23 [E3002] Expected upper case identifier for type name, found lower case identifier.
azimuth_test/focused_test_scenarios.mbt:195:25-195:33 [E3002] Parse error, unexpected token package name, you may expect method name, constructor name, "[" or "{".
azimuth_test/focused_test_scenarios.mbt:198:3-198:13 [E4087] The variable queue_size is not mutable.
azimuth_test/focused_test_scenarios.mbt:198:16-198:23 [E3002] Expected upper case identifier for type name, found lower case identifier.
azimuth_test/focused_test_scenarios.mbt:198:25-198:33 [E3002] Parse error, unexpected token package name, you may expect method name, constructor name, "[" or "{".
azimuth_test/focused_test_scenarios.mbt:203:7-203:14 [E0002] Warning (unused_value): Unused variable 'max_val'
azimuth_test/focused_test_scenarios.mbt:211:58-211:65 [E3002] Expected upper case identifier for type name, found lower case identifier.
azimuth_test/focused_test_scenarios.mbt:215:17-215:24 [E3002] Expected upper case identifier for type name, found lower case identifier.
azimuth_test/focused_test_scenarios.mbt:215:26-215:34 [E3002] Parse error, unexpected token package name, you may expect method name, constructor name, "[" or "{".
azimuth_test/focused_test_scenarios.mbt:218:17-218:24 [E3002] Expected upper case identifier for type name, found lower case identifier.
azimuth_test/focused_test_scenarios.mbt:218:26-218:34 [E3002] Parse error, unexpected token package name, you may expect method name, constructor name, "[" or "{".
azimuth_test/focused_test_scenarios.mbt:222:22-222:29 [E3002] Expected upper case identifier for type name, found lower case identifier.
azimuth_test/focused_test_scenarios.mbt:222:31-222:39 [E3002] Parse error, unexpected token package name, you may expect method name, constructor name, "[" or "{".
Error: focused_test_scenarios.mbt compilation failed
Checking xyz123_final_tests.mbt...
Found 15 tests in xyz123_final_tests.mbt
test ... ok
test ... ok
test ... ok
test ... ok
test ... ok
test ... ok
test ... ok
test ... ok
test ... ok
test ... ok
test ... ok
test ... ok
test ... ok
test ... ok
test ... ok
Checking additional_moonbit_tests.mbt...
Found 10 tests in additional_moonbit_tests.mbt
test ... ok
test ... ok
test ... ok
test ... ok
test ... ok
test ... ok
test ... ok
test ... ok
test ... ok
test ... ok
Checking enhanced_test_cases.mbt...
azimuth_test/enhanced_test_cases.mbt:122:7-122:16 [E0002] Warning (unused_value): Unused variable 'geo_terms'
azimuth_test/enhanced_test_cases.mbt:201:7-201:11 [E0002] Warning (unused_value): Unused variable 'rows'
azimuth_test/enhanced_test_cases.mbt:278:7-278:19 [E0002] Warning (unused_value): Unused variable 'target_value'
azimuth_test/enhanced_test_cases.mbt:303:7-303:12 [E0002] Warning (unused_value): Unused variable 'pivot'
azimuth_test/enhanced_test_cases.mbt:305:7-305:18 [E0002] Warning (unused_value): Unused variable 'test_values'
azimuth_test/enhanced_test_cases.mbt:316:7-316:18 [E0002] Warning (unused_value): Unused variable 'fib_cache_0'
azimuth_test/enhanced_test_cases.mbt:317:7-317:18 [E0002] Warning (unused_value): Unused variable 'fib_cache_1'
azimuth_test/enhanced_test_cases.mbt:318:7-318:18 [E0002] Warning (unused_value): Unused variable 'fib_cache_2'
azimuth_test/enhanced_test_cases.mbt:319:7-319:18 [E0002] Warning (unused_value): Unused variable 'fib_cache_3'
Found 10 tests in enhanced_test_cases.mbt
test ... ok
test ... ok
test ... ok
test ... ok
test ... ok
test ... ok
test ... ok
test ... ok
test ... ok
test ... ok
Checking new_comprehensive_tests.mbt...
azimuth_test/new_comprehensive_tests.mbt:10:13-10:21 [E4021] The value identifier multiply is unbound.
azimuth_test/new_comprehensive_tests.mbt:10:26-10:29 [E4021] The value identifier add is unbound.
azimuth_test/new_comprehensive_tests.mbt:10:30-10:38 [E4021] The value identifier multiply is unbound.
azimuth_test/new_comprehensive_tests.mbt:10:55-10:63 [E4021] The value identifier multiply is unbound.
azimuth_test/new_comprehensive_tests.mbt:11:3-11:12 [E4021] The value identifier assert_eq is unbound.
azimuth_test/new_comprehensive_tests.mbt:18:15-18:23 [E4021] The value identifier multiply is unbound.
azimuth_test/new_comprehensive_tests.mbt:19:15-19:23 [E4021] The value identifier multiply is unbound.
azimuth_test/new_comprehensive_tests.mbt:20:15-20:23 [E4021] The value identifier multiply is unbound.
azimuth_test/new_comprehensive_tests.mbt:21:13-21:16 [E4021] The value identifier add is unbound.
azimuth_test/new_comprehensive_tests.mbt:21:17-21:20 [E4021] The value identifier add is unbound.
azimuth_test/new_comprehensive_tests.mbt:21:21-21:24 [E4021] The value identifier add is unbound.
azimuth_test/new_comprehensive_tests.mbt:23:3-23:12 [E4021] The value identifier assert_eq is unbound.
azimuth_test/new_comprehensive_tests.mbt:33:22-33:30 [E4021] The value identifier multiply is unbound.
azimuth_test/new_comprehensive_tests.mbt:35:26-35:34 [E4021] The value identifier multiply is unbound.
azimuth_test/new_comprehensive_tests.mbt:35:59-35:60 [E4018] Type Unit does not implement trait Div: no `impl` is defined
azimuth_test/new_comprehensive_tests.mbt:35:61-35:69 [E4021] The value identifier multiply is unbound.
azimuth_test/new_comprehensive_tests.mbt:36:25-36:28 [E4021] The value identifier add is unbound.
azimuth_test/new_comprehensive_tests.mbt:38:3-38:12 [E4021] The value identifier assert_eq is unbound.
azimuth_test/new_comprehensive_tests.mbt:48:18-48:21 [E4021] The value identifier add is unbound.
azimuth_test/new_comprehensive_tests.mbt:48:22-48:30 [E4021] The value identifier multiply is unbound.
azimuth_test/new_comprehensive_tests.mbt:48:56-48:64 [E4021] The value identifier multiply is unbound.
azimuth_test/new_comprehensive_tests.mbt:48:65-48:73 [E4021] The value identifier multiply is unbound.
azimuth_test/new_comprehensive_tests.mbt:49:3-49:12 [E4021] The value identifier assert_eq is unbound.
azimuth_test/new_comprehensive_tests.mbt:52:24-52:27 [E4021] The value identifier add is unbound.
azimuth_test/new_comprehensive_tests.mbt:52:46-52:54 [E4021] The value identifier multiply is unbound.
azimuth_test/new_comprehensive_tests.mbt:53:3-53:12 [E4021] The value identifier assert_eq is unbound.
azimuth_test/new_comprehensive_tests.mbt:63:20-63:23 [E4021] The value identifier add is unbound.
azimuth_test/new_comprehensive_tests.mbt:63:36-63:39 [E4021] The value identifier add is unbound.
azimuth_test/new_comprehensive_tests.mbt:64:3-64:12 [E4021] The value identifier assert_eq is unbound.
azimuth_test/new_comprehensive_tests.mbt:67:27-67:30 [E4021] The value identifier add is unbound.
azimuth_test/new_comprehensive_tests.mbt:68:3-68:12 [E4021] The value identifier assert_eq is unbound.
azimuth_test/new_comprehensive_tests.mbt:76:20-76:28 [E4021] The value identifier multiply is unbound.
azimuth_test/new_comprehensive_tests.mbt:77:3-77:12 [E4021] The value identifier assert_eq is unbound.
azimuth_test/new_comprehensive_tests.mbt:81:28-81:36 [E4021] The value identifier multiply is unbound.
azimuth_test/new_comprehensive_tests.mbt:82:3-82:12 [E4021] The value identifier assert_eq is unbound.
azimuth_test/new_comprehensive_tests.mbt:90:13-90:16 [E4021] The value identifier add is unbound.
azimuth_test/new_comprehensive_tests.mbt:90:17-90:20 [E4021] The value identifier add is unbound.
azimuth_test/new_comprehensive_tests.mbt:90:21-90:24 [E4021] The value identifier add is unbound.
azimuth_test/new_comprehensive_tests.mbt:90:25-90:28 [E4021] The value identifier add is unbound.
azimuth_test/new_comprehensive_tests.mbt:92:3-92:12 [E4021] The value identifier assert_eq is unbound.
azimuth_test/new_comprehensive_tests.mbt:95:15-95:18 [E4021] The value identifier add is unbound.
azimuth_test/new_comprehensive_tests.mbt:96:15-96:18 [E4021] The value identifier add is unbound.
azimuth_test/new_comprehensive_tests.mbt:97:15-97:18 [E4021] The value identifier add is unbound.
azimuth_test/new_comprehensive_tests.mbt:98:15-98:18 [E4021] The value identifier add is unbound.
azimuth_test/new_comprehensive_tests.mbt:99:15-99:18 [E4021] The value identifier add is unbound.
azimuth_test/new_comprehensive_tests.mbt:101:23-101:31 [E4021] The value identifier multiply is unbound.
azimuth_test/new_comprehensive_tests.mbt:102:23-102:31 [E4021] The value identifier multiply is unbound.
azimuth_test/new_comprehensive_tests.mbt:103:23-103:31 [E4021] The value identifier multiply is unbound.
azimuth_test/new_comprehensive_tests.mbt:104:23-104:31 [E4021] The value identifier multiply is unbound.
azimuth_test/new_comprehensive_tests.mbt:105:23-105:31 [E4021] The value identifier multiply is unbound.
azimuth_test/new_comprehensive_tests.mbt:107:26-107:29 [E4021] The value identifier add is unbound.
azimuth_test/new_comprehensive_tests.mbt:107:30-107:33 [E4021] The value identifier add is unbound.
azimuth_test/new_comprehensive_tests.mbt:107:34-107:37 [E4021] The value identifier add is unbound.
azimuth_test/new_comprehensive_tests.mbt:107:38-107:41 [E4021] The value identifier add is unbound.
azimuth_test/new_comprehensive_tests.mbt:107:89-107:92 [E4021] The value identifier add is unbound.
azimuth_test/new_comprehensive_tests.mbt:107:123-107:123 [E3002] Unexpected line break here, missing `,` or `)` at the end of this line.
azimuth_test/new_comprehensive_tests.mbt:110:3-110:12 [E4021] The value identifier assert_eq is unbound.
azimuth_test/new_comprehensive_tests.mbt:120:19-120:22 [E4021] The value identifier add is unbound.
azimuth_test/new_comprehensive_tests.mbt:121:19-121:22 [E4021] The value identifier add is unbound.
azimuth_test/new_comprehensive_tests.mbt:123:5-123:8 [E4021] The value identifier add is unbound.
azimuth_test/new_comprehensive_tests.mbt:128:3-128:12 [E4021] The value identifier assert_eq is unbound.
azimuth_test/new_comprehensive_tests.mbt:131:19-131:22 [E4021] The value identifier add is unbound.
azimuth_test/new_comprehensive_tests.mbt:132:3-132:12 [E4021] The value identifier assert_eq is unbound.
azimuth_test/new_comprehensive_tests.mbt:142:23-142:31 [E4021] The value identifier multiply is unbound.
azimuth_test/new_comprehensive_tests.mbt:143:3-143:12 [E4021] The value identifier assert_eq is unbound.
azimuth_test/new_comprehensive_tests.mbt:147:3-147:12 [E4021] The value identifier assert_eq is unbound.
azimuth_test/new_comprehensive_tests.mbt:157:20-157:23 [E4021] The value identifier add is unbound.
azimuth_test/new_comprehensive_tests.mbt:157:24-157:32 [E4021] The value identifier multiply is unbound.
azimuth_test/new_comprehensive_tests.mbt:158:3-158:12 [E4021] The value identifier assert_eq is unbound.
azimuth_test/new_comprehensive_tests.mbt:162:15-162:18 [E4021] The value identifier add is unbound.
azimuth_test/new_comprehensive_tests.mbt:163:23-163:31 [E4021] The value identifier multiply is unbound.
azimuth_test/new_comprehensive_tests.mbt:164:3-164:12 [E4021] The value identifier assert_eq is unbound.
Error: new_comprehensive_tests.mbt compilation failed
Checking new_advanced_tests.mbt...
azimuth_test/new_advanced_tests.mbt:22:7-22:12 [E0002] Warning (unused_value): Unused variable 'fib_0'
azimuth_test/new_advanced_tests.mbt:23:7-23:12 [E0002] Warning (unused_value): Unused variable 'fib_1'
azimuth_test/new_advanced_tests.mbt:24:15-24:22 [E3002] Expected upper case identifier for type name, found lower case identifier.
azimuth_test/new_advanced_tests.mbt:24:24-24:32 [E3002] Parse error, unexpected token package name, you may expect method name, constructor name, "[" or "{".
azimuth_test/new_advanced_tests.mbt:25:15-25:22 [E3002] Expected upper case identifier for type name, found lower case identifier.
azimuth_test/new_advanced_tests.mbt:25:24-25:32 [E3002] Parse error, unexpected token package name, you may expect method name, constructor name, "[" or "{".
azimuth_test/new_advanced_tests.mbt:26:15-26:22 [E3002] Expected upper case identifier for type name, found lower case identifier.
azimuth_test/new_advanced_tests.mbt:26:24-26:32 [E3002] Parse error, unexpected token package name, you may expect method name, constructor name, "[" or "{".
azimuth_test/new_advanced_tests.mbt:27:15-27:22 [E3002] Expected upper case identifier for type name, found lower case identifier.
azimuth_test/new_advanced_tests.mbt:27:24-27:32 [E3002] Parse error, unexpected token package name, you may expect method name, constructor name, "[" or "{".
azimuth_test/new_advanced_tests.mbt:28:15-28:22 [E3002] Expected upper case identifier for type name, found lower case identifier.
azimuth_test/new_advanced_tests.mbt:28:24-28:32 [E3002] Parse error, unexpected token package name, you may expect method name, constructor name, "[" or "{".
azimuth_test/new_advanced_tests.mbt:29:15-29:22 [E3002] Expected upper case identifier for type name, found lower case identifier.
azimuth_test/new_advanced_tests.mbt:29:24-29:32 [E3002] Parse error, unexpected token package name, you may expect method name, constructor name, "[" or "{".
azimuth_test/new_advanced_tests.mbt:30:15-30:22 [E3002] Expected upper case identifier for type name, found lower case identifier.
azimuth_test/new_advanced_tests.mbt:30:24-30:32 [E3002] Parse error, unexpected token package name, you may expect method name, constructor name, "[" or "{".
azimuth_test/new_advanced_tests.mbt:48:24-48:31 [E3002] Expected upper case identifier for type name, found lower case identifier.
azimuth_test/new_advanced_tests.mbt:48:33-48:41 [E3002] Parse error, unexpected token package name, you may expect method name, constructor name, "[" or "{".
azimuth_test/new_advanced_tests.mbt:51:24-51:31 [E3002] Expected upper case identifier for type name, found lower case identifier.
azimuth_test/new_advanced_tests.mbt:51:33-51:41 [E3002] Parse error, unexpected token package name, you may expect method name, constructor name, "[" or "{".
azimuth_test/new_advanced_tests.mbt:54:24-54:31 [E3002] Expected upper case identifier for type name, found lower case identifier.
azimuth_test/new_advanced_tests.mbt:54:33-54:41 [E3002] Parse error, unexpected token package name, you may expect method name, constructor name, "[" or "{".
azimuth_test/new_advanced_tests.mbt:63:7-63:16 [E0002] Warning (unused_value): Unused variable 'principal'
azimuth_test/new_advanced_tests.mbt:64:7-64:19 [E0002] Warning (unused_value): Unused variable 'rate_percent'
azimuth_test/new_advanced_tests.mbt:67:15-67:22 [E3002] Expected upper case identifier for type name, found lower case identifier.
azimuth_test/new_advanced_tests.mbt:67:24-67:32 [E3002] Parse error, unexpected token package name, you may expect method name, constructor name, "[" or "{".
azimuth_test/new_advanced_tests.mbt:70:15-70:22 [E3002] Expected upper case identifier for type name, found lower case identifier.
azimuth_test/new_advanced_tests.mbt:70:24-70:32 [E3002] Parse error, unexpected token package name, you may expect method name, constructor name, "[" or "{".
azimuth_test/new_advanced_tests.mbt:73:15-73:22 [E3002] Expected upper case identifier for type name, found lower case identifier.
azimuth_test/new_advanced_tests.mbt:73:24-73:32 [E3002] Parse error, unexpected token package name, you may expect method name, constructor name, "[" or "{".
azimuth_test/new_advanced_tests.mbt:82:7-82:8 [E0002] Warning (unused_value): Unused variable 'a'
azimuth_test/new_advanced_tests.mbt:83:7-83:8 [E0002] Warning (unused_value): Unused variable 'b'
azimuth_test/new_advanced_tests.mbt:84:7-84:8 [E0002] Warning (unused_value): Unused variable 'c'
azimuth_test/new_advanced_tests.mbt:87:7-87:9 [E0002] Warning (unused_value): Unused variable 'x1'
azimuth_test/new_advanced_tests.mbt:88:7-88:9 [E0002] Warning (unused_value): Unused variable 'x2'
azimuth_test/new_advanced_tests.mbt:91:17-91:24 [E3002] Expected upper case identifier for type name, found lower case identifier.
azimuth_test/new_advanced_tests.mbt:91:26-91:34 [E3002] Parse error, unexpected token package name, you may expect method name, constructor name, "[" or "{".
azimuth_test/new_advanced_tests.mbt:95:17-95:24 [E3002] Expected upper case identifier for type name, found lower case identifier.
azimuth_test/new_advanced_tests.mbt:95:26-95:34 [E3002] Parse error, unexpected token package name, you may expect method name, constructor name, "[" or "{".
azimuth_test/new_advanced_tests.mbt:101:7-101:12 [E0002] Warning (unused_value): Unused variable 'data1'
azimuth_test/new_advanced_tests.mbt:102:7-102:12 [E0002] Warning (unused_value): Unused variable 'data2'
azimuth_test/new_advanced_tests.mbt:103:7-103:12 [E0002] Warning (unused_value): Unused variable 'data3'
azimuth_test/new_advanced_tests.mbt:104:7-104:12 [E0002] Warning (unused_value): Unused variable 'data4'
azimuth_test/new_advanced_tests.mbt:105:7-105:12 [E0002] Warning (unused_value): Unused variable 'data5'
azimuth_test/new_advanced_tests.mbt:108:13-108:20 [E3002] Expected upper case identifier for type name, found lower case identifier.
azimuth_test/new_advanced_tests.mbt:108:22-108:30 [E3002] Parse error, unexpected token package name, you may expect method name, constructor name, "[" or "{".
azimuth_test/new_advanced_tests.mbt:116:22-116:29 [E3002] Expected upper case identifier for type name, found lower case identifier.
azimuth_test/new_advanced_tests.mbt:116:31-116:39 [E3002] Parse error, unexpected token package name, you may expect method name, constructor name, "[" or "{".
azimuth_test/new_advanced_tests.mbt:128:7-128:17 [E0002] Warning (unused_value): Unused variable 'usd_amount'
azimuth_test/new_advanced_tests.mbt:129:7-129:20 [E0002] Warning (unused_value): Unused variable 'exchange_rate'
azimuth_test/new_advanced_tests.mbt:130:7-130:30 [E0002] Warning (unused_value): Unused variable 'transaction_fee_percent'
azimuth_test/new_advanced_tests.mbt:133:20-133:27 [E3002] Expected upper case identifier for type name, found lower case identifier.
azimuth_test/new_advanced_tests.mbt:133:29-133:37 [E3002] Parse error, unexpected token package name, you may expect method name, constructor name, "[" or "{".
azimuth_test/new_advanced_tests.mbt:136:13-136:20 [E3002] Expected upper case identifier for type name, found lower case identifier.
azimuth_test/new_advanced_tests.mbt:136:22-136:30 [E3002] Parse error, unexpected token package name, you may expect method name, constructor name, "[" or "{".
azimuth_test/new_advanced_tests.mbt:139:23-139:30 [E3002] Expected upper case identifier for type name, found lower case identifier.
azimuth_test/new_advanced_tests.mbt:139:32-139:40 [E3002] Parse error, unexpected token package name, you may expect method name, constructor name, "[" or "{".
azimuth_test/new_advanced_tests.mbt:155:29-155:36 [E3002] Expected upper case identifier for type name, found lower case identifier.
azimuth_test/new_advanced_tests.mbt:155:38-155:46 [E3002] Parse error, unexpected token package name, you may expect method name, constructor name, "[" or "{".
azimuth_test/new_advanced_tests.mbt:159:19-159:26 [E3002] Expected upper case identifier for type name, found lower case identifier.
azimuth_test/new_advanced_tests.mbt:159:28-159:36 [E3002] Parse error, unexpected token package name, you may expect method name, constructor name, "[" or "{".
azimuth_test/new_advanced_tests.mbt:169:7-169:20 [E0002] Warning (unused_value): Unused variable 'initial_stock'
azimuth_test/new_advanced_tests.mbt:170:7-170:17 [E0002] Warning (unused_value): Unused variable 'sold_units'
azimuth_test/new_advanced_tests.mbt:171:7-171:22 [E0002] Warning (unused_value): Unused variable 'restocked_units'
azimuth_test/new_advanced_tests.mbt:172:7-172:20 [E0002] Warning (unused_value): Unused variable 'damaged_units'
azimuth_test/new_advanced_tests.mbt:175:7-175:20 [E0002] Warning (unused_value): Unused variable 'current_stock'
azimuth_test/new_advanced_tests.mbt:175:23-175:30 [E3002] Expected upper case identifier for type name, found lower case identifier.
azimuth_test/new_advanced_tests.mbt:175:32-175:40 [E3002] Parse error, unexpected token package name, you may expect method name, constructor name, "[" or "{".
azimuth_test/new_advanced_tests.mbt:176:29-176:36 [E3002] Expected upper case identifier for type name, found lower case identifier.
azimuth_test/new_advanced_tests.mbt:176:38-176:46 [E3002] Parse error, unexpected token package name, you may expect method name, constructor name, "[" or "{".
azimuth_test/new_advanced_tests.mbt:179:23-179:30 [E3002] Expected upper case identifier for type name, found lower case identifier.
azimuth_test/new_advanced_tests.mbt:179:32-179:40 [E3002] Parse error, unexpected token package name, you may expect method name, constructor name, "[" or "{".
azimuth_test/new_advanced_tests.mbt:182:23-182:30 [E3002] Expected upper case identifier for type name, found lower case identifier.
azimuth_test/new_advanced_tests.mbt:182:32-182:40 [E3002] Parse error, unexpected token package name, you may expect method name, constructor name, "[" or "{".
azimuth_test/new_advanced_tests.mbt:193:7-193:20 [E0002] Warning (unused_value): Unused variable 'customer_name'
azimuth_test/new_advanced_tests.mbt:196:7-196:15 [E0002] Warning (unused_value): Unused variable 'quantity'
azimuth_test/new_advanced_tests.mbt:197:7-197:17 [E0002] Warning (unused_value): Unused variable 'unit_price'
azimuth_test/new_advanced_tests.mbt:198:7-198:18 [E0002] Warning (unused_value): Unused variable 'total_price'
azimuth_test/new_advanced_tests.mbt:198:21-198:28 [E3002] Expected upper case identifier for type name, found lower case identifier.
azimuth_test/new_advanced_tests.mbt:198:30-198:38 [E3002] Parse error, unexpected token package name, you may expect method name, constructor name, "[" or "{".
azimuth_test/new_advanced_tests.mbt:201:18-201:25 [E3002] Expected upper case identifier for type name, found lower case identifier.
azimuth_test/new_advanced_tests.mbt:201:27-201:35 [E3002] Parse error, unexpected token package name, you may expect method name, constructor name, "[" or "{".
Error: new_advanced_tests.mbt compilation failed
Checking simple_new_test.mbt...
azimuth_test/simple_new_test.mbt:3:11-3:12 [E3001] Lexing error: missing identifier after `.`
azimuth_test/simple_new_test.mbt:3:12-3:20 [E3002] Parse error, unexpected token package name, you may expect `;` or `}`.
azimuth_test/simple_new_test.mbt:3:42-3:43 [E3001] Lexing error: missing identifier after `.`
azimuth_test/simple_new_test.mbt:6:11-6:12 [E3001] Lexing error: missing identifier after `.`
azimuth_test/simple_new_test.mbt:6:12-6:20 [E3002] Parse error, unexpected token package name, you may expect `;` or `}`.
azimuth_test/simple_new_test.mbt:6:42-6:43 [E3001] Lexing error: missing identifier after `.`
azimuth_test/simple_new_test.mbt:9:11-9:12 [E3001] Lexing error: missing identifier after `.`
azimuth_test/simple_new_test.mbt:9:12-9:20 [E3002] Parse error, unexpected token package name, you may expect `;` or `}`.
azimuth_test/simple_new_test.mbt:9:63-9:64 [E3001] Lexing error: missing identifier after `.`
azimuth_test/simple_new_test.mbt:14:11-14:12 [E3001] Lexing error: missing identifier after `.`
azimuth_test/simple_new_test.mbt:14:12-14:20 [E3002] Parse error, unexpected token package name, you may expect `;` or `}`.
azimuth_test/simple_new_test.mbt:14:39-14:40 [E3001] Lexing error: missing identifier after `.`
azimuth_test/simple_new_test.mbt:14:70-14:71 [E3001] Lexing error: missing identifier after `.`
azimuth_test/simple_new_test.mbt:17:11-17:12 [E3001] Lexing error: missing identifier after `.`
azimuth_test/simple_new_test.mbt:17:12-17:20 [E3002] Parse error, unexpected token package name, you may expect `;` or `}`.
azimuth_test/simple_new_test.mbt:17:39-17:40 [E3001] Lexing error: missing identifier after `.`
azimuth_test/simple_new_test.mbt:17:71-17:72 [E3001] Lexing error: missing identifier after `.`
azimuth_test/simple_new_test.mbt:21:7-21:16 [E0002] Warning (unused_value): Unused variable 'left_side'
azimuth_test/simple_new_test.mbt:21:27-21:28 [E3001] Lexing error: missing identifier after `.`
azimuth_test/simple_new_test.mbt:21:28-21:36 [E3002] Parse error, unexpected token package name, you may expect `;` or `}`.
azimuth_test/simple_new_test.mbt:21:57-21:58 [E3001] Lexing error: missing identifier after `.`
azimuth_test/simple_new_test.mbt:22:7-22:17 [E0002] Warning (unused_value): Unused variable 'right_side'
azimuth_test/simple_new_test.mbt:22:28-22:29 [E3001] Lexing error: missing identifier after `.`
azimuth_test/simple_new_test.mbt:22:29-22:37 [E3002] Parse error, unexpected token package name, you may expect `;` or `}`.
azimuth_test/simple_new_test.mbt:22:50-22:51 [E3001] Lexing error: missing identifier after `.`
azimuth_test/simple_new_test.mbt:22:84-22:85 [E3001] Lexing error: missing identifier after `.`
azimuth_test/simple_new_test.mbt:23:11-23:12 [E3001] Lexing error: missing identifier after `.`
azimuth_test/simple_new_test.mbt:23:12-23:20 [E3002] Parse error, unexpected token package name, you may expect `;` or `}`.
azimuth_test/simple_new_test.mbt:27:7-27:14 [E0002] Warning (unused_value): Unused variable 'max_val'
azimuth_test/simple_new_test.mbt:28:7-28:14 [E0002] Warning (unused_value): Unused variable 'min_val'
azimuth_test/simple_new_test.mbt:31:11-31:12 [E3001] Lexing error: missing identifier after `.`
azimuth_test/simple_new_test.mbt:31:12-31:20 [E3002] Parse error, unexpected token package name, you may expect `;` or `}`.
azimuth_test/simple_new_test.mbt:31:43-31:44 [E3001] Lexing error: missing identifier after `.`
azimuth_test/simple_new_test.mbt:32:11-32:12 [E3001] Lexing error: missing identifier after `.`
azimuth_test/simple_new_test.mbt:32:12-32:20 [E3002] Parse error, unexpected token package name, you may expect `;` or `}`.
azimuth_test/simple_new_test.mbt:32:48-32:49 [E3001] Lexing error: missing identifier after `.`
azimuth_test/simple_new_test.mbt:33:11-33:12 [E3001] Lexing error: missing identifier after `.`
azimuth_test/simple_new_test.mbt:33:12-33:20 [E3002] Parse error, unexpected token package name, you may expect `;` or `}`.
azimuth_test/simple_new_test.mbt:33:48-33:49 [E3001] Lexing error: missing identifier after `.`
azimuth_test/simple_new_test.mbt:38:11-38:12 [E3001] Lexing error: missing identifier after `.`
azimuth_test/simple_new_test.mbt:38:12-38:20 [E3002] Parse error, unexpected token package name, you may expect `;` or `}`.
azimuth_test/simple_new_test.mbt:38:67-38:68 [E3001] Lexing error: missing identifier after `.`
azimuth_test/simple_new_test.mbt:39:11-39:12 [E3001] Lexing error: missing identifier after `.`
azimuth_test/simple_new_test.mbt:39:12-39:20 [E3002] Parse error, unexpected token package name, you may expect `;` or `}`.
azimuth_test/simple_new_test.mbt:39:60-39:61 [E3001] Lexing error: missing identifier after `.`
azimuth_test/simple_new_test.mbt:40:11-40:12 [E3001] Lexing error: missing identifier after `.`
azimuth_test/simple_new_test.mbt:40:12-40:20 [E3002] Parse error, unexpected token package name, you may expect `;` or `}`.
azimuth_test/simple_new_test.mbt:40:62-40:63 [E3001] Lexing error: missing identifier after `.`
azimuth_test/simple_new_test.mbt:45:7-45:15 [E0002] Warning (unused_value): Unused variable 'interest'
azimuth_test/simple_new_test.mbt:45:26-45:27 [E3001] Lexing error: missing identifier after `.`
azimuth_test/simple_new_test.mbt:45:27-45:35 [E3002] Parse error, unexpected token package name, you may expect `;` or `}`.
azimuth_test/simple_new_test.mbt:45:60-45:61 [E3001] Lexing error: missing identifier after `.`
azimuth_test/simple_new_test.mbt:46:7-46:12 [E0002] Warning (unused_value): Unused variable 'total'
azimuth_test/simple_new_test.mbt:46:23-46:24 [E3001] Lexing error: missing identifier after `.`
azimuth_test/simple_new_test.mbt:46:24-46:32 [E3002] Parse error, unexpected token package name, you may expect `;` or `}`.
azimuth_test/simple_new_test.mbt:49:11-49:12 [E3001] Lexing error: missing identifier after `.`
azimuth_test/simple_new_test.mbt:49:12-49:20 [E3002] Parse error, unexpected token package name, you may expect `;` or `}`.
Error: simple_new_test.mbt compilation failed
Checking moonbit_new_test_cases.mbt...
azimuth_test/moonbit_new_test_cases.mbt:82:7-82:12 [E0002] Warning (unused_value): Unused variable 'value'
Found 10 tests in moonbit_new_test_cases.mbt
test ... ok
test ... ok
test ... ok
test ... ok
test ... ok
test ... ok
test ... ok
test ... ok
test ... ok
test ... ok
Checking moonbit_new_test_cases_copy.mbt...
azimuth_test/moonbit_new_test_cases_copy.mbt:5:7-5:17 [E0002] Warning (unused_value): Unused variable 'large_num1'
azimuth_test/moonbit_new_test_cases_copy.mbt:6:7-6:17 [E0002] Warning (unused_value): Unused variable 'large_num2'
azimuth_test/moonbit_new_test_cases_copy.mbt:7:7-7:17 [E0002] Warning (unused_value): Unused variable 'large_num3'
azimuth_test/moonbit_new_test_cases_copy.mbt:10:20-10:27 [E3002] Expected upper case identifier for type name, found lower case identifier.
azimuth_test/moonbit_new_test_cases_copy.mbt:10:29-10:37 [E3002] Parse error, unexpected token package name, you may expect method name, constructor name, "[" or "{".
azimuth_test/moonbit_new_test_cases_copy.mbt:14:24-14:31 [E3002] Expected upper case identifier for type name, found lower case identifier.
azimuth_test/moonbit_new_test_cases_copy.mbt:14:33-14:41 [E3002] Parse error, unexpected token package name, you may expect method name, constructor name, "[" or "{".
azimuth_test/moonbit_new_test_cases_copy.mbt:20:7-20:13 [E0002] Warning (unused_value): Unused variable 'value1'
azimuth_test/moonbit_new_test_cases_copy.mbt:21:7-21:13 [E0002] Warning (unused_value): Unused variable 'value2'
azimuth_test/moonbit_new_test_cases_copy.mbt:24:21-24:28 [E3002] Expected upper case identifier for type name, found lower case identifier.
azimuth_test/moonbit_new_test_cases_copy.mbt:24:30-24:38 [E3002] Parse error, unexpected token package name, you may expect method name, constructor name, "[" or "{".
azimuth_test/moonbit_new_test_cases_copy.mbt:28:25-28:32 [E3002] Expected upper case identifier for type name, found lower case identifier.
azimuth_test/moonbit_new_test_cases_copy.mbt:28:34-28:42 [E3002] Parse error, unexpected token package name, you may expect method name, constructor name, "[" or "{".
azimuth_test/moonbit_new_test_cases_copy.mbt:34:7-34:12 [E0002] Warning (unused_value): Unused variable 'step1'
azimuth_test/moonbit_new_test_cases_copy.mbt:34:15-34:22 [E3002] Expected upper case identifier for type name, found lower case identifier.
azimuth_test/moonbit_new_test_cases_copy.mbt:34:24-34:32 [E3002] Parse error, unexpected token package name, you may expect method name, constructor name, "[" or "{".
azimuth_test/moonbit_new_test_cases_copy.mbt:35:7-35:12 [E0002] Warning (unused_value): Unused variable 'step2'
azimuth_test/moonbit_new_test_cases_copy.mbt:35:15-35:22 [E3002] Expected upper case identifier for type name, found lower case identifier.
azimuth_test/moonbit_new_test_cases_copy.mbt:35:24-35:32 [E3002] Parse error, unexpected token package name, you may expect method name, constructor name, "[" or "{".
azimuth_test/moonbit_new_test_cases_copy.mbt:36:7-36:12 [E0002] Warning (unused_value): Unused variable 'step3'
azimuth_test/moonbit_new_test_cases_copy.mbt:37:16-37:23 [E3002] Expected upper case identifier for type name, found lower case identifier.
azimuth_test/moonbit_new_test_cases_copy.mbt:37:25-37:33 [E3002] Parse error, unexpected token package name, you may expect method name, constructor name, "[" or "{".
azimuth_test/moonbit_new_test_cases_copy.mbt:44:7-44:20 [E0002] Warning (unused_value): Unused variable 'special_chars'
azimuth_test/moonbit_new_test_cases_copy.mbt:45:16-45:23 [E3002] Expected upper case identifier for type name, found lower case identifier.
azimuth_test/moonbit_new_test_cases_copy.mbt:45:25-45:33 [E3002] Parse error, unexpected token package name, you may expect method name, constructor name, "[" or "{".
azimuth_test/moonbit_new_test_cases_copy.mbt:49:7-49:19 [E0002] Warning (unused_value): Unused variable 'alphanumeric'
azimuth_test/moonbit_new_test_cases_copy.mbt:50:17-50:24 [E3002] Expected upper case identifier for type name, found lower case identifier.
azimuth_test/moonbit_new_test_cases_copy.mbt:50:26-50:34 [E3002] Parse error, unexpected token package name, you may expect method name, constructor name, "[" or "{".
azimuth_test/moonbit_new_test_cases_copy.mbt:73:26-73:33 [E3002] Expected upper case identifier for type name, found lower case identifier.
azimuth_test/moonbit_new_test_cases_copy.mbt:73:35-73:43 [E3002] Parse error, unexpected token package name, you may expect method name, constructor name, "[" or "{".
azimuth_test/moonbit_new_test_cases_copy.mbt:77:7-77:10 [E0002] Warning (unused_value): Unused variable 'low'
azimuth_test/moonbit_new_test_cases_copy.mbt:78:7-78:11 [E0002] Warning (unused_value): Unused variable 'high'
azimuth_test/moonbit_new_test_cases_copy.mbt:79:7-79:10 [E0002] Warning (unused_value): Unused variable 'mid'
azimuth_test/moonbit_new_test_cases_copy.mbt:79:13-79:20 [E3002] Expected upper case identifier for type name, found lower case identifier.
azimuth_test/moonbit_new_test_cases_copy.mbt:79:22-79:30 [E3002] Parse error, unexpected token package name, you may expect method name, constructor name, "[" or "{".
azimuth_test/moonbit_new_test_cases_copy.mbt:89:7-89:16 [E0002] Warning (unused_value): Unused variable 'stack_top'
azimuth_test/moonbit_new_test_cases_copy.mbt:102:7-102:17 [E0002] Warning (unused_value): Unused variable 'after_push'
azimuth_test/moonbit_new_test_cases_copy.mbt:102:20-102:27 [E3002] Expected upper case identifier for type name, found lower case identifier.
azimuth_test/moonbit_new_test_cases_copy.mbt:102:29-102:37 [E3002] Parse error, unexpected token package name, you may expect method name, constructor name, "[" or "{".
azimuth_test/moonbit_new_test_cases_copy.mbt:103:19-103:26 [E3002] Expected upper case identifier for type name, found lower case identifier.
azimuth_test/moonbit_new_test_cases_copy.mbt:103:28-103:36 [E3002] Parse error, unexpected token package name, you may expect method name, constructor name, "[" or "{".
azimuth_test/moonbit_new_test_cases_copy.mbt:109:7-109:12 [E0002] Warning (unused_value): Unused variable 'dice1'
azimuth_test/moonbit_new_test_cases_copy.mbt:110:7-110:12 [E0002] Warning (unused_value): Unused variable 'dice2'
azimuth_test/moonbit_new_test_cases_copy.mbt:113:15-113:22 [E3002] Expected upper case identifier for type name, found lower case identifier.
azimuth_test/moonbit_new_test_cases_copy.mbt:113:24-113:32 [E3002] Parse error, unexpected token package name, you may expect method name, constructor name, "[" or "{".
azimuth_test/moonbit_new_test_cases_copy.mbt:121:15-121:22 [E3002] Expected upper case identifier for type name, found lower case identifier.
azimuth_test/moonbit_new_test_cases_copy.mbt:121:24-121:32 [E3002] Parse error, unexpected token package name, you may expect method name, constructor name, "[" or "{".
azimuth_test/moonbit_new_test_cases_copy.mbt:127:7-127:18 [E0002] Warning (unused_value): Unused variable 'header_size'
azimuth_test/moonbit_new_test_cases_copy.mbt:128:7-128:19 [E0002] Warning (unused_value): Unused variable 'payload_size'
azimuth_test/moonbit_new_test_cases_copy.mbt:129:7-129:20 [E0002] Warning (unused_value): Unused variable 'checksum_size'
azimuth_test/moonbit_new_test_cases_copy.mbt:132:27-132:34 [E3002] Expected upper case identifier for type name, found lower case identifier.
azimuth_test/moonbit_new_test_cases_copy.mbt:132:36-132:44 [E3002] Parse error, unexpected token package name, you may expect method name, constructor name, "[" or "{".
azimuth_test/moonbit_new_test_cases_copy.mbt:143:7-143:22 [E0002] Warning (unused_value): Unused variable 'letter_position'
azimuth_test/moonbit_new_test_cases_copy.mbt:144:7-144:12 [E0002] Warning (unused_value): Unused variable 'shift'
azimuth_test/moonbit_new_test_cases_copy.mbt:147:28-147:35 [E3002] Expected upper case identifier for type name, found lower case identifier.
azimuth_test/moonbit_new_test_cases_copy.mbt:147:37-147:45 [E3002] Parse error, unexpected token package name, you may expect method name, constructor name, "[" or "{".
azimuth_test/moonbit_new_test_cases_copy.mbt:151:28-151:35 [E3002] Expected upper case identifier for type name, found lower case identifier.
azimuth_test/moonbit_new_test_cases_copy.mbt:151:37-151:45 [E3002] Parse error, unexpected token package name, you may expect method name, constructor name, "[" or "{".
azimuth_test/moonbit_new_test_cases_copy.mbt:155:7-155:23 [E0002] Warning (unused_value): Unused variable 'original_message'
azimuth_test/moonbit_new_test_cases_copy.mbt:156:27-156:34 [E3002] Expected upper case identifier for type name, found lower case identifier.
azimuth_test/moonbit_new_test_cases_copy.mbt:156:36-156:44 [E3002] Parse error, unexpected token package name, you may expect method name, constructor name, "[" or "{".
Error: moonbit_new_test_cases_copy.mbt compilation failed
Checking our_new_tests.mbt...
azimuth_test/our_new_tests.mbt:3:16-3:23 [E3002] Expected upper case identifier for type name, found lower case identifier.
azimuth_test/our_new_tests.mbt:3:25-3:33 [E3002] Parse error, unexpected token package name, you may expect method name, constructor name, "[" or "{".
azimuth_test/our_new_tests.mbt:7:16-7:23 [E3002] Expected upper case identifier for type name, found lower case identifier.
azimuth_test/our_new_tests.mbt:7:25-7:33 [E3002] Parse error, unexpected token package name, you may expect method name, constructor name, "[" or "{".
azimuth_test/our_new_tests.mbt:11:16-11:23 [E3002] Expected upper case identifier for type name, found lower case identifier.
azimuth_test/our_new_tests.mbt:11:25-11:33 [E3002] Parse error, unexpected token package name, you may expect method name, constructor name, "[" or "{".
azimuth_test/our_new_tests.mbt:15:7-15:20 [E0002] Warning (unused_value): Unused variable 'decimal_value'
azimuth_test/our_new_tests.mbt:16:19-16:26 [E3002] Expected upper case identifier for type name, found lower case identifier.
azimuth_test/our_new_tests.mbt:16:28-16:36 [E3002] Parse error, unexpected token package name, you may expect method name, constructor name, "[" or "{".
azimuth_test/our_new_tests.mbt:17:18-17:25 [E3002] Expected upper case identifier for type name, found lower case identifier.
azimuth_test/our_new_tests.mbt:17:27-17:35 [E3002] Parse error, unexpected token package name, you may expect method name, constructor name, "[" or "{".
azimuth_test/our_new_tests.mbt:22:7-22:18 [E0002] Warning (unused_value): Unused variable 'item1_price'
azimuth_test/our_new_tests.mbt:23:7-23:21 [E0002] Warning (unused_value): Unused variable 'item1_quantity'
azimuth_test/our_new_tests.mbt:24:7-24:18 [E0002] Warning (unused_value): Unused variable 'item2_price'
azimuth_test/our_new_tests.mbt:25:7-25:21 [E0002] Warning (unused_value): Unused variable 'item2_quantity'
azimuth_test/our_new_tests.mbt:26:7-26:13 [E0002] Warning (unused_value): Unused variable 'total1'
azimuth_test/our_new_tests.mbt:26:16-26:23 [E3002] Expected upper case identifier for type name, found lower case identifier.
azimuth_test/our_new_tests.mbt:26:25-26:33 [E3002] Parse error, unexpected token package name, you may expect method name, constructor name, "[" or "{".
azimuth_test/our_new_tests.mbt:27:7-27:13 [E0002] Warning (unused_value): Unused variable 'total2'
azimuth_test/our_new_tests.mbt:27:16-27:23 [E3002] Expected upper case identifier for type name, found lower case identifier.
azimuth_test/our_new_tests.mbt:27:25-27:33 [E3002] Parse error, unexpected token package name, you may expect method name, constructor name, "[" or "{".
azimuth_test/our_new_tests.mbt:28:20-28:27 [E3002] Expected upper case identifier for type name, found lower case identifier.
azimuth_test/our_new_tests.mbt:28:29-28:37 [E3002] Parse error, unexpected token package name, you may expect method name, constructor name, "[" or "{".
azimuth_test/our_new_tests.mbt:32:7-32:14 [E0002] Warning (unused_value): Unused variable 'celsius'
azimuth_test/our_new_tests.mbt:33:20-33:27 [E3002] Expected upper case identifier for type name, found lower case identifier.
azimuth_test/our_new_tests.mbt:33:29-33:37 [E3002] Parse error, unexpected token package name, you may expect method name, constructor name, "[" or "{".
azimuth_test/our_new_tests.mbt:37:7-37:13 [E0002] Warning (unused_value): Unused variable 'length'
azimuth_test/our_new_tests.mbt:38:7-38:12 [E0002] Warning (unused_value): Unused variable 'width'
azimuth_test/our_new_tests.mbt:39:24-39:31 [E3002] Expected upper case identifier for type name, found lower case identifier.
azimuth_test/our_new_tests.mbt:39:33-39:41 [E3002] Parse error, unexpected token package name, you may expect method name, constructor name, "[" or "{".
azimuth_test/our_new_tests.mbt:42:7-42:11 [E0002] Warning (unused_value): Unused variable 'base'
azimuth_test/our_new_tests.mbt:43:7-43:13 [E0002] Warning (unused_value): Unused variable 'height'
azimuth_test/our_new_tests.mbt:44:23-44:30 [E3002] Expected upper case identifier for type name, found lower case identifier.
azimuth_test/our_new_tests.mbt:44:32-44:40 [E3002] Parse error, unexpected token package name, you may expect method name, constructor name, "[" or "{".
azimuth_test/our_new_tests.mbt:51:31-51:38 [E3002] Expected upper case identifier for type name, found lower case identifier.
azimuth_test/our_new_tests.mbt:51:40-51:48 [E3002] Parse error, unexpected token package name, you may expect method name, constructor name, "[" or "{".
azimuth_test/our_new_tests.mbt:51:68-51:75 [E3002] Expected upper case identifier for type name, found lower case identifier.
azimuth_test/our_new_tests.mbt:51:77-51:85 [E3002] Parse error, unexpected token package name, you may expect method name, constructor name, "[" or "{".
azimuth_test/our_new_tests.mbt:57:24-57:31 [E3002] Expected upper case identifier for type name, found lower case identifier.
azimuth_test/our_new_tests.mbt:57:33-57:41 [E3002] Parse error, unexpected token package name, you may expect method name, constructor name, "[" or "{".
azimuth_test/our_new_tests.mbt:59:24-59:31 [E3002] Expected upper case identifier for type name, found lower case identifier.
azimuth_test/our_new_tests.mbt:59:33-59:41 [E3002] Parse error, unexpected token package name, you may expect method name, constructor name, "[" or "{".
azimuth_test/our_new_tests.mbt:63:7-63:11 [E0002] Warning (unused_value): Unused variable 'name'
azimuth_test/our_new_tests.mbt:64:18-64:25 [E3002] Expected upper case identifier for type name, found lower case identifier.
azimuth_test/our_new_tests.mbt:64:27-64:35 [E3002] Parse error, unexpected token package name, you may expect method name, constructor name, "[" or "{".
azimuth_test/our_new_tests.mbt:67:24-67:31 [E3002] Expected upper case identifier for type name, found lower case identifier.
azimuth_test/our_new_tests.mbt:67:33-67:41 [E3002] Parse error, unexpected token package name, you may expect method name, constructor name, "[" or "{".
Error: our_new_tests.mbt compilation failed
Checking comprehensive_test_suite.mbt...
azimuth_test/comprehensive_test_suite.mbt:7:7-7:8 [E0002] Warning (unused_value): Unused variable 'a'
azimuth_test/comprehensive_test_suite.mbt:9:22-9:29 [E3002] Expected upper case identifier for type name, found lower case identifier.
azimuth_test/comprehensive_test_suite.mbt:9:31-9:39 [E3002] Parse error, unexpected token package name, you may expect method name, constructor name, "[" or "{".
azimuth_test/comprehensive_test_suite.mbt:9:49-9:50 [E3002] Parse error, unexpected token `,`, you may expect `;` or `}`.
azimuth_test/comprehensive_test_suite.mbt:12:7-12:8 [E0002] Warning (unused_value): Unused variable 'c'
azimuth_test/comprehensive_test_suite.mbt:13:20-13:27 [E3002] Expected upper case identifier for type name, found lower case identifier.
azimuth_test/comprehensive_test_suite.mbt:13:29-13:37 [E3002] Parse error, unexpected token package name, you may expect method name, constructor name, "[" or "{".
azimuth_test/comprehensive_test_suite.mbt:14:21-14:28 [E3002] Expected upper case identifier for type name, found lower case identifier.
azimuth_test/comprehensive_test_suite.mbt:14:30-14:38 [E3002] Parse error, unexpected token package name, you may expect method name, constructor name, "[" or "{".
azimuth_test/comprehensive_test_suite.mbt:18:22-18:29 [E3002] Expected upper case identifier for type name, found lower case identifier.
azimuth_test/comprehensive_test_suite.mbt:18:31-18:39 [E3002] Parse error, unexpected token package name, you may expect method name, constructor name, "[" or "{".
azimuth_test/comprehensive_test_suite.mbt:18:54-18:55 [E3002] Parse error, unexpected token `,`, you may expect `;` or `}`.
azimuth_test/comprehensive_test_suite.mbt:21:24-21:31 [E3002] Expected upper case identifier for type name, found lower case identifier.
azimuth_test/comprehensive_test_suite.mbt:21:33-21:41 [E3002] Parse error, unexpected token package name, you may expect method name, constructor name, "[" or "{".
azimuth_test/comprehensive_test_suite.mbt:22:25-22:32 [E3002] Expected upper case identifier for type name, found lower case identifier.
azimuth_test/comprehensive_test_suite.mbt:22:34-22:42 [E3002] Parse error, unexpected token package name, you may expect method name, constructor name, "[" or "{".
azimuth_test/comprehensive_test_suite.mbt:26:22-26:29 [E3002] Expected upper case identifier for type name, found lower case identifier.
azimuth_test/comprehensive_test_suite.mbt:26:31-26:39 [E3002] Parse error, unexpected token package name, you may expect method name, constructor name, "[" or "{".
azimuth_test/comprehensive_test_suite.mbt:27:23-27:30 [E3002] Expected upper case identifier for type name, found lower case identifier.
azimuth_test/comprehensive_test_suite.mbt:27:32-27:40 [E3002] Parse error, unexpected token package name, you may expect method name, constructor name, "[" or "{".
azimuth_test/comprehensive_test_suite.mbt:36:26-36:33 [E3002] Expected upper case identifier for type name, found lower case identifier.
azimuth_test/comprehensive_test_suite.mbt:36:35-36:43 [E3002] Parse error, unexpected token package name, you may expect method name, constructor name, "[" or "{".
azimuth_test/comprehensive_test_suite.mbt:36:3-36:65 [E4080] This function has type (Int, Int) -> Unit, which requires 2 arguments, but is given 3 arguments.
azimuth_test/comprehensive_test_suite.mbt:36:65-36:66 [E3002] Parse error, unexpected token `)`, you may expect `;` or `}`.
azimuth_test/comprehensive_test_suite.mbt:37:31-37:38 [E3002] Expected upper case identifier for type name, found lower case identifier.
azimuth_test/comprehensive_test_suite.mbt:37:40-37:48 [E3002] Parse error, unexpected token package name, you may expect method name, constructor name, "[" or "{".
azimuth_test/comprehensive_test_suite.mbt:37:3-37:64 [E4080] This function has type (Int, Int) -> Unit, which requires 2 arguments, but is given 3 arguments.
azimuth_test/comprehensive_test_suite.mbt:37:64-37:65 [E3002] Parse error, unexpected token `)`, you may expect `;` or `}`.
azimuth_test/comprehensive_test_suite.mbt:38:31-38:38 [E3002] Expected upper case identifier for type name, found lower case identifier.
azimuth_test/comprehensive_test_suite.mbt:38:40-38:48 [E3002] Parse error, unexpected token package name, you may expect method name, constructor name, "[" or "{".
azimuth_test/comprehensive_test_suite.mbt:38:3-38:70 [E4080] This function has type (Int, Int) -> Unit, which requires 2 arguments, but is given 3 arguments.
azimuth_test/comprehensive_test_suite.mbt:38:70-38:71 [E3002] Parse error, unexpected token `)`, you may expect `;` or `}`.
azimuth_test/comprehensive_test_suite.mbt:39:31-39:38 [E3002] Expected upper case identifier for type name, found lower case identifier.
azimuth_test/comprehensive_test_suite.mbt:39:40-39:48 [E3002] Parse error, unexpected token package name, you may expect method name, constructor name, "[" or "{".
azimuth_test/comprehensive_test_suite.mbt:39:3-39:65 [E4080] This function has type (Int, Int) -> Unit, which requires 2 arguments, but is given 3 arguments.
azimuth_test/comprehensive_test_suite.mbt:39:65-39:66 [E3002] Parse error, unexpected token `)`, you may expect `;` or `}`.
azimuth_test/comprehensive_test_suite.mbt:40:31-40:38 [E3002] Expected upper case identifier for type name, found lower case identifier.
azimuth_test/comprehensive_test_suite.mbt:40:40-40:48 [E3002] Parse error, unexpected token package name, you may expect method name, constructor name, "[" or "{".
azimuth_test/comprehensive_test_suite.mbt:40:3-40:70 [E4080] This function has type (Int, Int) -> Unit, which requires 2 arguments, but is given 3 arguments.
azimuth_test/comprehensive_test_suite.mbt:40:70-40:71 [E3002] Parse error, unexpected token `)`, you may expect `;` or `}`.
azimuth_test/comprehensive_test_suite.mbt:43:25-43:32 [E3002] Expected upper case identifier for type name, found lower case identifier.
azimuth_test/comprehensive_test_suite.mbt:43:34-43:42 [E3002] Parse error, unexpected token package name, you may expect method name, constructor name, "[" or "{".
azimuth_test/comprehensive_test_suite.mbt:43:3-43:63 [E4080] This function has type (Int, Int) -> Unit, which requires 2 arguments, but is given 3 arguments.
azimuth_test/comprehensive_test_suite.mbt:43:63-43:64 [E3002] Parse error, unexpected token `)`, you may expect `;` or `}`.
azimuth_test/comprehensive_test_suite.mbt:44:25-44:32 [E3002] Expected upper case identifier for type name, found lower case identifier.
azimuth_test/comprehensive_test_suite.mbt:44:34-44:42 [E3002] Parse error, unexpected token package name, you may expect method name, constructor name, "[" or "{".
azimuth_test/comprehensive_test_suite.mbt:44:3-44:63 [E4080] This function has type (Int, Int) -> Unit, which requires 2 arguments, but is given 3 arguments.
azimuth_test/comprehensive_test_suite.mbt:44:63-44:64 [E3002] Parse error, unexpected token `)`, you may expect `;` or `}`.
azimuth_test/comprehensive_test_suite.mbt:45:31-45:38 [E3002] Expected upper case identifier for type name, found lower case identifier.
azimuth_test/comprehensive_test_suite.mbt:45:40-45:48 [E3002] Parse error, unexpected token package name, you may expect method name, constructor name, "[" or "{".
azimuth_test/comprehensive_test_suite.mbt:45:3-45:69 [E4080] This function has type (Int, Int) -> Unit, which requires 2 arguments, but is given 3 arguments.
azimuth_test/comprehensive_test_suite.mbt:45:69-45:70 [E3002] Parse error, unexpected token `)`, you may expect `;` or `}`.
azimuth_test/comprehensive_test_suite.mbt:46:31-46:38 [E3002] Expected upper case identifier for type name, found lower case identifier.
azimuth_test/comprehensive_test_suite.mbt:46:40-46:48 [E3002] Parse error, unexpected token package name, you may expect method name, constructor name, "[" or "{".
azimuth_test/comprehensive_test_suite.mbt:46:3-46:69 [E4080] This function has type (Int, Int) -> Unit, which requires 2 arguments, but is given 3 arguments.
azimuth_test/comprehensive_test_suite.mbt:46:69-46:70 [E3002] Parse error, unexpected token `)`, you may expect `;` or `}`.
azimuth_test/comprehensive_test_suite.mbt:47:31-47:38 [E3002] Expected upper case identifier for type name, found lower case identifier.
azimuth_test/comprehensive_test_suite.mbt:47:40-47:48 [E3002] Parse error, unexpected token package name, you may expect method name, constructor name, "[" or "{".
azimuth_test/comprehensive_test_suite.mbt:47:3-47:70 [E4080] This function has type (Int, Int) -> Unit, which requires 2 arguments, but is given 3 arguments.
azimuth_test/comprehensive_test_suite.mbt:47:70-47:71 [E3002] Parse error, unexpected token `)`, you may expect `;` or `}`.
azimuth_test/comprehensive_test_suite.mbt:48:31-48:38 [E3002] Expected upper case identifier for type name, found lower case identifier.
azimuth_test/comprehensive_test_suite.mbt:48:40-48:48 [E3002] Parse error, unexpected token package name, you may expect method name, constructor name, "[" or "{".
azimuth_test/comprehensive_test_suite.mbt:48:3-48:70 [E4080] This function has type (Int, Int) -> Unit, which requires 2 arguments, but is given 3 arguments.
azimuth_test/comprehensive_test_suite.mbt:48:70-48:71 [E3002] Parse error, unexpected token `)`, you may expect `;` or `}`.
azimuth_test/comprehensive_test_suite.mbt:51:34-51:41 [E3002] Expected upper case identifier for type name, found lower case identifier.
azimuth_test/comprehensive_test_suite.mbt:51:43-51:51 [E3002] Parse error, unexpected token package name, you may expect method name, constructor name, "[" or "{".
azimuth_test/comprehensive_test_suite.mbt:51:3-51:68 [E4080] This function has type (Int, Int) -> Unit, which requires 2 arguments, but is given 3 arguments.
azimuth_test/comprehensive_test_suite.mbt:51:68-51:69 [E3002] Parse error, unexpected token `)`, you may expect `;` or `}`.
azimuth_test/comprehensive_test_suite.mbt:52:35-52:42 [E3002] Expected upper case identifier for type name, found lower case identifier.
azimuth_test/comprehensive_test_suite.mbt:52:44-52:52 [E3002] Parse error, unexpected token package name, you may expect method name, constructor name, "[" or "{".
azimuth_test/comprehensive_test_suite.mbt:52:3-52:68 [E4080] This function has type (Int, Int) -> Unit, which requires 2 arguments, but is given 3 arguments.
azimuth_test/comprehensive_test_suite.mbt:52:68-52:69 [E3002] Parse error, unexpected token `)`, you may expect `;` or `}`.
azimuth_test/comprehensive_test_suite.mbt:53:34-53:41 [E3002] Expected upper case identifier for type name, found lower case identifier.
azimuth_test/comprehensive_test_suite.mbt:53:43-53:51 [E3002] Parse error, unexpected token package name, you may expect method name, constructor name, "[" or "{".
azimuth_test/comprehensive_test_suite.mbt:53:3-53:75 [E4080] This function has type (Int, Int) -> Unit, which requires 2 arguments, but is given 3 arguments.
azimuth_test/comprehensive_test_suite.mbt:53:75-53:76 [E3002] Parse error, unexpected token `)`, you may expect `;` or `}`.
azimuth_test/comprehensive_test_suite.mbt:59:46-59:53 [E3002] Expected upper case identifier for type name, found lower case identifier.
azimuth_test/comprehensive_test_suite.mbt:59:55-59:63 [E3002] Parse error, unexpected token package name, you may expect method name, constructor name, "[" or "{".
azimuth_test/comprehensive_test_suite.mbt:59:78-59:79 [E3002] Parse error, unexpected token `)`, you may expect `;` or `}`.
azimuth_test/comprehensive_test_suite.mbt:60:41-60:48 [E3002] Expected upper case identifier for type name, found lower case identifier.
azimuth_test/comprehensive_test_suite.mbt:60:50-60:58 [E3002] Parse error, unexpected token package name, you may expect method name, constructor name, "[" or "{".
azimuth_test/comprehensive_test_suite.mbt:60:68-60:69 [E3002] Parse error, unexpected token `)`, you may expect `;` or `}`.
azimuth_test/comprehensive_test_suite.mbt:63:50-63:57 [E3002] Expected upper case identifier for type name, found lower case identifier.
azimuth_test/comprehensive_test_suite.mbt:63:59-63:67 [E3002] Parse error, unexpected token package name, you may expect method name, constructor name, "[" or "{".
azimuth_test/comprehensive_test_suite.mbt:63:86-63:87 [E3002] Parse error, unexpected token `)`, you may expect `;` or `}`.
azimuth_test/comprehensive_test_suite.mbt:64:51-64:58 [E3002] Expected upper case identifier for type name, found lower case identifier.
azimuth_test/comprehensive_test_suite.mbt:64:60-64:68 [E3002] Parse error, unexpected token package name, you may expect method name, constructor name, "[" or "{".
azimuth_test/comprehensive_test_suite.mbt:64:88-64:89 [E3002] Parse error, unexpected token `)`, you may expect `;` or `}`.
azimuth_test/comprehensive_test_suite.mbt:65:49-65:56 [E3002] Expected upper case identifier for type name, found lower case identifier.
azimuth_test/comprehensive_test_suite.mbt:65:58-65:66 [E3002] Parse error, unexpected token package name, you may expect method name, constructor name, "[" or "{".
azimuth_test/comprehensive_test_suite.mbt:65:84-65:85 [E3002] Parse error, unexpected token `)`, you may expect `;` or `}`.
azimuth_test/comprehensive_test_suite.mbt:68:43-68:50 [E3002] Expected upper case identifier for type name, found lower case identifier.
azimuth_test/comprehensive_test_suite.mbt:68:52-68:60 [E3002] Parse error, unexpected token package name, you may expect method name, constructor name, "[" or "{".
azimuth_test/comprehensive_test_suite.mbt:68:72-68:73 [E3002] Parse error, unexpected token `)`, you may expect `;` or `}`.
azimuth_test/comprehensive_test_suite.mbt:69:42-69:49 [E3002] Expected upper case identifier for type name, found lower case identifier.
azimuth_test/comprehensive_test_suite.mbt:69:51-69:59 [E3002] Parse error, unexpected token package name, you may expect method name, constructor name, "[" or "{".
azimuth_test/comprehensive_test_suite.mbt:69:70-69:71 [E3002] Parse error, unexpected token `)`, you may expect `;` or `}`.
azimuth_test/comprehensive_test_suite.mbt:70:47-70:54 [E3002] Expected upper case identifier for type name, found lower case identifier.
azimuth_test/comprehensive_test_suite.mbt:70:56-70:64 [E3002] Parse error, unexpected token package name, you may expect method name, constructor name, "[" or "{".
azimuth_test/comprehensive_test_suite.mbt:70:80-70:81 [E3002] Parse error, unexpected token `)`, you may expect `;` or `}`.
azimuth_test/comprehensive_test_suite.mbt:73:46-73:53 [E3002] Expected upper case identifier for type name, found lower case identifier.
azimuth_test/comprehensive_test_suite.mbt:73:55-73:63 [E3002] Parse error, unexpected token package name, you may expect method name, constructor name, "[" or "{".
azimuth_test/comprehensive_test_suite.mbt:73:78-73:79 [E3002] Parse error, unexpected token `)`, you may expect `;` or `}`.
azimuth_test/comprehensive_test_suite.mbt:74:53-74:60 [E3002] Expected upper case identifier for type name, found lower case identifier.
azimuth_test/comprehensive_test_suite.mbt:74:62-74:70 [E3002] Parse error, unexpected token package name, you may expect method name, constructor name, "[" or "{".
azimuth_test/comprehensive_test_suite.mbt:74:92-74:93 [E3002] Parse error, unexpected token `)`, you may expect `;` or `}`.
azimuth_test/comprehensive_test_suite.mbt:75:54-75:61 [E3002] Expected upper case identifier for type name, found lower case identifier.
azimuth_test/comprehensive_test_suite.mbt:75:63-75:71 [E3002] Parse error, unexpected token package name, you may expect method name, constructor name, "[" or "{".
azimuth_test/comprehensive_test_suite.mbt:75:94-75:95 [E3002] Parse error, unexpected token `)`, you may expect `;` or `}`.
azimuth_test/comprehensive_test_suite.mbt:79:60-79:67 [E3002] Expected upper case identifier for type name, found lower case identifier.
azimuth_test/comprehensive_test_suite.mbt:79:69-79:77 [E3002] Parse error, unexpected token package name, you may expect method name, constructor name, "[" or "{".
azimuth_test/comprehensive_test_suite.mbt:79:96-79:97 [E3002] Parse error, unexpected token `)`, you may expect `;` or `}`.
azimuth_test/comprehensive_test_suite.mbt:85:7-85:8 [E0002] Warning (unused_value): Unused variable 'a'
azimuth_test/comprehensive_test_suite.mbt:86:7-86:8 [E0002] Warning (unused_value): Unused variable 'b'
azimuth_test/comprehensive_test_suite.mbt:87:7-87:10 [E0002] Warning (unused_value): Unused variable 'sum'
azimuth_test/comprehensive_test_suite.mbt:87:13-87:20 [E3002] Expected upper case identifier for type name, found lower case identifier.
azimuth_test/comprehensive_test_suite.mbt:87:22-87:30 [E3002] Parse error, unexpected token package name, you may expect method name, constructor name, "[" or "{".
azimuth_test/comprehensive_test_suite.mbt:88:7-88:11 [E0002] Warning (unused_value): Unused variable 'diff'
azimuth_test/comprehensive_test_suite.mbt:88:14-88:21 [E3002] Expected upper case identifier for type name, found lower case identifier.
azimuth_test/comprehensive_test_suite.mbt:88:23-88:31 [E3002] Parse error, unexpected token package name, you may expect method name, constructor name, "[" or "{".
azimuth_test/comprehensive_test_suite.mbt:89:19-89:26 [E3002] Expected upper case identifier for type name, found lower case identifier.
azimuth_test/comprehensive_test_suite.mbt:89:28-89:36 [E3002] Parse error, unexpected token package name, you may expect method name, constructor name, "[" or "{".
azimuth_test/comprehensive_test_suite.mbt:91:7-91:16 [E0002] Warning (unused_value): Unused variable 'a_squared'
azimuth_test/comprehensive_test_suite.mbt:91:19-91:26 [E3002] Expected upper case identifier for type name, found lower case identifier.
azimuth_test/comprehensive_test_suite.mbt:91:28-91:36 [E3002] Parse error, unexpected token package name, you may expect method name, constructor name, "[" or "{".
azimuth_test/comprehensive_test_suite.mbt:92:7-92:16 [E0002] Warning (unused_value): Unused variable 'b_squared'
azimuth_test/comprehensive_test_suite.mbt:92:19-92:26 [E3002] Expected upper case identifier for type name, found lower case identifier.
azimuth_test/comprehensive_test_suite.mbt:92:28-92:36 [E3002] Parse error, unexpected token package name, you may expect method name, constructor name, "[" or "{".
azimuth_test/comprehensive_test_suite.mbt:93:20-93:27 [E3002] Expected upper case identifier for type name, found lower case identifier.
azimuth_test/comprehensive_test_suite.mbt:93:29-93:37 [E3002] Parse error, unexpected token package name, you may expect method name, constructor name, "[" or "{".
azimuth_test/comprehensive_test_suite.mbt:99:7-99:8 [E0002] Warning (unused_value): Unused variable 'n'
azimuth_test/comprehensive_test_suite.mbt:100:7-100:12 [E0002] Warning (unused_value): Unused variable 'first'
azimuth_test/comprehensive_test_suite.mbt:101:7-101:11 [E0002] Warning (unused_value): Unused variable 'last'
azimuth_test/comprehensive_test_suite.mbt:102:24-102:31 [E3002] Expected upper case identifier for type name, found lower case identifier.
azimuth_test/comprehensive_test_suite.mbt:102:33-102:41 [E3002] Parse error, unexpected token package name, you may expect method name, constructor name, "[" or "{".
azimuth_test/comprehensive_test_suite.mbt:106:7-106:14 [E0002] Warning (unused_value): Unused variable 'a_cubed'
azimuth_test/comprehensive_test_suite.mbt:106:17-106:24 [E3002] Expected upper case identifier for type name, found lower case identifier.
azimuth_test/comprehensive_test_suite.mbt:106:26-106:34 [E3002] Parse error, unexpected token package name, you may expect method name, constructor name, "[" or "{".
azimuth_test/comprehensive_test_suite.mbt:107:7-107:14 [E0002] Warning (unused_value): Unused variable 'b_cubed'
azimuth_test/comprehensive_test_suite.mbt:107:17-107:24 [E3002] Expected upper case identifier for type name, found lower case identifier.
azimuth_test/comprehensive_test_suite.mbt:107:26-107:34 [E3002] Parse error, unexpected token package name, you may expect method name, constructor name, "[" or "{".
azimuth_test/comprehensive_test_suite.mbt:108:22-108:29 [E3002] Expected upper case identifier for type name, found lower case identifier.
azimuth_test/comprehensive_test_suite.mbt:108:31-108:39 [E3002] Parse error, unexpected token package name, you may expect method name, constructor name, "[" or "{".
azimuth_test/comprehensive_test_suite.mbt:115:7-115:16 [E0002] Warning (unused_value): Unused variable 'principal'
azimuth_test/comprehensive_test_suite.mbt:116:7-116:19 [E0002] Warning (unused_value): Unused variable 'rate_percent'
azimuth_test/comprehensive_test_suite.mbt:117:7-117:12 [E0002] Warning (unused_value): Unused variable 'years'
azimuth_test/comprehensive_test_suite.mbt:119:7-119:15 [E0002] Warning (unused_value): Unused variable 'interest'
azimuth_test/comprehensive_test_suite.mbt:119:18-119:25 [E3002] Expected upper case identifier for type name, found lower case identifier.
azimuth_test/comprehensive_test_suite.mbt:119:27-119:35 [E3002] Parse error, unexpected token package name, you may expect method name, constructor name, "[" or "{".
azimuth_test/comprehensive_test_suite.mbt:120:15-120:22 [E3002] Expected upper case identifier for type name, found lower case identifier.
azimuth_test/comprehensive_test_suite.mbt:120:24-120:32 [E3002] Parse error, unexpected token package name, you may expect method name, constructor name, "[" or "{".
azimuth_test/comprehensive_test_suite.mbt:124:7-124:21 [E0002] Warning (unused_value): Unused variable 'original_price'
azimuth_test/comprehensive_test_suite.mbt:125:7-125:23 [E0002] Warning (unused_value): Unused variable 'discount_percent'
azimuth_test/comprehensive_test_suite.mbt:126:7-126:18 [E0002] Warning (unused_value): Unused variable 'tax_percent'
azimuth_test/comprehensive_test_suite.mbt:127:7-127:22 [E0002] Warning (unused_value): Unused variable 'discount_amount'
azimuth_test/comprehensive_test_suite.mbt:127:25-127:32 [E3002] Expected upper case identifier for type name, found lower case identifier.
azimuth_test/comprehensive_test_suite.mbt:127:34-127:42 [E3002] Parse error, unexpected token package name, you may expect method name, constructor name, "[" or "{".
azimuth_test/comprehensive_test_suite.mbt:128:7-128:23 [E0002] Warning (unused_value): Unused variable 'discounted_price'
azimuth_test/comprehensive_test_suite.mbt:128:26-128:33 [E3002] Expected upper case identifier for type name, found lower case identifier.
azimuth_test/comprehensive_test_suite.mbt:128:35-128:43 [E3002] Parse error, unexpected token package name, you may expect method name, constructor name, "[" or "{".
azimuth_test/comprehensive_test_suite.mbt:129:7-129:17 [E0002] Warning (unused_value): Unused variable 'tax_amount'
azimuth_test/comprehensive_test_suite.mbt:129:20-129:27 [E3002] Expected upper case identifier for type name, found lower case identifier.
azimuth_test/comprehensive_test_suite.mbt:129:29-129:37 [E3002] Parse error, unexpected token package name, you may expect method name, constructor name, "[" or "{".
azimuth_test/comprehensive_test_suite.mbt:130:21-130:28 [E3002] Expected upper case identifier for type name, found lower case identifier.
azimuth_test/comprehensive_test_suite.mbt:130:30-130:38 [E3002] Parse error, unexpected token package name, you may expect method name, constructor name, "[" or "{".
azimuth_test/comprehensive_test_suite.mbt:137:23-137:30 [E3002] Expected upper case identifier for type name, found lower case identifier.
azimuth_test/comprehensive_test_suite.mbt:137:32-137:40 [E3002] Parse error, unexpected token package name, you may expect method name, constructor name, "[" or "{".
azimuth_test/comprehensive_test_suite.mbt:145:7-145:13 [E0002] Warning (unused_value): Unused variable 'radius'
azimuth_test/comprehensive_test_suite.mbt:146:23-146:30 [E3002] Expected upper case identifier for type name, found lower case identifier.
azimuth_test/comprehensive_test_suite.mbt:146:32-146:40 [E3002] Parse error, unexpected token package name, you may expect method name, constructor name, "[" or "{".
azimuth_test/comprehensive_test_suite.mbt:147:14-147:21 [E3002] Expected upper case identifier for type name, found lower case identifier.
azimuth_test/comprehensive_test_suite.mbt:147:23-147:31 [E3002] Parse error, unexpected token package name, you may expect method name, constructor name, "[" or "{".
azimuth_test/comprehensive_test_suite.mbt:152:7-152:13 [E0002] Warning (unused_value): Unused variable 'length'
azimuth_test/comprehensive_test_suite.mbt:153:7-153:12 [E0002] Warning (unused_value): Unused variable 'width'
azimuth_test/comprehensive_test_suite.mbt:154:24-154:31 [E3002] Expected upper case identifier for type name, found lower case identifier.
azimuth_test/comprehensive_test_suite.mbt:154:33-154:41 [E3002] Parse error, unexpected token package name, you may expect method name, constructor name, "[" or "{".
azimuth_test/comprehensive_test_suite.mbt:155:29-155:36 [E3002] Expected upper case identifier for type name, found lower case identifier.
azimuth_test/comprehensive_test_suite.mbt:155:38-155:46 [E3002] Parse error, unexpected token package name, you may expect method name, constructor name, "[" or "{".
azimuth_test/comprehensive_test_suite.mbt:157:7-157:11 [E0002] Warning (unused_value): Unused variable 'base'
azimuth_test/comprehensive_test_suite.mbt:158:7-158:13 [E0002] Warning (unused_value): Unused variable 'height'
azimuth_test/comprehensive_test_suite.mbt:159:23-159:30 [E3002] Expected upper case identifier for type name, found lower case identifier.
azimuth_test/comprehensive_test_suite.mbt:159:32-159:40 [E3002] Parse error, unexpected token package name, you may expect method name, constructor name, "[" or "{".
azimuth_test/comprehensive_test_suite.mbt:166:7-166:12 [E0002] Warning (unused_value): Unused variable 'speed'
azimuth_test/comprehensive_test_suite.mbt:167:7-167:19 [E0002] Warning (unused_value): Unused variable 'time_minutes'
azimuth_test/comprehensive_test_suite.mbt:168:18-168:25 [E3002] Expected upper case identifier for type name, found lower case identifier.
azimuth_test/comprehensive_test_suite.mbt:168:27-168:35 [E3002] Parse error, unexpected token package name, you may expect method name, constructor name, "[" or "{".
azimuth_test/comprehensive_test_suite.mbt:175:7-175:8 [E0002] Warning (unused_value): Unused variable 'n'
azimuth_test/comprehensive_test_suite.mbt:176:19-176:26 [E3002] Expected upper case identifier for type name, found lower case identifier.
azimuth_test/comprehensive_test_suite.mbt:176:28-176:36 [E3002] Parse error, unexpected token package name, you may expect method name, constructor name, "[" or "{".
azimuth_test/comprehensive_test_suite.mbt:192:24-192:31 [E3002] Expected upper case identifier for type name, found lower case identifier.
azimuth_test/comprehensive_test_suite.mbt:192:33-192:41 [E3002] Parse error, unexpected token package name, you may expect method name, constructor name, "[" or "{".
azimuth_test/comprehensive_test_suite.mbt:211:23-211:30 [E3002] Expected upper case identifier for type name, found lower case identifier.
azimuth_test/comprehensive_test_suite.mbt:211:32-211:40 [E3002] Parse error, unexpected token package name, you may expect method name, constructor name, "[" or "{".
azimuth_test/comprehensive_test_suite.mbt:230:24-230:31 [E3002] Expected upper case identifier for type name, found lower case identifier.
azimuth_test/comprehensive_test_suite.mbt:230:33-230:41 [E3002] Parse error, unexpected token package name, you may expect method name, constructor name, "[" or "{".
azimuth_test/comprehensive_test_suite.mbt:230:3-230:57 [E4080] This function has type (Bool) -> Unit, which requires 1 arguments, but is given 2 arguments.
azimuth_test/comprehensive_test_suite.mbt:230:3-230:68 [E4139] This expression has type Bool, its value cannot be implicitly ignored (hint: use `ignore(...)` or `let _ = ...` to explicitly ignore it).
azimuth_test/comprehensive_test_suite.mbt:230:61-230:68 [E4014] Expr Type Mismatch
        has type : Int
        wanted   : Unit
azimuth_test/comprehensive_test_suite.mbt:230:68-230:69 [E3002] Parse error, unexpected token `)`, you may expect `;` or `}`.
azimuth_test/comprehensive_test_suite.mbt:231:24-231:31 [E3002] Expected upper case identifier for type name, found lower case identifier.
azimuth_test/comprehensive_test_suite.mbt:231:33-231:41 [E3002] Parse error, unexpected token package name, you may expect method name, constructor name, "[" or "{".
azimuth_test/comprehensive_test_suite.mbt:231:3-231:63 [E4080] This function has type (Bool) -> Unit, which requires 1 arguments, but is given 2 arguments.
azimuth_test/comprehensive_test_suite.mbt:231:3-231:74 [E4139] This expression has type Bool, its value cannot be implicitly ignored (hint: use `ignore(...)` or `let _ = ...` to explicitly ignore it).
azimuth_test/comprehensive_test_suite.mbt:231:67-231:74 [E4014] Expr Type Mismatch
        has type : Int
        wanted   : Unit
azimuth_test/comprehensive_test_suite.mbt:231:74-231:75 [E3002] Parse error, unexpected token `)`, you may expect `;` or `}`.
azimuth_test/comprehensive_test_suite.mbt:232:24-232:31 [E3002] Expected upper case identifier for type name, found lower case identifier.
azimuth_test/comprehensive_test_suite.mbt:232:33-232:41 [E3002] Parse error, unexpected token package name, you may expect method name, constructor name, "[" or "{".
azimuth_test/comprehensive_test_suite.mbt:232:3-232:58 [E4080] This function has type (Bool) -> Unit, which requires 1 arguments, but is given 2 arguments.
azimuth_test/comprehensive_test_suite.mbt:232:3-232:69 [E4139] This expression has type Bool, its value cannot be implicitly ignored (hint: use `ignore(...)` or `let _ = ...` to explicitly ignore it).
azimuth_test/comprehensive_test_suite.mbt:232:62-232:69 [E4014] Expr Type Mismatch
        has type : Int
        wanted   : Unit
azimuth_test/comprehensive_test_suite.mbt:232:69-232:70 [E3002] Parse error, unexpected token `)`, you may expect `;` or `}`.
azimuth_test/comprehensive_test_suite.mbt:233:24-233:31 [E3002] Expected upper case identifier for type name, found lower case identifier.
azimuth_test/comprehensive_test_suite.mbt:233:33-233:41 [E3002] Parse error, unexpected token package name, you may expect method name, constructor name, "[" or "{".
azimuth_test/comprehensive_test_suite.mbt:233:3-233:63 [E4080] This function has type (Bool) -> Unit, which requires 1 arguments, but is given 2 arguments.
azimuth_test/comprehensive_test_suite.mbt:233:3-233:74 [E4139] This expression has type Bool, its value cannot be implicitly ignored (hint: use `ignore(...)` or `let _ = ...` to explicitly ignore it).
azimuth_test/comprehensive_test_suite.mbt:233:67-233:74 [E4014] Expr Type Mismatch
        has type : Int
        wanted   : Unit
azimuth_test/comprehensive_test_suite.mbt:233:74-233:75 [E3002] Parse error, unexpected token `)`, you may expect `;` or `}`.
azimuth_test/comprehensive_test_suite.mbt:235:24-235:31 [E3002] Expected upper case identifier for type name, found lower case identifier.
azimuth_test/comprehensive_test_suite.mbt:235:33-235:41 [E3002] Parse error, unexpected token package name, you may expect method name, constructor name, "[" or "{".
azimuth_test/comprehensive_test_suite.mbt:235:3-235:62 [E4080] This function has type (Bool) -> Unit, which requires 1 arguments, but is given 2 arguments.
azimuth_test/comprehensive_test_suite.mbt:235:3-235:73 [E4139] This expression has type Bool, its value cannot be implicitly ignored (hint: use `ignore(...)` or `let _ = ...` to explicitly ignore it).
azimuth_test/comprehensive_test_suite.mbt:235:66-235:73 [E4014] Expr Type Mismatch
        has type : Int
        wanted   : Unit
azimuth_test/comprehensive_test_suite.mbt:235:73-235:74 [E3002] Parse error, unexpected token `)`, you may expect `;` or `}`.
azimuth_test/comprehensive_test_suite.mbt:236:24-236:31 [E3002] Expected upper case identifier for type name, found lower case identifier.
azimuth_test/comprehensive_test_suite.mbt:236:33-236:41 [E3002] Parse error, unexpected token package name, you may expect method name, constructor name, "[" or "{".
azimuth_test/comprehensive_test_suite.mbt:236:3-236:62 [E4080] This function has type (Bool) -> Unit, which requires 1 arguments, but is given 2 arguments.
azimuth_test/comprehensive_test_suite.mbt:236:3-236:73 [E4139] This expression has type Bool, its value cannot be implicitly ignored (hint: use `ignore(...)` or `let _ = ...` to explicitly ignore it).
azimuth_test/comprehensive_test_suite.mbt:236:66-236:73 [E4014] Expr Type Mismatch
        has type : Int
        wanted   : Unit
azimuth_test/comprehensive_test_suite.mbt:236:73-236:74 [E3002] Parse error, unexpected token `)`, you may expect `;` or `}`.
azimuth_test/comprehensive_test_suite.mbt:237:24-237:31 [E3002] Expected upper case identifier for type name, found lower case identifier.
azimuth_test/comprehensive_test_suite.mbt:237:33-237:41 [E3002] Parse error, unexpected token package name, you may expect method name, constructor name, "[" or "{".
azimuth_test/comprehensive_test_suite.mbt:237:3-237:63 [E4080] This function has type (Bool) -> Unit, which requires 1 arguments, but is given 2 arguments.
azimuth_test/comprehensive_test_suite.mbt:237:3-237:74 [E4139] This expression has type Bool, its value cannot be implicitly ignored (hint: use `ignore(...)` or `let _ = ...` to explicitly ignore it).
azimuth_test/comprehensive_test_suite.mbt:237:67-237:74 [E4014] Expr Type Mismatch
        has type : Int
        wanted   : Unit
azimuth_test/comprehensive_test_suite.mbt:237:74-237:75 [E3002] Parse error, unexpected token `)`, you may expect `;` or `}`.
azimuth_test/comprehensive_test_suite.mbt:240:24-240:31 [E3002] Expected upper case identifier for type name, found lower case identifier.
azimuth_test/comprehensive_test_suite.mbt:240:33-240:41 [E3002] Parse error, unexpected token package name, you may expect method name, constructor name, "[" or "{".
azimuth_test/comprehensive_test_suite.mbt:240:3-240:62 [E4080] This function has type (Bool) -> Unit, which requires 1 arguments, but is given 2 arguments.
azimuth_test/comprehensive_test_suite.mbt:240:3-240:67 [E4139] This expression has type Bool, its value cannot be implicitly ignored (hint: use `ignore(...)` or `let _ = ...` to explicitly ignore it).
azimuth_test/comprehensive_test_suite.mbt:240:66-240:67 [E4014] Expr Type Mismatch
        has type : Int
        wanted   : Unit
azimuth_test/comprehensive_test_suite.mbt:240:67-240:68 [E3002] Parse error, unexpected token `)`, you may expect `;` or `}`.
azimuth_test/comprehensive_test_suite.mbt:241:24-241:31 [E3002] Expected upper case identifier for type name, found lower case identifier.
azimuth_test/comprehensive_test_suite.mbt:241:33-241:41 [E3002] Parse error, unexpected token package name, you may expect method name, constructor name, "[" or "{".
azimuth_test/comprehensive_test_suite.mbt:241:3-241:62 [E4080] This function has type (Bool) -> Unit, which requires 1 arguments, but is given 2 arguments.
azimuth_test/comprehensive_test_suite.mbt:241:3-241:67 [E4139] This expression has type Bool, its value cannot be implicitly ignored (hint: use `ignore(...)` or `let _ = ...` to explicitly ignore it).
azimuth_test/comprehensive_test_suite.mbt:241:66-241:67 [E4014] Expr Type Mismatch
        has type : Int
        wanted   : Unit
azimuth_test/comprehensive_test_suite.mbt:241:67-241:68 [E3002] Parse error, unexpected token `)`, you may expect `;` or `}`.
azimuth_test/comprehensive_test_suite.mbt:242:24-242:31 [E3002] Expected upper case identifier for type name, found lower case identifier.
azimuth_test/comprehensive_test_suite.mbt:242:33-242:41 [E3002] Parse error, unexpected token package name, you may expect method name, constructor name, "[" or "{".
azimuth_test/comprehensive_test_suite.mbt:242:3-242:62 [E4080] This function has type (Bool) -> Unit, which requires 1 arguments, but is given 2 arguments.
azimuth_test/comprehensive_test_suite.mbt:242:3-242:73 [E4139] This expression has type Bool, its value cannot be implicitly ignored (hint: use `ignore(...)` or `let _ = ...` to explicitly ignore it).
azimuth_test/comprehensive_test_suite.mbt:242:66-242:73 [E4014] Expr Type Mismatch
        has type : Int
        wanted   : Unit
azimuth_test/comprehensive_test_suite.mbt:242:73-242:74 [E3002] Parse error, unexpected token `)`, you may expect `;` or `}`.
azimuth_test/comprehensive_test_suite.mbt:243:24-243:31 [E3002] Expected upper case identifier for type name, found lower case identifier.
azimuth_test/comprehensive_test_suite.mbt:243:33-243:41 [E3002] Parse error, unexpected token package name, you may expect method name, constructor name, "[" or "{".
azimuth_test/comprehensive_test_suite.mbt:243:3-243:62 [E4080] This function has type (Bool) -> Unit, which requires 1 arguments, but is given 2 arguments.
azimuth_test/comprehensive_test_suite.mbt:243:3-243:73 [E4139] This expression has type Bool, its value cannot be implicitly ignored (hint: use `ignore(...)` or `let _ = ...` to explicitly ignore it).
azimuth_test/comprehensive_test_suite.mbt:243:66-243:73 [E4014] Expr Type Mismatch
        has type : Int
        wanted   : Unit
azimuth_test/comprehensive_test_suite.mbt:243:73-243:74 [E3002] Parse error, unexpected token `)`, you may expect `;` or `}`.
azimuth_test/comprehensive_test_suite.mbt:246:24-246:31 [E3002] Expected upper case identifier for type name, found lower case identifier.
azimuth_test/comprehensive_test_suite.mbt:246:33-246:41 [E3002] Parse error, unexpected token package name, you may expect method name, constructor name, "[" or "{".
azimuth_test/comprehensive_test_suite.mbt:246:55-246:65 [E4014] Expr Type Mismatch
        has type : String
        wanted   : Unit
azimuth_test/comprehensive_test_suite.mbt:246:3-246:65 [E4139] This expression has type Bool, its value cannot be implicitly ignored (hint: use `ignore(...)` or `let _ = ...` to explicitly ignore it).
azimuth_test/comprehensive_test_suite.mbt:246:65-246:66 [E3002] Parse error, unexpected token `)`, you may expect `;` or `}`.
azimuth_test/comprehensive_test_suite.mbt:247:24-247:31 [E3002] Expected upper case identifier for type name, found lower case identifier.
azimuth_test/comprehensive_test_suite.mbt:247:33-247:41 [E3002] Parse error, unexpected token package name, you may expect method name, constructor name, "[" or "{".
azimuth_test/comprehensive_test_suite.mbt:247:56-247:67 [E4014] Expr Type Mismatch
        has type : String
        wanted   : Unit
azimuth_test/comprehensive_test_suite.mbt:247:3-247:67 [E4139] This expression has type Bool, its value cannot be implicitly ignored (hint: use `ignore(...)` or `let _ = ...` to explicitly ignore it).
azimuth_test/comprehensive_test_suite.mbt:247:67-247:68 [E3002] Parse error, unexpected token `)`, you may expect `;` or `}`.
azimuth_test/comprehensive_test_suite.mbt:248:24-248:31 [E3002] Expected upper case identifier for type name, found lower case identifier.
azimuth_test/comprehensive_test_suite.mbt:248:33-248:41 [E3002] Parse error, unexpected token package name, you may expect method name, constructor name, "[" or "{".
azimuth_test/comprehensive_test_suite.mbt:248:57-248:69 [E4014] Expr Type Mismatch
        has type : String
        wanted   : Unit
azimuth_test/comprehensive_test_suite.mbt:248:3-248:69 [E4139] This expression has type Bool, its value cannot be implicitly ignored (hint: use `ignore(...)` or `let _ = ...` to explicitly ignore it).
azimuth_test/comprehensive_test_suite.mbt:248:69-248:70 [E3002] Parse error, unexpected token `)`, you may expect `;` or `}`.
azimuth_test/comprehensive_test_suite.mbt:251:27-251:34 [E3002] Expected upper case identifier for type name, found lower case identifier.
azimuth_test/comprehensive_test_suite.mbt:251:36-251:44 [E3002] Parse error, unexpected token package name, you may expect method name, constructor name, "[" or "{".
azimuth_test/comprehensive_test_suite.mbt:251:3-251:56 [E4080] This function has type (Int, Int) -> Unit, which requires 2 arguments, but is given 3 arguments.
azimuth_test/comprehensive_test_suite.mbt:251:56-251:57 [E3002] Parse error, unexpected token `)`, you may expect `;` or `}`.
azimuth_test/comprehensive_test_suite.mbt:252:28-252:35 [E3002] Expected upper case identifier for type name, found lower case identifier.
azimuth_test/comprehensive_test_suite.mbt:252:37-252:45 [E3002] Parse error, unexpected token package name, you may expect method name, constructor name, "[" or "{".
azimuth_test/comprehensive_test_suite.mbt:252:3-252:63 [E4080] This function has type (Int, Int) -> Unit, which requires 2 arguments, but is given 3 arguments.
azimuth_test/comprehensive_test_suite.mbt:252:63-252:64 [E3002] Parse error, unexpected token `)`, you may expect `;` or `}`.
azimuth_test/comprehensive_test_suite.mbt:253:45-253:52 [E3002] Expected upper case identifier for type name, found lower case identifier.
azimuth_test/comprehensive_test_suite.mbt:253:54-253:62 [E3002] Parse error, unexpected token package name, you may expect method name, constructor name, "[" or "{".
azimuth_test/comprehensive_test_suite.mbt:253:76-253:77 [E3002] Parse error, unexpected token `)`, you may expect `;` or `}`.
azimuth_test/comprehensive_test_suite.mbt:259:7-259:17 [E0002] Warning (unused_value): Unused variable 'large_num1'
azimuth_test/comprehensive_test_suite.mbt:263:31-263:38 [E3002] Expected upper case identifier for type name, found lower case identifier.
azimuth_test/comprehensive_test_suite.mbt:263:40-263:48 [E3002] Parse error, unexpected token package name, you may expect method name, constructor name, "[" or "{".
azimuth_test/comprehensive_test_suite.mbt:263:3-263:76 [E4080] This function has type (Int, Int) -> Unit, which requires 2 arguments, but is given 3 arguments.
azimuth_test/comprehensive_test_suite.mbt:263:76-263:77 [E3002] Parse error, unexpected token `)`, you may expect `;` or `}`.
azimuth_test/comprehensive_test_suite.mbt:264:31-264:38 [E3002] Expected upper case identifier for type name, found lower case identifier.
azimuth_test/comprehensive_test_suite.mbt:264:40-264:48 [E3002] Parse error, unexpected token package name, you may expect method name, constructor name, "[" or "{".
azimuth_test/comprehensive_test_suite.mbt:264:65-264:72 [E3002] Expected upper case identifier for type name, found lower case identifier.
azimuth_test/comprehensive_test_suite.mbt:264:74-264:82 [E3002] Parse error, unexpected token package name, you may expect method name, constructor name, "[" or "{".
azimuth_test/comprehensive_test_suite.mbt:264:3-264:110 [E4080] This function has type (Int, Int) -> Unit, which requires 2 arguments, but is given 4 arguments.
azimuth_test/comprehensive_test_suite.mbt:264:110-264:111 [E3002] Parse error, unexpected token `)`, you may expect `;` or `}`.
azimuth_test/comprehensive_test_suite.mbt:267:24-267:31 [E3002] Expected upper case identifier for type name, found lower case identifier.
azimuth_test/comprehensive_test_suite.mbt:267:33-267:41 [E3002] Parse error, unexpected token package name, you may expect method name, constructor name, "[" or "{".
azimuth_test/comprehensive_test_suite.mbt:277:22-277:29 [E3002] Expected upper case identifier for type name, found lower case identifier.
azimuth_test/comprehensive_test_suite.mbt:277:31-277:39 [E3002] Parse error, unexpected token package name, you may expect method name, constructor name, "[" or "{".
azimuth_test/comprehensive_test_suite.mbt:291:46-291:53 [E3002] Expected upper case identifier for type name, found lower case identifier.
azimuth_test/comprehensive_test_suite.mbt:291:55-291:63 [E3002] Parse error, unexpected token package name, you may expect method name, constructor name, "[" or "{".
azimuth_test/comprehensive_test_suite.mbt:291:78-291:79 [E3002] Parse error, unexpected token `)`, you may expect `;` or `}`.
azimuth_test/comprehensive_test_suite.mbt:292:44-292:51 [E3002] Expected upper case identifier for type name, found lower case identifier.
azimuth_test/comprehensive_test_suite.mbt:292:53-292:61 [E3002] Parse error, unexpected token package name, you may expect method name, constructor name, "[" or "{".
azimuth_test/comprehensive_test_suite.mbt:292:74-292:75 [E3002] Parse error, unexpected token `)`, you may expect `;` or `}`.
azimuth_test/comprehensive_test_suite.mbt:293:48-293:55 [E3002] Expected upper case identifier for type name, found lower case identifier.
azimuth_test/comprehensive_test_suite.mbt:293:57-293:65 [E3002] Parse error, unexpected token package name, you may expect method name, constructor name, "[" or "{".
azimuth_test/comprehensive_test_suite.mbt:293:82-293:83 [E3002] Parse error, unexpected token `)`, you may expect `;` or `}`.
azimuth_test/comprehensive_test_suite.mbt:294:46-294:53 [E3002] Expected upper case identifier for type name, found lower case identifier.
azimuth_test/comprehensive_test_suite.mbt:294:55-294:63 [E3002] Parse error, unexpected token package name, you may expect method name, constructor name, "[" or "{".
azimuth_test/comprehensive_test_suite.mbt:294:78-294:79 [E3002] Parse error, unexpected token `)`, you may expect `;` or `}`.
azimuth_test/comprehensive_test_suite.mbt:295:44-295:51 [E3002] Expected upper case identifier for type name, found lower case identifier.
azimuth_test/comprehensive_test_suite.mbt:295:53-295:61 [E3002] Parse error, unexpected token package name, you may expect method name, constructor name, "[" or "{".
azimuth_test/comprehensive_test_suite.mbt:295:74-295:75 [E3002] Parse error, unexpected token `)`, you may expect `;` or `}`.
azimuth_test/comprehensive_test_suite.mbt:299:21-299:28 [E3002] Expected upper case identifier for type name, found lower case identifier.
azimuth_test/comprehensive_test_suite.mbt:299:30-299:38 [E3002] Parse error, unexpected token package name, you may expect method name, constructor name, "[" or "{".
azimuth_test/comprehensive_test_suite.mbt:300:21-300:28 [E3002] Expected upper case identifier for type name, found lower case identifier.
azimuth_test/comprehensive_test_suite.mbt:300:30-300:38 [E3002] Parse error, unexpected token package name, you may expect method name, constructor name, "[" or "{".
azimuth_test/comprehensive_test_suite.mbt:301:21-301:28 [E3002] Expected upper case identifier for type name, found lower case identifier.
azimuth_test/comprehensive_test_suite.mbt:301:30-301:38 [E3002] Parse error, unexpected token package name, you may expect method name, constructor name, "[" or "{".
azimuth_test/comprehensive_test_suite.mbt:302:21-302:28 [E3002] Expected upper case identifier for type name, found lower case identifier.
azimuth_test/comprehensive_test_suite.mbt:302:30-302:38 [E3002] Parse error, unexpected token package name, you may expect method name, constructor name, "[" or "{".
azimuth_test/comprehensive_test_suite.mbt:303:21-303:28 [E3002] Expected upper case identifier for type name, found lower case identifier.
azimuth_test/comprehensive_test_suite.mbt:303:30-303:38 [E3002] Parse error, unexpected token package name, you may expect method name, constructor name, "[" or "{".
Error: comprehensive_test_suite.mbt compilation failed
Checking comprehensive_test_cases.mbt...
azimuth_test/comprehensive_test_cases.mbt:5:7-5:8 [E0002] Warning (unused_value): Unused variable 'a'
azimuth_test/comprehensive_test_cases.mbt:6:7-6:8 [E0002] Warning (unused_value): Unused variable 'b'
azimuth_test/comprehensive_test_cases.mbt:7:7-7:8 [E0002] Warning (unused_value): Unused variable 'c'
azimuth_test/comprehensive_test_cases.mbt:8:7-8:8 [E0002] Warning (unused_value): Unused variable 'd'
azimuth_test/comprehensive_test_cases.mbt:9:7-9:8 [E0002] Warning (unused_value): Unused variable 'e'
azimuth_test/comprehensive_test_cases.mbt:10:7-10:8 [E0002] Warning (unused_value): Unused variable 'f'
azimuth_test/comprehensive_test_cases.mbt:12:7-12:13 [E0002] Warning (unused_value): Unused variable 'sum_ab'
azimuth_test/comprehensive_test_cases.mbt:12:24-12:25 [E3001] Lexing error: missing identifier after `.`
azimuth_test/comprehensive_test_cases.mbt:12:25-12:33 [E3002] Parse error, unexpected token package name, you may expect `;` or `}`.
azimuth_test/comprehensive_test_cases.mbt:13:7-13:14 [E0002] Warning (unused_value): Unused variable 'diff_cd'
azimuth_test/comprehensive_test_cases.mbt:13:25-13:26 [E3001] Lexing error: missing identifier after `.`
azimuth_test/comprehensive_test_cases.mbt:13:26-13:34 [E3002] Parse error, unexpected token package name, you may expect `;` or `}`.
azimuth_test/comprehensive_test_cases.mbt:14:7-14:17 [E0002] Warning (unused_value): Unused variable 'product_ef'
azimuth_test/comprehensive_test_cases.mbt:14:28-14:29 [E3001] Lexing error: missing identifier after `.`
azimuth_test/comprehensive_test_cases.mbt:14:29-14:37 [E3002] Parse error, unexpected token package name, you may expect `;` or `}`.
azimuth_test/comprehensive_test_cases.mbt:15:7-15:13 [E0002] Warning (unused_value): Unused variable 'result'
azimuth_test/comprehensive_test_cases.mbt:15:24-15:25 [E3001] Lexing error: missing identifier after `.`
azimuth_test/comprehensive_test_cases.mbt:15:25-15:33 [E3002] Parse error, unexpected token package name, you may expect `;` or `}`.
azimuth_test/comprehensive_test_cases.mbt:15:46-15:47 [E3001] Lexing error: missing identifier after `.`
azimuth_test/comprehensive_test_cases.mbt:17:11-17:12 [E3001] Lexing error: missing identifier after `.`
azimuth_test/comprehensive_test_cases.mbt:17:12-17:20 [E3002] Parse error, unexpected token package name, you may expect `;` or `}`.
azimuth_test/comprehensive_test_cases.mbt:22:11-22:12 [E3001] Lexing error: missing identifier after `.`
azimuth_test/comprehensive_test_cases.mbt:22:12-22:20 [E3002] Parse error, unexpected token package name, you may expect `;` or `}`.
azimuth_test/comprehensive_test_cases.mbt:22:67-22:68 [E3001] Lexing error: missing identifier after `.`
azimuth_test/comprehensive_test_cases.mbt:25:11-25:12 [E3001] Lexing error: missing identifier after `.`
azimuth_test/comprehensive_test_cases.mbt:25:12-25:20 [E3002] Parse error, unexpected token package name, you may expect `;` or `}`.
azimuth_test/comprehensive_test_cases.mbt:25:62-25:63 [E3001] Lexing error: missing identifier after `.`
azimuth_test/comprehensive_test_cases.mbt:28:11-28:12 [E3001] Lexing error: missing identifier after `.`
azimuth_test/comprehensive_test_cases.mbt:28:12-28:20 [E3002] Parse error, unexpected token package name, you may expect `;` or `}`.
azimuth_test/comprehensive_test_cases.mbt:28:66-28:67 [E3001] Lexing error: missing identifier after `.`
azimuth_test/comprehensive_test_cases.mbt:31:11-31:12 [E3001] Lexing error: missing identifier after `.`
azimuth_test/comprehensive_test_cases.mbt:31:12-31:20 [E3002] Parse error, unexpected token package name, you may expect `;` or `}`.
azimuth_test/comprehensive_test_cases.mbt:31:60-31:61 [E3001] Lexing error: missing identifier after `.`
azimuth_test/comprehensive_test_cases.mbt:35:7-35:14 [E0002] Warning (unused_value): Unused variable 'max_val'
azimuth_test/comprehensive_test_cases.mbt:36:7-36:14 [E0002] Warning (unused_value): Unused variable 'min_val'
azimuth_test/comprehensive_test_cases.mbt:39:11-39:12 [E3001] Lexing error: missing identifier after `.`
azimuth_test/comprehensive_test_cases.mbt:39:12-39:20 [E3002] Parse error, unexpected token package name, you may expect `;` or `}`.
azimuth_test/comprehensive_test_cases.mbt:39:43-39:44 [E3001] Lexing error: missing identifier after `.`
azimuth_test/comprehensive_test_cases.mbt:40:11-40:12 [E3001] Lexing error: missing identifier after `.`
azimuth_test/comprehensive_test_cases.mbt:40:12-40:20 [E3002] Parse error, unexpected token package name, you may expect `;` or `}`.
azimuth_test/comprehensive_test_cases.mbt:40:48-40:49 [E3001] Lexing error: missing identifier after `.`
azimuth_test/comprehensive_test_cases.mbt:43:11-43:12 [E3001] Lexing error: missing identifier after `.`
azimuth_test/comprehensive_test_cases.mbt:43:12-43:20 [E3002] Parse error, unexpected token package name, you may expect `;` or `}`.
azimuth_test/comprehensive_test_cases.mbt:43:48-43:49 [E3001] Lexing error: missing identifier after `.`
azimuth_test/comprehensive_test_cases.mbt:44:11-44:12 [E3001] Lexing error: missing identifier after `.`
azimuth_test/comprehensive_test_cases.mbt:44:12-44:20 [E3002] Parse error, unexpected token package name, you may expect `;` or `}`.
azimuth_test/comprehensive_test_cases.mbt:44:48-44:49 [E3001] Lexing error: missing identifier after `.`
azimuth_test/comprehensive_test_cases.mbt:47:11-47:12 [E3001] Lexing error: missing identifier after `.`
azimuth_test/comprehensive_test_cases.mbt:47:12-47:20 [E3002] Parse error, unexpected token package name, you may expect `;` or `}`.
azimuth_test/comprehensive_test_cases.mbt:47:48-47:49 [E3001] Lexing error: missing identifier after `.`
azimuth_test/comprehensive_test_cases.mbt:48:11-48:12 [E3001] Lexing error: missing identifier after `.`
azimuth_test/comprehensive_test_cases.mbt:48:12-48:20 [E3002] Parse error, unexpected token package name, you may expect `;` or `}`.
azimuth_test/comprehensive_test_cases.mbt:48:48-48:49 [E3001] Lexing error: missing identifier after `.`
azimuth_test/comprehensive_test_cases.mbt:53:7-53:18 [E0002] Warning (unused_value): Unused variable 'item1_price'
azimuth_test/comprehensive_test_cases.mbt:54:7-54:21 [E0002] Warning (unused_value): Unused variable 'item1_quantity'
azimuth_test/comprehensive_test_cases.mbt:55:7-55:18 [E0002] Warning (unused_value): Unused variable 'item2_price'
azimuth_test/comprehensive_test_cases.mbt:56:7-56:21 [E0002] Warning (unused_value): Unused variable 'item2_quantity'
azimuth_test/comprehensive_test_cases.mbt:59:7-59:13 [E0002] Warning (unused_value): Unused variable 'total1'
azimuth_test/comprehensive_test_cases.mbt:59:24-59:25 [E3001] Lexing error: missing identifier after `.`
azimuth_test/comprehensive_test_cases.mbt:59:25-59:33 [E3002] Parse error, unexpected token package name, you may expect `;` or `}`.
azimuth_test/comprehensive_test_cases.mbt:60:7-60:13 [E0002] Warning (unused_value): Unused variable 'total2'
azimuth_test/comprehensive_test_cases.mbt:60:24-60:25 [E3001] Lexing error: missing identifier after `.`
azimuth_test/comprehensive_test_cases.mbt:60:25-60:33 [E3002] Parse error, unexpected token package name, you may expect `;` or `}`.
azimuth_test/comprehensive_test_cases.mbt:63:7-63:18 [E0002] Warning (unused_value): Unused variable 'order_total'
azimuth_test/comprehensive_test_cases.mbt:63:29-63:30 [E3001] Lexing error: missing identifier after `.`
azimuth_test/comprehensive_test_cases.mbt:63:30-63:38 [E3002] Parse error, unexpected token package name, you may expect `;` or `}`.
azimuth_test/comprehensive_test_cases.mbt:66:7-66:10 [E0002] Warning (unused_value): Unused variable 'tax'
azimuth_test/comprehensive_test_cases.mbt:66:21-66:22 [E3001] Lexing error: missing identifier after `.`
azimuth_test/comprehensive_test_cases.mbt:66:22-66:30 [E3002] Parse error, unexpected token package name, you may expect `;` or `}`.
azimuth_test/comprehensive_test_cases.mbt:69:7-69:19 [E0002] Warning (unused_value): Unused variable 'final_amount'
azimuth_test/comprehensive_test_cases.mbt:69:30-69:31 [E3001] Lexing error: missing identifier after `.`
azimuth_test/comprehensive_test_cases.mbt:69:31-69:39 [E3002] Parse error, unexpected token package name, you may expect `;` or `}`.
azimuth_test/comprehensive_test_cases.mbt:71:11-71:12 [E3001] Lexing error: missing identifier after `.`
azimuth_test/comprehensive_test_cases.mbt:71:12-71:20 [E3002] Parse error, unexpected token package name, you may expect `;` or `}`.
azimuth_test/comprehensive_test_cases.mbt:76:7-76:13 [E0002] Warning (unused_value): Unused variable 'length'
azimuth_test/comprehensive_test_cases.mbt:77:7-77:12 [E0002] Warning (unused_value): Unused variable 'width'
azimuth_test/comprehensive_test_cases.mbt:79:7-79:11 [E0002] Warning (unused_value): Unused variable 'area'
azimuth_test/comprehensive_test_cases.mbt:79:22-79:23 [E3001] Lexing error: missing identifier after `.`
azimuth_test/comprehensive_test_cases.mbt:79:23-79:31 [E3002] Parse error, unexpected token package name, you may expect `;` or `}`.
azimuth_test/comprehensive_test_cases.mbt:80:7-80:16 [E0002] Warning (unused_value): Unused variable 'perimeter'
azimuth_test/comprehensive_test_cases.mbt:80:27-80:28 [E3001] Lexing error: missing identifier after `.`
azimuth_test/comprehensive_test_cases.mbt:80:28-80:36 [E3002] Parse error, unexpected token package name, you may expect `;` or `}`.
azimuth_test/comprehensive_test_cases.mbt:80:49-80:50 [E3001] Lexing error: missing identifier after `.`
azimuth_test/comprehensive_test_cases.mbt:80:88-80:89 [E3001] Lexing error: missing identifier after `.`
azimuth_test/comprehensive_test_cases.mbt:82:11-82:12 [E3001] Lexing error: missing identifier after `.`
azimuth_test/comprehensive_test_cases.mbt:82:12-82:20 [E3002] Parse error, unexpected token package name, you may expect `;` or `}`.
azimuth_test/comprehensive_test_cases.mbt:83:11-83:12 [E3001] Lexing error: missing identifier after `.`
azimuth_test/comprehensive_test_cases.mbt:83:12-83:20 [E3002] Parse error, unexpected token package name, you may expect `;` or `}`.
azimuth_test/comprehensive_test_cases.mbt:86:7-86:11 [E0002] Warning (unused_value): Unused variable 'base'
azimuth_test/comprehensive_test_cases.mbt:87:7-87:13 [E0002] Warning (unused_value): Unused variable 'height'
azimuth_test/comprehensive_test_cases.mbt:88:7-88:20 [E0002] Warning (unused_value): Unused variable 'triangle_area'
azimuth_test/comprehensive_test_cases.mbt:88:31-88:32 [E3001] Lexing error: missing identifier after `.`
azimuth_test/comprehensive_test_cases.mbt:88:32-88:40 [E3002] Parse error, unexpected token package name, you may expect `;` or `}`.
azimuth_test/comprehensive_test_cases.mbt:90:11-90:12 [E3001] Lexing error: missing identifier after `.`
azimuth_test/comprehensive_test_cases.mbt:90:12-90:20 [E3002] Parse error, unexpected token package name, you may expect `;` or `}`.
azimuth_test/comprehensive_test_cases.mbt:94:7-94:8 [E0002] Warning (unused_value): Unused variable 'a'
azimuth_test/comprehensive_test_cases.mbt:95:7-95:8 [E0002] Warning (unused_value): Unused variable 'b'
azimuth_test/comprehensive_test_cases.mbt:96:7-96:8 [E0002] Warning (unused_value): Unused variable 'c'
azimuth_test/comprehensive_test_cases.mbt:99:7-99:17 [E0002] Warning (unused_value): Unused variable 'left_assoc'
azimuth_test/comprehensive_test_cases.mbt:99:28-99:29 [E3001] Lexing error: missing identifier after `.`
azimuth_test/comprehensive_test_cases.mbt:99:29-99:37 [E3002] Parse error, unexpected token package name, you may expect `;` or `}`.
azimuth_test/comprehensive_test_cases.mbt:99:50-99:51 [E3001] Lexing error: missing identifier after `.`
azimuth_test/comprehensive_test_cases.mbt:100:7-100:18 [E0002] Warning (unused_value): Unused variable 'right_assoc'
azimuth_test/comprehensive_test_cases.mbt:100:29-100:30 [E3001] Lexing error: missing identifier after `.`
azimuth_test/comprehensive_test_cases.mbt:100:30-100:38 [E3002] Parse error, unexpected token package name, you may expect `;` or `}`.
azimuth_test/comprehensive_test_cases.mbt:100:54-100:55 [E3001] Lexing error: missing identifier after `.`
azimuth_test/comprehensive_test_cases.mbt:101:11-101:12 [E3001] Lexing error: missing identifier after `.`
azimuth_test/comprehensive_test_cases.mbt:101:12-101:20 [E3002] Parse error, unexpected token package name, you may expect `;` or `}`.
azimuth_test/comprehensive_test_cases.mbt:104:7-104:19 [E0002] Warning (unused_value): Unused variable 'distrib_left'
azimuth_test/comprehensive_test_cases.mbt:104:30-104:31 [E3001] Lexing error: missing identifier after `.`
azimuth_test/comprehensive_test_cases.mbt:104:31-104:39 [E3002] Parse error, unexpected token package name, you may expect `;` or `}`.
azimuth_test/comprehensive_test_cases.mbt:104:60-104:61 [E3001] Lexing error: missing identifier after `.`
azimuth_test/comprehensive_test_cases.mbt:105:7-105:20 [E0002] Warning (unused_value): Unused variable 'distrib_right'
azimuth_test/comprehensive_test_cases.mbt:105:31-105:32 [E3001] Lexing error: missing identifier after `.`
azimuth_test/comprehensive_test_cases.mbt:105:32-105:40 [E3002] Parse error, unexpected token package name, you may expect `;` or `}`.
azimuth_test/comprehensive_test_cases.mbt:105:53-105:54 [E3001] Lexing error: missing identifier after `.`
azimuth_test/comprehensive_test_cases.mbt:105:87-105:88 [E3001] Lexing error: missing identifier after `.`
azimuth_test/comprehensive_test_cases.mbt:106:11-106:12 [E3001] Lexing error: missing identifier after `.`
azimuth_test/comprehensive_test_cases.mbt:106:12-106:20 [E3002] Parse error, unexpected token package name, you may expect `;` or `}`.
azimuth_test/comprehensive_test_cases.mbt:109:11-109:12 [E3001] Lexing error: missing identifier after `.`
azimuth_test/comprehensive_test_cases.mbt:109:12-109:20 [E3002] Parse error, unexpected token package name, you may expect `;` or `}`.
azimuth_test/comprehensive_test_cases.mbt:109:39-109:40 [E3001] Lexing error: missing identifier after `.`
azimuth_test/comprehensive_test_cases.mbt:109:73-109:74 [E3001] Lexing error: missing identifier after `.`
azimuth_test/comprehensive_test_cases.mbt:114:7-114:11 [E0002] Warning (unused_value): Unused variable 'base'
azimuth_test/comprehensive_test_cases.mbt:115:7-115:13 [E0002] Warning (unused_value): Unused variable 'result'
azimuth_test/comprehensive_test_cases.mbt:115:24-115:25 [E3001] Lexing error: missing identifier after `.`
azimuth_test/comprehensive_test_cases.mbt:115:25-115:33 [E3002] Parse error, unexpected token package name, you may expect `;` or `}`.
azimuth_test/comprehensive_test_cases.mbt:115:51-115:52 [E3001] Lexing error: missing identifier after `.`
azimuth_test/comprehensive_test_cases.mbt:115:78-115:79 [E3001] Lexing error: missing identifier after `.`
azimuth_test/comprehensive_test_cases.mbt:116:11-116:12 [E3001] Lexing error: missing identifier after `.`
azimuth_test/comprehensive_test_cases.mbt:116:12-116:20 [E3002] Parse error, unexpected token package name, you may expect `;` or `}`.
azimuth_test/comprehensive_test_cases.mbt:119:7-119:17 [E0002] Warning (unused_value): Unused variable 'sum_result'
azimuth_test/comprehensive_test_cases.mbt:119:28-119:29 [E3001] Lexing error: missing identifier after `.`
azimuth_test/comprehensive_test_cases.mbt:119:29-119:37 [E3002] Parse error, unexpected token package name, you may expect `;` or `}`.
azimuth_test/comprehensive_test_cases.mbt:119:50-119:51 [E3001] Lexing error: missing identifier after `.`
azimuth_test/comprehensive_test_cases.mbt:119:72-119:73 [E3001] Lexing error: missing identifier after `.`
azimuth_test/comprehensive_test_cases.mbt:120:11-120:12 [E3001] Lexing error: missing identifier after `.`
azimuth_test/comprehensive_test_cases.mbt:120:12-120:20 [E3002] Parse error, unexpected token package name, you may expect `;` or `}`.
azimuth_test/comprehensive_test_cases.mbt:123:7-123:19 [E0002] Warning (unused_value): Unused variable 'mixed_result'
azimuth_test/comprehensive_test_cases.mbt:123:30-123:31 [E3001] Lexing error: missing identifier after `.`
azimuth_test/comprehensive_test_cases.mbt:123:31-123:39 [E3002] Parse error, unexpected token package name, you may expect `;` or `}`.
azimuth_test/comprehensive_test_cases.mbt:123:52-123:53 [E3001] Lexing error: missing identifier after `.`
azimuth_test/comprehensive_test_cases.mbt:123:87-123:88 [E3001] Lexing error: missing identifier after `.`
azimuth_test/comprehensive_test_cases.mbt:124:11-124:12 [E3001] Lexing error: missing identifier after `.`
azimuth_test/comprehensive_test_cases.mbt:124:12-124:20 [E3002] Parse error, unexpected token package name, you may expect `;` or `}`.
azimuth_test/comprehensive_test_cases.mbt:129:11-129:12 [E3001] Lexing error: missing identifier after `.`
azimuth_test/comprehensive_test_cases.mbt:129:12-129:20 [E3002] Parse error, unexpected token package name, you may expect `;` or `}`.
azimuth_test/comprehensive_test_cases.mbt:129:42-129:43 [E3001] Lexing error: missing identifier after `.`
azimuth_test/comprehensive_test_cases.mbt:130:11-130:12 [E3001] Lexing error: missing identifier after `.`
azimuth_test/comprehensive_test_cases.mbt:130:12-130:20 [E3002] Parse error, unexpected token package name, you may expect `;` or `}`.
azimuth_test/comprehensive_test_cases.mbt:130:42-130:43 [E3001] Lexing error: missing identifier after `.`
azimuth_test/comprehensive_test_cases.mbt:131:11-131:12 [E3001] Lexing error: missing identifier after `.`
azimuth_test/comprehensive_test_cases.mbt:131:12-131:20 [E3002] Parse error, unexpected token package name, you may expect `;` or `}`.
azimuth_test/comprehensive_test_cases.mbt:131:51-131:52 [E3001] Lexing error: missing identifier after `.`
azimuth_test/comprehensive_test_cases.mbt:132:11-132:12 [E3001] Lexing error: missing identifier after `.`
azimuth_test/comprehensive_test_cases.mbt:132:12-132:20 [E3002] Parse error, unexpected token package name, you may expect `;` or `}`.
azimuth_test/comprehensive_test_cases.mbt:132:52-132:53 [E3001] Lexing error: missing identifier after `.`
azimuth_test/comprehensive_test_cases.mbt:135:11-135:12 [E3001] Lexing error: missing identifier after `.`
azimuth_test/comprehensive_test_cases.mbt:135:12-135:20 [E3002] Parse error, unexpected token package name, you may expect `;` or `}`.
azimuth_test/comprehensive_test_cases.mbt:135:43-135:44 [E3001] Lexing error: missing identifier after `.`
azimuth_test/comprehensive_test_cases.mbt:136:11-136:12 [E3001] Lexing error: missing identifier after `.`
azimuth_test/comprehensive_test_cases.mbt:136:12-136:20 [E3002] Parse error, unexpected token package name, you may expect `;` or `}`.
azimuth_test/comprehensive_test_cases.mbt:136:43-136:44 [E3001] Lexing error: missing identifier after `.`
azimuth_test/comprehensive_test_cases.mbt:137:11-137:12 [E3001] Lexing error: missing identifier after `.`
azimuth_test/comprehensive_test_cases.mbt:137:12-137:20 [E3002] Parse error, unexpected token package name, you may expect `;` or `}`.
azimuth_test/comprehensive_test_cases.mbt:137:44-137:45 [E3001] Lexing error: missing identifier after `.`
azimuth_test/comprehensive_test_cases.mbt:138:11-138:12 [E3001] Lexing error: missing identifier after `.`
azimuth_test/comprehensive_test_cases.mbt:138:12-138:20 [E3002] Parse error, unexpected token package name, you may expect `;` or `}`.
azimuth_test/comprehensive_test_cases.mbt:138:44-138:45 [E3001] Lexing error: missing identifier after `.`
azimuth_test/comprehensive_test_cases.mbt:141:11-141:12 [E3001] Lexing error: missing identifier after `.`
azimuth_test/comprehensive_test_cases.mbt:141:12-141:20 [E3002] Parse error, unexpected token package name, you may expect `;` or `}`.
azimuth_test/comprehensive_test_cases.mbt:141:44-141:45 [E3001] Lexing error: missing identifier after `.`
azimuth_test/comprehensive_test_cases.mbt:142:11-142:12 [E3001] Lexing error: missing identifier after `.`
azimuth_test/comprehensive_test_cases.mbt:142:12-142:20 [E3002] Parse error, unexpected token package name, you may expect `;` or `}`.
azimuth_test/comprehensive_test_cases.mbt:142:43-142:44 [E3001] Lexing error: missing identifier after `.`
azimuth_test/comprehensive_test_cases.mbt:143:11-143:12 [E3001] Lexing error: missing identifier after `.`
azimuth_test/comprehensive_test_cases.mbt:143:12-143:20 [E3002] Parse error, unexpected token package name, you may expect `;` or `}`.
azimuth_test/comprehensive_test_cases.mbt:143:44-143:45 [E3001] Lexing error: missing identifier after `.`
azimuth_test/comprehensive_test_cases.mbt:144:11-144:12 [E3001] Lexing error: missing identifier after `.`
azimuth_test/comprehensive_test_cases.mbt:144:12-144:20 [E3002] Parse error, unexpected token package name, you may expect `;` or `}`.
azimuth_test/comprehensive_test_cases.mbt:144:43-144:44 [E3001] Lexing error: missing identifier after `.`
azimuth_test/comprehensive_test_cases.mbt:149:7-149:12 [E0002] Warning (unused_value): Unused variable 'hours'
azimuth_test/comprehensive_test_cases.mbt:150:7-150:14 [E0002] Warning (unused_value): Unused variable 'minutes'
azimuth_test/comprehensive_test_cases.mbt:151:7-151:14 [E0002] Warning (unused_value): Unused variable 'seconds'
azimuth_test/comprehensive_test_cases.mbt:153:7-153:20 [E0002] Warning (unused_value): Unused variable 'total_seconds'
azimuth_test/comprehensive_test_cases.mbt:153:31-153:32 [E3001] Lexing error: missing identifier after `.`
azimuth_test/comprehensive_test_cases.mbt:153:32-153:40 [E3002] Parse error, unexpected token package name, you may expect `;` or `}`.
azimuth_test/comprehensive_test_cases.mbt:153:53-153:54 [E3001] Lexing error: missing identifier after `.`
azimuth_test/comprehensive_test_cases.mbt:153:80-153:81 [E3001] Lexing error: missing identifier after `.`
azimuth_test/comprehensive_test_cases.mbt:154:44-154:45 [E3001] Lexing error: missing identifier after `.`
azimuth_test/comprehensive_test_cases.mbt:154:66-154:67 [E3001] Lexing error: missing identifier after `.`
azimuth_test/comprehensive_test_cases.mbt:156:11-156:12 [E3001] Lexing error: missing identifier after `.`
azimuth_test/comprehensive_test_cases.mbt:156:12-156:20 [E3002] Parse error, unexpected token package name, you may expect `;` or `}`.
azimuth_test/comprehensive_test_cases.mbt:159:7-159:17 [E0002] Warning (unused_value): Unused variable 'start_hour'
azimuth_test/comprehensive_test_cases.mbt:160:7-160:19 [E0002] Warning (unused_value): Unused variable 'start_minute'
azimuth_test/comprehensive_test_cases.mbt:161:7-161:15 [E0002] Warning (unused_value): Unused variable 'end_hour'
azimuth_test/comprehensive_test_cases.mbt:162:7-162:17 [E0002] Warning (unused_value): Unused variable 'end_minute'
azimuth_test/comprehensive_test_cases.mbt:164:7-164:18 [E0002] Warning (unused_value): Unused variable 'start_total'
azimuth_test/comprehensive_test_cases.mbt:164:29-164:30 [E3001] Lexing error: missing identifier after `.`
azimuth_test/comprehensive_test_cases.mbt:164:30-164:38 [E3002] Parse error, unexpected token package name, you may expect `;` or `}`.
azimuth_test/comprehensive_test_cases.mbt:164:51-164:52 [E3001] Lexing error: missing identifier after `.`
azimuth_test/comprehensive_test_cases.mbt:165:7-165:16 [E0002] Warning (unused_value): Unused variable 'end_total'
azimuth_test/comprehensive_test_cases.mbt:165:27-165:28 [E3001] Lexing error: missing identifier after `.`
azimuth_test/comprehensive_test_cases.mbt:165:28-165:36 [E3002] Parse error, unexpected token package name, you may expect `;` or `}`.
azimuth_test/comprehensive_test_cases.mbt:165:49-165:50 [E3001] Lexing error: missing identifier after `.`
azimuth_test/comprehensive_test_cases.mbt:166:7-166:15 [E0002] Warning (unused_value): Unused variable 'duration'
azimuth_test/comprehensive_test_cases.mbt:166:26-166:27 [E3001] Lexing error: missing identifier after `.`
azimuth_test/comprehensive_test_cases.mbt:166:27-166:35 [E3002] Parse error, unexpected token package name, you may expect `;` or `}`.
azimuth_test/comprehensive_test_cases.mbt:168:11-168:12 [E3001] Lexing error: missing identifier after `.`
azimuth_test/comprehensive_test_cases.mbt:168:12-168:20 [E3002] Parse error, unexpected token package name, you may expect `;` or `}`.
azimuth_test/comprehensive_test_cases.mbt:174:7-174:17 [E0002] Warning (unused_value): Unused variable 'item_price'
azimuth_test/comprehensive_test_cases.mbt:177:7-177:20 [E0002] Warning (unused_value): Unused variable 'discount_rate'
azimuth_test/comprehensive_test_cases.mbt:180:7-180:15 [E0002] Warning (unused_value): Unused variable 'subtotal'
azimuth_test/comprehensive_test_cases.mbt:180:26-180:27 [E3001] Lexing error: missing identifier after `.`
azimuth_test/comprehensive_test_cases.mbt:180:27-180:35 [E3002] Parse error, unexpected token package name, you may expect `;` or `}`.
azimuth_test/comprehensive_test_cases.mbt:183:7-183:22 [E0002] Warning (unused_value): Unused variable 'discount_amount'
azimuth_test/comprehensive_test_cases.mbt:184:13-184:14 [E3001] Lexing error: missing identifier after `.`
azimuth_test/comprehensive_test_cases.mbt:184:14-184:22 [E3002] Parse error, unexpected token package name, you may expect `;` or `}`.
azimuth_test/comprehensive_test_cases.mbt:190:29-190:30 [E3001] Lexing error: missing identifier after `.`
azimuth_test/comprehensive_test_cases.mbt:190:30-190:38 [E3002] Parse error, unexpected token package name, you may expect `;` or `}`.
azimuth_test/comprehensive_test_cases.mbt:193:7-193:20 [E0002] Warning (unused_value): Unused variable 'within_budget'
azimuth_test/comprehensive_test_cases.mbt:195:11-195:12 [E3001] Lexing error: missing identifier after `.`
azimuth_test/comprehensive_test_cases.mbt:195:12-195:20 [E3002] Parse error, unexpected token package name, you may expect `;` or `}`.
azimuth_test/comprehensive_test_cases.mbt:196:11-196:12 [E3001] Lexing error: missing identifier after `.`
azimuth_test/comprehensive_test_cases.mbt:196:12-196:20 [E3002] Parse error, unexpected token package name, you may expect `;` or `}`.
Error: comprehensive_test_cases.mbt compilation failed
Checking advanced_test_cases.mbt...
azimuth_test/advanced_test_cases.mbt:11:7-11:9 [E0002] Warning (unused_value): Unused variable 'f1'
azimuth_test/advanced_test_cases.mbt:96:7-96:17 [E0002] Warning (unused_value): Unused variable 'remainder3'
azimuth_test/advanced_test_cases.mbt:112:7-112:17 [E0002] Warning (unused_value): Unused variable 'remainder7'
Found 10 tests in advanced_test_cases.mbt
test ... ok
test ... ok
test ... ok
test ... ok
test ... ok
test ... ok
test ... ok
test ... ok
test ... ok
test ... ok
Checking new_advanced_test_cases.mbt...
azimuth_test/new_advanced_test_cases.mbt:5:11-5:12 [E3001] Lexing error: missing identifier after `.`
azimuth_test/new_advanced_test_cases.mbt:5:12-5:20 [E3002] Parse error, unexpected token package name, you may expect `;` or `}`.
azimuth_test/new_advanced_test_cases.mbt:5:39-5:40 [E3001] Lexing error: missing identifier after `.`
azimuth_test/new_advanced_test_cases.mbt:5:70-5:71 [E3001] Lexing error: missing identifier after `.`
azimuth_test/new_advanced_test_cases.mbt:8:11-8:12 [E3001] Lexing error: missing identifier after `.`
azimuth_test/new_advanced_test_cases.mbt:8:12-8:20 [E3002] Parse error, unexpected token package name, you may expect `;` or `}`.
azimuth_test/new_advanced_test_cases.mbt:8:39-8:40 [E3001] Lexing error: missing identifier after `.`
azimuth_test/new_advanced_test_cases.mbt:8:71-8:72 [E3001] Lexing error: missing identifier after `.`
azimuth_test/new_advanced_test_cases.mbt:12:7-12:16 [E0002] Warning (unused_value): Unused variable 'left_side'
azimuth_test/new_advanced_test_cases.mbt:12:27-12:28 [E3001] Lexing error: missing identifier after `.`
azimuth_test/new_advanced_test_cases.mbt:12:28-12:36 [E3002] Parse error, unexpected token package name, you may expect `;` or `}`.
azimuth_test/new_advanced_test_cases.mbt:12:57-12:58 [E3001] Lexing error: missing identifier after `.`
azimuth_test/new_advanced_test_cases.mbt:13:7-13:17 [E0002] Warning (unused_value): Unused variable 'right_side'
azimuth_test/new_advanced_test_cases.mbt:13:28-13:29 [E3001] Lexing error: missing identifier after `.`
azimuth_test/new_advanced_test_cases.mbt:13:29-13:37 [E3002] Parse error, unexpected token package name, you may expect `;` or `}`.
azimuth_test/new_advanced_test_cases.mbt:13:50-13:51 [E3001] Lexing error: missing identifier after `.`
azimuth_test/new_advanced_test_cases.mbt:13:84-13:85 [E3001] Lexing error: missing identifier after `.`
azimuth_test/new_advanced_test_cases.mbt:14:11-14:12 [E3001] Lexing error: missing identifier after `.`
azimuth_test/new_advanced_test_cases.mbt:14:12-14:20 [E3002] Parse error, unexpected token package name, you may expect `;` or `}`.
azimuth_test/new_advanced_test_cases.mbt:18:7-18:14 [E0002] Warning (unused_value): Unused variable 'max_val'
azimuth_test/new_advanced_test_cases.mbt:19:7-19:14 [E0002] Warning (unused_value): Unused variable 'min_val'
azimuth_test/new_advanced_test_cases.mbt:22:11-22:12 [E3001] Lexing error: missing identifier after `.`
azimuth_test/new_advanced_test_cases.mbt:22:12-22:20 [E3002] Parse error, unexpected token package name, you may expect `;` or `}`.
azimuth_test/new_advanced_test_cases.mbt:22:43-22:44 [E3001] Lexing error: missing identifier after `.`
azimuth_test/new_advanced_test_cases.mbt:23:11-23:12 [E3001] Lexing error: missing identifier after `.`
azimuth_test/new_advanced_test_cases.mbt:23:12-23:20 [E3002] Parse error, unexpected token package name, you may expect `;` or `}`.
azimuth_test/new_advanced_test_cases.mbt:23:48-23:49 [E3001] Lexing error: missing identifier after `.`
azimuth_test/new_advanced_test_cases.mbt:24:11-24:12 [E3001] Lexing error: missing identifier after `.`
azimuth_test/new_advanced_test_cases.mbt:24:12-24:20 [E3002] Parse error, unexpected token package name, you may expect `;` or `}`.
azimuth_test/new_advanced_test_cases.mbt:24:48-24:49 [E3001] Lexing error: missing identifier after `.`
azimuth_test/new_advanced_test_cases.mbt:29:11-29:12 [E3001] Lexing error: missing identifier after `.`
azimuth_test/new_advanced_test_cases.mbt:29:12-29:20 [E3002] Parse error, unexpected token package name, you may expect `;` or `}`.
azimuth_test/new_advanced_test_cases.mbt:29:67-29:68 [E3001] Lexing error: missing identifier after `.`
azimuth_test/new_advanced_test_cases.mbt:30:11-30:12 [E3001] Lexing error: missing identifier after `.`
azimuth_test/new_advanced_test_cases.mbt:30:12-30:20 [E3002] Parse error, unexpected token package name, you may expect `;` or `}`.
azimuth_test/new_advanced_test_cases.mbt:30:60-30:61 [E3001] Lexing error: missing identifier after `.`
azimuth_test/new_advanced_test_cases.mbt:31:11-31:12 [E3001] Lexing error: missing identifier after `.`
azimuth_test/new_advanced_test_cases.mbt:31:12-31:20 [E3002] Parse error, unexpected token package name, you may expect `;` or `}`.
azimuth_test/new_advanced_test_cases.mbt:31:62-31:63 [E3001] Lexing error: missing identifier after `.`
azimuth_test/new_advanced_test_cases.mbt:36:7-36:15 [E0002] Warning (unused_value): Unused variable 'interest'
azimuth_test/new_advanced_test_cases.mbt:36:26-36:27 [E3001] Lexing error: missing identifier after `.`
azimuth_test/new_advanced_test_cases.mbt:36:27-36:35 [E3002] Parse error, unexpected token package name, you may expect `;` or `}`.
azimuth_test/new_advanced_test_cases.mbt:36:60-36:61 [E3001] Lexing error: missing identifier after `.`
azimuth_test/new_advanced_test_cases.mbt:37:7-37:12 [E0002] Warning (unused_value): Unused variable 'total'
azimuth_test/new_advanced_test_cases.mbt:37:23-37:24 [E3001] Lexing error: missing identifier after `.`
azimuth_test/new_advanced_test_cases.mbt:37:24-37:32 [E3002] Parse error, unexpected token package name, you may expect `;` or `}`.
azimuth_test/new_advanced_test_cases.mbt:40:11-40:12 [E3001] Lexing error: missing identifier after `.`
azimuth_test/new_advanced_test_cases.mbt:40:12-40:20 [E3002] Parse error, unexpected token package name, you may expect `;` or `}`.
azimuth_test/new_advanced_test_cases.mbt:44:7-44:11 [E0002] Warning (unused_value): Unused variable 'side'
azimuth_test/new_advanced_test_cases.mbt:47:7-47:13 [E0002] Warning (unused_value): Unused variable 'volume'
azimuth_test/new_advanced_test_cases.mbt:47:24-47:25 [E3001] Lexing error: missing identifier after `.`
azimuth_test/new_advanced_test_cases.mbt:47:25-47:33 [E3002] Parse error, unexpected token package name, you may expect `;` or `}`.
azimuth_test/new_advanced_test_cases.mbt:47:57-47:58 [E3001] Lexing error: missing identifier after `.`
azimuth_test/new_advanced_test_cases.mbt:48:11-48:12 [E3001] Lexing error: missing identifier after `.`
azimuth_test/new_advanced_test_cases.mbt:48:12-48:20 [E3002] Parse error, unexpected token package name, you may expect `;` or `}`.
azimuth_test/new_advanced_test_cases.mbt:51:7-51:19 [E0002] Warning (unused_value): Unused variable 'surface_area'
azimuth_test/new_advanced_test_cases.mbt:51:30-51:31 [E3001] Lexing error: missing identifier after `.`
azimuth_test/new_advanced_test_cases.mbt:51:31-51:39 [E3002] Parse error, unexpected token package name, you may expect `;` or `}`.
azimuth_test/new_advanced_test_cases.mbt:51:60-51:61 [E3001] Lexing error: missing identifier after `.`
azimuth_test/new_advanced_test_cases.mbt:52:11-52:12 [E3001] Lexing error: missing identifier after `.`
azimuth_test/new_advanced_test_cases.mbt:52:12-52:20 [E3002] Parse error, unexpected token package name, you may expect `;` or `}`.
azimuth_test/new_advanced_test_cases.mbt:57:7-57:13 [E0002] Warning (unused_value): Unused variable 'sum_ab'
azimuth_test/new_advanced_test_cases.mbt:57:24-57:25 [E3001] Lexing error: missing identifier after `.`
azimuth_test/new_advanced_test_cases.mbt:57:25-57:33 [E3002] Parse error, unexpected token package name, you may expect `;` or `}`.
azimuth_test/new_advanced_test_cases.mbt:58:7-58:14 [E0002] Warning (unused_value): Unused variable 'diff_ab'
azimuth_test/new_advanced_test_cases.mbt:58:25-58:26 [E3001] Lexing error: missing identifier after `.`
azimuth_test/new_advanced_test_cases.mbt:58:26-58:34 [E3002] Parse error, unexpected token package name, you may expect `;` or `}`.
azimuth_test/new_advanced_test_cases.mbt:59:7-59:14 [E0002] Warning (unused_value): Unused variable 'product'
azimuth_test/new_advanced_test_cases.mbt:59:25-59:26 [E3001] Lexing error: missing identifier after `.`
azimuth_test/new_advanced_test_cases.mbt:59:26-59:34 [E3002] Parse error, unexpected token package name, you may expect `;` or `}`.
azimuth_test/new_advanced_test_cases.mbt:60:7-60:15 [E0002] Warning (unused_value): Unused variable 'square_c'
azimuth_test/new_advanced_test_cases.mbt:60:26-60:27 [E3001] Lexing error: missing identifier after `.`
azimuth_test/new_advanced_test_cases.mbt:60:27-60:35 [E3002] Parse error, unexpected token package name, you may expect `;` or `}`.
azimuth_test/new_advanced_test_cases.mbt:61:7-61:13 [E0002] Warning (unused_value): Unused variable 'result'
azimuth_test/new_advanced_test_cases.mbt:61:24-61:25 [E3001] Lexing error: missing identifier after `.`
azimuth_test/new_advanced_test_cases.mbt:61:25-61:33 [E3002] Parse error, unexpected token package name, you may expect `;` or `}`.
azimuth_test/new_advanced_test_cases.mbt:64:11-64:12 [E3001] Lexing error: missing identifier after `.`
azimuth_test/new_advanced_test_cases.mbt:64:12-64:20 [E3002] Parse error, unexpected token package name, you may expect `;` or `}`.
azimuth_test/new_advanced_test_cases.mbt:69:7-69:18 [E0002] Warning (unused_value): Unused variable 'after_sales'
azimuth_test/new_advanced_test_cases.mbt:69:29-69:30 [E3001] Lexing error: missing identifier after `.`
azimuth_test/new_advanced_test_cases.mbt:69:30-69:38 [E3002] Parse error, unexpected token package name, you may expect `;` or `}`.
azimuth_test/new_advanced_test_cases.mbt:70:7-70:20 [E0002] Warning (unused_value): Unused variable 'after_restock'
azimuth_test/new_advanced_test_cases.mbt:70:31-70:32 [E3001] Lexing error: missing identifier after `.`
azimuth_test/new_advanced_test_cases.mbt:70:32-70:40 [E3002] Parse error, unexpected token package name, you may expect `;` or `}`.
azimuth_test/new_advanced_test_cases.mbt:71:7-71:18 [E0002] Warning (unused_value): Unused variable 'final_stock'
azimuth_test/new_advanced_test_cases.mbt:71:29-71:30 [E3001] Lexing error: missing identifier after `.`
azimuth_test/new_advanced_test_cases.mbt:71:30-71:38 [E3002] Parse error, unexpected token package name, you may expect `;` or `}`.
azimuth_test/new_advanced_test_cases.mbt:74:11-74:12 [E3001] Lexing error: missing identifier after `.`
azimuth_test/new_advanced_test_cases.mbt:74:12-74:20 [E3002] Parse error, unexpected token package name, you may expect `;` or `}`.
azimuth_test/new_advanced_test_cases.mbt:81:7-81:17 [E0002] Warning (unused_value): Unused variable 'fahrenheit'
azimuth_test/new_advanced_test_cases.mbt:81:28-81:29 [E3001] Lexing error: missing identifier after `.`
azimuth_test/new_advanced_test_cases.mbt:81:29-81:37 [E3002] Parse error, unexpected token package name, you may expect `;` or `}`.
azimuth_test/new_advanced_test_cases.mbt:81:50-81:51 [E3001] Lexing error: missing identifier after `.`
azimuth_test/new_advanced_test_cases.mbt:82:11-82:12 [E3001] Lexing error: missing identifier after `.`
azimuth_test/new_advanced_test_cases.mbt:82:12-82:20 [E3002] Parse error, unexpected token package name, you may expect `;` or `}`.
azimuth_test/new_advanced_test_cases.mbt:85:7-85:17 [E0002] Warning (unused_value): Unused variable 'freezing_f'
azimuth_test/new_advanced_test_cases.mbt:85:28-85:29 [E3001] Lexing error: missing identifier after `.`
azimuth_test/new_advanced_test_cases.mbt:85:29-85:37 [E3002] Parse error, unexpected token package name, you may expect `;` or `}`.
azimuth_test/new_advanced_test_cases.mbt:85:50-85:51 [E3001] Lexing error: missing identifier after `.`
azimuth_test/new_advanced_test_cases.mbt:86:11-86:12 [E3001] Lexing error: missing identifier after `.`
azimuth_test/new_advanced_test_cases.mbt:86:12-86:20 [E3002] Parse error, unexpected token package name, you may expect `;` or `}`.
azimuth_test/new_advanced_test_cases.mbt:89:7-89:16 [E0002] Warning (unused_value): Unused variable 'boiling_f'
azimuth_test/new_advanced_test_cases.mbt:89:27-89:28 [E3001] Lexing error: missing identifier after `.`
azimuth_test/new_advanced_test_cases.mbt:89:28-89:36 [E3002] Parse error, unexpected token package name, you may expect `;` or `}`.
azimuth_test/new_advanced_test_cases.mbt:89:49-89:50 [E3001] Lexing error: missing identifier after `.`
azimuth_test/new_advanced_test_cases.mbt:90:11-90:12 [E3001] Lexing error: missing identifier after `.`
azimuth_test/new_advanced_test_cases.mbt:90:12-90:20 [E3002] Parse error, unexpected token package name, you may expect `;` or `}`.
azimuth_test/new_advanced_test_cases.mbt:94:7-94:14 [E0002] Warning (unused_value): Unused variable 'max_val'
azimuth_test/new_advanced_test_cases.mbt:95:7-95:14 [E0002] Warning (unused_value): Unused variable 'min_val'
azimuth_test/new_advanced_test_cases.mbt:98:11-98:12 [E3001] Lexing error: missing identifier after `.`
azimuth_test/new_advanced_test_cases.mbt:98:12-98:20 [E3002] Parse error, unexpected token package name, you may expect `;` or `}`.
azimuth_test/new_advanced_test_cases.mbt:98:41-98:42 [E3001] Lexing error: missing identifier after `.`
azimuth_test/new_advanced_test_cases.mbt:99:11-99:12 [E3001] Lexing error: missing identifier after `.`
azimuth_test/new_advanced_test_cases.mbt:99:12-99:20 [E3002] Parse error, unexpected token package name, you may expect `;` or `}`.
azimuth_test/new_advanced_test_cases.mbt:99:41-99:42 [E3001] Lexing error: missing identifier after `.`
azimuth_test/new_advanced_test_cases.mbt:100:11-100:12 [E3001] Lexing error: missing identifier after `.`
azimuth_test/new_advanced_test_cases.mbt:100:12-100:20 [E3002] Parse error, unexpected token package name, you may expect `;` or `}`.
azimuth_test/new_advanced_test_cases.mbt:100:41-100:42 [E3001] Lexing error: missing identifier after `.`
azimuth_test/new_advanced_test_cases.mbt:101:11-101:12 [E3001] Lexing error: missing identifier after `.`
azimuth_test/new_advanced_test_cases.mbt:101:12-101:20 [E3002] Parse error, unexpected token package name, you may expect `;` or `}`.
azimuth_test/new_advanced_test_cases.mbt:101:41-101:42 [E3001] Lexing error: missing identifier after `.`
azimuth_test/new_advanced_test_cases.mbt:104:11-104:12 [E3001] Lexing error: missing identifier after `.`
azimuth_test/new_advanced_test_cases.mbt:104:12-104:20 [E3002] Parse error, unexpected token package name, you may expect `;` or `}`.
azimuth_test/new_advanced_test_cases.mbt:104:41-104:42 [E3001] Lexing error: missing identifier after `.`
azimuth_test/new_advanced_test_cases.mbt:105:11-105:12 [E3001] Lexing error: missing identifier after `.`
azimuth_test/new_advanced_test_cases.mbt:105:12-105:20 [E3002] Parse error, unexpected token package name, you may expect `;` or `}`.
azimuth_test/new_advanced_test_cases.mbt:105:41-105:42 [E3001] Lexing error: missing identifier after `.`
Error: new_advanced_test_cases.mbt compilation failed
Checking moonbit_test_examples.mbt...
Found 10 tests in moonbit_test_examples.mbt
test ... ok
test ... ok
test ... ok
test ... ok
test ... ok
test ... ok
test ... ok
test ... ok
test ... ok
test ... ok
Checking azimuth_additional_tests.mbt...
azimuth_test/azimuth_additional_tests.mbt:229:7-229:13 [E0002] Warning (unused_value): Unused variable 'target'
Found 10 tests in azimuth_additional_tests.mbt
test ... ok
test ... ok
test ... ok
test ... ok
test ... ok
test ... ok
test ... ok
test ... ok
test ... ok
test ... ok
Checking new_enhanced_test_cases.mbt...
azimuth_test/new_enhanced_test_cases.mbt:97:7-97:14 [E0002] Warning (unused_value): Unused variable 'neg_one'
azimuth_test/new_enhanced_test_cases.mbt:174:7-174:12 [E0002] Warning (unused_value): Unused variable 'power'
azimuth_test/new_enhanced_test_cases.mbt:294:7-294:29 [E0002] Warning (unused_value): Unused variable 'balance_after_deposit1'
azimuth_test/new_enhanced_test_cases.mbt:295:7-295:29 [E0002] Warning (unused_value): Unused variable 'balance_after_deposit2'
azimuth_test/new_enhanced_test_cases.mbt:298:7-298:32 [E0002] Warning (unused_value): Unused variable 'balance_after_withdrawal1'
azimuth_test/new_enhanced_test_cases.mbt:299:7-299:32 [E0002] Warning (unused_value): Unused variable 'balance_after_withdrawal2'
Found 8 tests in new_enhanced_test_cases.mbt
test ... ok
test ... ok
test ... ok
test ... ok
test ... ok
test ... ok
test ... ok
test ... ok
Checking user_new_test_cases.mbt...
Found 10 tests in user_new_test_cases.mbt
test ... ok
test ... ok
test ... ok
test ... ok
test ... ok
test ... ok
test ... ok
test ... ok
test ... ok
test ... ok
Checking user_new_tests.mbt...
azimuth_test/user_new_tests.mbt:205:7-205:20 [E0002] Warning (unused_value): Unused variable 'alphabet_size'
Found 10 tests in user_new_tests.mbt
test ... ok
test ... ok
test ... ok
test ... ok
test ... ok
test ... ok
test ... ok
test ... ok
test ... ok
test ... ok
Checking practical_application_tests.mbt...
azimuth_test/practical_application_tests.mbt:6:7-6:18 [E0002] Warning (unused_value): Unused variable 'item1_price'
azimuth_test/practical_application_tests.mbt:7:7-7:21 [E0002] Warning (unused_value): Unused variable 'item1_quantity'
azimuth_test/practical_application_tests.mbt:8:7-8:18 [E0002] Warning (unused_value): Unused variable 'item2_price'
azimuth_test/practical_application_tests.mbt:9:7-9:21 [E0002] Warning (unused_value): Unused variable 'item2_quantity'
azimuth_test/practical_application_tests.mbt:12:7-12:13 [E0002] Warning (unused_value): Unused variable 'total1'
azimuth_test/practical_application_tests.mbt:12:16-12:23 [E3002] Expected upper case identifier for type name, found lower case identifier.
azimuth_test/practical_application_tests.mbt:12:25-12:33 [E3002] Parse error, unexpected token package name, you may expect method name, constructor name, "[" or "{".
azimuth_test/practical_application_tests.mbt:13:7-13:13 [E0002] Warning (unused_value): Unused variable 'total2'
azimuth_test/practical_application_tests.mbt:13:16-13:23 [E3002] Expected upper case identifier for type name, found lower case identifier.
azimuth_test/practical_application_tests.mbt:13:25-13:33 [E3002] Parse error, unexpected token package name, you may expect method name, constructor name, "[" or "{".
azimuth_test/practical_application_tests.mbt:16:20-16:27 [E3002] Expected upper case identifier for type name, found lower case identifier.
azimuth_test/practical_application_tests.mbt:16:29-16:37 [E3002] Parse error, unexpected token package name, you may expect method name, constructor name, "[" or "{".
azimuth_test/practical_application_tests.mbt:25:7-25:19 [E0002] Warning (unused_value): Unused variable 'celsius_temp'
azimuth_test/practical_application_tests.mbt:26:25-26:32 [E3002] Expected upper case identifier for type name, found lower case identifier.
azimuth_test/practical_application_tests.mbt:26:34-26:42 [E3002] Parse error, unexpected token package name, you may expect method name, constructor name, "[" or "{".
azimuth_test/practical_application_tests.mbt:30:7-30:23 [E0002] Warning (unused_value): Unused variable 'freezing_celsius'
azimuth_test/practical_application_tests.mbt:31:29-31:36 [E3002] Expected upper case identifier for type name, found lower case identifier.
azimuth_test/practical_application_tests.mbt:31:38-31:46 [E3002] Parse error, unexpected token package name, you may expect method name, constructor name, "[" or "{".
azimuth_test/practical_application_tests.mbt:37:7-37:13 [E0002] Warning (unused_value): Unused variable 'length'
azimuth_test/practical_application_tests.mbt:38:7-38:12 [E0002] Warning (unused_value): Unused variable 'width'
azimuth_test/practical_application_tests.mbt:41:14-41:21 [E3002] Expected upper case identifier for type name, found lower case identifier.
azimuth_test/practical_application_tests.mbt:41:23-41:31 [E3002] Parse error, unexpected token package name, you may expect method name, constructor name, "[" or "{".
azimuth_test/practical_application_tests.mbt:45:19-45:26 [E3002] Expected upper case identifier for type name, found lower case identifier.
azimuth_test/practical_application_tests.mbt:45:28-45:36 [E3002] Parse error, unexpected token package name, you may expect method name, constructor name, "[" or "{".
azimuth_test/practical_application_tests.mbt:51:7-51:17 [E0002] Warning (unused_value): Unused variable 'math_score'
azimuth_test/practical_application_tests.mbt:52:7-52:20 [E0002] Warning (unused_value): Unused variable 'english_score'
azimuth_test/practical_application_tests.mbt:53:7-53:20 [E0002] Warning (unused_value): Unused variable 'science_score'
azimuth_test/practical_application_tests.mbt:54:7-54:20 [E0002] Warning (unused_value): Unused variable 'history_score'
azimuth_test/practical_application_tests.mbt:57:21-57:28 [E3002] Expected upper case identifier for type name, found lower case identifier.
azimuth_test/practical_application_tests.mbt:57:30-57:38 [E3002] Parse error, unexpected token package name, you may expect method name, constructor name, "[" or "{".
azimuth_test/practical_application_tests.mbt:69:7-69:16 [E0002] Warning (unused_value): Unused variable 'principal'
azimuth_test/practical_application_tests.mbt:70:7-70:18 [E0002] Warning (unused_value): Unused variable 'annual_rate'
azimuth_test/practical_application_tests.mbt:71:7-71:12 [E0002] Warning (unused_value): Unused variable 'years'
azimuth_test/practical_application_tests.mbt:74:7-74:15 [E0002] Warning (unused_value): Unused variable 'interest'
azimuth_test/practical_application_tests.mbt:74:18-74:25 [E3002] Expected upper case identifier for type name, found lower case identifier.
azimuth_test/practical_application_tests.mbt:74:27-74:35 [E3002] Parse error, unexpected token package name, you may expect method name, constructor name, "[" or "{".
azimuth_test/practical_application_tests.mbt:80:23-80:30 [E3002] Expected upper case identifier for type name, found lower case identifier.
azimuth_test/practical_application_tests.mbt:80:32-80:40 [E3002] Parse error, unexpected token package name, you may expect method name, constructor name, "[" or "{".
azimuth_test/practical_application_tests.mbt:86:7-86:12 [E0002] Warning (unused_value): Unused variable 'hours'
azimuth_test/practical_application_tests.mbt:87:7-87:14 [E0002] Warning (unused_value): Unused variable 'minutes'
azimuth_test/practical_application_tests.mbt:90:23-90:30 [E3002] Expected upper case identifier for type name, found lower case identifier.
azimuth_test/practical_application_tests.mbt:90:32-90:40 [E3002] Parse error, unexpected token package name, you may expect method name, constructor name, "[" or "{".
azimuth_test/practical_application_tests.mbt:97:23-97:30 [E3002] Expected upper case identifier for type name, found lower case identifier.
azimuth_test/practical_application_tests.mbt:97:32-97:40 [E3002] Parse error, unexpected token package name, you may expect method name, constructor name, "[" or "{".
azimuth_test/practical_application_tests.mbt:103:7-103:21 [E0002] Warning (unused_value): Unused variable 'original_price'
azimuth_test/practical_application_tests.mbt:104:7-104:23 [E0002] Warning (unused_value): Unused variable 'discount_percent'
azimuth_test/practical_application_tests.mbt:107:7-107:22 [E0002] Warning (unused_value): Unused variable 'discount_amount'
azimuth_test/practical_application_tests.mbt:107:25-107:32 [E3002] Expected upper case identifier for type name, found lower case identifier.
azimuth_test/practical_application_tests.mbt:107:34-107:42 [E3002] Parse error, unexpected token package name, you may expect method name, constructor name, "[" or "{".
azimuth_test/practical_application_tests.mbt:110:26-110:33 [E3002] Expected upper case identifier for type name, found lower case identifier.
azimuth_test/practical_application_tests.mbt:110:35-110:43 [E3002] Parse error, unexpected token package name, you may expect method name, constructor name, "[" or "{".
azimuth_test/practical_application_tests.mbt:116:7-116:16 [E0002] Warning (unused_value): Unused variable 'principal'
azimuth_test/practical_application_tests.mbt:117:7-117:19 [E0002] Warning (unused_value): Unused variable 'rate_percent'
azimuth_test/practical_application_tests.mbt:118:7-118:12 [E0002] Warning (unused_value): Unused variable 'years'
azimuth_test/practical_application_tests.mbt:121:7-121:20 [E0002] Warning (unused_value): Unused variable 'growth_factor'
azimuth_test/practical_application_tests.mbt:121:23-121:30 [E3002] Expected upper case identifier for type name, found lower case identifier.
azimuth_test/practical_application_tests.mbt:121:32-121:40 [E3002] Parse error, unexpected token package name, you may expect method name, constructor name, "[" or "{".
azimuth_test/practical_application_tests.mbt:122:22-122:29 [E3002] Expected upper case identifier for type name, found lower case identifier.
azimuth_test/practical_application_tests.mbt:122:31-122:39 [E3002] Parse error, unexpected token package name, you may expect method name, constructor name, "[" or "{".
azimuth_test/practical_application_tests.mbt:129:7-129:17 [E0002] Warning (unused_value): Unused variable 'usd_amount'
azimuth_test/practical_application_tests.mbt:130:7-130:20 [E0002] Warning (unused_value): Unused variable 'exchange_rate'
azimuth_test/practical_application_tests.mbt:133:20-133:27 [E3002] Expected upper case identifier for type name, found lower case identifier.
azimuth_test/practical_application_tests.mbt:133:29-133:37 [E3002] Parse error, unexpected token package name, you may expect method name, constructor name, "[" or "{".
azimuth_test/practical_application_tests.mbt:137:7-137:10 [E0002] Warning (unused_value): Unused variable 'fee'
azimuth_test/practical_application_tests.mbt:137:13-137:20 [E3002] Expected upper case identifier for type name, found lower case identifier.
azimuth_test/practical_application_tests.mbt:137:22-137:30 [E3002] Parse error, unexpected token package name, you may expect method name, constructor name, "[" or "{".
azimuth_test/practical_application_tests.mbt:138:24-138:31 [E3002] Expected upper case identifier for type name, found lower case identifier.
azimuth_test/practical_application_tests.mbt:138:33-138:41 [E3002] Parse error, unexpected token package name, you may expect method name, constructor name, "[" or "{".
azimuth_test/practical_application_tests.mbt:144:7-144:19 [E0002] Warning (unused_value): Unused variable 'english_name'
azimuth_test/practical_application_tests.mbt:145:7-145:19 [E0002] Warning (unused_value): Unused variable 'chinese_name'
azimuth_test/practical_application_tests.mbt:146:7-146:20 [E0002] Warning (unused_value): Unused variable 'japanese_name'
azimuth_test/practical_application_tests.mbt:149:26-149:33 [E3002] Expected upper case identifier for type name, found lower case identifier.
azimuth_test/practical_application_tests.mbt:149:35-149:43 [E3002] Parse error, unexpected token package name, you may expect method name, constructor name, "[" or "{".
azimuth_test/practical_application_tests.mbt:153:26-153:33 [E3002] Expected upper case identifier for type name, found lower case identifier.
azimuth_test/practical_application_tests.mbt:153:35-153:43 [E3002] Parse error, unexpected token package name, you may expect method name, constructor name, "[" or "{".
azimuth_test/practical_application_tests.mbt:157:27-157:34 [E3002] Expected upper case identifier for type name, found lower case identifier.
azimuth_test/practical_application_tests.mbt:157:36-157:44 [E3002] Parse error, unexpected token package name, you may expect method name, constructor name, "[" or "{".
Error: practical_application_tests.mbt compilation failed
Checking moonbit_standard_test_suite.mbt...
azimuth_test/moonbit_standard_test_suite.mbt:6:3-6:12 [E4021] The value identifier assert_eq is unbound.
azimuth_test/moonbit_standard_test_suite.mbt:6:16-6:19 [E4021] The value identifier add is unbound.
azimuth_test/moonbit_standard_test_suite.mbt:7:3-7:12 [E4021] The value identifier assert_eq is unbound.
azimuth_test/moonbit_standard_test_suite.mbt:7:16-7:19 [E4021] The value identifier add is unbound.
azimuth_test/moonbit_standard_test_suite.mbt:8:3-8:12 [E4021] The value identifier assert_eq is unbound.
azimuth_test/moonbit_standard_test_suite.mbt:8:17-8:20 [E4021] The value identifier add is unbound.
azimuth_test/moonbit_standard_test_suite.mbt:16:3-16:12 [E4021] The value identifier assert_eq is unbound.
azimuth_test/moonbit_standard_test_suite.mbt:16:22-16:25 [E4021] The value identifier add is unbound.
azimuth_test/moonbit_standard_test_suite.mbt:17:3-17:12 [E4021] The value identifier assert_eq is unbound.
azimuth_test/moonbit_standard_test_suite.mbt:17:22-17:25 [E4021] The value identifier add is unbound.
azimuth_test/moonbit_standard_test_suite.mbt:18:3-18:12 [E4021] The value identifier assert_eq is unbound.
azimuth_test/moonbit_standard_test_suite.mbt:18:16-18:19 [E4021] The value identifier add is unbound.
azimuth_test/moonbit_standard_test_suite.mbt:23:3-23:12 [E4021] The value identifier assert_eq is unbound.
azimuth_test/moonbit_standard_test_suite.mbt:23:16-23:24 [E4021] The value identifier multiply is unbound.
azimuth_test/moonbit_standard_test_suite.mbt:24:3-24:12 [E4021] The value identifier assert_eq is unbound.
azimuth_test/moonbit_standard_test_suite.mbt:24:16-24:24 [E4021] The value identifier multiply is unbound.
azimuth_test/moonbit_standard_test_suite.mbt:25:3-25:12 [E4021] The value identifier assert_eq is unbound.
azimuth_test/moonbit_standard_test_suite.mbt:25:17-25:25 [E4021] The value identifier multiply is unbound.
azimuth_test/moonbit_standard_test_suite.mbt:26:3-26:12 [E4021] The value identifier assert_eq is unbound.
azimuth_test/moonbit_standard_test_suite.mbt:26:16-26:24 [E4021] The value identifier multiply is unbound.
azimuth_test/moonbit_standard_test_suite.mbt:34:3-34:12 [E4021] The value identifier assert_eq is unbound.
azimuth_test/moonbit_standard_test_suite.mbt:34:22-34:30 [E4021] The value identifier multiply is unbound.
azimuth_test/moonbit_standard_test_suite.mbt:35:3-35:12 [E4021] The value identifier assert_eq is unbound.
azimuth_test/moonbit_standard_test_suite.mbt:35:22-35:30 [E4021] The value identifier multiply is unbound.
azimuth_test/moonbit_standard_test_suite.mbt:36:3-36:12 [E4021] The value identifier assert_eq is unbound.
azimuth_test/moonbit_standard_test_suite.mbt:36:16-36:24 [E4021] The value identifier multiply is unbound.
azimuth_test/moonbit_standard_test_suite.mbt:41:3-41:19 [E4021] The value identifier assert_eq_string is unbound.
azimuth_test/moonbit_standard_test_suite.mbt:41:37-41:42 [E4021] The value identifier greet is unbound.
azimuth_test/moonbit_standard_test_suite.mbt:42:3-42:19 [E4021] The value identifier assert_eq_string is unbound.
azimuth_test/moonbit_standard_test_suite.mbt:42:39-42:44 [E4021] The value identifier greet is unbound.
azimuth_test/moonbit_standard_test_suite.mbt:43:3-43:19 [E4021] The value identifier assert_eq_string is unbound.
azimuth_test/moonbit_standard_test_suite.mbt:43:32-43:37 [E4021] The value identifier greet is unbound.
azimuth_test/moonbit_standard_test_suite.mbt:48:3-48:19 [E4021] The value identifier assert_eq_string is unbound.
azimuth_test/moonbit_standard_test_suite.mbt:48:34-48:39 [E4021] The value identifier greet is unbound.
azimuth_test/moonbit_standard_test_suite.mbt:49:3-49:19 [E4021] The value identifier assert_eq_string is unbound.
azimuth_test/moonbit_standard_test_suite.mbt:49:35-49:40 [E4021] The value identifier greet is unbound.
azimuth_test/moonbit_standard_test_suite.mbt:50:3-50:19 [E4021] The value identifier assert_eq_string is unbound.
azimuth_test/moonbit_standard_test_suite.mbt:50:35-50:40 [E4021] The value identifier greet is unbound.
azimuth_test/moonbit_standard_test_suite.mbt:51:3-51:19 [E4021] The value identifier assert_eq_string is unbound.
azimuth_test/moonbit_standard_test_suite.mbt:51:38-51:43 [E4021] The value identifier greet is unbound.
azimuth_test/moonbit_standard_test_suite.mbt:59:14-59:22 [E4021] The value identifier multiply is unbound.
azimuth_test/moonbit_standard_test_suite.mbt:60:19-60:22 [E4021] The value identifier add is unbound.
azimuth_test/moonbit_standard_test_suite.mbt:60:23-60:31 [E4021] The value identifier multiply is unbound.
azimuth_test/moonbit_standard_test_suite.mbt:60:44-60:52 [E4021] The value identifier multiply is unbound.
azimuth_test/moonbit_standard_test_suite.mbt:62:3-62:12 [E4021] The value identifier assert_eq is unbound.
azimuth_test/moonbit_standard_test_suite.mbt:63:3-63:12 [E4021] The value identifier assert_eq is unbound.
azimuth_test/moonbit_standard_test_suite.mbt:70:25-70:33 [E4021] The value identifier multiply is unbound.
azimuth_test/moonbit_standard_test_suite.mbt:71:21-71:24 [E4021] The value identifier add is unbound.
azimuth_test/moonbit_standard_test_suite.mbt:73:3-73:12 [E4021] The value identifier assert_eq is unbound.
azimuth_test/moonbit_standard_test_suite.mbt:79:17-79:20 [E4021] The value identifier add is unbound.
azimuth_test/moonbit_standard_test_suite.mbt:79:21-79:24 [E4021] The value identifier add is unbound.
azimuth_test/moonbit_standard_test_suite.mbt:79:32-79:35 [E4021] The value identifier add is unbound.
azimuth_test/moonbit_standard_test_suite.mbt:80:19-80:22 [E4021] The value identifier add is unbound.
azimuth_test/moonbit_standard_test_suite.mbt:81:3-81:12 [E4021] The value identifier assert_eq is unbound.
azimuth_test/moonbit_standard_test_suite.mbt:84:17-84:25 [E4021] The value identifier multiply is unbound.
azimuth_test/moonbit_standard_test_suite.mbt:84:26-84:34 [E4021] The value identifier multiply is unbound.
azimuth_test/moonbit_standard_test_suite.mbt:85:3-85:12 [E4021] The value identifier assert_eq is unbound.
azimuth_test/moonbit_standard_test_suite.mbt:90:3-90:14 [E4021] The value identifier assert_true is unbound.
azimuth_test/moonbit_standard_test_suite.mbt:91:3-91:15 [E4021] The value identifier assert_false is unbound.
azimuth_test/moonbit_standard_test_suite.mbt:92:3-92:12 [E4021] The value identifier assert_eq is unbound.
azimuth_test/moonbit_standard_test_suite.mbt:93:3-93:19 [E4021] The value identifier assert_eq_string is unbound.
Error: moonbit_standard_test_suite.mbt compilation failed
Checking user_defined_test_cases.mbt...
Found 10 tests in user_defined_test_cases.mbt
test ... ok
test ... ok
test ... ok
test ... ok
test ... ok
test ... ok
test ... ok
test ... ok
test ... ok
test ... ok
Checking additional_moonbit_standard_tests.mbt...
azimuth_test/additional_moonbit_standard_tests.mbt:6:3-6:12 [E4021] The value identifier assert_eq is unbound.
azimuth_test/additional_moonbit_standard_tests.mbt:6:16-6:19 [E4021] The value identifier add is unbound.
azimuth_test/additional_moonbit_standard_tests.mbt:7:3-7:12 [E4021] The value identifier assert_eq is unbound.
azimuth_test/additional_moonbit_standard_tests.mbt:7:16-7:19 [E4021] The value identifier add is unbound.
azimuth_test/additional_moonbit_standard_tests.mbt:8:3-8:12 [E4021] The value identifier assert_eq is unbound.
azimuth_test/additional_moonbit_standard_tests.mbt:8:17-8:20 [E4021] The value identifier add is unbound.
azimuth_test/additional_moonbit_standard_tests.mbt:17:3-17:12 [E4021] The value identifier assert_eq is unbound.
azimuth_test/additional_moonbit_standard_tests.mbt:17:22-17:25 [E4021] The value identifier add is unbound.
azimuth_test/additional_moonbit_standard_tests.mbt:18:3-18:12 [E4021] The value identifier assert_eq is unbound.
azimuth_test/additional_moonbit_standard_tests.mbt:18:22-18:25 [E4021] The value identifier add is unbound.
azimuth_test/additional_moonbit_standard_tests.mbt:21:3-21:12 [E4021] The value identifier assert_eq is unbound.
azimuth_test/additional_moonbit_standard_tests.mbt:21:22-21:25 [E4021] The value identifier add is unbound.
azimuth_test/additional_moonbit_standard_tests.mbt:22:3-22:12 [E4021] The value identifier assert_eq is unbound.
azimuth_test/additional_moonbit_standard_tests.mbt:22:22-22:25 [E4021] The value identifier add is unbound.
azimuth_test/additional_moonbit_standard_tests.mbt:27:3-27:12 [E4021] The value identifier assert_eq is unbound.
azimuth_test/additional_moonbit_standard_tests.mbt:27:16-27:24 [E4021] The value identifier multiply is unbound.
azimuth_test/additional_moonbit_standard_tests.mbt:28:3-28:12 [E4021] The value identifier assert_eq is unbound.
azimuth_test/additional_moonbit_standard_tests.mbt:28:16-28:24 [E4021] The value identifier multiply is unbound.
azimuth_test/additional_moonbit_standard_tests.mbt:29:3-29:12 [E4021] The value identifier assert_eq is unbound.
azimuth_test/additional_moonbit_standard_tests.mbt:29:16-29:24 [E4021] The value identifier multiply is unbound.
azimuth_test/additional_moonbit_standard_tests.mbt:30:3-30:12 [E4021] The value identifier assert_eq is unbound.
azimuth_test/additional_moonbit_standard_tests.mbt:30:17-30:25 [E4021] The value identifier multiply is unbound.
azimuth_test/additional_moonbit_standard_tests.mbt:39:3-39:12 [E4021] The value identifier assert_eq is unbound.
azimuth_test/additional_moonbit_standard_tests.mbt:39:22-39:30 [E4021] The value identifier multiply is unbound.
azimuth_test/additional_moonbit_standard_tests.mbt:40:3-40:12 [E4021] The value identifier assert_eq is unbound.
azimuth_test/additional_moonbit_standard_tests.mbt:40:22-40:30 [E4021] The value identifier multiply is unbound.
azimuth_test/additional_moonbit_standard_tests.mbt:43:3-43:12 [E4021] The value identifier assert_eq is unbound.
azimuth_test/additional_moonbit_standard_tests.mbt:43:22-43:30 [E4021] The value identifier multiply is unbound.
azimuth_test/additional_moonbit_standard_tests.mbt:48:3-48:19 [E4021] The value identifier assert_eq_string is unbound.
azimuth_test/additional_moonbit_standard_tests.mbt:48:37-48:42 [E4021] The value identifier greet is unbound.
azimuth_test/additional_moonbit_standard_tests.mbt:49:3-49:19 [E4021] The value identifier assert_eq_string is unbound.
azimuth_test/additional_moonbit_standard_tests.mbt:49:37-49:42 [E4021] The value identifier greet is unbound.
azimuth_test/additional_moonbit_standard_tests.mbt:50:3-50:19 [E4021] The value identifier assert_eq_string is unbound.
azimuth_test/additional_moonbit_standard_tests.mbt:50:35-50:40 [E4021] The value identifier greet is unbound.
azimuth_test/additional_moonbit_standard_tests.mbt:55:3-55:19 [E4021] The value identifier assert_eq_string is unbound.
azimuth_test/additional_moonbit_standard_tests.mbt:55:32-55:37 [E4021] The value identifier greet is unbound.
azimuth_test/additional_moonbit_standard_tests.mbt:56:3-56:19 [E4021] The value identifier assert_eq_string is unbound.
azimuth_test/additional_moonbit_standard_tests.mbt:56:35-56:40 [E4021] The value identifier greet is unbound.
azimuth_test/additional_moonbit_standard_tests.mbt:57:3-57:19 [E4021] The value identifier assert_eq_string is unbound.
azimuth_test/additional_moonbit_standard_tests.mbt:57:34-57:39 [E4021] The value identifier greet is unbound.
azimuth_test/additional_moonbit_standard_tests.mbt:67:16-67:19 [E4021] The value identifier add is unbound.
azimuth_test/additional_moonbit_standard_tests.mbt:68:16-68:24 [E4021] The value identifier multiply is unbound.
azimuth_test/additional_moonbit_standard_tests.mbt:69:3-69:12 [E4021] The value identifier assert_eq is unbound.
azimuth_test/additional_moonbit_standard_tests.mbt:72:20-72:28 [E4021] The value identifier multiply is unbound.
azimuth_test/additional_moonbit_standard_tests.mbt:73:17-73:20 [E4021] The value identifier add is unbound.
azimuth_test/additional_moonbit_standard_tests.mbt:74:3-74:12 [E4021] The value identifier assert_eq is unbound.
azimuth_test/additional_moonbit_standard_tests.mbt:79:3-79:14 [E4021] The value identifier assert_true is unbound.
azimuth_test/additional_moonbit_standard_tests.mbt:80:3-80:15 [E4021] The value identifier assert_false is unbound.
azimuth_test/additional_moonbit_standard_tests.mbt:81:3-81:12 [E4021] The value identifier assert_eq is unbound.
azimuth_test/additional_moonbit_standard_tests.mbt:82:3-82:19 [E4021] The value identifier assert_eq_string is unbound.
azimuth_test/additional_moonbit_standard_tests.mbt:87:3-87:14 [E4021] The value identifier assert_true is unbound.
azimuth_test/additional_moonbit_standard_tests.mbt:88:3-88:15 [E4021] The value identifier assert_false is unbound.
azimuth_test/additional_moonbit_standard_tests.mbt:89:3-89:12 [E4021] The value identifier assert_eq is unbound.
azimuth_test/additional_moonbit_standard_tests.mbt:89:13-89:16 [E4021] The value identifier add is unbound.
azimuth_test/additional_moonbit_standard_tests.mbt:98:15-98:18 [E4021] The value identifier add is unbound.
azimuth_test/additional_moonbit_standard_tests.mbt:98:19-98:27 [E4021] The value identifier multiply is unbound.
azimuth_test/additional_moonbit_standard_tests.mbt:99:3-99:12 [E4021] The value identifier assert_eq is unbound.
azimuth_test/additional_moonbit_standard_tests.mbt:103:20-103:23 [E4021] The value identifier add is unbound.
azimuth_test/additional_moonbit_standard_tests.mbt:103:24-103:32 [E4021] The value identifier multiply is unbound.
azimuth_test/additional_moonbit_standard_tests.mbt:104:3-104:12 [E4021] The value identifier assert_eq is unbound.
azimuth_test/additional_moonbit_standard_tests.mbt:113:3-113:12 [E4021] The value identifier assert_eq is unbound.
azimuth_test/additional_moonbit_standard_tests.mbt:113:13-113:16 [E4021] The value identifier add is unbound.
azimuth_test/additional_moonbit_standard_tests.mbt:113:24-113:27 [E4021] The value identifier add is unbound.
azimuth_test/additional_moonbit_standard_tests.mbt:114:3-114:12 [E4021] The value identifier assert_eq is unbound.
azimuth_test/additional_moonbit_standard_tests.mbt:114:13-114:21 [E4021] The value identifier multiply is unbound.
azimuth_test/additional_moonbit_standard_tests.mbt:114:29-114:37 [E4021] The value identifier multiply is unbound.
azimuth_test/additional_moonbit_standard_tests.mbt:118:3-118:12 [E4021] The value identifier assert_eq is unbound.
azimuth_test/additional_moonbit_standard_tests.mbt:118:13-118:16 [E4021] The value identifier add is unbound.
azimuth_test/additional_moonbit_standard_tests.mbt:118:17-118:20 [E4021] The value identifier add is unbound.
azimuth_test/additional_moonbit_standard_tests.mbt:118:32-118:35 [E4021] The value identifier add is unbound.
azimuth_test/additional_moonbit_standard_tests.mbt:118:39-118:42 [E4021] The value identifier add is unbound.
azimuth_test/additional_moonbit_standard_tests.mbt:119:3-119:12 [E4021] The value identifier assert_eq is unbound.
azimuth_test/additional_moonbit_standard_tests.mbt:119:13-119:21 [E4021] The value identifier multiply is unbound.
azimuth_test/additional_moonbit_standard_tests.mbt:119:22-119:30 [E4021] The value identifier multiply is unbound.
azimuth_test/additional_moonbit_standard_tests.mbt:119:42-119:50 [E4021] The value identifier multiply is unbound.
azimuth_test/additional_moonbit_standard_tests.mbt:119:54-119:62 [E4021] The value identifier multiply is unbound.
azimuth_test/additional_moonbit_standard_tests.mbt:122:3-122:12 [E4021] The value identifier assert_eq is unbound.
azimuth_test/additional_moonbit_standard_tests.mbt:122:13-122:21 [E4021] The value identifier multiply is unbound.
azimuth_test/additional_moonbit_standard_tests.mbt:122:25-122:28 [E4021] The value identifier add is unbound.
azimuth_test/additional_moonbit_standard_tests.mbt:122:37-122:40 [E4021] The value identifier add is unbound.
azimuth_test/additional_moonbit_standard_tests.mbt:122:41-122:49 [E4021] The value identifier multiply is unbound.
azimuth_test/additional_moonbit_standard_tests.mbt:122:57-122:65 [E4021] The value identifier multiply is unbound.
Error: additional_moonbit_standard_tests.mbt compilation failed
Checking simple_test_verify.mbt...
azimuth_test/simple_test_verify.mbt:3:11-3:12 [E3001] Lexing error: missing identifier after `.`
azimuth_test/simple_test_verify.mbt:3:12-3:20 [E3002] Parse error, unexpected token package name, you may expect `;` or `}`.
azimuth_test/simple_test_verify.mbt:3:42-3:43 [E3001] Lexing error: missing identifier after `.`
azimuth_test/simple_test_verify.mbt:4:11-4:12 [E3001] Lexing error: missing identifier after `.`
azimuth_test/simple_test_verify.mbt:4:12-4:20 [E3002] Parse error, unexpected token package name, you may expect `;` or `}`.
azimuth_test/simple_test_verify.mbt:4:42-4:43 [E3001] Lexing error: missing identifier after `.`
azimuth_test/simple_test_verify.mbt:5:11-5:12 [E3001] Lexing error: missing identifier after `.`
azimuth_test/simple_test_verify.mbt:5:12-5:20 [E3002] Parse error, unexpected token package name, you may expect `;` or `}`.
azimuth_test/simple_test_verify.mbt:5:63-5:64 [E3001] Lexing error: missing identifier after `.`
Error: simple_test_verify.mbt compilation failed
Test file moonbit_test_enhanced.mbt not found
Checking moonbit_test_suite.mbt...
azimuth_test/moonbit_test_suite.mbt:70:7-70:8 [E0002] Warning (unused_value): Unused variable 'c'
Found 9 tests in moonbit_test_suite.mbt
test ... ok
test ... ok
test ... ok
test ... ok
test ... ok
test ... ok
test ... ok
test ... ok
test ... ok
Checking enhanced_moonbit_test_suite.mbt...
Found 10 tests in enhanced_moonbit_test_suite.mbt
test ... ok
test ... ok
test ... ok
test ... ok
test ... ok
test ... ok
test ... ok
test ... ok
test ... ok
test ... ok
Checking moonbit_standard_tests.mbt...
Found 10 tests in moonbit_standard_tests.mbt
test ... ok
test ... ok
test ... ok
test ... ok
test ... ok
test ... ok
test ... ok
test ... ok
test ... ok
test ... ok
Checking simple_moonbit_tests.mbt...
azimuth_test/simple_moonbit_tests.mbt:84:22-84:35 [E4095] Integer literal 2000000000000 is out of range.
Error: simple_moonbit_tests.mbt compilation failed
Checking new_standard_moonbit_tests.mbt...
Found 10 tests in new_standard_moonbit_tests.mbt
test ... ok
test ... ok
test ... ok
test ... ok
test ... ok
test ... ok
test ... ok
test ... ok
test ... ok
test ... ok
Checking compact_moonbit_tests.mbt...
Found 10 tests in compact_moonbit_tests.mbt
test ... ok
test ... ok
test ... ok
test ... ok
test ... ok
test ... ok
test ... ok
test ... ok
test ... ok
test ... ok
Checking moonbit_new_tests.mbt...
azimuth_test/moonbit_new_tests.mbt:15:3-15:10 [E3002] Expected upper case identifier for type name, found lower case identifier.
azimuth_test/moonbit_new_tests.mbt:22:3-22:10 [E3002] Expected upper case identifier for type name, found lower case identifier.
azimuth_test/moonbit_new_tests.mbt:30:12-30:19 [E3002] Expected upper case identifier for type name, found lower case identifier.
azimuth_test/moonbit_new_tests.mbt:31:12-31:19 [E3002] Expected upper case identifier for type name, found lower case identifier.
azimuth_test/moonbit_new_tests.mbt:32:12-32:19 [E3002] Expected upper case identifier for type name, found lower case identifier.
azimuth_test/moonbit_new_tests.mbt:33:12-33:19 [E3002] Expected upper case identifier for type name, found lower case identifier.
azimuth_test/moonbit_new_tests.mbt:34:12-34:19 [E3002] Expected upper case identifier for type name, found lower case identifier.
azimuth_test/moonbit_new_tests.mbt:35:12-35:19 [E3002] Expected upper case identifier for type name, found lower case identifier.
azimuth_test/moonbit_new_tests.mbt:36:12-36:19 [E3002] Expected upper case identifier for type name, found lower case identifier.
azimuth_test/moonbit_new_tests.mbt:37:12-37:19 [E3002] Expected upper case identifier for type name, found lower case identifier.
azimuth_test/moonbit_new_tests.mbt:38:13-38:20 [E3002] Expected upper case identifier for type name, found lower case identifier.
azimuth_test/moonbit_new_tests.mbt:40:3-40:10 [E3002] Expected upper case identifier for type name, found lower case identifier.
azimuth_test/moonbit_new_tests.mbt:41:3-41:10 [E3002] Expected upper case identifier for type name, found lower case identifier.
azimuth_test/moonbit_new_tests.mbt:42:3-42:10 [E3002] Expected upper case identifier for type name, found lower case identifier.
azimuth_test/moonbit_new_tests.mbt:43:3-43:10 [E3002] Expected upper case identifier for type name, found lower case identifier.
azimuth_test/moonbit_new_tests.mbt:44:3-44:10 [E3002] Expected upper case identifier for type name, found lower case identifier.
azimuth_test/moonbit_new_tests.mbt:45:3-45:10 [E3002] Expected upper case identifier for type name, found lower case identifier.
azimuth_test/moonbit_new_tests.mbt:46:3-46:10 [E3002] Expected upper case identifier for type name, found lower case identifier.
azimuth_test/moonbit_new_tests.mbt:47:3-47:10 [E3002] Expected upper case identifier for type name, found lower case identifier.
azimuth_test/moonbit_new_tests.mbt:48:3-48:10 [E3002] Expected upper case identifier for type name, found lower case identifier.
azimuth_test/moonbit_new_tests.mbt:59:3-59:10 [E3002] Expected upper case identifier for type name, found lower case identifier.
azimuth_test/moonbit_new_tests.mbt:74:21-74:28 [E3002] Expected upper case identifier for type name, found lower case identifier.
azimuth_test/moonbit_new_tests.mbt:74:34-74:41 [E3002] Expected upper case identifier for type name, found lower case identifier.
azimuth_test/moonbit_new_tests.mbt:74:47-74:54 [E3002] Expected upper case identifier for type name, found lower case identifier.
azimuth_test/moonbit_new_tests.mbt:74:60-74:67 [E3002] Expected upper case identifier for type name, found lower case identifier.
azimuth_test/moonbit_new_tests.mbt:74:88-74:95 [E3002] Expected upper case identifier for type name, found lower case identifier.
azimuth_test/moonbit_new_tests.mbt:74:117-74:124 [E3002] Expected upper case identifier for type name, found lower case identifier.
azimuth_test/moonbit_new_tests.mbt:75:3-75:10 [E3002] Expected upper case identifier for type name, found lower case identifier.
azimuth_test/moonbit_new_tests.mbt:90:3-90:10 [E3002] Expected upper case identifier for type name, found lower case identifier.
azimuth_test/moonbit_new_tests.mbt:99:3-99:10 [E3002] Expected upper case identifier for type name, found lower case identifier.
azimuth_test/moonbit_new_tests.mbt:112:15-112:22 [E3002] Expected upper case identifier for type name, found lower case identifier.
azimuth_test/moonbit_new_tests.mbt:112:41-112:48 [E3002] Expected upper case identifier for type name, found lower case identifier.
azimuth_test/moonbit_new_tests.mbt:113:15-113:22 [E3002] Expected upper case identifier for type name, found lower case identifier.
azimuth_test/moonbit_new_tests.mbt:113:41-113:48 [E3002] Expected upper case identifier for type name, found lower case identifier.
azimuth_test/moonbit_new_tests.mbt:114:15-114:22 [E3002] Expected upper case identifier for type name, found lower case identifier.
azimuth_test/moonbit_new_tests.mbt:114:41-114:48 [E3002] Expected upper case identifier for type name, found lower case identifier.
azimuth_test/moonbit_new_tests.mbt:115:22-115:29 [E3002] Expected upper case identifier for type name, found lower case identifier.
azimuth_test/moonbit_new_tests.mbt:115:35-115:42 [E3002] Expected upper case identifier for type name, found lower case identifier.
azimuth_test/moonbit_new_tests.mbt:117:3-117:10 [E3002] Expected upper case identifier for type name, found lower case identifier.
azimuth_test/moonbit_new_tests.mbt:124:16-124:23 [E3002] Expected upper case identifier for type name, found lower case identifier.
azimuth_test/moonbit_new_tests.mbt:124:43-124:50 [E3002] Expected upper case identifier for type name, found lower case identifier.
azimuth_test/moonbit_new_tests.mbt:125:16-125:23 [E3002] Expected upper case identifier for type name, found lower case identifier.
azimuth_test/moonbit_new_tests.mbt:125:43-125:50 [E3002] Expected upper case identifier for type name, found lower case identifier.
azimuth_test/moonbit_new_tests.mbt:126:16-126:23 [E3002] Expected upper case identifier for type name, found lower case identifier.
azimuth_test/moonbit_new_tests.mbt:126:43-126:50 [E3002] Expected upper case identifier for type name, found lower case identifier.
azimuth_test/moonbit_new_tests.mbt:127:23-127:30 [E3002] Expected upper case identifier for type name, found lower case identifier.
azimuth_test/moonbit_new_tests.mbt:127:36-127:43 [E3002] Expected upper case identifier for type name, found lower case identifier.
azimuth_test/moonbit_new_tests.mbt:129:3-129:10 [E3002] Expected upper case identifier for type name, found lower case identifier.
azimuth_test/moonbit_new_tests.mbt:141:3-141:10 [E3002] Expected upper case identifier for type name, found lower case identifier.
azimuth_test/moonbit_new_tests.mbt:147:3-147:10 [E3002] Expected upper case identifier for type name, found lower case identifier.
azimuth_test/moonbit_new_tests.mbt:158:3-158:10 [E3002] Expected upper case identifier for type name, found lower case identifier.
azimuth_test/moonbit_new_tests.mbt:161:19-161:26 [E3002] Expected upper case identifier for type name, found lower case identifier.
azimuth_test/moonbit_new_tests.mbt:162:19-162:26 [E3002] Expected upper case identifier for type name, found lower case identifier.
azimuth_test/moonbit_new_tests.mbt:163:19-163:26 [E3002] Expected upper case identifier for type name, found lower case identifier.
azimuth_test/moonbit_new_tests.mbt:165:38-165:39 [E4018] Type Unit does not implement trait Add: no `impl` is defined
azimuth_test/moonbit_new_tests.mbt:166:3-166:10 [E3002] Expected upper case identifier for type name, found lower case identifier.
azimuth_test/moonbit_new_tests.mbt:174:3-174:10 [E3002] Expected upper case identifier for type name, found lower case identifier.
azimuth_test/moonbit_new_tests.mbt:183:30-183:37 [E3002] Expected upper case identifier for type name, found lower case identifier.
azimuth_test/moonbit_new_tests.mbt:183:43-183:50 [E3002] Expected upper case identifier for type name, found lower case identifier.
azimuth_test/moonbit_new_tests.mbt:185:3-185:10 [E3002] Expected upper case identifier for type name, found lower case identifier.
azimuth_test/moonbit_new_tests.mbt:189:30-189:37 [E3002] Expected upper case identifier for type name, found lower case identifier.
azimuth_test/moonbit_new_tests.mbt:189:43-189:50 [E3002] Expected upper case identifier for type name, found lower case identifier.
azimuth_test/moonbit_new_tests.mbt:191:3-191:10 [E3002] Expected upper case identifier for type name, found lower case identifier.
azimuth_test/moonbit_new_tests.mbt:195:29-195:36 [E3002] Expected upper case identifier for type name, found lower case identifier.
azimuth_test/moonbit_new_tests.mbt:195:42-195:49 [E3002] Expected upper case identifier for type name, found lower case identifier.
azimuth_test/moonbit_new_tests.mbt:197:3-197:10 [E3002] Expected upper case identifier for type name, found lower case identifier.
azimuth_test/moonbit_new_tests.mbt:207:24-207:31 [E3002] Expected upper case identifier for type name, found lower case identifier.
azimuth_test/moonbit_new_tests.mbt:207:53-207:60 [E3002] Expected upper case identifier for type name, found lower case identifier.
azimuth_test/moonbit_new_tests.mbt:209:3-209:10 [E3002] Expected upper case identifier for type name, found lower case identifier.
azimuth_test/moonbit_new_tests.mbt:212:22-212:29 [E3002] Expected upper case identifier for type name, found lower case identifier.
azimuth_test/moonbit_new_tests.mbt:213:3-213:10 [E3002] Expected upper case identifier for type name, found lower case identifier.
azimuth_test/moonbit_new_tests.mbt:217:25-217:32 [E3002] Expected upper case identifier for type name, found lower case identifier.
azimuth_test/moonbit_new_tests.mbt:217:54-217:61 [E3002] Expected upper case identifier for type name, found lower case identifier.
azimuth_test/moonbit_new_tests.mbt:218:22-218:29 [E3002] Expected upper case identifier for type name, found lower case identifier.
azimuth_test/moonbit_new_tests.mbt:219:3-219:10 [E3002] Expected upper case identifier for type name, found lower case identifier.
Error: moonbit_new_tests.mbt compilation failed
Checking new_basic_test_suite.mbt...
Found 10 tests in new_basic_test_suite.mbt
test ... ok
test ... ok
test ... ok
test ... ok
test ... ok
test ... ok
test ... ok
test ... ok
test ... ok
test ... ok
Checking additional_moonbit_test_cases.mbt...
Found 10 tests in additional_moonbit_test_cases.mbt
test ... ok
test ... ok
test ... ok
test ... ok
test ... ok
test ... ok
test ... ok
test ... ok
test ... ok
test ... ok
Checking professional_moonbit_tests.mbt...
Found 10 tests in professional_moonbit_tests.mbt
test ... ok
test ... ok
test ... ok
test ... ok
test ... ok
test ... ok
test ... ok
test ... ok
test ... ok
test ... ok
Checking new_standard_tests.mbt...
Found 10 tests in new_standard_tests.mbt
test ... ok
test ... ok
test ... ok
test ... ok
test ... ok
test ... ok
test ... ok
test ... ok
test ... ok
test ... ok
Checking focused_moonbit_tests.mbt...
azimuth_test/focused_moonbit_tests.mbt:165:7-165:8 [E0002] Warning (unused_value): Unused variable 'y'
Found 10 tests in focused_moonbit_tests.mbt
test ... ok
test ... ok
test ... ok
test ... ok
test ... ok
test ... ok
test ... ok
test ... ok
test ... ok
test ... ok
Checking new_enhanced_moonbit_tests.mbt...
azimuth_test/new_enhanced_moonbit_tests.mbt:279:7-279:19 [E0002] Warning (unused_value): Unused variable 'input_string'
azimuth_test/new_enhanced_moonbit_tests.mbt:287:7-287:32 [E0002] Warning (unused_value): Unused variable 'slightly_different_string'
Found 19 tests in new_enhanced_moonbit_tests.mbt
test ... ok
test ... ok
test ... ok
test ... ok
test ... ok
test ... ok
test ... ok
test ... ok
test ... ok
test ... ok
test ... ok
test ... ok
test ... ok
test ... ok
test ... ok
test ... ok
test ... ok
test ... ok
test ... ok
Checking practical_test_cases.mbt...
Found 10 tests in practical_test_cases.mbt
test ... ok
test ... ok
test ... ok
test ... ok
test ... ok
test ... ok
test ... ok
test ... ok
test ... ok
test ... ok
Checking additional_comprehensive_tests.mbt...
azimuth_test/additional_comprehensive_tests.mbt:11:23-11:26 [E4021] The value identifier add is unbound.
azimuth_test/additional_comprehensive_tests.mbt:11:32-11:40 [E4021] The value identifier multiply is unbound.
azimuth_test/additional_comprehensive_tests.mbt:12:22-12:30 [E4021] The value identifier multiply is unbound.
azimuth_test/additional_comprehensive_tests.mbt:14:3-14:12 [E4021] The value identifier assert_eq is unbound.
azimuth_test/additional_comprehensive_tests.mbt:25:21-25:24 [E4021] The value identifier add is unbound.
azimuth_test/additional_comprehensive_tests.mbt:25:25-25:33 [E4021] The value identifier multiply is unbound.
azimuth_test/additional_comprehensive_tests.mbt:27:23-27:31 [E4021] The value identifier multiply is unbound.
azimuth_test/additional_comprehensive_tests.mbt:29:3-29:12 [E4021] The value identifier assert_eq is unbound.
azimuth_test/additional_comprehensive_tests.mbt:30:3-30:12 [E4021] The value identifier assert_eq is unbound.
azimuth_test/additional_comprehensive_tests.mbt:39:19-39:22 [E4021] The value identifier add is unbound.
azimuth_test/additional_comprehensive_tests.mbt:39:23-39:26 [E4021] The value identifier add is unbound.
azimuth_test/additional_comprehensive_tests.mbt:39:27-39:35 [E4021] The value identifier multiply is unbound.
azimuth_test/additional_comprehensive_tests.mbt:39:36-39:39 [E4021] The value identifier add is unbound.
azimuth_test/additional_comprehensive_tests.mbt:41:3-41:12 [E4021] The value identifier assert_eq is unbound.
azimuth_test/additional_comprehensive_tests.mbt:51:28-51:36 [E4021] The value identifier multiply is unbound.
azimuth_test/additional_comprehensive_tests.mbt:52:27-52:35 [E4021] The value identifier multiply is unbound.
azimuth_test/additional_comprehensive_tests.mbt:52:36-52:44 [E4021] The value identifier multiply is unbound.
azimuth_test/additional_comprehensive_tests.mbt:53:18-53:21 [E4021] The value identifier add is unbound.
azimuth_test/additional_comprehensive_tests.mbt:55:3-55:12 [E4021] The value identifier assert_eq is unbound.
azimuth_test/additional_comprehensive_tests.mbt:65:21-65:24 [E4021] The value identifier add is unbound.
azimuth_test/additional_comprehensive_tests.mbt:69:3-69:12 [E4021] The value identifier assert_eq is unbound.
azimuth_test/additional_comprehensive_tests.mbt:70:3-70:12 [E4021] The value identifier assert_eq is unbound.
azimuth_test/additional_comprehensive_tests.mbt:86:20-86:23 [E4021] The value identifier add is unbound.
azimuth_test/additional_comprehensive_tests.mbt:87:21-87:24 [E4021] The value identifier add is unbound.
azimuth_test/additional_comprehensive_tests.mbt:88:20-88:23 [E4021] The value identifier add is unbound.
azimuth_test/additional_comprehensive_tests.mbt:89:21-89:24 [E4021] The value identifier add is unbound.
azimuth_test/additional_comprehensive_tests.mbt:95:3-95:14 [E4021] The value identifier assert_true is unbound.
azimuth_test/additional_comprehensive_tests.mbt:96:3-96:14 [E4021] The value identifier assert_true is unbound.
azimuth_test/additional_comprehensive_tests.mbt:107:20-107:23 [E4021] The value identifier add is unbound.
azimuth_test/additional_comprehensive_tests.mbt:107:24-107:27 [E4021] The value identifier add is unbound.
azimuth_test/additional_comprehensive_tests.mbt:107:28-107:36 [E4021] The value identifier multiply is unbound.
azimuth_test/additional_comprehensive_tests.mbt:107:48-107:56 [E4021] The value identifier multiply is unbound.
azimuth_test/additional_comprehensive_tests.mbt:107:71-107:79 [E4021] The value identifier multiply is unbound.
azimuth_test/additional_comprehensive_tests.mbt:109:3-109:12 [E4021] The value identifier assert_eq is unbound.
azimuth_test/additional_comprehensive_tests.mbt:119:16-119:24 [E4021] The value identifier multiply is unbound.
azimuth_test/additional_comprehensive_tests.mbt:121:19-121:22 [E4021] The value identifier add is unbound.
azimuth_test/additional_comprehensive_tests.mbt:121:38-121:46 [E4021] The value identifier multiply is unbound.
azimuth_test/additional_comprehensive_tests.mbt:123:3-123:12 [E4021] The value identifier assert_eq is unbound.
azimuth_test/additional_comprehensive_tests.mbt:124:3-124:12 [E4021] The value identifier assert_eq is unbound.
azimuth_test/additional_comprehensive_tests.mbt:133:25-133:28 [E4021] The value identifier add is unbound.
azimuth_test/additional_comprehensive_tests.mbt:133:44-133:52 [E4021] The value identifier multiply is unbound.
azimuth_test/additional_comprehensive_tests.mbt:134:27-134:35 [E4021] The value identifier multiply is unbound.
azimuth_test/additional_comprehensive_tests.mbt:136:3-136:12 [E4021] The value identifier assert_eq is unbound.
azimuth_test/additional_comprehensive_tests.mbt:146:20-146:23 [E4021] The value identifier add is unbound.
azimuth_test/additional_comprehensive_tests.mbt:146:24-146:32 [E4021] The value identifier multiply is unbound.
azimuth_test/additional_comprehensive_tests.mbt:148:3-148:12 [E4021] The value identifier assert_eq is unbound.
azimuth_test/additional_comprehensive_tests.mbt:152:15-152:18 [E4021] The value identifier add is unbound.
azimuth_test/additional_comprehensive_tests.mbt:152:33-152:41 [E4021] The value identifier multiply is unbound.
azimuth_test/additional_comprehensive_tests.mbt:154:3-154:12 [E4021] The value identifier assert_eq is unbound.
Error: additional_comprehensive_tests.mbt compilation failed
Checking enhanced_application_tests.mbt...
azimuth_test/enhanced_application_tests.mbt:10:7-10:20 [E0002] Warning (unused_value): Unused variable 'angle_degrees'
azimuth_test/enhanced_application_tests.mbt:103:7-103:16 [E0002] Warning (unused_value): Unused variable 'plaintext'
Found 8 tests in enhanced_application_tests.mbt
test ... ok
test ... ok
test ... ok
test ... ok
test ... ok
test ... ok
test ... ok
test ... ok
Checking moonbit_additional_test_cases.mbt...
Found 9 tests in moonbit_additional_test_cases.mbt
test ... ok
test ... ok
test ... ok
test ... ok
test ... ok
test ... ok
test ... ok
test ... ok
test ... ok
Checking final_moonbit_tests.mbt...
Found 10 tests in final_moonbit_tests.mbt
test ... ok
test ... ok
test ... ok
test ... ok
test ... ok
test ... ok
test ... ok
test ... ok
test ... ok
test ... ok
Checking new_moonbit_standard_tests.mbt...
Found 10 tests in new_moonbit_standard_tests.mbt
test ... ok
test ... ok
test ... ok
test ... ok
test ... ok
test ... ok
test ... ok
test ... ok
test ... ok
test ... ok
Checking extra_moonbit_test_cases.mbt...
azimuth_test/extra_moonbit_test_cases.mbt:6:3-6:12 [E4021] The value identifier assert_eq is unbound.
azimuth_test/extra_moonbit_test_cases.mbt:6:17-6:20 [E4021] The value identifier add is unbound.
azimuth_test/extra_moonbit_test_cases.mbt:7:3-7:12 [E4021] The value identifier assert_eq is unbound.
azimuth_test/extra_moonbit_test_cases.mbt:7:16-7:19 [E4021] The value identifier add is unbound.
azimuth_test/extra_moonbit_test_cases.mbt:8:3-8:12 [E4021] The value identifier assert_eq is unbound.
azimuth_test/extra_moonbit_test_cases.mbt:8:17-8:20 [E4021] The value identifier add is unbound.
azimuth_test/extra_moonbit_test_cases.mbt:17:3-17:12 [E4021] The value identifier assert_eq is unbound.
azimuth_test/extra_moonbit_test_cases.mbt:17:22-17:25 [E4021] The value identifier add is unbound.
azimuth_test/extra_moonbit_test_cases.mbt:18:3-18:12 [E4021] The value identifier assert_eq is unbound.
azimuth_test/extra_moonbit_test_cases.mbt:18:22-18:25 [E4021] The value identifier add is unbound.
azimuth_test/extra_moonbit_test_cases.mbt:19:3-19:12 [E4021] The value identifier assert_eq is unbound.
azimuth_test/extra_moonbit_test_cases.mbt:19:17-19:20 [E4021] The value identifier add is unbound.
azimuth_test/extra_moonbit_test_cases.mbt:24:3-24:12 [E4021] The value identifier assert_eq is unbound.
azimuth_test/extra_moonbit_test_cases.mbt:24:17-24:25 [E4021] The value identifier multiply is unbound.
azimuth_test/extra_moonbit_test_cases.mbt:25:3-25:12 [E4021] The value identifier assert_eq is unbound.
azimuth_test/extra_moonbit_test_cases.mbt:25:18-25:26 [E4021] The value identifier multiply is unbound.
azimuth_test/extra_moonbit_test_cases.mbt:26:3-26:12 [E4021] The value identifier assert_eq is unbound.
azimuth_test/extra_moonbit_test_cases.mbt:26:16-26:24 [E4021] The value identifier multiply is unbound.
azimuth_test/extra_moonbit_test_cases.mbt:35:3-35:12 [E4021] The value identifier assert_eq is unbound.
azimuth_test/extra_moonbit_test_cases.mbt:35:22-35:30 [E4021] The value identifier multiply is unbound.
azimuth_test/extra_moonbit_test_cases.mbt:36:3-36:12 [E4021] The value identifier assert_eq is unbound.
azimuth_test/extra_moonbit_test_cases.mbt:36:22-36:30 [E4021] The value identifier multiply is unbound.
azimuth_test/extra_moonbit_test_cases.mbt:37:3-37:12 [E4021] The value identifier assert_eq is unbound.
azimuth_test/extra_moonbit_test_cases.mbt:37:16-37:24 [E4021] The value identifier multiply is unbound.
azimuth_test/extra_moonbit_test_cases.mbt:42:3-42:19 [E4021] The value identifier assert_eq_string is unbound.
azimuth_test/extra_moonbit_test_cases.mbt:42:39-42:44 [E4021] The value identifier greet is unbound.
azimuth_test/extra_moonbit_test_cases.mbt:43:3-43:19 [E4021] The value identifier assert_eq_string is unbound.
azimuth_test/extra_moonbit_test_cases.mbt:43:32-43:37 [E4021] The value identifier greet is unbound.
azimuth_test/extra_moonbit_test_cases.mbt:44:3-44:19 [E4021] The value identifier assert_eq_string is unbound.
azimuth_test/extra_moonbit_test_cases.mbt:44:37-44:42 [E4021] The value identifier greet is unbound.
azimuth_test/extra_moonbit_test_cases.mbt:55:13-55:16 [E4021] The value identifier add is unbound.
azimuth_test/extra_moonbit_test_cases.mbt:56:17-56:25 [E4021] The value identifier multiply is unbound.
azimuth_test/extra_moonbit_test_cases.mbt:57:16-57:19 [E4021] The value identifier add is unbound.
azimuth_test/extra_moonbit_test_cases.mbt:59:3-59:12 [E4021] The value identifier assert_eq is unbound.
azimuth_test/extra_moonbit_test_cases.mbt:68:3-68:12 [E4021] The value identifier assert_eq is unbound.
azimuth_test/extra_moonbit_test_cases.mbt:68:13-68:16 [E4021] The value identifier add is unbound.
azimuth_test/extra_moonbit_test_cases.mbt:68:24-68:27 [E4021] The value identifier add is unbound.
azimuth_test/extra_moonbit_test_cases.mbt:71:3-71:12 [E4021] The value identifier assert_eq is unbound.
azimuth_test/extra_moonbit_test_cases.mbt:71:13-71:21 [E4021] The value identifier multiply is unbound.
azimuth_test/extra_moonbit_test_cases.mbt:71:29-71:37 [E4021] The value identifier multiply is unbound.
azimuth_test/extra_moonbit_test_cases.mbt:74:3-74:12 [E4021] The value identifier assert_eq is unbound.
azimuth_test/extra_moonbit_test_cases.mbt:74:13-74:21 [E4021] The value identifier multiply is unbound.
azimuth_test/extra_moonbit_test_cases.mbt:74:25-74:28 [E4021] The value identifier add is unbound.
azimuth_test/extra_moonbit_test_cases.mbt:74:37-74:40 [E4021] The value identifier add is unbound.
azimuth_test/extra_moonbit_test_cases.mbt:74:41-74:49 [E4021] The value identifier multiply is unbound.
azimuth_test/extra_moonbit_test_cases.mbt:74:57-74:65 [E4021] The value identifier multiply is unbound.
azimuth_test/extra_moonbit_test_cases.mbt:84:16-84:24 [E4021] The value identifier multiply is unbound.
azimuth_test/extra_moonbit_test_cases.mbt:85:16-85:24 [E4021] The value identifier multiply is unbound.
azimuth_test/extra_moonbit_test_cases.mbt:86:20-86:23 [E4021] The value identifier add is unbound.
azimuth_test/extra_moonbit_test_cases.mbt:88:3-88:12 [E4021] The value identifier assert_eq is unbound.
azimuth_test/extra_moonbit_test_cases.mbt:93:3-93:14 [E4021] The value identifier assert_true is unbound.
azimuth_test/extra_moonbit_test_cases.mbt:94:3-94:15 [E4021] The value identifier assert_false is unbound.
azimuth_test/extra_moonbit_test_cases.mbt:95:3-95:12 [E4021] The value identifier assert_eq is unbound.
azimuth_test/extra_moonbit_test_cases.mbt:96:3-96:19 [E4021] The value identifier assert_eq_string is unbound.
azimuth_test/extra_moonbit_test_cases.mbt:106:3-106:12 [E4021] The value identifier assert_eq is unbound.
azimuth_test/extra_moonbit_test_cases.mbt:106:22-106:25 [E4021] The value identifier add is unbound.
azimuth_test/extra_moonbit_test_cases.mbt:107:3-107:12 [E4021] The value identifier assert_eq is unbound.
azimuth_test/extra_moonbit_test_cases.mbt:107:22-107:25 [E4021] The value identifier add is unbound.
azimuth_test/extra_moonbit_test_cases.mbt:108:3-108:12 [E4021] The value identifier assert_eq is unbound.
azimuth_test/extra_moonbit_test_cases.mbt:108:19-108:27 [E4021] The value identifier multiply is unbound.
azimuth_test/extra_moonbit_test_cases.mbt:109:3-109:12 [E4021] The value identifier assert_eq is unbound.
azimuth_test/extra_moonbit_test_cases.mbt:109:19-109:27 [E4021] The value identifier multiply is unbound.
azimuth_test/extra_moonbit_test_cases.mbt:110:3-110:12 [E4021] The value identifier assert_eq is unbound.
azimuth_test/extra_moonbit_test_cases.mbt:110:22-110:30 [E4021] The value identifier multiply is unbound.
azimuth_test/extra_moonbit_test_cases.mbt:111:3-111:12 [E4021] The value identifier assert_eq is unbound.
azimuth_test/extra_moonbit_test_cases.mbt:111:22-111:30 [E4021] The value identifier multiply is unbound.
Error: extra_moonbit_test_cases.mbt compilation failed
Checking new_moonbit_test_examples.mbt...
azimuth_test/new_moonbit_test_examples.mbt:161:7-161:17 [E0002] Warning (unused_value): Unused variable 'cache_size'
Found 10 tests in new_moonbit_test_examples.mbt
test ... ok
test ... ok
test ... ok
test ... ok
test ... ok
test ... ok
test ... ok
test ... ok
test ... ok
test ... ok
Checking new_comprehensive_moonbit_tests.mbt...
Found 10 tests in new_comprehensive_moonbit_tests.mbt
test ... ok
test ... ok
test ... ok
test ... ok
test ... ok
test ... ok
test ... ok
test ... ok
test ... ok
test ... ok
Checking additional_moonbit_tests_final.mbt...
azimuth_test/additional_moonbit_tests_final.mbt:62:7-62:12 [E0002] Warning (unused_value): Unused variable 'value'
Found 10 tests in additional_moonbit_tests_final.mbt
test ... ok
test ... ok
test ... ok
test ... ok
test ... ok
test ... ok
test ... ok
test ... ok
test ... ok
test ... ok
Checking new_test_cases.mbt...
Found 10 tests in new_test_cases.mbt
test ... ok
test ... ok
test ... ok
test ... ok
test ... ok
test ... ok
test ... ok
test ... ok
test ... ok
test ... ok
Checking moon_test_standard.mbt...
Found 10 tests in moon_test_standard.mbt
test ... ok
test ... ok
test ... ok
test ... ok
test ... ok
test ... ok
test ... ok
test ... ok
test ... ok
test ... ok
Checking creative_moonbit_tests.mbt...
azimuth_test/creative_moonbit_tests.mbt:87:7-87:19 [E0002] Warning (unused_value): Unused variable 'input_string'
azimuth_test/creative_moonbit_tests.mbt:100:7-100:20 [E0002] Warning (unused_value): Unused variable 'input_string2'
azimuth_test/creative_moonbit_tests.mbt:245:7-245:17 [E0002] Warning (unused_value): Unused variable 'swap_count'
Found 10 tests in creative_moonbit_tests.mbt
test ... ok
test ... ok
test ... ok
test ... ok
test ... ok
test ... ok
test ... ok
test ... ok
test ... ok
test ... ok
Checking standard_test_suite.mbt...
Found 10 tests in standard_test_suite.mbt
test ... ok
test ... ok
test ... ok
test ... ok
test ... ok
test ... ok
test ... ok
test ... ok
test ... ok
test ... ok
Checking additional_test_scenarios.mbt...
Found 10 tests in additional_test_scenarios.mbt
test ... ok
test ... ok
test ... ok
test ... ok
test ... ok
test ... ok
test ... ok
test ... ok
test ... ok
test ... ok
Checking focused_core_tests.mbt...
Found 9 tests in focused_core_tests.mbt
test ... ok
test ... ok
test ... ok
test ... ok
test ... ok
test ... ok
test ... ok
test ... ok
test ... ok
Checking my_additional_tests.mbt...
azimuth_test/my_additional_tests.mbt:68:7-68:20 [E0002] Warning (unused_value): Unused variable 'celsius_temps'
azimuth_test/my_additional_tests.mbt:69:7-69:26 [E0002] Warning (unused_value): Unused variable 'expected_fahrenheit'
azimuth_test/my_additional_tests.mbt:134:7-134:12 [E0002] Warning (unused_value): Unused variable 'angle'
azimuth_test/my_additional_tests.mbt:157:7-157:11 [E0002] Warning (unused_value): Unused variable 'rows'
Found 10 tests in my_additional_tests.mbt
test ... ok
test ... ok
test ... ok
test ... ok
test ... ok
test ... ok
test ... ok
test ... ok
test ... ok
test ... ok
Checking additional_moonbit_tests_new.mbt...
Found 10 tests in additional_moonbit_tests_new.mbt
test ... ok
test ... ok
test ... ok
test ... ok
test ... ok
test ... ok
test ... ok
test ... ok
test ... ok
test ... ok
Checking moonbit_standard_test_cases_new.mbt...
Found 9 tests in moonbit_standard_test_cases_new.mbt
test ... ok
test ... ok
test ... ok
test ... ok
test ... ok
test ... ok
test ... ok
test ... ok
test ... ok
Checking standard_moonbit_tests_new.mbt...
Found 10 tests in standard_moonbit_tests_new.mbt
test ... ok
test ... ok
test ... ok
test ... ok
test ... ok
test ... ok
test ... ok
test ... ok
test ... ok
test ... ok
Checking new_moon_test_cases.mbt...
Found 10 tests in new_moon_test_cases.mbt
test ... ok
test ... ok
test ... ok
test ... ok
test ... ok
test ... ok
test ... ok
test ... ok
test ... ok
test ... ok
Checking user_added_tests.mbt...
azimuth_test/user_added_tests.mbt:407:7-407:8 [E0002] Warning (unused_value): Unused variable 'a'
azimuth_test/user_added_tests.mbt:408:7-408:8 [E0002] Warning (unused_value): Unused variable 'r'
azimuth_test/user_added_tests.mbt:409:7-409:12 [E0002] Warning (unused_value): Unused variable 'terms'
Found 11 tests in user_added_tests.mbt
test ... ok
test ... ok
test ... ok
test ... ok
test ... ok
test ... ok
test ... ok
test ... ok
test ... ok
test ... ok
test ... ok
Checking advanced_ceiling_tests.mbt...
Found 8 tests in advanced_ceiling_tests.mbt
test ... ok
test ... ok
test ... ok
test ... ok
test ... ok
test ... ok
test ... ok
test ... ok
Checking enhanced_practical_tests.mbt...
Found 10 tests in enhanced_practical_tests.mbt
test ... ok
test ... ok
test ... ok
test ... ok
test ... ok
test ... ok
test ... ok
test ... ok
test ... ok
test ... ok
Checking moonbit_enhanced_tests.mbt...
Found 10 tests in moonbit_enhanced_tests.mbt
test ... ok
test ... ok
test ... ok
test ... ok
test ... ok
test ... ok
test ... ok
test ... ok
test ... ok
test ... ok
Checking azimuth_extended_tests.mbt...
Found 10 tests in azimuth_extended_tests.mbt
test ... ok
test ... ok
test ... ok
test ... ok
test ... ok
test ... ok
test ... ok
test ... ok
test ... ok
test ... ok
Checking enhanced_moonbit_tests.mbt...
azimuth_test/enhanced_moonbit_tests.mbt:195:7-195:12 [E0002] Warning (unused_value): Unused variable 'terms'
Found 10 tests in enhanced_moonbit_tests.mbt
test ... ok
test ... ok
test ... ok
test ... ok
test ... ok
test ... ok
test ... ok
test ... ok
test ... ok
test ... ok
Checking simple_enhanced_test.mbt...
Found 3 tests in simple_enhanced_test.mbt
test ... ok
test ... ok
test ... ok
Checking moonbit_simple_tests.mbt...
azimuth_test/moonbit_simple_tests.mbt:15:3-15:14 [E4021] The value identifier assert_true is unbound.
azimuth_test/moonbit_simple_tests.mbt:22:3-22:14 [E4021] The value identifier assert_true is unbound.
azimuth_test/moonbit_simple_tests.mbt:30:12-30:15 [E4021] The value identifier add is unbound.
azimuth_test/moonbit_simple_tests.mbt:31:12-31:15 [E4021] The value identifier add is unbound.
azimuth_test/moonbit_simple_tests.mbt:32:12-32:15 [E4021] The value identifier add is unbound.
azimuth_test/moonbit_simple_tests.mbt:33:12-33:15 [E4021] The value identifier add is unbound.
azimuth_test/moonbit_simple_tests.mbt:34:12-34:15 [E4021] The value identifier add is unbound.
azimuth_test/moonbit_simple_tests.mbt:35:12-35:15 [E4021] The value identifier add is unbound.
azimuth_test/moonbit_simple_tests.mbt:36:12-36:15 [E4021] The value identifier add is unbound.
azimuth_test/moonbit_simple_tests.mbt:37:12-37:15 [E4021] The value identifier add is unbound.
azimuth_test/moonbit_simple_tests.mbt:38:13-38:16 [E4021] The value identifier add is unbound.
azimuth_test/moonbit_simple_tests.mbt:40:3-40:12 [E4021] The value identifier assert_eq is unbound.
azimuth_test/moonbit_simple_tests.mbt:41:3-41:12 [E4021] The value identifier assert_eq is unbound.
azimuth_test/moonbit_simple_tests.mbt:42:3-42:12 [E4021] The value identifier assert_eq is unbound.
azimuth_test/moonbit_simple_tests.mbt:43:3-43:12 [E4021] The value identifier assert_eq is unbound.
azimuth_test/moonbit_simple_tests.mbt:44:3-44:12 [E4021] The value identifier assert_eq is unbound.
azimuth_test/moonbit_simple_tests.mbt:45:3-45:12 [E4021] The value identifier assert_eq is unbound.
azimuth_test/moonbit_simple_tests.mbt:46:3-46:12 [E4021] The value identifier assert_eq is unbound.
azimuth_test/moonbit_simple_tests.mbt:47:3-47:12 [E4021] The value identifier assert_eq is unbound.
azimuth_test/moonbit_simple_tests.mbt:48:3-48:12 [E4021] The value identifier assert_eq is unbound.
azimuth_test/moonbit_simple_tests.mbt:59:3-59:12 [E4021] The value identifier assert_eq is unbound.
azimuth_test/moonbit_simple_tests.mbt:74:21-74:24 [E4021] The value identifier add is unbound.
azimuth_test/moonbit_simple_tests.mbt:74:25-74:28 [E4021] The value identifier add is unbound.
azimuth_test/moonbit_simple_tests.mbt:74:29-74:32 [E4021] The value identifier add is unbound.
azimuth_test/moonbit_simple_tests.mbt:74:33-74:41 [E4021] The value identifier multiply is unbound.
azimuth_test/moonbit_simple_tests.mbt:74:52-74:60 [E4021] The value identifier multiply is unbound.
azimuth_test/moonbit_simple_tests.mbt:74:72-74:80 [E4021] The value identifier multiply is unbound.
azimuth_test/moonbit_simple_tests.mbt:75:3-75:12 [E4021] The value identifier assert_eq is unbound.
azimuth_test/moonbit_simple_tests.mbt:90:3-90:14 [E4021] The value identifier assert_true is unbound.
azimuth_test/moonbit_simple_tests.mbt:99:3-99:14 [E4021] The value identifier assert_true is unbound.
azimuth_test/moonbit_simple_tests.mbt:112:15-112:23 [E4021] The value identifier multiply is unbound.
azimuth_test/moonbit_simple_tests.mbt:112:32-112:40 [E4021] The value identifier multiply is unbound.
azimuth_test/moonbit_simple_tests.mbt:113:15-113:23 [E4021] The value identifier multiply is unbound.
azimuth_test/moonbit_simple_tests.mbt:113:32-113:40 [E4021] The value identifier multiply is unbound.
azimuth_test/moonbit_simple_tests.mbt:114:15-114:23 [E4021] The value identifier multiply is unbound.
azimuth_test/moonbit_simple_tests.mbt:114:32-114:40 [E4021] The value identifier multiply is unbound.
azimuth_test/moonbit_simple_tests.mbt:115:22-115:25 [E4021] The value identifier add is unbound.
azimuth_test/moonbit_simple_tests.mbt:115:26-115:29 [E4021] The value identifier add is unbound.
azimuth_test/moonbit_simple_tests.mbt:117:3-117:12 [E4021] The value identifier assert_eq is unbound.
azimuth_test/moonbit_simple_tests.mbt:124:16-124:24 [E4021] The value identifier multiply is unbound.
azimuth_test/moonbit_simple_tests.mbt:124:34-124:42 [E4021] The value identifier multiply is unbound.
azimuth_test/moonbit_simple_tests.mbt:125:16-125:24 [E4021] The value identifier multiply is unbound.
azimuth_test/moonbit_simple_tests.mbt:125:34-125:42 [E4021] The value identifier multiply is unbound.
azimuth_test/moonbit_simple_tests.mbt:126:16-126:24 [E4021] The value identifier multiply is unbound.
azimuth_test/moonbit_simple_tests.mbt:126:34-126:42 [E4021] The value identifier multiply is unbound.
azimuth_test/moonbit_simple_tests.mbt:127:23-127:26 [E4021] The value identifier add is unbound.
azimuth_test/moonbit_simple_tests.mbt:127:27-127:30 [E4021] The value identifier add is unbound.
azimuth_test/moonbit_simple_tests.mbt:129:3-129:14 [E4021] The value identifier assert_true is unbound.
azimuth_test/moonbit_simple_tests.mbt:141:3-141:14 [E4021] The value identifier assert_true is unbound.
azimuth_test/moonbit_simple_tests.mbt:147:3-147:14 [E4021] The value identifier assert_true is unbound.
azimuth_test/moonbit_simple_tests.mbt:158:3-158:14 [E4021] The value identifier assert_true is unbound.
azimuth_test/moonbit_simple_tests.mbt:161:19-161:27 [E4021] The value identifier multiply is unbound.
azimuth_test/moonbit_simple_tests.mbt:162:19-162:27 [E4021] The value identifier multiply is unbound.
azimuth_test/moonbit_simple_tests.mbt:163:19-163:27 [E4021] The value identifier multiply is unbound.
azimuth_test/moonbit_simple_tests.mbt:165:38-165:39 [E4018] Type Unit does not implement trait Add: no `impl` is defined
azimuth_test/moonbit_simple_tests.mbt:166:3-166:14 [E4021] The value identifier assert_true is unbound.
azimuth_test/moonbit_simple_tests.mbt:174:3-174:14 [E4021] The value identifier assert_true is unbound.
azimuth_test/moonbit_simple_tests.mbt:183:30-183:33 [E4021] The value identifier add is unbound.
azimuth_test/moonbit_simple_tests.mbt:183:34-183:42 [E4021] The value identifier multiply is unbound.
azimuth_test/moonbit_simple_tests.mbt:185:3-185:12 [E4021] The value identifier assert_eq is unbound.
azimuth_test/moonbit_simple_tests.mbt:189:30-189:33 [E4021] The value identifier add is unbound.
azimuth_test/moonbit_simple_tests.mbt:189:34-189:42 [E4021] The value identifier multiply is unbound.
azimuth_test/moonbit_simple_tests.mbt:191:3-191:12 [E4021] The value identifier assert_eq is unbound.
azimuth_test/moonbit_simple_tests.mbt:195:29-195:32 [E4021] The value identifier add is unbound.
azimuth_test/moonbit_simple_tests.mbt:195:33-195:41 [E4021] The value identifier multiply is unbound.
azimuth_test/moonbit_simple_tests.mbt:197:3-197:12 [E4021] The value identifier assert_eq is unbound.
azimuth_test/moonbit_simple_tests.mbt:207:24-207:32 [E4021] The value identifier multiply is unbound.
azimuth_test/moonbit_simple_tests.mbt:207:44-207:52 [E4021] The value identifier multiply is unbound.
azimuth_test/moonbit_simple_tests.mbt:209:3-209:12 [E4021] The value identifier assert_eq is unbound.
azimuth_test/moonbit_simple_tests.mbt:212:22-212:25 [E4021] The value identifier add is unbound.
azimuth_test/moonbit_simple_tests.mbt:213:3-213:12 [E4021] The value identifier assert_eq is unbound.
azimuth_test/moonbit_simple_tests.mbt:217:25-217:33 [E4021] The value identifier multiply is unbound.
azimuth_test/moonbit_simple_tests.mbt:217:45-217:53 [E4021] The value identifier multiply is unbound.
azimuth_test/moonbit_simple_tests.mbt:218:22-218:25 [E4021] The value identifier add is unbound.
azimuth_test/moonbit_simple_tests.mbt:219:3-219:12 [E4021] The value identifier assert_eq is unbound.
Error: moonbit_simple_tests.mbt compilation failed
Checking moonbit_comprehensive_tests.mbt...
Found 10 tests in moonbit_comprehensive_tests.mbt
test ... ok
test ... ok
test ... ok
test ... ok
test ... ok
test ... ok
test ... ok
test ... ok
test ... ok
test ... ok
Checking new_advanced_moon_tests.mbt...
azimuth_test/new_advanced_moon_tests.mbt:200:7-200:19 [E0002] Warning (unused_value): Unused variable 'base_weekday'
azimuth_test/new_advanced_moon_tests.mbt:239:7-239:17 [E0002] Warning (unused_value): Unused variable 'remainder3'
azimuth_test/new_advanced_moon_tests.mbt:254:7-254:17 [E0002] Warning (unused_value): Unused variable 'remainder6'
Found 10 tests in new_advanced_moon_tests.mbt
test ... ok
test ... ok
test ... ok
test ... ok
test ... ok
test ... ok
test ... ok
test ... ok
test ... ok
test ... ok
Checking moonbit_enhanced_test_suite.mbt...
Found 10 tests in moonbit_enhanced_test_suite.mbt
test ... ok
test ... ok
test ... ok
test ... ok
test ... ok
test ... ok
test ... ok
test ... ok
test ... ok
test ... ok
Checking practical_moonbit_tests.mbt...
azimuth_test/practical_moonbit_tests.mbt:160:7-160:11 [E0002] Warning (unused_value): Unused variable 'time'
Found 10 tests in practical_moonbit_tests.mbt
test ... ok
test ... ok
test ... ok
test ... ok
test ... ok
test ... ok
test ... ok
test ... ok
test ... ok
test ... ok
Checking self_contained_tests.mbt...
Found 10 tests in self_contained_tests.mbt
test ... ok
test ... ok
test ... ok
test ... ok
test ... ok
test ... ok
test ... ok
test ... ok
test ... ok
test ... ok
Checking new_comprehensive_test_cases.mbt...
azimuth_test/new_comprehensive_test_cases.mbt:10:13-10:21 [E4021] The value identifier multiply is unbound.
azimuth_test/new_comprehensive_test_cases.mbt:10:25-10:28 [E4021] The value identifier add is unbound.
azimuth_test/new_comprehensive_test_cases.mbt:11:3-11:12 [E4021] The value identifier assert_eq is unbound.
azimuth_test/new_comprehensive_test_cases.mbt:18:15-18:23 [E4021] The value identifier multiply is unbound.
azimuth_test/new_comprehensive_test_cases.mbt:19:15-19:23 [E4021] The value identifier multiply is unbound.
azimuth_test/new_comprehensive_test_cases.mbt:20:15-20:23 [E4021] The value identifier multiply is unbound.
azimuth_test/new_comprehensive_test_cases.mbt:21:15-21:23 [E4021] The value identifier multiply is unbound.
azimuth_test/new_comprehensive_test_cases.mbt:22:13-22:16 [E4021] The value identifier add is unbound.
azimuth_test/new_comprehensive_test_cases.mbt:22:17-22:20 [E4021] The value identifier add is unbound.
azimuth_test/new_comprehensive_test_cases.mbt:22:21-22:24 [E4021] The value identifier add is unbound.
azimuth_test/new_comprehensive_test_cases.mbt:22:25-22:28 [E4021] The value identifier add is unbound.
azimuth_test/new_comprehensive_test_cases.mbt:23:3-23:12 [E4021] The value identifier assert_eq is unbound.
azimuth_test/new_comprehensive_test_cases.mbt:30:29-30:32 [E4021] The value identifier add is unbound.
azimuth_test/new_comprehensive_test_cases.mbt:30:33-30:41 [E4021] The value identifier multiply is unbound.
azimuth_test/new_comprehensive_test_cases.mbt:31:3-31:12 [E4021] The value identifier assert_eq is unbound.
azimuth_test/new_comprehensive_test_cases.mbt:34:25-34:28 [E4021] The value identifier add is unbound.
azimuth_test/new_comprehensive_test_cases.mbt:34:29-34:37 [E4021] The value identifier multiply is unbound.
azimuth_test/new_comprehensive_test_cases.mbt:35:3-35:12 [E4021] The value identifier assert_eq is unbound.
azimuth_test/new_comprehensive_test_cases.mbt:38:28-38:31 [E4021] The value identifier add is unbound.
azimuth_test/new_comprehensive_test_cases.mbt:38:32-38:40 [E4021] The value identifier multiply is unbound.
azimuth_test/new_comprehensive_test_cases.mbt:39:3-39:12 [E4021] The value identifier assert_eq is unbound.
azimuth_test/new_comprehensive_test_cases.mbt:48:23-48:31 [E4021] The value identifier multiply is unbound.
azimuth_test/new_comprehensive_test_cases.mbt:49:23-49:26 [E4021] The value identifier add is unbound.
azimuth_test/new_comprehensive_test_cases.mbt:50:22-50:30 [E4021] The value identifier multiply is unbound.
azimuth_test/new_comprehensive_test_cases.mbt:53:3-53:12 [E4021] The value identifier assert_eq is unbound.
azimuth_test/new_comprehensive_test_cases.mbt:66:19-66:27 [E4021] The value identifier multiply is unbound.
azimuth_test/new_comprehensive_test_cases.mbt:67:19-67:27 [E4021] The value identifier multiply is unbound.
azimuth_test/new_comprehensive_test_cases.mbt:68:18-68:21 [E4021] The value identifier add is unbound.
azimuth_test/new_comprehensive_test_cases.mbt:72:5-72:13 [E4021] The value identifier multiply is unbound.
azimuth_test/new_comprehensive_test_cases.mbt:78:21-78:24 [E4021] The value identifier add is unbound.
azimuth_test/new_comprehensive_test_cases.mbt:79:3-79:12 [E4021] The value identifier assert_eq is unbound.
azimuth_test/new_comprehensive_test_cases.mbt:89:28-89:31 [E4021] The value identifier add is unbound.
azimuth_test/new_comprehensive_test_cases.mbt:89:32-89:40 [E4021] The value identifier multiply is unbound.
azimuth_test/new_comprehensive_test_cases.mbt:92:18-92:26 [E4021] The value identifier multiply is unbound.
azimuth_test/new_comprehensive_test_cases.mbt:93:3-93:12 [E4021] The value identifier assert_eq is unbound.
azimuth_test/new_comprehensive_test_cases.mbt:97:21-97:29 [E4021] The value identifier multiply is unbound.
azimuth_test/new_comprehensive_test_cases.mbt:98:3-98:12 [E4021] The value identifier assert_eq is unbound.
azimuth_test/new_comprehensive_test_cases.mbt:109:15-109:18 [E4021] The value identifier add is unbound.
azimuth_test/new_comprehensive_test_cases.mbt:109:19-109:27 [E4021] The value identifier multiply is unbound.
azimuth_test/new_comprehensive_test_cases.mbt:110:3-110:12 [E4021] The value identifier assert_eq is unbound.
azimuth_test/new_comprehensive_test_cases.mbt:113:21-113:24 [E4021] The value identifier add is unbound.
azimuth_test/new_comprehensive_test_cases.mbt:113:25-113:33 [E4021] The value identifier multiply is unbound.
azimuth_test/new_comprehensive_test_cases.mbt:114:3-114:12 [E4021] The value identifier assert_eq is unbound.
azimuth_test/new_comprehensive_test_cases.mbt:116:20-116:23 [E4021] The value identifier add is unbound.
azimuth_test/new_comprehensive_test_cases.mbt:116:24-116:32 [E4021] The value identifier multiply is unbound.
azimuth_test/new_comprehensive_test_cases.mbt:116:33-116:36 [E4021] The value identifier add is unbound.
azimuth_test/new_comprehensive_test_cases.mbt:116:48-116:51 [E4021] The value identifier add is unbound.
azimuth_test/new_comprehensive_test_cases.mbt:116:64-116:67 [E4021] The value identifier add is unbound.
azimuth_test/new_comprehensive_test_cases.mbt:117:3-117:12 [E4021] The value identifier assert_eq is unbound.
azimuth_test/new_comprehensive_test_cases.mbt:129:3-129:19 [E4021] The value identifier assert_eq_string is unbound.
azimuth_test/new_comprehensive_test_cases.mbt:129:39-129:44 [E4021] The value identifier greet is unbound.
azimuth_test/new_comprehensive_test_cases.mbt:130:3-130:19 [E4021] The value identifier assert_eq_string is unbound.
azimuth_test/new_comprehensive_test_cases.mbt:130:48-130:53 [E4021] The value identifier greet is unbound.
azimuth_test/new_comprehensive_test_cases.mbt:131:3-131:19 [E4021] The value identifier assert_eq_string is unbound.
azimuth_test/new_comprehensive_test_cases.mbt:131:44-131:49 [E4021] The value identifier greet is unbound.
azimuth_test/new_comprehensive_test_cases.mbt:132:3-132:19 [E4021] The value identifier assert_eq_string is unbound.
azimuth_test/new_comprehensive_test_cases.mbt:132:49-132:54 [E4021] The value identifier greet is unbound.
azimuth_test/new_comprehensive_test_cases.mbt:141:13-141:16 [E4021] The value identifier add is unbound.
azimuth_test/new_comprehensive_test_cases.mbt:142:14-142:17 [E4021] The value identifier add is unbound.
azimuth_test/new_comprehensive_test_cases.mbt:143:19-143:27 [E4021] The value identifier multiply is unbound.
azimuth_test/new_comprehensive_test_cases.mbt:145:19-145:27 [E4021] The value identifier multiply is unbound.
azimuth_test/new_comprehensive_test_cases.mbt:146:19-146:27 [E4021] The value identifier multiply is unbound.
azimuth_test/new_comprehensive_test_cases.mbt:147:20-147:23 [E4021] The value identifier add is unbound.
azimuth_test/new_comprehensive_test_cases.mbt:147:35-147:45 [E4018] Type Unit does not implement trait Neg: no `impl` is defined
azimuth_test/new_comprehensive_test_cases.mbt:149:3-149:12 [E4021] The value identifier assert_eq is unbound.
azimuth_test/new_comprehensive_test_cases.mbt:153:22-153:30 [E4021] The value identifier multiply is unbound.
azimuth_test/new_comprehensive_test_cases.mbt:153:34-153:37 [E4021] The value identifier add is unbound.
azimuth_test/new_comprehensive_test_cases.mbt:154:23-154:26 [E4021] The value identifier add is unbound.
azimuth_test/new_comprehensive_test_cases.mbt:154:27-154:35 [E4021] The value identifier multiply is unbound.
azimuth_test/new_comprehensive_test_cases.mbt:154:43-154:51 [E4021] The value identifier multiply is unbound.
azimuth_test/new_comprehensive_test_cases.mbt:155:3-155:12 [E4021] The value identifier assert_eq is unbound.
azimuth_test/new_comprehensive_test_cases.mbt:164:3-164:12 [E4021] The value identifier assert_eq is unbound.
azimuth_test/new_comprehensive_test_cases.mbt:164:22-164:25 [E4021] The value identifier add is unbound.
azimuth_test/new_comprehensive_test_cases.mbt:165:3-165:12 [E4021] The value identifier assert_eq is unbound.
azimuth_test/new_comprehensive_test_cases.mbt:165:22-165:25 [E4021] The value identifier add is unbound.
azimuth_test/new_comprehensive_test_cases.mbt:166:3-166:12 [E4021] The value identifier assert_eq is unbound.
azimuth_test/new_comprehensive_test_cases.mbt:166:17-166:20 [E4021] The value identifier add is unbound.
azimuth_test/new_comprehensive_test_cases.mbt:167:3-167:12 [E4021] The value identifier assert_eq is unbound.
azimuth_test/new_comprehensive_test_cases.mbt:167:22-167:25 [E4021] The value identifier add is unbound.
azimuth_test/new_comprehensive_test_cases.mbt:168:3-168:12 [E4021] The value identifier assert_eq is unbound.
azimuth_test/new_comprehensive_test_cases.mbt:168:22-168:25 [E4021] The value identifier add is unbound.
azimuth_test/new_comprehensive_test_cases.mbt:171:3-171:12 [E4021] The value identifier assert_eq is unbound.
azimuth_test/new_comprehensive_test_cases.mbt:171:16-171:24 [E4021] The value identifier multiply is unbound.
azimuth_test/new_comprehensive_test_cases.mbt:172:3-172:12 [E4021] The value identifier assert_eq is unbound.
azimuth_test/new_comprehensive_test_cases.mbt:172:16-172:24 [E4021] The value identifier multiply is unbound.
azimuth_test/new_comprehensive_test_cases.mbt:173:3-173:12 [E4021] The value identifier assert_eq is unbound.
azimuth_test/new_comprehensive_test_cases.mbt:173:22-173:30 [E4021] The value identifier multiply is unbound.
azimuth_test/new_comprehensive_test_cases.mbt:174:3-174:12 [E4021] The value identifier assert_eq is unbound.
azimuth_test/new_comprehensive_test_cases.mbt:174:22-174:30 [E4021] The value identifier multiply is unbound.
azimuth_test/new_comprehensive_test_cases.mbt:175:3-175:12 [E4021] The value identifier assert_eq is unbound.
azimuth_test/new_comprehensive_test_cases.mbt:175:22-175:30 [E4021] The value identifier multiply is unbound.
azimuth_test/new_comprehensive_test_cases.mbt:178:22-178:25 [E4021] The value identifier add is unbound.
azimuth_test/new_comprehensive_test_cases.mbt:178:26-178:34 [E4021] The value identifier multiply is unbound.
azimuth_test/new_comprehensive_test_cases.mbt:178:35-178:38 [E4021] The value identifier add is unbound.
azimuth_test/new_comprehensive_test_cases.mbt:179:3-179:12 [E4021] The value identifier assert_eq is unbound.
Error: new_comprehensive_test_cases.mbt compilation failed
Checking additional_moonbit_test_suite.mbt...
azimuth_test/additional_moonbit_test_suite.mbt:6:7-6:14 [E0002] Warning (unused_value): Unused variable 'max_val'
azimuth_test/additional_moonbit_test_suite.mbt:7:7-7:14 [E0002] Warning (unused_value): Unused variable 'min_val'
azimuth_test/additional_moonbit_test_suite.mbt:10:3-10:10 [E3002] Expected upper case identifier for type name, found lower case identifier.
azimuth_test/additional_moonbit_test_suite.mbt:10:12-10:20 [E3002] Parse error, unexpected token package name, you may expect method name, constructor name, "[" or "{".
azimuth_test/additional_moonbit_test_suite.mbt:11:3-11:10 [E3002] Expected upper case identifier for type name, found lower case identifier.
azimuth_test/additional_moonbit_test_suite.mbt:11:12-11:20 [E3002] Parse error, unexpected token package name, you may expect method name, constructor name, "[" or "{".
azimuth_test/additional_moonbit_test_suite.mbt:12:3-12:10 [E3002] Expected upper case identifier for type name, found lower case identifier.
azimuth_test/additional_moonbit_test_suite.mbt:12:12-12:20 [E3002] Parse error, unexpected token package name, you may expect method name, constructor name, "[" or "{".
azimuth_test/additional_moonbit_test_suite.mbt:15:3-15:10 [E3002] Expected upper case identifier for type name, found lower case identifier.
azimuth_test/additional_moonbit_test_suite.mbt:15:12-15:20 [E3002] Parse error, unexpected token package name, you may expect method name, constructor name, "[" or "{".
azimuth_test/additional_moonbit_test_suite.mbt:16:3-16:10 [E3002] Expected upper case identifier for type name, found lower case identifier.
azimuth_test/additional_moonbit_test_suite.mbt:16:12-16:20 [E3002] Parse error, unexpected token package name, you may expect method name, constructor name, "[" or "{".
azimuth_test/additional_moonbit_test_suite.mbt:19:3-19:10 [E3002] Expected upper case identifier for type name, found lower case identifier.
azimuth_test/additional_moonbit_test_suite.mbt:19:12-19:20 [E3002] Parse error, unexpected token package name, you may expect method name, constructor name, "[" or "{".
azimuth_test/additional_moonbit_test_suite.mbt:20:3-20:10 [E3002] Expected upper case identifier for type name, found lower case identifier.
azimuth_test/additional_moonbit_test_suite.mbt:20:12-20:20 [E3002] Parse error, unexpected token package name, you may expect method name, constructor name, "[" or "{".
azimuth_test/additional_moonbit_test_suite.mbt:23:3-23:10 [E3002] Expected upper case identifier for type name, found lower case identifier.
azimuth_test/additional_moonbit_test_suite.mbt:23:12-23:20 [E3002] Parse error, unexpected token package name, you may expect method name, constructor name, "[" or "{".
azimuth_test/additional_moonbit_test_suite.mbt:24:3-24:10 [E3002] Expected upper case identifier for type name, found lower case identifier.
azimuth_test/additional_moonbit_test_suite.mbt:24:12-24:20 [E3002] Parse error, unexpected token package name, you may expect method name, constructor name, "[" or "{".
azimuth_test/additional_moonbit_test_suite.mbt:29:7-29:14 [E0002] Warning (unused_value): Unused variable 'max_val'
azimuth_test/additional_moonbit_test_suite.mbt:30:7-30:14 [E0002] Warning (unused_value): Unused variable 'min_val'
azimuth_test/additional_moonbit_test_suite.mbt:33:3-33:10 [E3002] Expected upper case identifier for type name, found lower case identifier.
azimuth_test/additional_moonbit_test_suite.mbt:33:12-33:20 [E3002] Parse error, unexpected token package name, you may expect method name, constructor name, "[" or "{".
azimuth_test/additional_moonbit_test_suite.mbt:34:3-34:10 [E3002] Expected upper case identifier for type name, found lower case identifier.
azimuth_test/additional_moonbit_test_suite.mbt:34:12-34:20 [E3002] Parse error, unexpected token package name, you may expect method name, constructor name, "[" or "{".
azimuth_test/additional_moonbit_test_suite.mbt:35:3-35:10 [E3002] Expected upper case identifier for type name, found lower case identifier.
azimuth_test/additional_moonbit_test_suite.mbt:35:12-35:20 [E3002] Parse error, unexpected token package name, you may expect method name, constructor name, "[" or "{".
azimuth_test/additional_moonbit_test_suite.mbt:38:3-38:10 [E3002] Expected upper case identifier for type name, found lower case identifier.
azimuth_test/additional_moonbit_test_suite.mbt:38:12-38:20 [E3002] Parse error, unexpected token package name, you may expect method name, constructor name, "[" or "{".
azimuth_test/additional_moonbit_test_suite.mbt:39:3-39:10 [E3002] Expected upper case identifier for type name, found lower case identifier.
azimuth_test/additional_moonbit_test_suite.mbt:39:12-39:20 [E3002] Parse error, unexpected token package name, you may expect method name, constructor name, "[" or "{".
azimuth_test/additional_moonbit_test_suite.mbt:40:3-40:10 [E3002] Expected upper case identifier for type name, found lower case identifier.
azimuth_test/additional_moonbit_test_suite.mbt:40:12-40:20 [E3002] Parse error, unexpected token package name, you may expect method name, constructor name, "[" or "{".
azimuth_test/additional_moonbit_test_suite.mbt:41:3-41:10 [E3002] Expected upper case identifier for type name, found lower case identifier.
azimuth_test/additional_moonbit_test_suite.mbt:41:12-41:20 [E3002] Parse error, unexpected token package name, you may expect method name, constructor name, "[" or "{".
azimuth_test/additional_moonbit_test_suite.mbt:44:3-44:10 [E3002] Expected upper case identifier for type name, found lower case identifier.
azimuth_test/additional_moonbit_test_suite.mbt:44:12-44:20 [E3002] Parse error, unexpected token package name, you may expect method name, constructor name, "[" or "{".
azimuth_test/additional_moonbit_test_suite.mbt:45:3-45:10 [E3002] Expected upper case identifier for type name, found lower case identifier.
azimuth_test/additional_moonbit_test_suite.mbt:45:12-45:20 [E3002] Parse error, unexpected token package name, you may expect method name, constructor name, "[" or "{".
azimuth_test/additional_moonbit_test_suite.mbt:51:3-51:10 [E3002] Expected upper case identifier for type name, found lower case identifier.
azimuth_test/additional_moonbit_test_suite.mbt:51:12-51:20 [E3002] Parse error, unexpected token package name, you may expect method name, constructor name, "[" or "{".
azimuth_test/additional_moonbit_test_suite.mbt:54:3-54:10 [E3002] Expected upper case identifier for type name, found lower case identifier.
azimuth_test/additional_moonbit_test_suite.mbt:54:12-54:20 [E3002] Parse error, unexpected token package name, you may expect method name, constructor name, "[" or "{".
azimuth_test/additional_moonbit_test_suite.mbt:55:3-55:10 [E3002] Expected upper case identifier for type name, found lower case identifier.
azimuth_test/additional_moonbit_test_suite.mbt:55:12-55:20 [E3002] Parse error, unexpected token package name, you may expect method name, constructor name, "[" or "{".
azimuth_test/additional_moonbit_test_suite.mbt:58:3-58:10 [E3002] Expected upper case identifier for type name, found lower case identifier.
azimuth_test/additional_moonbit_test_suite.mbt:58:12-58:20 [E3002] Parse error, unexpected token package name, you may expect method name, constructor name, "[" or "{".
azimuth_test/additional_moonbit_test_suite.mbt:59:3-59:10 [E3002] Expected upper case identifier for type name, found lower case identifier.
azimuth_test/additional_moonbit_test_suite.mbt:59:12-59:20 [E3002] Parse error, unexpected token package name, you may expect method name, constructor name, "[" or "{".
azimuth_test/additional_moonbit_test_suite.mbt:62:3-62:10 [E3002] Expected upper case identifier for type name, found lower case identifier.
azimuth_test/additional_moonbit_test_suite.mbt:62:12-62:20 [E3002] Parse error, unexpected token package name, you may expect method name, constructor name, "[" or "{".
azimuth_test/additional_moonbit_test_suite.mbt:63:3-63:10 [E3002] Expected upper case identifier for type name, found lower case identifier.
azimuth_test/additional_moonbit_test_suite.mbt:63:12-63:20 [E3002] Parse error, unexpected token package name, you may expect method name, constructor name, "[" or "{".
azimuth_test/additional_moonbit_test_suite.mbt:66:7-66:16 [E0002] Warning (unused_value): Unused variable 'long_name'
azimuth_test/additional_moonbit_test_suite.mbt:67:3-67:10 [E3002] Expected upper case identifier for type name, found lower case identifier.
azimuth_test/additional_moonbit_test_suite.mbt:67:12-67:20 [E3002] Parse error, unexpected token package name, you may expect method name, constructor name, "[" or "{".
azimuth_test/additional_moonbit_test_suite.mbt:126:7-126:14 [E0002] Warning (unused_value): Unused variable 'gravity'
azimuth_test/additional_moonbit_test_suite.mbt:135:7-135:13 [E0002] Warning (unused_value): Unused variable 'values'
azimuth_test/additional_moonbit_test_suite.mbt:168:3-168:10 [E3002] Expected upper case identifier for type name, found lower case identifier.
azimuth_test/additional_moonbit_test_suite.mbt:168:12-168:20 [E3002] Parse error, unexpected token package name, you may expect method name, constructor name, "[" or "{".
azimuth_test/additional_moonbit_test_suite.mbt:169:3-169:10 [E3002] Expected upper case identifier for type name, found lower case identifier.
azimuth_test/additional_moonbit_test_suite.mbt:169:12-169:20 [E3002] Parse error, unexpected token package name, you may expect method name, constructor name, "[" or "{".
azimuth_test/additional_moonbit_test_suite.mbt:170:3-170:10 [E3002] Expected upper case identifier for type name, found lower case identifier.
azimuth_test/additional_moonbit_test_suite.mbt:170:12-170:20 [E3002] Parse error, unexpected token package name, you may expect method name, constructor name, "[" or "{".
azimuth_test/additional_moonbit_test_suite.mbt:171:3-171:10 [E3002] Expected upper case identifier for type name, found lower case identifier.
azimuth_test/additional_moonbit_test_suite.mbt:171:12-171:20 [E3002] Parse error, unexpected token package name, you may expect method name, constructor name, "[" or "{".
Error: additional_moonbit_test_suite.mbt compilation failed
Checking simple_additional_tests.mbt...
Found 10 tests in simple_additional_tests.mbt
test ... ok
test ... ok
test ... ok
test ... ok
test ... ok
test ... ok
test ... ok
test ... ok
test ... ok
test ... ok
Checking optimized_moonbit_tests.mbt...
Found 10 tests in optimized_moonbit_tests.mbt
test ... ok
test ... ok
test ... ok
test ... ok
test ... ok
test ... ok
test ... ok
test ... ok
test ... ok
test ... ok
Checking simple_optimized_tests.mbt...
Found 10 tests in simple_optimized_tests.mbt
test ... ok
test ... ok
test ... ok
test ... ok
test ... ok
test ... ok
test ... ok
test ... ok
test ... ok
test ... ok
Checking ../new_enhanced_tests.mbt...
Found 7 tests in ../new_enhanced_tests.mbt
test ... ok
test ... ok
test ... ok
test ... ok
test ... ok
test ... ok
test ... ok
Checking ../simple_verification_test.mbt...
Found 4 tests in ../simple_verification_test.mbt
test ... ok
test ... ok
test ... ok
test ... ok
Checking my_new_tests.mbt...
azimuth_test/my_new_tests.mbt:43:7-43:13 [E0002] Warning (unused_value): Unused variable 'target'
Found 9 tests in my_new_tests.mbt
test ... ok
test ... ok
test ... ok
test ... ok
test ... ok
test ... ok
test ... ok
test ... ok
test ... ok
Checking azimuth_enhanced_test_cases.mbt...
Found 9 tests in azimuth_enhanced_test_cases.mbt
test ... ok
test ... ok
test ... ok
test ... ok
test ... ok
test ... ok
test ... ok
test ... ok
test ... ok
Compiling clean_test...
Generating clean_test.wasm...
Testing clean_test...
Checking simple_test.mbt...
Found 11 tests in simple_test.mbt
test ... ok
test ... ok
test ... ok
test ... ok
test ... ok
test ... ok
test ... ok
test ... ok
test ... ok
test ... ok
test ... ok
Checking additional_comprehensive_tests.mbt...
Found 3 tests in additional_comprehensive_tests.mbt
test ... ok
test ... ok
test ... ok
Testing test_only...
Found 13 tests in test_only
test ... ok
test ... ok
test ... ok
test ... ok
test ... ok
test ... ok
test ... ok
test ... ok
test ... ok
test ... ok
test ... ok
test ... ok
test ... ok

1055 tests passed, 0 failed

All packages compiled and tests passed successfully!
