Running moon test with real execution...
Compiling azimuth...
azimuth/lib.mbt:973:6-973:38 [E0061] Warning (duplicate_test): Allowing repeated test names is deprecated. Test name "divide_with_ceil_comprehensive" should be unique, but it is already used at azimuth/lib.mbt:241:6.
azimuth/lib.mbt:1010:6-1010:33 [E0061] Warning (duplicate_test): Allowing repeated test names is deprecated. Test name "complex_business_scenario" should be unique, but it is already used at azimuth/lib.mbt:266:6.
azimuth/lib.mbt:1042:6-1042:38 [E0061] Warning (duplicate_test): Allowing repeated test names is deprecated. Test name "financial_calculation_scenario" should be unique, but it is already used at azimuth/lib.mbt:336:6.
azimuth/lib.mbt:1055:6-1055:37 [E0061] Warning (duplicate_test): Allowing repeated test names is deprecated. Test name "inventory_management_scenario" should be unique, but it is already used at azimuth/lib.mbt:286:6.
azimuth/lib.mbt:2095:6-2095:34 [E0061] Warning (duplicate_test): Allowing repeated test names is deprecated. Test name "add_function_comprehensive" should be unique, but it is already used at azimuth/lib.mbt:943:6.
azimuth/lib.mbt:2104:6-2104:39 [E0061] Warning (duplicate_test): Allowing repeated test names is deprecated. Test name "multiply_function_comprehensive" should be unique, but it is already used at azimuth/lib.mbt:953:6.
azimuth/lib.mbt:2147:6-2147:31 [E0061] Warning (duplicate_test): Allowing repeated test names is deprecated. Test name "mathematical_properties" should be unique, but it is already used at azimuth/lib.mbt:994:6.
azimuth/lib.mbt:2303:7-2303:17 [E0002] Warning (unused_value): Unused variable 'item_sizes'
azimuth/lib.mbt:2556:6-2556:40 [E0061] Warning (duplicate_test): Allowing repeated test names is deprecated. Test name "recursive_calculation_simulation" should be unique, but it is already used at azimuth/lib.mbt:1795:6.
azimuth/lib.mbt:2568:7-2568:19 [E0002] Warning (unused_value): Unused variable 'final_result'
azimuth/lib.mbt:2667:6-2667:36 [E0061] Warning (duplicate_test): Allowing repeated test names is deprecated. Test name "memory_allocation_simulation" should be unique, but it is already used at azimuth/lib.mbt:1837:6.
azimuth/lib.mbt:2890:6-2890:38 [E0061] Warning (duplicate_test): Allowing repeated test names is deprecated. Test name "packaging_calculation_scenario" should be unique, but it is already used at azimuth/lib.mbt:1026:6.
azimuth/lib.mbt:2927:6-2927:39 [E0061] Warning (duplicate_test): Allowing repeated test names is deprecated. Test name "algorithm_complexity_simulation" should be unique, but it is already used at azimuth/lib.mbt:1603:6.
azimuth/lib.mbt:3249:6-3249:40 [E0061] Warning (duplicate_test): Allowing repeated test names is deprecated. Test name "standard_mathematical_properties" should be unique, but it is already used at azimuth/lib.mbt:458:6.
azimuth/lib.mbt:3274:6-3274:36 [E0061] Warning (duplicate_test): Allowing repeated test names is deprecated. Test name "standard_combined_operations" should be unique, but it is already used at azimuth/lib.mbt:474:6.
azimuth/lib.mbt:4510:7-4510:12 [E0002] Warning (unused_value): Unused variable 'years'
azimuth/lib.mbt:4585:7-4585:19 [E0002] Warning (unused_value): Unused variable 'repeat_count'
azimuth/lib.mbt:4586:7-4586:16 [E0002] Warning (unused_value): Unused variable 'separator'
azimuth/lib.mbt:4913:6-4913:26 [E0061] Warning (duplicate_test): Allowing repeated test names is deprecated. Test name "add_function_basic" should be unique, but it is already used at azimuth/lib.mbt:595:6.
azimuth/lib.mbt:4920:6-4920:31 [E0061] Warning (duplicate_test): Allowing repeated test names is deprecated. Test name "multiply_function_basic" should be unique, but it is already used at azimuth/lib.mbt:602:6.
azimuth/lib.mbt:4927:6-4927:28 [E0061] Warning (duplicate_test): Allowing repeated test names is deprecated. Test name "greet_function_basic" should be unique, but it is already used at azimuth/lib.mbt:609:6.
azimuth/lib.mbt:4933:6-4933:33 [E0061] Warning (duplicate_test): Allowing repeated test names is deprecated. Test name "divide_with_ceil_positive" should be unique, but it is already used at azimuth/lib.mbt:615:6.
azimuth/lib.mbt:4940:6-4940:33 [E0061] Warning (duplicate_test): Allowing repeated test names is deprecated. Test name "divide_with_ceil_negative" should be unique, but it is already used at azimuth/lib.mbt:622:6.
azimuth/lib.mbt:4947:6-4947:23 [E0061] Warning (duplicate_test): Allowing repeated test names is deprecated. Test name "zero_operations" should be unique, but it is already used at azimuth/lib.mbt:178:6.
azimuth/lib.mbt:4955:6-4955:31 [E0061] Warning (duplicate_test): Allowing repeated test names is deprecated. Test name "large_number_operations" should be unique, but it is already used at azimuth/lib.mbt:170:6.
azimuth/lib.mbt:4961:6-4961:27 [E0061] Warning (duplicate_test): Allowing repeated test names is deprecated. Test name "combined_operations" should be unique, but it is already used at azimuth/lib.mbt:643:6.
azimuth/lib.mbt:4967:6-4967:27 [E0061] Warning (duplicate_test): Allowing repeated test names is deprecated. Test name "practical_packaging" should be unique, but it is already used at azimuth/lib.mbt:649:6.
azimuth/lib.mbt:4975:6-4975:40 [E0061] Warning (duplicate_test): Allowing repeated test names is deprecated. Test name "greeting_with_special_characters" should be unique, but it is already used at azimuth/lib.mbt:657:6.
azimuth/lib.mbt:4984:6-4984:43 [E0061] Warning (duplicate_test): Allowing repeated test names is deprecated. Test name "mathematical_properties_commutative" should be unique, but it is already used at azimuth/lib.mbt:2857:6.
azimuth/lib.mbt:5009:6-5009:38 [E0061] Warning (duplicate_test): Allowing repeated test names is deprecated. Test name "packaging_calculation_scenario" should be unique, but it is already used at azimuth/lib.mbt:1026:6.
azimuth/lib.mbt:5043:6-5043:35 [E0061] Warning (duplicate_test): Allowing repeated test names is deprecated. Test name "divide_with_ceil_edge_cases" should be unique, but it is already used at azimuth/lib.mbt:105:6.
azimuth/lib.mbt:5052:6-5052:33 [E0061] Warning (duplicate_test): Allowing repeated test names is deprecated. Test name "complex_business_workflow" should be unique, but it is already used at azimuth/lib.mbt:703:6.
azimuth/lib.mbt:5087:6-5087:38 [E0061] Warning (duplicate_test): Allowing repeated test names is deprecated. Test name "financial_calculation_scenario" should be unique, but it is already used at azimuth/lib.mbt:336:6.
azimuth/lib.mbt:5102:6-5102:32 [E0061] Warning (duplicate_test): Allowing repeated test names is deprecated. Test name "data_analysis_statistics" should be unique, but it is already used at azimuth/lib.mbt:664:6.
azimuth/lib.mbt:5119:6-5119:37 [E0061] Warning (duplicate_test): Allowing repeated test names is deprecated. Test name "inventory_management_scenario" should be unique, but it is already used at azimuth/lib.mbt:286:6.
azimuth/lib.mbt:5140:6-5140:42 [E0061] Warning (duplicate_test): Allowing repeated test names is deprecated. Test name "algorithm_binary_search_simulation" should be unique, but it is already used at azimuth/lib.mbt:1765:6.
azimuth/lib.mbt:5154:6-5154:39 [E0061] Warning (duplicate_test): Allowing repeated test names is deprecated. Test name "data_structure_stack_operations" should be unique, but it is already used at azimuth/lib.mbt:1775:6.
azimuth/lib.mbt:5217:6-5217:36 [E0061] Warning (duplicate_test): Allowing repeated test names is deprecated. Test name "memory_allocation_simulation" should be unique, but it is already used at azimuth/lib.mbt:1837:6.
azimuth/lib.mbt:5349:6-5349:33 [E0061] Warning (duplicate_test): Allowing repeated test names is deprecated. Test name "azimuth_mathematical_laws" should be unique, but it is already used at azimuth/lib.mbt:3162:6.
azimuth/lib.mbt:5487:7-5487:12 [E0002] Warning (unused_value): Unused variable 'years'
azimuth/lib.mbt:6120:6-6120:38 [E0061] Warning (duplicate_test): Allowing repeated test names is deprecated. Test name "divide_with_ceil_comprehensive" should be unique, but it is already used at azimuth/lib.mbt:241:6.
azimuth/lib.mbt:6754:6-6754:32 [E0061] Warning (duplicate_test): Allowing repeated test names is deprecated. Test name "azimuth_batch_processing" should be unique, but it is already used at azimuth/lib.mbt:5495:6.
azimuth/lib.mbt:6773:7-6773:12 [E0002] Warning (unused_value): Unused variable 'years'
azimuth/lib.mbt:6842:6-6842:34 [E0061] Warning (duplicate_test): Allowing repeated test names is deprecated. Test name "azimuth_project_management" should be unique, but it is already used at azimuth/lib.mbt:4668:6.
azimuth/lib.mbt:6919:6-6919:31 [E0061] Warning (duplicate_test): Allowing repeated test names is deprecated. Test name "add_function_edge_cases" should be unique, but it is already used at azimuth/lib.mbt:82:6.
azimuth/lib.mbt:6935:6-6935:38 [E0061] Warning (duplicate_test): Allowing repeated test names is deprecated. Test name "divide_with_ceil_comprehensive" should be unique, but it is already used at azimuth/lib.mbt:241:6.
azimuth/lib.mbt:6954:6-6954:33 [E0061] Warning (duplicate_test): Allowing repeated test names is deprecated. Test name "complex_business_workflow" should be unique, but it is already used at azimuth/lib.mbt:703:6.
azimuth/lib.mbt:7006:6-7006:38 [E0061] Warning (duplicate_test): Allowing repeated test names is deprecated. Test name "financial_calculation_scenario" should be unique, but it is already used at azimuth/lib.mbt:336:6.
azimuth/lib.mbt:7072:6-7072:40 [E0061] Warning (duplicate_test): Allowing repeated test names is deprecated. Test name "performance_benchmark_simulation" should be unique, but it is already used at azimuth/lib.mbt:2341:6.
azimuth/lib.mbt:7104:6-7104:34 [E0061] Warning (duplicate_test): Allowing repeated test names is deprecated. Test name "add_function_comprehensive" should be unique, but it is already used at azimuth/lib.mbt:943:6.
azimuth/lib.mbt:7113:6-7113:36 [E0061] Warning (duplicate_test): Allowing repeated test names is deprecated. Test name "multiply_function_edge_cases" should be unique, but it is already used at azimuth/lib.mbt:90:6.
azimuth/lib.mbt:7122:6-7122:36 [E0061] Warning (duplicate_test): Allowing repeated test names is deprecated. Test name "greet_function_international" should be unique, but it is already used at azimuth/lib.mbt:2184:6.
azimuth/lib.mbt:7144:6-7144:39 [E0061] Warning (duplicate_test): Allowing repeated test names is deprecated. Test name "subtract_function_comprehensive" should be unique, but it is already used at azimuth/lib.mbt:963:6.
azimuth/lib.mbt:7153:6-7153:44 [E0061] Warning (duplicate_test): Allowing repeated test names is deprecated. Test name "mathematical_properties_verification" should be unique, but it is already used at azimuth/lib.mbt:3111:6.
azimuth/lib.mbt:7491:6-7491:28 [E0061] Warning (duplicate_test): Allowing repeated test names is deprecated. Test name "inventory_management" should be unique, but it is already used at azimuth/lib.mbt:836:6.
azimuth/lib.mbt:7535:6-7535:30 [E0061] Warning (duplicate_test): Allowing repeated test names is deprecated. Test name "temperature_conversion" should be unique, but it is already used at azimuth/lib.mbt:4459:6.
azimuth/lib.mbt:7660:6-7660:29 [E0061] Warning (duplicate_test): Allowing repeated test names is deprecated. Test name "azimuth_large_numbers" should be unique, but it is already used at azimuth/lib.mbt:5331:6.
azimuth/lib.mbt:7666:6-7666:35 [E0061] Warning (duplicate_test): Allowing repeated test names is deprecated. Test name "azimuth_combined_operations" should be unique, but it is already used at azimuth/lib.mbt:1934:6.
azimuth/lib.mbt:7672:6-7672:37 [E0061] Warning (duplicate_test): Allowing repeated test names is deprecated. Test name "azimuth_packaging_calculation" should be unique, but it is already used at azimuth/lib.mbt:1956:6.
azimuth/lib.mbt:8390:7-8390:8 [E0002] Warning (unused_value): Unused variable 'n'
azimuth/lib.mbt:8406:7-8406:11 [E0002] Warning (unused_value): Unused variable 'rows'
azimuth/lib.mbt:8486:7-8486:11 [E0002] Warning (unused_value): Unused variable 'base'
azimuth/lib.mbt:8529:6-8529:43 [E0061] Warning (duplicate_test): Allowing repeated test names is deprecated. Test name "azimuth_financial_compound_interest" should be unique, but it is already used at azimuth/lib.mbt:6769:6.
azimuth/lib.mbt:8638:7-8638:8 [E0002] Warning (unused_value): Unused variable 'n'
azimuth/lib.mbt:8670:7-8670:17 [E0002] Warning (unused_value): Unused variable 'full_title'
azimuth/lib.mbt:8694:7-8694:22 [E0002] Warning (unused_value): Unused variable 'geometric_terms'
azimuth/lib.mbt:8695:7-8695:20 [E0002] Warning (unused_value): Unused variable 'geometric_sum'
azimuth/lib.mbt:8803:7-8803:19 [E0002] Warning (unused_value): Unused variable 'target_value'
azimuth/lib.mbt:8831:6-8831:41 [E0061] Warning (duplicate_test): Allowing repeated test names is deprecated. Test name "azimuth_data_structure_operations" should be unique, but it is already used at azimuth/lib.mbt:8249:6.
azimuth/lib.mbt:8841:7-8841:27 [E0002] Warning (unused_value): Unused variable 'linked_list_deletion'
azimuth/lib.mbt:8846:7-8846:29 [E0002] Warning (unused_value): Unused variable 'tree_traversal_inorder'
azimuth/lib.mbt:8847:7-8847:31 [E0002] Warning (unused_value): Unused variable 'tree_traversal_postorder'
azimuth/lib.mbt:8883:7-8883:22 [E0002] Warning (unused_value): Unused variable 'space_quadratic'
azimuth/lib.mbt:8915:6-8915:40 [E0061] Warning (duplicate_test): Allowing repeated test names is deprecated. Test name "mathematical_identity_properties" should be unique, but it is already used at azimuth/lib.mbt:5018:6.
azimuth/lib.mbt:8988:6-8988:40 [E0061] Warning (duplicate_test): Allowing repeated test names is deprecated. Test name "resource_allocation_optimization" should be unique, but it is already used at azimuth/lib.mbt:2938:6.
azimuth/lib.mbt:9014:6-9014:42 [E0061] Warning (duplicate_test): Allowing repeated test names is deprecated. Test name "mathematical_distributive_property" should be unique, but it is already used at azimuth/lib.mbt:6171:6.
azimuth/lib.mbt:9112:6-9112:39 [E0061] Warning (duplicate_test): Allowing repeated test names is deprecated. Test name "standard_divide_with_ceil_basic" should be unique, but it is already used at azimuth/lib.mbt:3340:6.
azimuth/lib.mbt:9120:6-9120:40 [E0061] Warning (duplicate_test): Allowing repeated test names is deprecated. Test name "standard_mathematical_properties" should be unique, but it is already used at azimuth/lib.mbt:458:6.
azimuth/lib.mbt:9145:6-9145:36 [E0061] Warning (duplicate_test): Allowing repeated test names is deprecated. Test name "standard_combined_operations" should be unique, but it is already used at azimuth/lib.mbt:474:6.
azimuth/lib.mbt:9154:6-9154:44 [E0061] Warning (duplicate_test): Allowing repeated test names is deprecated. Test name "standard_practical_business_scenario" should be unique, but it is already used at azimuth/lib.mbt:483:6.
azimuth/lib.mbt:9167:6-9167:38 [E0061] Warning (duplicate_test): Allowing repeated test names is deprecated. Test name "standard_packaging_calculation" should be unique, but it is already used at azimuth/lib.mbt:496:6.
azimuth/lib.mbt:9176:6-9176:47 [E0061] Warning (duplicate_test): Allowing repeated test names is deprecated. Test name "standard_unicode_and_special_characters" should be unique, but it is already used at azimuth/lib.mbt:505:6.
azimuth/lib.mbt:9217:6-9217:35 [E0061] Warning (duplicate_test): Allowing repeated test names is deprecated. Test name "concise_combined_operations" should be unique, but it is already used at azimuth/lib.mbt:2080:6.
azimuth/lib.mbt:9234:6-9234:42 [E0061] Warning (duplicate_test): Allowing repeated test names is deprecated. Test name "concise_negative_number_operations" should be unique, but it is already used at azimuth/lib.mbt:6257:6.
azimuth/lib.mbt:9278:6-9278:41 [E0061] Warning (duplicate_test): Allowing repeated test names is deprecated. Test name "add_function_commutative_property" should be unique, but it is already used at azimuth/lib.mbt:6104:6.
azimuth/lib.mbt:9306:6-9306:38 [E0061] Warning (duplicate_test): Allowing repeated test names is deprecated. Test name "greet_function_unicode_support" should be unique, but it is already used at azimuth/lib.mbt:6129:6.
azimuth/lib.mbt:9346:6-9346:37 [E0061] Warning (duplicate_test): Allowing repeated test names is deprecated. Test name "error_handling_and_edge_cases" should be unique, but it is already used at azimuth/lib.mbt:3494:6.
azimuth/lib.mbt:9630:6-9630:49 [E0061] Warning (duplicate_test): Allowing repeated test names is deprecated. Test name "enhanced_resource_allocation_optimization" should be unique, but it is already used at azimuth/lib.mbt:6448:6.
azimuth/lib.mbt:9692:6-9692:44 [E0061] Warning (duplicate_test): Allowing repeated test names is deprecated. Test name "enhanced_financial_compound_interest" should be unique, but it is already used at azimuth/lib.mbt:6396:6.
azimuth/lib.mbt:9767:6-9767:38 [E0061] Warning (duplicate_test): Allowing repeated test names is deprecated. Test name "standard_packaging_calculation" should be unique, but it is already used at azimuth/lib.mbt:496:6.
azimuth/lib.mbt:9803:6-9803:40 [E0061] Warning (duplicate_test): Allowing repeated test names is deprecated. Test name "standard_mathematical_properties" should be unique, but it is already used at azimuth/lib.mbt:458:6.
azimuth/lib.mbt:9821:6-9821:31 [E0061] Warning (duplicate_test): Allowing repeated test names is deprecated. Test name "standard_error_handling" should be unique, but it is already used at azimuth/lib.mbt:1684:6.
azimuth/lib.mbt:10186:6-10186:33 [E0061] Warning (duplicate_test): Allowing repeated test names is deprecated. Test name "error_boundary_validation" should be unique, but it is already used at azimuth/lib.mbt:2907:6.
azimuth/lib.mbt:10484:6-10484:45 [E0061] Warning (duplicate_test): Allowing repeated test names is deprecated. Test name "enhanced_complex_business_calculation" should be unique, but it is already used at azimuth/lib.mbt:373:6.
azimuth/lib.mbt:10579:6-10579:42 [E0061] Warning (duplicate_test): Allowing repeated test names is deprecated. Test name "enhanced_error_handling_robustness" should be unique, but it is already used at azimuth/lib.mbt:6346:6.
azimuth/lib.mbt:10671:6-10671:35 [E0061] Warning (duplicate_test): Allowing repeated test names is deprecated. Test name "financial_compound_interest" should be unique, but it is already used at azimuth/lib.mbt:4506:6.
azimuth/lib.mbt:10675:7-10675:12 [E0002] Warning (unused_value): Unused variable 'years'
azimuth/lib.mbt:10745:7-10745:8 [E0002] Warning (unused_value): Unused variable 'n'
azimuth/lib.mbt:10790:6-10790:35 [E0061] Warning (duplicate_test): Allowing repeated test names is deprecated. Test name "load_balancing_distribution" should be unique, but it is already used at azimuth/lib.mbt:1863:6.
azimuth/lib.mbt:10848:6-10848:36 [E0061] Warning (duplicate_test): Allowing repeated test names is deprecated. Test name "standard_negative_operations" should be unique, but it is already used at azimuth/lib.mbt:3265:6.
azimuth/lib.mbt:10867:6-10867:37 [E0061] Warning (duplicate_test): Allowing repeated test names is deprecated. Test name "standard_business_calculation" should be unique, but it is already used at azimuth/lib.mbt:1667:6.
azimuth/lib.mbt:10893:6-10893:38 [E0061] Warning (duplicate_test): Allowing repeated test names is deprecated. Test name "standard_packaging_calculation" should be unique, but it is already used at azimuth/lib.mbt:496:6.
azimuth/lib.mbt:10910:6-10910:31 [E0061] Warning (duplicate_test): Allowing repeated test names is deprecated. Test name "standard_error_handling" should be unique, but it is already used at azimuth/lib.mbt:1684:6.
azimuth/lib.mbt:11001:6-11001:33 [E0061] Warning (duplicate_test): Allowing repeated test names is deprecated. Test name "complex_business_workflow" should be unique, but it is already used at azimuth/lib.mbt:703:6.
azimuth/lib.mbt:11027:6-11027:33 [E0061] Warning (duplicate_test): Allowing repeated test names is deprecated. Test name "error_handling_robustness" should be unique, but it is already used at azimuth/lib.mbt:581:6.
azimuth/lib.mbt:11111:6-11111:40 [E0061] Warning (duplicate_test): Allowing repeated test names is deprecated. Test name "resource_allocation_optimization" should be unique, but it is already used at azimuth/lib.mbt:2938:6.
azimuth/lib.mbt:11340:7-11340:18 [E0002] Warning (unused_value): Unused variable 'asian_names'
azimuth/lib.mbt:11341:7-11341:21 [E0002] Warning (unused_value): Unused variable 'european_names'
azimuth/lib.mbt:11342:7-11342:20 [E0002] Warning (unused_value): Unused variable 'emoji_strings'
azimuth/lib.mbt:11343:7-11343:20 [E0002] Warning (unused_value): Unused variable 'mixed_strings'
azimuth/lib.mbt:11417:7-11417:27 [E0002] Warning (unused_value): Unused variable 'project_bonus_factor'
azimuth/lib.mbt:11738:6-11738:34 [E0061] Warning (duplicate_test): Allowing repeated test names is deprecated. Test name "standard_mathematical_laws" should be unique, but it is already used at azimuth/lib.mbt:10829:6.
azimuth/lib.mbt:11771:6-11771:37 [E0061] Warning (duplicate_test): Allowing repeated test names is deprecated. Test name "standard_business_calculation" should be unique, but it is already used at azimuth/lib.mbt:1667:6.
azimuth/lib.mbt:11809:6-11809:31 [E0061] Warning (duplicate_test): Allowing repeated test names is deprecated. Test name "standard_error_handling" should be unique, but it is already used at azimuth/lib.mbt:1684:6.
azimuth/lib.mbt:11844:6-11844:36 [E0061] Warning (duplicate_test): Allowing repeated test names is deprecated. Test name "standard_greet_functionality" should be unique, but it is already used at azimuth/lib.mbt:3234:6.
azimuth/lib.mbt:11878:6-11878:45 [E0061] Warning (duplicate_test): Allowing repeated test names is deprecated. Test name "standard_complex_calculation_workflow" should be unique, but it is already used at azimuth/lib.mbt:10022:6.
azimuth/lib.mbt:11892:6-11892:43 [E0061] Warning (duplicate_test): Allowing repeated test names is deprecated. Test name "standard_negative_number_operations" should be unique, but it is already used at azimuth/lib.mbt:9136:6.
azimuth/lib.mbt:11901:6-11901:47 [E0061] Warning (duplicate_test): Allowing repeated test names is deprecated. Test name "standard_unicode_and_special_characters" should be unique, but it is already used at azimuth/lib.mbt:505:6.
azimuth/lib.mbt:11910:6-11910:40 [E0061] Warning (duplicate_test): Allowing repeated test names is deprecated. Test name "standard_add_basic_functionality" should be unique, but it is already used at azimuth/lib.mbt:9088:6.
azimuth/lib.mbt:11917:6-11917:45 [E0061] Warning (duplicate_test): Allowing repeated test names is deprecated. Test name "standard_multiply_basic_functionality" should be unique, but it is already used at azimuth/lib.mbt:9096:6.
azimuth/lib.mbt:11931:6-11931:39 [E0061] Warning (duplicate_test): Allowing repeated test names is deprecated. Test name "standard_divide_with_ceil_basic" should be unique, but it is already used at azimuth/lib.mbt:3340:6.
azimuth/lib.mbt:11938:6-11938:42 [E0061] Warning (duplicate_test): Allowing repeated test names is deprecated. Test name "standard_greet_basic_functionality" should be unique, but it is already used at azimuth/lib.mbt:435:6.
azimuth/lib.mbt:11945:6-11945:40 [E0061] Warning (duplicate_test): Allowing repeated test names is deprecated. Test name "standard_mathematical_properties" should be unique, but it is already used at azimuth/lib.mbt:458:6.
azimuth/lib.mbt:11961:6-11961:43 [E0061] Warning (duplicate_test): Allowing repeated test names is deprecated. Test name "standard_negative_number_operations" should be unique, but it is already used at azimuth/lib.mbt:9136:6.
azimuth/lib.mbt:11968:6-11968:36 [E0061] Warning (duplicate_test): Allowing repeated test names is deprecated. Test name "standard_combined_operations" should be unique, but it is already used at azimuth/lib.mbt:474:6.
Generating azimuth.wasm...
Testing azimuth...
Checking standard_moonbit_tests_enhanced.mbt...
azimuth_test/standard_moonbit_tests_enhanced.mbt:6:3-6:12 [E4021] The value identifier assert_eq is unbound.
azimuth_test/standard_moonbit_tests_enhanced.mbt:6:17-6:20 [E4021] The value identifier add is unbound.
azimuth_test/standard_moonbit_tests_enhanced.mbt:7:3-7:12 [E4021] The value identifier assert_eq is unbound.
azimuth_test/standard_moonbit_tests_enhanced.mbt:7:16-7:19 [E4021] The value identifier add is unbound.
azimuth_test/standard_moonbit_tests_enhanced.mbt:8:3-8:12 [E4021] The value identifier assert_eq is unbound.
azimuth_test/standard_moonbit_tests_enhanced.mbt:8:18-8:21 [E4021] The value identifier add is unbound.
azimuth_test/standard_moonbit_tests_enhanced.mbt:9:3-9:12 [E4021] The value identifier assert_eq is unbound.
azimuth_test/standard_moonbit_tests_enhanced.mbt:9:18-9:21 [E4021] The value identifier add is unbound.
azimuth_test/standard_moonbit_tests_enhanced.mbt:14:3-14:12 [E4021] The value identifier assert_eq is unbound.
azimuth_test/standard_moonbit_tests_enhanced.mbt:14:16-14:24 [E4021] The value identifier multiply is unbound.
azimuth_test/standard_moonbit_tests_enhanced.mbt:15:3-15:12 [E4021] The value identifier assert_eq is unbound.
azimuth_test/standard_moonbit_tests_enhanced.mbt:15:16-15:24 [E4021] The value identifier multiply is unbound.
azimuth_test/standard_moonbit_tests_enhanced.mbt:16:3-16:12 [E4021] The value identifier assert_eq is unbound.
azimuth_test/standard_moonbit_tests_enhanced.mbt:16:18-16:26 [E4021] The value identifier multiply is unbound.
azimuth_test/standard_moonbit_tests_enhanced.mbt:17:3-17:12 [E4021] The value identifier assert_eq is unbound.
azimuth_test/standard_moonbit_tests_enhanced.mbt:17:18-17:26 [E4021] The value identifier multiply is unbound.
azimuth_test/standard_moonbit_tests_enhanced.mbt:22:3-22:12 [E4021] The value identifier assert_eq is unbound.
azimuth_test/standard_moonbit_tests_enhanced.mbt:22:16-22:32 [E4021] The value identifier divide_with_ceil is unbound.
azimuth_test/standard_moonbit_tests_enhanced.mbt:23:3-23:12 [E4021] The value identifier assert_eq is unbound.
azimuth_test/standard_moonbit_tests_enhanced.mbt:23:16-23:32 [E4021] The value identifier divide_with_ceil is unbound.
azimuth_test/standard_moonbit_tests_enhanced.mbt:24:3-24:12 [E4021] The value identifier assert_eq is unbound.
azimuth_test/standard_moonbit_tests_enhanced.mbt:24:17-24:33 [E4021] The value identifier divide_with_ceil is unbound.
azimuth_test/standard_moonbit_tests_enhanced.mbt:25:3-25:12 [E4021] The value identifier assert_eq is unbound.
azimuth_test/standard_moonbit_tests_enhanced.mbt:25:16-25:32 [E4021] The value identifier divide_with_ceil is unbound.
azimuth_test/standard_moonbit_tests_enhanced.mbt:30:3-30:19 [E4021] The value identifier assert_eq_string is unbound.
azimuth_test/standard_moonbit_tests_enhanced.mbt:30:39-30:44 [E4021] The value identifier greet is unbound.
azimuth_test/standard_moonbit_tests_enhanced.mbt:31:3-31:19 [E4021] The value identifier assert_eq_string is unbound.
azimuth_test/standard_moonbit_tests_enhanced.mbt:31:32-31:37 [E4021] The value identifier greet is unbound.
azimuth_test/standard_moonbit_tests_enhanced.mbt:32:3-32:19 [E4021] The value identifier assert_eq_string is unbound.
azimuth_test/standard_moonbit_tests_enhanced.mbt:32:35-32:40 [E4021] The value identifier greet is unbound.
azimuth_test/standard_moonbit_tests_enhanced.mbt:33:3-33:19 [E4021] The value identifier assert_eq_string is unbound.
azimuth_test/standard_moonbit_tests_enhanced.mbt:33:36-33:41 [E4021] The value identifier greet is unbound.
azimuth_test/standard_moonbit_tests_enhanced.mbt:43:18-43:26 [E4021] The value identifier multiply is unbound.
azimuth_test/standard_moonbit_tests_enhanced.mbt:44:13-44:29 [E4021] The value identifier divide_with_ceil is unbound.
azimuth_test/standard_moonbit_tests_enhanced.mbt:44:30-44:38 [E4021] The value identifier multiply is unbound.
azimuth_test/standard_moonbit_tests_enhanced.mbt:45:15-45:18 [E4021] The value identifier add is unbound.
azimuth_test/standard_moonbit_tests_enhanced.mbt:45:19-45:22 [E4021] The value identifier add is unbound.
azimuth_test/standard_moonbit_tests_enhanced.mbt:47:3-47:12 [E4021] The value identifier assert_eq is unbound.
azimuth_test/standard_moonbit_tests_enhanced.mbt:48:3-48:12 [E4021] The value identifier assert_eq is unbound.
azimuth_test/standard_moonbit_tests_enhanced.mbt:49:3-49:12 [E4021] The value identifier assert_eq is unbound.
azimuth_test/standard_moonbit_tests_enhanced.mbt:57:3-57:12 [E4021] The value identifier assert_eq is unbound.
azimuth_test/standard_moonbit_tests_enhanced.mbt:57:13-57:16 [E4021] The value identifier add is unbound.
azimuth_test/standard_moonbit_tests_enhanced.mbt:57:24-57:27 [E4021] The value identifier add is unbound.
azimuth_test/standard_moonbit_tests_enhanced.mbt:58:3-58:12 [E4021] The value identifier assert_eq is unbound.
azimuth_test/standard_moonbit_tests_enhanced.mbt:58:13-58:21 [E4021] The value identifier multiply is unbound.
azimuth_test/standard_moonbit_tests_enhanced.mbt:58:29-58:37 [E4021] The value identifier multiply is unbound.
azimuth_test/standard_moonbit_tests_enhanced.mbt:66:24-66:40 [E4021] The value identifier divide_with_ceil is unbound.
azimuth_test/standard_moonbit_tests_enhanced.mbt:67:22-67:30 [E4021] The value identifier multiply is unbound.
azimuth_test/standard_moonbit_tests_enhanced.mbt:69:3-69:12 [E4021] The value identifier assert_eq is unbound.
azimuth_test/standard_moonbit_tests_enhanced.mbt:70:3-70:12 [E4021] The value identifier assert_eq is unbound.
azimuth_test/standard_moonbit_tests_enhanced.mbt:75:3-75:19 [E4021] The value identifier assert_eq_string is unbound.
azimuth_test/standard_moonbit_tests_enhanced.mbt:75:33-75:38 [E4021] The value identifier greet is unbound.
azimuth_test/standard_moonbit_tests_enhanced.mbt:76:3-76:19 [E4021] The value identifier assert_eq_string is unbound.
azimuth_test/standard_moonbit_tests_enhanced.mbt:76:34-76:39 [E4021] The value identifier greet is unbound.
azimuth_test/standard_moonbit_tests_enhanced.mbt:77:3-77:19 [E4021] The value identifier assert_eq_string is unbound.
azimuth_test/standard_moonbit_tests_enhanced.mbt:77:45-77:50 [E4021] The value identifier greet is unbound.
azimuth_test/standard_moonbit_tests_enhanced.mbt:78:3-78:19 [E4021] The value identifier assert_eq_string is unbound.
azimuth_test/standard_moonbit_tests_enhanced.mbt:78:38-78:43 [E4021] The value identifier greet is unbound.
azimuth_test/standard_moonbit_tests_enhanced.mbt:88:17-88:25 [E4021] The value identifier multiply is unbound.
azimuth_test/standard_moonbit_tests_enhanced.mbt:88:26-88:29 [E4021] The value identifier add is unbound.
azimuth_test/standard_moonbit_tests_enhanced.mbt:89:3-89:12 [E4021] The value identifier assert_eq is unbound.
azimuth_test/standard_moonbit_tests_enhanced.mbt:92:17-92:20 [E4021] The value identifier add is unbound.
azimuth_test/standard_moonbit_tests_enhanced.mbt:92:21-92:29 [E4021] The value identifier multiply is unbound.
azimuth_test/standard_moonbit_tests_enhanced.mbt:93:3-93:12 [E4021] The value identifier assert_eq is unbound.
azimuth_test/standard_moonbit_tests_enhanced.mbt:100:7-100:12 [E0002] Warning (unused_value): Unused variable 'years'
azimuth_test/standard_moonbit_tests_enhanced.mbt:103:22-103:25 [E4021] The value identifier add is unbound.
azimuth_test/standard_moonbit_tests_enhanced.mbt:103:37-103:53 [E4021] The value identifier divide_with_ceil is unbound.
azimuth_test/standard_moonbit_tests_enhanced.mbt:103:54-103:62 [E4021] The value identifier multiply is unbound.
azimuth_test/standard_moonbit_tests_enhanced.mbt:104:22-104:25 [E4021] The value identifier add is unbound.
azimuth_test/standard_moonbit_tests_enhanced.mbt:104:40-104:56 [E4021] The value identifier divide_with_ceil is unbound.
azimuth_test/standard_moonbit_tests_enhanced.mbt:104:57-104:65 [E4021] The value identifier multiply is unbound.
azimuth_test/standard_moonbit_tests_enhanced.mbt:106:3-106:12 [E4021] The value identifier assert_eq is unbound.
azimuth_test/standard_moonbit_tests_enhanced.mbt:107:3-107:12 [E4021] The value identifier assert_eq is unbound.
Error: standard_moonbit_tests_enhanced.mbt compilation failed
Checking additional_standard_tests.mbt...
azimuth_test/additional_standard_tests.mbt:6:3-6:12 [E4021] The value identifier assert_eq is unbound.
azimuth_test/additional_standard_tests.mbt:6:16-6:24 [E4021] The value identifier subtract is unbound.
azimuth_test/additional_standard_tests.mbt:7:3-7:12 [E4021] The value identifier assert_eq is unbound.
azimuth_test/additional_standard_tests.mbt:7:17-7:25 [E4021] The value identifier subtract is unbound.
azimuth_test/additional_standard_tests.mbt:8:3-8:12 [E4021] The value identifier assert_eq is unbound.
azimuth_test/additional_standard_tests.mbt:8:16-8:24 [E4021] The value identifier subtract is unbound.
azimuth_test/additional_standard_tests.mbt:9:3-9:12 [E4021] The value identifier assert_eq is unbound.
azimuth_test/additional_standard_tests.mbt:9:17-9:25 [E4021] The value identifier subtract is unbound.
azimuth_test/additional_standard_tests.mbt:10:3-10:12 [E4021] The value identifier assert_eq is unbound.
azimuth_test/additional_standard_tests.mbt:10:18-10:26 [E4021] The value identifier subtract is unbound.
azimuth_test/additional_standard_tests.mbt:11:3-11:12 [E4021] The value identifier assert_eq is unbound.
azimuth_test/additional_standard_tests.mbt:11:17-11:25 [E4021] The value identifier subtract is unbound.
azimuth_test/additional_standard_tests.mbt:12:3-12:12 [E4021] The value identifier assert_eq is unbound.
azimuth_test/additional_standard_tests.mbt:12:18-12:26 [E4021] The value identifier subtract is unbound.
azimuth_test/additional_standard_tests.mbt:20:7-20:12 [E0002] Warning (unused_value): Unused variable 'years'
azimuth_test/additional_standard_tests.mbt:23:19-23:35 [E4021] The value identifier divide_with_ceil is unbound.
azimuth_test/additional_standard_tests.mbt:23:36-23:44 [E4021] The value identifier multiply is unbound.
azimuth_test/additional_standard_tests.mbt:24:17-24:20 [E4021] The value identifier add is unbound.
azimuth_test/additional_standard_tests.mbt:27:19-27:35 [E4021] The value identifier divide_with_ceil is unbound.
azimuth_test/additional_standard_tests.mbt:27:36-27:44 [E4021] The value identifier multiply is unbound.
azimuth_test/additional_standard_tests.mbt:28:22-28:25 [E4021] The value identifier add is unbound.
azimuth_test/additional_standard_tests.mbt:30:3-30:12 [E4021] The value identifier assert_eq is unbound.
azimuth_test/additional_standard_tests.mbt:31:3-31:12 [E4021] The value identifier assert_eq is unbound.
azimuth_test/additional_standard_tests.mbt:32:3-32:12 [E4021] The value identifier assert_eq is unbound.
azimuth_test/additional_standard_tests.mbt:33:3-33:12 [E4021] The value identifier assert_eq is unbound.
azimuth_test/additional_standard_tests.mbt:44:26-44:42 [E4021] The value identifier divide_with_ceil is unbound.
azimuth_test/additional_standard_tests.mbt:50:25-50:33 [E4021] The value identifier multiply is unbound.
azimuth_test/additional_standard_tests.mbt:52:3-52:12 [E4021] The value identifier assert_eq is unbound.
azimuth_test/additional_standard_tests.mbt:53:3-53:12 [E4021] The value identifier assert_eq is unbound.
azimuth_test/additional_standard_tests.mbt:54:3-54:12 [E4021] The value identifier assert_eq is unbound.
azimuth_test/additional_standard_tests.mbt:64:15-64:31 [E4021] The value identifier divide_with_ceil is unbound.
azimuth_test/additional_standard_tests.mbt:65:5-65:13 [E4021] The value identifier multiply is unbound.
azimuth_test/additional_standard_tests.mbt:65:25-65:28 [E4021] The value identifier add is unbound.
azimuth_test/additional_standard_tests.mbt:65:29-65:37 [E4021] The value identifier multiply is unbound.
azimuth_test/additional_standard_tests.mbt:65:54-65:62 [E4021] The value identifier multiply is unbound.
azimuth_test/additional_standard_tests.mbt:72:7-72:16 [E0002] Warning (unused_value): Unused variable 'geo_terms'
azimuth_test/additional_standard_tests.mbt:73:17-73:20 [E4021] The value identifier add is unbound.
azimuth_test/additional_standard_tests.mbt:73:21-73:24 [E4021] The value identifier add is unbound.
azimuth_test/additional_standard_tests.mbt:73:25-73:28 [E4021] The value identifier add is unbound.
azimuth_test/additional_standard_tests.mbt:73:29-73:32 [E4021] The value identifier add is unbound.
azimuth_test/additional_standard_tests.mbt:73:44-73:52 [E4021] The value identifier multiply is unbound.
azimuth_test/additional_standard_tests.mbt:74:5-74:13 [E4021] The value identifier multiply is unbound.
azimuth_test/additional_standard_tests.mbt:74:25-74:33 [E4021] The value identifier multiply is unbound.
azimuth_test/additional_standard_tests.mbt:75:5-75:13 [E4021] The value identifier multiply is unbound.
azimuth_test/additional_standard_tests.mbt:75:25-75:33 [E4021] The value identifier multiply is unbound.
azimuth_test/additional_standard_tests.mbt:75:41-75:49 [E4021] The value identifier multiply is unbound.
azimuth_test/additional_standard_tests.mbt:76:5-76:13 [E4021] The value identifier multiply is unbound.
azimuth_test/additional_standard_tests.mbt:76:25-76:33 [E4021] The value identifier multiply is unbound.
azimuth_test/additional_standard_tests.mbt:76:41-76:49 [E4021] The value identifier multiply is unbound.
azimuth_test/additional_standard_tests.mbt:76:57-76:65 [E4021] The value identifier multiply is unbound.
azimuth_test/additional_standard_tests.mbt:78:3-78:12 [E4021] The value identifier assert_eq is unbound.
azimuth_test/additional_standard_tests.mbt:79:3-79:12 [E4021] The value identifier assert_eq is unbound.
azimuth_test/additional_standard_tests.mbt:89:3-89:12 [E4021] The value identifier assert_eq is unbound.
azimuth_test/additional_standard_tests.mbt:89:25-89:33 [E4021] The value identifier subtract is unbound.
azimuth_test/additional_standard_tests.mbt:90:3-90:12 [E4021] The value identifier assert_eq is unbound.
azimuth_test/additional_standard_tests.mbt:90:26-90:34 [E4021] The value identifier subtract is unbound.
azimuth_test/additional_standard_tests.mbt:91:3-91:12 [E4021] The value identifier assert_eq is unbound.
azimuth_test/additional_standard_tests.mbt:91:16-91:24 [E4021] The value identifier subtract is unbound.
azimuth_test/additional_standard_tests.mbt:94:3-94:12 [E4021] The value identifier assert_eq is unbound.
azimuth_test/additional_standard_tests.mbt:94:16-94:32 [E4021] The value identifier divide_with_ceil is unbound.
azimuth_test/additional_standard_tests.mbt:95:3-95:12 [E4021] The value identifier assert_eq is unbound.
azimuth_test/additional_standard_tests.mbt:95:16-95:32 [E4021] The value identifier divide_with_ceil is unbound.
azimuth_test/additional_standard_tests.mbt:96:3-96:12 [E4021] The value identifier assert_eq is unbound.
azimuth_test/additional_standard_tests.mbt:96:16-96:32 [E4021] The value identifier divide_with_ceil is unbound.
azimuth_test/additional_standard_tests.mbt:97:3-97:12 [E4021] The value identifier assert_eq is unbound.
azimuth_test/additional_standard_tests.mbt:97:16-97:32 [E4021] The value identifier divide_with_ceil is unbound.
azimuth_test/additional_standard_tests.mbt:98:3-98:12 [E4021] The value identifier assert_eq is unbound.
azimuth_test/additional_standard_tests.mbt:98:16-98:32 [E4021] The value identifier divide_with_ceil is unbound.
azimuth_test/additional_standard_tests.mbt:99:3-99:12 [E4021] The value identifier assert_eq is unbound.
azimuth_test/additional_standard_tests.mbt:99:16-99:32 [E4021] The value identifier divide_with_ceil is unbound.
azimuth_test/additional_standard_tests.mbt:105:3-105:19 [E4021] The value identifier assert_eq_string is unbound.
azimuth_test/additional_standard_tests.mbt:105:35-105:40 [E4021] The value identifier greet is unbound.
azimuth_test/additional_standard_tests.mbt:106:3-106:19 [E4021] The value identifier assert_eq_string is unbound.
azimuth_test/additional_standard_tests.mbt:106:36-106:41 [E4021] The value identifier greet is unbound.
azimuth_test/additional_standard_tests.mbt:107:3-107:19 [E4021] The value identifier assert_eq_string is unbound.
azimuth_test/additional_standard_tests.mbt:107:38-107:43 [E4021] The value identifier greet is unbound.
azimuth_test/additional_standard_tests.mbt:108:3-108:19 [E4021] The value identifier assert_eq_string is unbound.
azimuth_test/additional_standard_tests.mbt:108:34-108:39 [E4021] The value identifier greet is unbound.
azimuth_test/additional_standard_tests.mbt:109:3-109:19 [E4021] The value identifier assert_eq_string is unbound.
azimuth_test/additional_standard_tests.mbt:109:39-109:44 [E4021] The value identifier greet is unbound.
azimuth_test/additional_standard_tests.mbt:110:3-110:19 [E4021] The value identifier assert_eq_string is unbound.
azimuth_test/additional_standard_tests.mbt:110:39-110:44 [E4021] The value identifier greet is unbound.
azimuth_test/additional_standard_tests.mbt:111:3-111:19 [E4021] The value identifier assert_eq_string is unbound.
azimuth_test/additional_standard_tests.mbt:111:37-111:42 [E4021] The value identifier greet is unbound.
azimuth_test/additional_standard_tests.mbt:112:3-112:19 [E4021] The value identifier assert_eq_string is unbound.
azimuth_test/additional_standard_tests.mbt:112:35-112:40 [E4021] The value identifier greet is unbound.
azimuth_test/additional_standard_tests.mbt:113:3-113:19 [E4021] The value identifier assert_eq_string is unbound.
azimuth_test/additional_standard_tests.mbt:113:35-113:40 [E4021] The value identifier greet is unbound.
azimuth_test/additional_standard_tests.mbt:125:25-125:33 [E4021] The value identifier multiply is unbound.
azimuth_test/additional_standard_tests.mbt:125:46-125:54 [E4021] The value identifier multiply is unbound.
azimuth_test/additional_standard_tests.mbt:128:26-128:42 [E4021] The value identifier divide_with_ceil is unbound.
azimuth_test/additional_standard_tests.mbt:131:23-131:31 [E4021] The value identifier multiply is unbound.
azimuth_test/additional_standard_tests.mbt:133:3-133:12 [E4021] The value identifier assert_eq is unbound.
azimuth_test/additional_standard_tests.mbt:134:3-134:12 [E4021] The value identifier assert_eq is unbound.
azimuth_test/additional_standard_tests.mbt:135:3-135:12 [E4021] The value identifier assert_eq is unbound.
azimuth_test/additional_standard_tests.mbt:144:18-144:21 [E4021] The value identifier add is unbound.
azimuth_test/additional_standard_tests.mbt:144:22-144:25 [E4021] The value identifier add is unbound.
azimuth_test/additional_standard_tests.mbt:144:26-144:29 [E4021] The value identifier add is unbound.
azimuth_test/additional_standard_tests.mbt:144:30-144:33 [E4021] The value identifier add is unbound.
azimuth_test/additional_standard_tests.mbt:144:34-144:37 [E4021] The value identifier add is unbound.
azimuth_test/additional_standard_tests.mbt:144:38-144:41 [E4021] The value identifier add is unbound.
azimuth_test/additional_standard_tests.mbt:144:42-144:45 [E4021] The value identifier add is unbound.
azimuth_test/additional_standard_tests.mbt:144:46-144:49 [E4021] The value identifier add is unbound.
azimuth_test/additional_standard_tests.mbt:144:50-144:53 [E4021] The value identifier add is unbound.
azimuth_test/additional_standard_tests.mbt:149:17-149:33 [E4021] The value identifier divide_with_ceil is unbound.
azimuth_test/additional_standard_tests.mbt:154:15-154:23 [E4021] The value identifier subtract is unbound.
azimuth_test/additional_standard_tests.mbt:156:3-156:12 [E4021] The value identifier assert_eq is unbound.
azimuth_test/additional_standard_tests.mbt:157:3-157:12 [E4021] The value identifier assert_eq is unbound.
azimuth_test/additional_standard_tests.mbt:158:3-158:12 [E4021] The value identifier assert_eq is unbound.
azimuth_test/additional_standard_tests.mbt:167:27-167:35 [E4021] The value identifier multiply is unbound.
azimuth_test/additional_standard_tests.mbt:170:30-170:38 [E4021] The value identifier multiply is unbound.
azimuth_test/additional_standard_tests.mbt:173:32-173:48 [E4021] The value identifier divide_with_ceil is unbound.
azimuth_test/additional_standard_tests.mbt:176:29-176:45 [E4021] The value identifier divide_with_ceil is unbound.
azimuth_test/additional_standard_tests.mbt:177:31-177:47 [E4021] The value identifier divide_with_ceil is unbound.
azimuth_test/additional_standard_tests.mbt:179:3-179:12 [E4021] The value identifier assert_eq is unbound.
azimuth_test/additional_standard_tests.mbt:180:3-180:12 [E4021] The value identifier assert_eq is unbound.
azimuth_test/additional_standard_tests.mbt:181:3-181:12 [E4021] The value identifier assert_eq is unbound.
azimuth_test/additional_standard_tests.mbt:182:3-182:12 [E4021] The value identifier assert_eq is unbound.
azimuth_test/additional_standard_tests.mbt:183:3-183:12 [E4021] The value identifier assert_eq is unbound.
azimuth_test/additional_standard_tests.mbt:194:21-194:29 [E4021] The value identifier multiply is unbound.
azimuth_test/additional_standard_tests.mbt:197:23-197:31 [E4021] The value identifier multiply is unbound.
azimuth_test/additional_standard_tests.mbt:200:21-200:37 [E4021] The value identifier divide_with_ceil is unbound.
azimuth_test/additional_standard_tests.mbt:200:38-200:46 [E4021] The value identifier multiply is unbound.
azimuth_test/additional_standard_tests.mbt:203:24-203:27 [E4021] The value identifier add is unbound.
azimuth_test/additional_standard_tests.mbt:206:21-206:29 [E4021] The value identifier multiply is unbound.
azimuth_test/additional_standard_tests.mbt:208:3-208:12 [E4021] The value identifier assert_eq is unbound.
azimuth_test/additional_standard_tests.mbt:209:3-209:12 [E4021] The value identifier assert_eq is unbound.
azimuth_test/additional_standard_tests.mbt:210:3-210:12 [E4021] The value identifier assert_eq is unbound.
azimuth_test/additional_standard_tests.mbt:211:3-211:12 [E4021] The value identifier assert_eq is unbound.
azimuth_test/additional_standard_tests.mbt:212:3-212:12 [E4021] The value identifier assert_eq is unbound.
Error: additional_standard_tests.mbt compilation failed
Checking azimuth_standard_test.mbt...
azimuth_test/azimuth_standard_test.mbt:53:18-53:20 [E0051] Warning (ambiguous_precedence): Operator `!=` and `==` are ambiguous, add parenthesis to disambiguate.
azimuth_test/azimuth_standard_test.mbt:54:18-54:20 [E0051] Warning (ambiguous_precedence): Operator `==` and `==` are ambiguous, add parenthesis to disambiguate.
azimuth_test/azimuth_standard_test.mbt:76:17-76:19 [E0051] Warning (ambiguous_precedence): Operator `<` and `==` are ambiguous, add parenthesis to disambiguate.
azimuth_test/azimuth_standard_test.mbt:77:17-77:19 [E0051] Warning (ambiguous_precedence): Operator `>` and `==` are ambiguous, add parenthesis to disambiguate.
azimuth_test/azimuth_standard_test.mbt:78:18-78:20 [E0051] Warning (ambiguous_precedence): Operator `<=` and `==` are ambiguous, add parenthesis to disambiguate.
azimuth_test/azimuth_standard_test.mbt:79:18-79:20 [E0051] Warning (ambiguous_precedence): Operator `>=` and `==` are ambiguous, add parenthesis to disambiguate.
azimuth_test/azimuth_standard_test.mbt:80:18-80:20 [E0051] Warning (ambiguous_precedence): Operator `==` and `==` are ambiguous, add parenthesis to disambiguate.
azimuth_test/azimuth_standard_test.mbt:81:18-81:20 [E0051] Warning (ambiguous_precedence): Operator `!=` and `==` are ambiguous, add parenthesis to disambiguate.
azimuth_test/azimuth_standard_test.mbt:107:19-107:29 [E4032] The type Array is undefined.
azimuth_test/azimuth_standard_test.mbt:107:32-107:34 [E0013] Warning (unresolved_type_variable): The type of this expression is Array[_/0], which contains unresolved type variables. The type variable is default to Unit.
Error: azimuth_standard_test.mbt compilation failed
Checking standard_azimuth_basic_tests.mbt...
Found 10 tests in standard_azimuth_basic_tests.mbt
test ... ok
test ... ok
test ... ok
test ... ok
test ... ok
test ... ok
test ... ok
test ... ok
test ... ok
test ... ok
Checking standard_azimuth_new_tests.mbt...
Found 10 tests in standard_azimuth_new_tests.mbt
test ... ok
test ... ok
test ... ok
test ... ok
test ... ok
test ... ok
test ... ok
test ... ok
test ... ok
test ... ok
Checking quality_standard_tests.mbt...
Found 9 tests in quality_standard_tests.mbt
test ... ok
test ... ok
test ... ok
test ... ok
test ... ok
test ... ok
test ... ok
test ... ok
test ... ok
Checking single_test.mbt...
Found 1 tests in single_test.mbt
test ... ok
Checking simple_test_verification.mbt...
Found 3 tests in simple_test_verification.mbt
test ... ok
test ... ok
test ... ok
Checking standard_moonbit_test_additions.mbt...
azimuth_test/standard_moonbit_test_additions.mbt:33:7-33:12 [E0002] Warning (unused_value): Unused variable 'years'
Found 10 tests in standard_moonbit_test_additions.mbt
test ... ok
test ... ok
test ... ok
test ... ok
test ... ok
test ... ok
test ... ok
test ... ok
test ... ok
test ... ok
Checking azimuth_quality_test_suite.mbt...
azimuth_test/azimuth_quality_test_suite.mbt:95:7-95:12 [E0002] Warning (unused_value): Unused variable 'years'
Found 10 tests in azimuth_quality_test_suite.mbt
test ... ok
test ... ok
test ... ok
test ... ok
test ... ok
test ... ok
test ... ok
test ... ok
test ... ok
test ... ok
Checking standard_moonbit_test_cases.mbt...
Found 10 tests in standard_moonbit_test_cases.mbt
test ... ok
test ... ok
test ... ok
test ... ok
test ... ok
test ... ok
test ... ok
test ... ok
test ... ok
test ... ok
Checking standard_quality_tests.mbt...
Found 10 tests in standard_quality_tests.mbt
test ... ok
test ... ok
test ... ok
test ... ok
test ... ok
test ... ok
test ... ok
test ... ok
test ... ok
test ... ok
Checking lib_test.mbt...
Found 10 tests in lib_test.mbt
test ... ok
test ... ok
test ... ok
test ... ok
test ... ok
test ... ok
test ... ok
test ... ok
test ... ok
test ... ok
Checking azimuth_unique_tests.mbt...
Found 10 tests in azimuth_unique_tests.mbt
test ... ok
test ... ok
test ... ok
test ... ok
test ... ok
test ... ok
test ... ok
test ... ok
test ... ok
test ... ok
Checking concise_azimuth_core_tests.mbt...
Found 10 tests in concise_azimuth_core_tests.mbt
test ... ok
test ... ok
test ... ok
test ... ok
test ... ok
test ... ok
test ... ok
test ... ok
test ... ok
test ... ok
Checking azimuth_new_standard_tests.mbt...
Found 8 tests in azimuth_new_standard_tests.mbt
test ... ok
test ... ok
test ... ok
test ... ok
test ... ok
test ... ok
test ... ok
test ... ok
Checking standard_azimuth_core_tests.mbt...
Found 10 tests in standard_azimuth_core_tests.mbt
test ... ok
test ... ok
test ... ok
test ... ok
test ... ok
test ... ok
test ... ok
test ... ok
test ... ok
test ... ok
Checking azimuth_concise_test_cases.mbt...
Found 10 tests in azimuth_concise_test_cases.mbt
test ... ok
test ... ok
test ... ok
test ... ok
test ... ok
test ... ok
test ... ok
test ... ok
test ... ok
test ... ok
Checking standard_moonbit_tests.mbt...
azimuth_test/standard_moonbit_tests.mbt:6:3-6:12 [E4021] The value identifier assert_eq is unbound.
azimuth_test/standard_moonbit_tests.mbt:6:16-6:19 [E4021] The value identifier add is unbound.
azimuth_test/standard_moonbit_tests.mbt:7:3-7:12 [E4021] The value identifier assert_eq is unbound.
azimuth_test/standard_moonbit_tests.mbt:7:16-7:19 [E4021] The value identifier add is unbound.
azimuth_test/standard_moonbit_tests.mbt:8:3-8:12 [E4021] The value identifier assert_eq is unbound.
azimuth_test/standard_moonbit_tests.mbt:8:17-8:20 [E4021] The value identifier add is unbound.
azimuth_test/standard_moonbit_tests.mbt:9:3-9:12 [E4021] The value identifier assert_eq is unbound.
azimuth_test/standard_moonbit_tests.mbt:9:17-9:20 [E4021] The value identifier add is unbound.
azimuth_test/standard_moonbit_tests.mbt:14:3-14:12 [E4021] The value identifier assert_eq is unbound.
azimuth_test/standard_moonbit_tests.mbt:14:16-14:24 [E4021] The value identifier multiply is unbound.
azimuth_test/standard_moonbit_tests.mbt:15:3-15:12 [E4021] The value identifier assert_eq is unbound.
azimuth_test/standard_moonbit_tests.mbt:15:16-15:24 [E4021] The value identifier multiply is unbound.
azimuth_test/standard_moonbit_tests.mbt:16:3-16:12 [E4021] The value identifier assert_eq is unbound.
azimuth_test/standard_moonbit_tests.mbt:16:17-16:25 [E4021] The value identifier multiply is unbound.
azimuth_test/standard_moonbit_tests.mbt:17:3-17:12 [E4021] The value identifier assert_eq is unbound.
azimuth_test/standard_moonbit_tests.mbt:17:17-17:25 [E4021] The value identifier multiply is unbound.
azimuth_test/standard_moonbit_tests.mbt:22:3-22:12 [E4021] The value identifier assert_eq is unbound.
azimuth_test/standard_moonbit_tests.mbt:22:16-22:24 [E4021] The value identifier subtract is unbound.
azimuth_test/standard_moonbit_tests.mbt:23:3-23:12 [E4021] The value identifier assert_eq is unbound.
azimuth_test/standard_moonbit_tests.mbt:23:16-23:24 [E4021] The value identifier subtract is unbound.
azimuth_test/standard_moonbit_tests.mbt:24:3-24:12 [E4021] The value identifier assert_eq is unbound.
azimuth_test/standard_moonbit_tests.mbt:24:17-24:25 [E4021] The value identifier subtract is unbound.
azimuth_test/standard_moonbit_tests.mbt:25:3-25:12 [E4021] The value identifier assert_eq is unbound.
azimuth_test/standard_moonbit_tests.mbt:25:17-25:25 [E4021] The value identifier subtract is unbound.
azimuth_test/standard_moonbit_tests.mbt:30:3-30:19 [E4021] The value identifier assert_eq_string is unbound.
azimuth_test/standard_moonbit_tests.mbt:30:37-30:42 [E4021] The value identifier greet is unbound.
azimuth_test/standard_moonbit_tests.mbt:31:3-31:19 [E4021] The value identifier assert_eq_string is unbound.
azimuth_test/standard_moonbit_tests.mbt:31:39-31:44 [E4021] The value identifier greet is unbound.
azimuth_test/standard_moonbit_tests.mbt:32:3-32:19 [E4021] The value identifier assert_eq_string is unbound.
azimuth_test/standard_moonbit_tests.mbt:32:32-32:37 [E4021] The value identifier greet is unbound.
azimuth_test/standard_moonbit_tests.mbt:37:3-37:12 [E4021] The value identifier assert_eq is unbound.
azimuth_test/standard_moonbit_tests.mbt:37:16-37:32 [E4021] The value identifier divide_with_ceil is unbound.
azimuth_test/standard_moonbit_tests.mbt:38:3-38:12 [E4021] The value identifier assert_eq is unbound.
azimuth_test/standard_moonbit_tests.mbt:38:16-38:32 [E4021] The value identifier divide_with_ceil is unbound.
azimuth_test/standard_moonbit_tests.mbt:39:3-39:12 [E4021] The value identifier assert_eq is unbound.
azimuth_test/standard_moonbit_tests.mbt:39:16-39:32 [E4021] The value identifier divide_with_ceil is unbound.
azimuth_test/standard_moonbit_tests.mbt:40:3-40:12 [E4021] The value identifier assert_eq is unbound.
azimuth_test/standard_moonbit_tests.mbt:40:16-40:32 [E4021] The value identifier divide_with_ceil is unbound.
azimuth_test/standard_moonbit_tests.mbt:49:3-49:12 [E4021] The value identifier assert_eq is unbound.
azimuth_test/standard_moonbit_tests.mbt:49:13-49:16 [E4021] The value identifier add is unbound.
azimuth_test/standard_moonbit_tests.mbt:49:24-49:27 [E4021] The value identifier add is unbound.
azimuth_test/standard_moonbit_tests.mbt:52:3-52:12 [E4021] The value identifier assert_eq is unbound.
azimuth_test/standard_moonbit_tests.mbt:52:13-52:21 [E4021] The value identifier multiply is unbound.
azimuth_test/standard_moonbit_tests.mbt:52:29-52:37 [E4021] The value identifier multiply is unbound.
azimuth_test/standard_moonbit_tests.mbt:55:3-55:12 [E4021] The value identifier assert_eq is unbound.
azimuth_test/standard_moonbit_tests.mbt:55:16-55:24 [E4021] The value identifier multiply is unbound.
azimuth_test/standard_moonbit_tests.mbt:56:3-56:12 [E4021] The value identifier assert_eq is unbound.
azimuth_test/standard_moonbit_tests.mbt:56:16-56:19 [E4021] The value identifier add is unbound.
azimuth_test/standard_moonbit_tests.mbt:61:17-61:20 [E4021] The value identifier add is unbound.
azimuth_test/standard_moonbit_tests.mbt:61:21-61:29 [E4021] The value identifier multiply is unbound.
azimuth_test/standard_moonbit_tests.mbt:61:37-61:45 [E4021] The value identifier multiply is unbound.
azimuth_test/standard_moonbit_tests.mbt:62:3-62:12 [E4021] The value identifier assert_eq is unbound.
azimuth_test/standard_moonbit_tests.mbt:64:17-64:25 [E4021] The value identifier multiply is unbound.
azimuth_test/standard_moonbit_tests.mbt:64:26-64:29 [E4021] The value identifier add is unbound.
azimuth_test/standard_moonbit_tests.mbt:65:3-65:12 [E4021] The value identifier assert_eq is unbound.
azimuth_test/standard_moonbit_tests.mbt:74:18-74:26 [E4021] The value identifier multiply is unbound.
azimuth_test/standard_moonbit_tests.mbt:75:15-75:18 [E4021] The value identifier add is unbound.
azimuth_test/standard_moonbit_tests.mbt:77:3-77:12 [E4021] The value identifier assert_eq is unbound.
azimuth_test/standard_moonbit_tests.mbt:78:3-78:12 [E4021] The value identifier assert_eq is unbound.
azimuth_test/standard_moonbit_tests.mbt:85:22-85:38 [E4021] The value identifier divide_with_ceil is unbound.
azimuth_test/standard_moonbit_tests.mbt:87:3-87:12 [E4021] The value identifier assert_eq is unbound.
azimuth_test/standard_moonbit_tests.mbt:92:3-92:19 [E4021] The value identifier assert_eq_string is unbound.
azimuth_test/standard_moonbit_tests.mbt:92:34-92:39 [E4021] The value identifier greet is unbound.
azimuth_test/standard_moonbit_tests.mbt:93:3-93:19 [E4021] The value identifier assert_eq_string is unbound.
azimuth_test/standard_moonbit_tests.mbt:93:33-93:38 [E4021] The value identifier greet is unbound.
azimuth_test/standard_moonbit_tests.mbt:94:3-94:19 [E4021] The value identifier assert_eq_string is unbound.
azimuth_test/standard_moonbit_tests.mbt:94:35-94:40 [E4021] The value identifier greet is unbound.
azimuth_test/standard_moonbit_tests.mbt:95:3-95:19 [E4021] The value identifier assert_eq_string is unbound.
azimuth_test/standard_moonbit_tests.mbt:95:48-95:53 [E4021] The value identifier greet is unbound.
Error: standard_moonbit_tests.mbt compilation failed
Checking my_new_unit_tests.mbt...
Found 10 tests in my_new_unit_tests.mbt
test ... ok
test ... ok
test ... ok
test ... ok
test ... ok
test ... ok
test ... ok
test ... ok
test ... ok
test ... ok
Checking standard_moonbit_test_suite.mbt...
Found 10 tests in standard_moonbit_test_suite.mbt
test ... ok
test ... ok
test ... ok
test ... ok
test ... ok
test ... ok
test ... ok
test ... ok
test ... ok
test ... ok
Checking quality_test_cases.mbt...
azimuth_test/quality_test_cases.mbt:116:7-116:12 [E0002] Warning (unused_value): Unused variable 'years'
Found 10 tests in quality_test_cases.mbt
test ... ok
test ... ok
test ... ok
test ... ok
test ... ok
test ... ok
test ... ok
test ... ok
test ... ok
test ... ok
Checking quality_test_suite.mbt...
Found 10 tests in quality_test_suite.mbt
test ... ok
test ... ok
test ... ok
test ... ok
test ... ok
test ... ok
test ... ok
test ... ok
test ... ok
test ... ok
Checking essential_core_tests.mbt...
Found 10 tests in essential_core_tests.mbt
test ... ok
test ... ok
test ... ok
test ... ok
test ... ok
test ... ok
test ... ok
test ... ok
test ... ok
test ... ok
Checking simple_quality_tests.mbt...
Found 10 tests in simple_quality_tests.mbt
test ... ok
test ... ok
test ... ok
test ... ok
test ... ok
test ... ok
test ... ok
test ... ok
test ... ok
test ... ok
Checking azimuth_standard_test_cases.mbt...
Found 10 tests in azimuth_standard_test_cases.mbt
test ... ok
test ... ok
test ... ok
test ... ok
test ... ok
test ... ok
test ... ok
test ... ok
test ... ok
test ... ok
Checking quality_enhanced_test_cases.mbt...
azimuth_test/quality_enhanced_test_cases.mbt:43:7-43:12 [E0002] Warning (unused_value): Unused variable 'years'
azimuth_test/quality_enhanced_test_cases.mbt:127:22-127:32 [E4095] Integer literal 2147483648 is out of range.
azimuth_test/quality_enhanced_test_cases.mbt:128:22-128:33 [E4095] Integer literal -2147483649 is out of range.
Error: quality_enhanced_test_cases.mbt compilation failed
Checking standard_core_tests.mbt...
azimuth_test/standard_core_tests.mbt:4:18-4:25 [E0002] Warning (unused_value): Unused variable 'inspect'
Found 10 tests in standard_core_tests.mbt
test ... ok
test ... ok
test ... ok
test ... ok
test ... ok
test ... ok
test ... ok
test ... ok
test ... ok
test ... ok
Checking standard_core_test_cases.mbt...
Found 9 tests in standard_core_test_cases.mbt
test ... ok
test ... ok
test ... ok
test ... ok
test ... ok
test ... ok
test ... ok
test ... ok
test ... ok
Test file standard_azimuth_test_suite.mbt not found
Checking standard_moonbit_test_suite.mbt...
Found 10 tests in standard_moonbit_test_suite.mbt
test ... ok
test ... ok
test ... ok
test ... ok
test ... ok
test ... ok
test ... ok
test ... ok
test ... ok
test ... ok
Checking azimuth_new_test_cases.mbt...
azimuth_test/azimuth_new_test_cases.mbt:10:7-10:10 [E0002] Warning (unused_value): Unused variable 'sum'
azimuth_test/azimuth_new_test_cases.mbt:11:7-11:16 [E0002] Warning (unused_value): Unused variable 'check_sum'
azimuth_test/azimuth_new_test_cases.mbt:14:7-14:14 [E0002] Warning (unused_value): Unused variable 'product'
azimuth_test/azimuth_new_test_cases.mbt:15:7-15:20 [E0002] Warning (unused_value): Unused variable 'check_product'
azimuth_test/azimuth_new_test_cases.mbt:18:7-18:17 [E0002] Warning (unused_value): Unused variable 'difference'
azimuth_test/azimuth_new_test_cases.mbt:19:7-19:23 [E0002] Warning (unused_value): Unused variable 'check_difference'
azimuth_test/azimuth_new_test_cases.mbt:22:7-22:15 [E0002] Warning (unused_value): Unused variable 'quotient'
azimuth_test/azimuth_new_test_cases.mbt:23:7-23:21 [E0002] Warning (unused_value): Unused variable 'check_quotient'
azimuth_test/azimuth_new_test_cases.mbt:26:7-26:16 [E0002] Warning (unused_value): Unused variable 'remainder'
azimuth_test/azimuth_new_test_cases.mbt:27:7-27:22 [E0002] Warning (unused_value): Unused variable 'check_remainder'
azimuth_test/azimuth_new_test_cases.mbt:51:7-51:18 [E0002] Warning (unused_value): Unused variable 'final_total'
azimuth_test/azimuth_new_test_cases.mbt:53:7-53:24 [E0002] Warning (unused_value): Unused variable 'check_final_total'
azimuth_test/azimuth_new_test_cases.mbt:60:7-60:17 [E0002] Warning (unused_value): Unused variable 'fahrenheit'
azimuth_test/azimuth_new_test_cases.mbt:61:7-61:23 [E0002] Warning (unused_value): Unused variable 'check_fahrenheit'
azimuth_test/azimuth_new_test_cases.mbt:65:7-65:26 [E0002] Warning (unused_value): Unused variable 'freezing_fahrenheit'
azimuth_test/azimuth_new_test_cases.mbt:66:7-66:32 [E0002] Warning (unused_value): Unused variable 'check_freezing_fahrenheit'
azimuth_test/azimuth_new_test_cases.mbt:70:7-70:25 [E0002] Warning (unused_value): Unused variable 'boiling_fahrenheit'
azimuth_test/azimuth_new_test_cases.mbt:71:7-71:31 [E0002] Warning (unused_value): Unused variable 'check_boiling_fahrenheit'
azimuth_test/azimuth_new_test_cases.mbt:81:7-81:11 [E0002] Warning (unused_value): Unused variable 'area'
azimuth_test/azimuth_new_test_cases.mbt:82:7-82:17 [E0002] Warning (unused_value): Unused variable 'check_area'
azimuth_test/azimuth_new_test_cases.mbt:85:7-85:16 [E0002] Warning (unused_value): Unused variable 'perimeter'
azimuth_test/azimuth_new_test_cases.mbt:86:7-86:22 [E0002] Warning (unused_value): Unused variable 'check_perimeter'
azimuth_test/azimuth_new_test_cases.mbt:89:7-89:13 [E0002] Warning (unused_value): Unused variable 'volume'
azimuth_test/azimuth_new_test_cases.mbt:90:7-90:19 [E0002] Warning (unused_value): Unused variable 'check_volume'
azimuth_test/azimuth_new_test_cases.mbt:101:7-101:12 [E0002] Warning (unused_value): Unused variable 'index'
azimuth_test/azimuth_new_test_cases.mbt:102:7-102:18 [E0002] Warning (unused_value): Unused variable 'check_index'
azimuth_test/azimuth_new_test_cases.mbt:105:7-105:18 [E0002] Warning (unused_value): Unused variable 'first_index'
azimuth_test/azimuth_new_test_cases.mbt:106:7-106:24 [E0002] Warning (unused_value): Unused variable 'check_first_index'
azimuth_test/azimuth_new_test_cases.mbt:108:7-108:17 [E0002] Warning (unused_value): Unused variable 'last_index'
azimuth_test/azimuth_new_test_cases.mbt:109:7-109:23 [E0002] Warning (unused_value): Unused variable 'check_last_index'
azimuth_test/azimuth_new_test_cases.mbt:123:7-123:16 [E0002] Warning (unused_value): Unused variable 'check_sum'
azimuth_test/azimuth_new_test_cases.mbt:126:7-126:11 [E0002] Warning (unused_value): Unused variable 'mean'
azimuth_test/azimuth_new_test_cases.mbt:127:7-127:17 [E0002] Warning (unused_value): Unused variable 'check_mean'
azimuth_test/azimuth_new_test_cases.mbt:134:7-134:16 [E0002] Warning (unused_value): Unused variable 'max_value'
azimuth_test/azimuth_new_test_cases.mbt:135:7-135:22 [E0002] Warning (unused_value): Unused variable 'check_max_value'
azimuth_test/azimuth_new_test_cases.mbt:145:7-145:14 [E0002] Warning (unused_value): Unused variable 'message'
azimuth_test/azimuth_new_test_cases.mbt:146:7-146:20 [E0002] Warning (unused_value): Unused variable 'check_message'
azimuth_test/azimuth_new_test_cases.mbt:150:7-150:20 [E0002] Warning (unused_value): Unused variable 'empty_message'
azimuth_test/azimuth_new_test_cases.mbt:151:7-151:26 [E0002] Warning (unused_value): Unused variable 'check_empty_message'
azimuth_test/azimuth_new_test_cases.mbt:155:7-155:20 [E0002] Warning (unused_value): Unused variable 'mixed_message'
azimuth_test/azimuth_new_test_cases.mbt:156:7-156:26 [E0002] Warning (unused_value): Unused variable 'check_mixed_message'
azimuth_test/azimuth_new_test_cases.mbt:165:7-165:14 [E0002] Warning (unused_value): Unused variable 'result1'
azimuth_test/azimuth_new_test_cases.mbt:166:7-166:14 [E0002] Warning (unused_value): Unused variable 'result2'
azimuth_test/azimuth_new_test_cases.mbt:167:7-167:14 [E0002] Warning (unused_value): Unused variable 'result3'
azimuth_test/azimuth_new_test_cases.mbt:170:7-170:14 [E0002] Warning (unused_value): Unused variable 'result4'
azimuth_test/azimuth_new_test_cases.mbt:171:7-171:14 [E0002] Warning (unused_value): Unused variable 'result5'
azimuth_test/azimuth_new_test_cases.mbt:172:7-172:14 [E0002] Warning (unused_value): Unused variable 'result6'
azimuth_test/azimuth_new_test_cases.mbt:175:7-175:14 [E0002] Warning (unused_value): Unused variable 'result7'
azimuth_test/azimuth_new_test_cases.mbt:176:7-176:14 [E0002] Warning (unused_value): Unused variable 'result8'
azimuth_test/azimuth_new_test_cases.mbt:186:7-186:14 [E0002] Warning (unused_value): Unused variable 'result1'
azimuth_test/azimuth_new_test_cases.mbt:187:7-187:14 [E0002] Warning (unused_value): Unused variable 'result2'
azimuth_test/azimuth_new_test_cases.mbt:190:7-190:14 [E0002] Warning (unused_value): Unused variable 'result3'
azimuth_test/azimuth_new_test_cases.mbt:191:7-191:14 [E0002] Warning (unused_value): Unused variable 'result4'
azimuth_test/azimuth_new_test_cases.mbt:194:7-194:14 [E0002] Warning (unused_value): Unused variable 'result5'
azimuth_test/azimuth_new_test_cases.mbt:195:7-195:14 [E0002] Warning (unused_value): Unused variable 'result6'
azimuth_test/azimuth_new_test_cases.mbt:196:7-196:14 [E0002] Warning (unused_value): Unused variable 'result7'
azimuth_test/azimuth_new_test_cases.mbt:197:7-197:14 [E0002] Warning (unused_value): Unused variable 'result8'
azimuth_test/azimuth_new_test_cases.mbt:207:7-207:26 [E0002] Warning (unused_value): Unused variable 'check_total_minutes'
azimuth_test/azimuth_new_test_cases.mbt:210:7-210:20 [E0002] Warning (unused_value): Unused variable 'total_seconds'
azimuth_test/azimuth_new_test_cases.mbt:211:7-211:26 [E0002] Warning (unused_value): Unused variable 'check_total_seconds'
azimuth_test/azimuth_new_test_cases.mbt:216:7-216:15 [E0002] Warning (unused_value): Unused variable 'duration'
azimuth_test/azimuth_new_test_cases.mbt:217:7-217:21 [E0002] Warning (unused_value): Unused variable 'check_duration'
Found 10 tests in azimuth_new_test_cases.mbt
test ... ok
test ... ok
test ... ok
test ... ok
test ... ok
test ... ok
test ... ok
test ... ok
test ... ok
test ... ok
Checking azimuth_basic_unit_tests.mbt...
azimuth_test/azimuth_basic_unit_tests.mbt:12:7-12:13 [E0002] Warning (unused_value): Unused variable 'check1'
azimuth_test/azimuth_basic_unit_tests.mbt:13:7-13:13 [E0002] Warning (unused_value): Unused variable 'check2'
azimuth_test/azimuth_basic_unit_tests.mbt:14:7-14:13 [E0002] Warning (unused_value): Unused variable 'check3'
azimuth_test/azimuth_basic_unit_tests.mbt:15:7-15:13 [E0002] Warning (unused_value): Unused variable 'check4'
azimuth_test/azimuth_basic_unit_tests.mbt:26:7-26:13 [E0002] Warning (unused_value): Unused variable 'check1'
azimuth_test/azimuth_basic_unit_tests.mbt:27:7-27:13 [E0002] Warning (unused_value): Unused variable 'check2'
azimuth_test/azimuth_basic_unit_tests.mbt:28:7-28:13 [E0002] Warning (unused_value): Unused variable 'check3'
azimuth_test/azimuth_basic_unit_tests.mbt:29:7-29:13 [E0002] Warning (unused_value): Unused variable 'check4'
azimuth_test/azimuth_basic_unit_tests.mbt:45:7-45:13 [E0002] Warning (unused_value): Unused variable 'check1'
azimuth_test/azimuth_basic_unit_tests.mbt:46:7-46:13 [E0002] Warning (unused_value): Unused variable 'check2'
azimuth_test/azimuth_basic_unit_tests.mbt:65:7-65:13 [E0002] Warning (unused_value): Unused variable 'check1'
azimuth_test/azimuth_basic_unit_tests.mbt:66:7-66:13 [E0002] Warning (unused_value): Unused variable 'check2'
azimuth_test/azimuth_basic_unit_tests.mbt:67:7-67:13 [E0002] Warning (unused_value): Unused variable 'check3'
azimuth_test/azimuth_basic_unit_tests.mbt:86:7-86:13 [E0002] Warning (unused_value): Unused variable 'check1'
azimuth_test/azimuth_basic_unit_tests.mbt:87:7-87:13 [E0002] Warning (unused_value): Unused variable 'check2'
azimuth_test/azimuth_basic_unit_tests.mbt:88:7-88:13 [E0002] Warning (unused_value): Unused variable 'check3'
azimuth_test/azimuth_basic_unit_tests.mbt:89:7-89:13 [E0002] Warning (unused_value): Unused variable 'check4'
azimuth_test/azimuth_basic_unit_tests.mbt:90:7-90:13 [E0002] Warning (unused_value): Unused variable 'check5'
azimuth_test/azimuth_basic_unit_tests.mbt:106:7-106:13 [E0002] Warning (unused_value): Unused variable 'check1'
azimuth_test/azimuth_basic_unit_tests.mbt:107:7-107:13 [E0002] Warning (unused_value): Unused variable 'check2'
azimuth_test/azimuth_basic_unit_tests.mbt:116:7-116:13 [E0002] Warning (unused_value): Unused variable 'check1'
azimuth_test/azimuth_basic_unit_tests.mbt:117:7-117:13 [E0002] Warning (unused_value): Unused variable 'check2'
azimuth_test/azimuth_basic_unit_tests.mbt:141:7-141:13 [E0002] Warning (unused_value): Unused variable 'check1'
azimuth_test/azimuth_basic_unit_tests.mbt:142:7-142:13 [E0002] Warning (unused_value): Unused variable 'check2'
azimuth_test/azimuth_basic_unit_tests.mbt:143:7-143:13 [E0002] Warning (unused_value): Unused variable 'check3'
azimuth_test/azimuth_basic_unit_tests.mbt:144:7-144:13 [E0002] Warning (unused_value): Unused variable 'check4'
azimuth_test/azimuth_basic_unit_tests.mbt:145:7-145:13 [E0002] Warning (unused_value): Unused variable 'check5'
azimuth_test/azimuth_basic_unit_tests.mbt:146:7-146:13 [E0002] Warning (unused_value): Unused variable 'check6'
azimuth_test/azimuth_basic_unit_tests.mbt:147:7-147:13 [E0002] Warning (unused_value): Unused variable 'check7'
azimuth_test/azimuth_basic_unit_tests.mbt:148:7-148:13 [E0002] Warning (unused_value): Unused variable 'check8'
Found 8 tests in azimuth_basic_unit_tests.mbt
test ... ok
test ... ok
test ... ok
test ... ok
test ... ok
test ... ok
test ... ok
test ... ok
Checking enhanced_core_tests.mbt...
azimuth_test/enhanced_core_tests.mbt:41:7-41:12 [E0002] Warning (unused_value): Unused variable 'years'
Found 10 tests in enhanced_core_tests.mbt
test ... ok
test ... ok
test ... ok
test ... ok
test ... ok
test ... ok
test ... ok
test ... ok
test ... ok
test ... ok
Checking standard_core_tests.mbt...
azimuth_test/standard_core_tests.mbt:4:18-4:25 [E0002] Warning (unused_value): Unused variable 'inspect'
Found 10 tests in standard_core_tests.mbt
test ... ok
test ... ok
test ... ok
test ... ok
test ... ok
test ... ok
test ... ok
test ... ok
test ... ok
test ... ok
Checking user_standard_moonbit_tests.mbt...
Found 10 tests in user_standard_moonbit_tests.mbt
test ... ok
test ... ok
test ... ok
test ... ok
test ... ok
test ... ok
test ... ok
test ... ok
test ... ok
test ... ok
Checking concise_standard_tests.mbt...
Found 10 tests in concise_standard_tests.mbt
test ... ok
test ... ok
test ... ok
test ... ok
test ... ok
test ... ok
test ... ok
test ... ok
test ... ok
test ... ok
Checking azimuth_additional_enhanced_tests.mbt...
Found 9 tests in azimuth_additional_enhanced_tests.mbt
test ... ok
test ... ok
test ... ok
test ... ok
test ... ok
test ... ok
test ... ok
test ... ok
test ... ok
Checking user_additional_moonbit_tests.mbt...
Found 10 tests in user_additional_moonbit_tests.mbt
test ... ok
test ... ok
test ... ok
test ... ok
test ... ok
test ... ok
test ... ok
test ... ok
test ... ok
test ... ok
Checking user_new_additional_tests.mbt...
Found 9 tests in user_new_additional_tests.mbt
test ... ok
test ... ok
test ... ok
test ... ok
test ... ok
test ... ok
test ... ok
test ... ok
test ... ok
Checking user_requested_moonbit_tests.mbt...
Found 10 tests in user_requested_moonbit_tests.mbt
test ... ok
test ... ok
test ... ok
test ... ok
test ... ok
test ... ok
test ... ok
test ... ok
test ... ok
test ... ok
Checking azimuth_new_test_cases.mbt...
azimuth_test/azimuth_new_test_cases.mbt:10:7-10:10 [E0002] Warning (unused_value): Unused variable 'sum'
azimuth_test/azimuth_new_test_cases.mbt:11:7-11:16 [E0002] Warning (unused_value): Unused variable 'check_sum'
azimuth_test/azimuth_new_test_cases.mbt:14:7-14:14 [E0002] Warning (unused_value): Unused variable 'product'
azimuth_test/azimuth_new_test_cases.mbt:15:7-15:20 [E0002] Warning (unused_value): Unused variable 'check_product'
azimuth_test/azimuth_new_test_cases.mbt:18:7-18:17 [E0002] Warning (unused_value): Unused variable 'difference'
azimuth_test/azimuth_new_test_cases.mbt:19:7-19:23 [E0002] Warning (unused_value): Unused variable 'check_difference'
azimuth_test/azimuth_new_test_cases.mbt:22:7-22:15 [E0002] Warning (unused_value): Unused variable 'quotient'
azimuth_test/azimuth_new_test_cases.mbt:23:7-23:21 [E0002] Warning (unused_value): Unused variable 'check_quotient'
azimuth_test/azimuth_new_test_cases.mbt:26:7-26:16 [E0002] Warning (unused_value): Unused variable 'remainder'
azimuth_test/azimuth_new_test_cases.mbt:27:7-27:22 [E0002] Warning (unused_value): Unused variable 'check_remainder'
azimuth_test/azimuth_new_test_cases.mbt:51:7-51:18 [E0002] Warning (unused_value): Unused variable 'final_total'
azimuth_test/azimuth_new_test_cases.mbt:53:7-53:24 [E0002] Warning (unused_value): Unused variable 'check_final_total'
azimuth_test/azimuth_new_test_cases.mbt:60:7-60:17 [E0002] Warning (unused_value): Unused variable 'fahrenheit'
azimuth_test/azimuth_new_test_cases.mbt:61:7-61:23 [E0002] Warning (unused_value): Unused variable 'check_fahrenheit'
azimuth_test/azimuth_new_test_cases.mbt:65:7-65:26 [E0002] Warning (unused_value): Unused variable 'freezing_fahrenheit'
azimuth_test/azimuth_new_test_cases.mbt:66:7-66:32 [E0002] Warning (unused_value): Unused variable 'check_freezing_fahrenheit'
azimuth_test/azimuth_new_test_cases.mbt:70:7-70:25 [E0002] Warning (unused_value): Unused variable 'boiling_fahrenheit'
azimuth_test/azimuth_new_test_cases.mbt:71:7-71:31 [E0002] Warning (unused_value): Unused variable 'check_boiling_fahrenheit'
azimuth_test/azimuth_new_test_cases.mbt:81:7-81:11 [E0002] Warning (unused_value): Unused variable 'area'
azimuth_test/azimuth_new_test_cases.mbt:82:7-82:17 [E0002] Warning (unused_value): Unused variable 'check_area'
azimuth_test/azimuth_new_test_cases.mbt:85:7-85:16 [E0002] Warning (unused_value): Unused variable 'perimeter'
azimuth_test/azimuth_new_test_cases.mbt:86:7-86:22 [E0002] Warning (unused_value): Unused variable 'check_perimeter'
azimuth_test/azimuth_new_test_cases.mbt:89:7-89:13 [E0002] Warning (unused_value): Unused variable 'volume'
azimuth_test/azimuth_new_test_cases.mbt:90:7-90:19 [E0002] Warning (unused_value): Unused variable 'check_volume'
azimuth_test/azimuth_new_test_cases.mbt:101:7-101:12 [E0002] Warning (unused_value): Unused variable 'index'
azimuth_test/azimuth_new_test_cases.mbt:102:7-102:18 [E0002] Warning (unused_value): Unused variable 'check_index'
azimuth_test/azimuth_new_test_cases.mbt:105:7-105:18 [E0002] Warning (unused_value): Unused variable 'first_index'
azimuth_test/azimuth_new_test_cases.mbt:106:7-106:24 [E0002] Warning (unused_value): Unused variable 'check_first_index'
azimuth_test/azimuth_new_test_cases.mbt:108:7-108:17 [E0002] Warning (unused_value): Unused variable 'last_index'
azimuth_test/azimuth_new_test_cases.mbt:109:7-109:23 [E0002] Warning (unused_value): Unused variable 'check_last_index'
azimuth_test/azimuth_new_test_cases.mbt:123:7-123:16 [E0002] Warning (unused_value): Unused variable 'check_sum'
azimuth_test/azimuth_new_test_cases.mbt:126:7-126:11 [E0002] Warning (unused_value): Unused variable 'mean'
azimuth_test/azimuth_new_test_cases.mbt:127:7-127:17 [E0002] Warning (unused_value): Unused variable 'check_mean'
azimuth_test/azimuth_new_test_cases.mbt:134:7-134:16 [E0002] Warning (unused_value): Unused variable 'max_value'
azimuth_test/azimuth_new_test_cases.mbt:135:7-135:22 [E0002] Warning (unused_value): Unused variable 'check_max_value'
azimuth_test/azimuth_new_test_cases.mbt:145:7-145:14 [E0002] Warning (unused_value): Unused variable 'message'
azimuth_test/azimuth_new_test_cases.mbt:146:7-146:20 [E0002] Warning (unused_value): Unused variable 'check_message'
azimuth_test/azimuth_new_test_cases.mbt:150:7-150:20 [E0002] Warning (unused_value): Unused variable 'empty_message'
azimuth_test/azimuth_new_test_cases.mbt:151:7-151:26 [E0002] Warning (unused_value): Unused variable 'check_empty_message'
azimuth_test/azimuth_new_test_cases.mbt:155:7-155:20 [E0002] Warning (unused_value): Unused variable 'mixed_message'
azimuth_test/azimuth_new_test_cases.mbt:156:7-156:26 [E0002] Warning (unused_value): Unused variable 'check_mixed_message'
azimuth_test/azimuth_new_test_cases.mbt:165:7-165:14 [E0002] Warning (unused_value): Unused variable 'result1'
azimuth_test/azimuth_new_test_cases.mbt:166:7-166:14 [E0002] Warning (unused_value): Unused variable 'result2'
azimuth_test/azimuth_new_test_cases.mbt:167:7-167:14 [E0002] Warning (unused_value): Unused variable 'result3'
azimuth_test/azimuth_new_test_cases.mbt:170:7-170:14 [E0002] Warning (unused_value): Unused variable 'result4'
azimuth_test/azimuth_new_test_cases.mbt:171:7-171:14 [E0002] Warning (unused_value): Unused variable 'result5'
azimuth_test/azimuth_new_test_cases.mbt:172:7-172:14 [E0002] Warning (unused_value): Unused variable 'result6'
azimuth_test/azimuth_new_test_cases.mbt:175:7-175:14 [E0002] Warning (unused_value): Unused variable 'result7'
azimuth_test/azimuth_new_test_cases.mbt:176:7-176:14 [E0002] Warning (unused_value): Unused variable 'result8'
azimuth_test/azimuth_new_test_cases.mbt:186:7-186:14 [E0002] Warning (unused_value): Unused variable 'result1'
azimuth_test/azimuth_new_test_cases.mbt:187:7-187:14 [E0002] Warning (unused_value): Unused variable 'result2'
azimuth_test/azimuth_new_test_cases.mbt:190:7-190:14 [E0002] Warning (unused_value): Unused variable 'result3'
azimuth_test/azimuth_new_test_cases.mbt:191:7-191:14 [E0002] Warning (unused_value): Unused variable 'result4'
azimuth_test/azimuth_new_test_cases.mbt:194:7-194:14 [E0002] Warning (unused_value): Unused variable 'result5'
azimuth_test/azimuth_new_test_cases.mbt:195:7-195:14 [E0002] Warning (unused_value): Unused variable 'result6'
azimuth_test/azimuth_new_test_cases.mbt:196:7-196:14 [E0002] Warning (unused_value): Unused variable 'result7'
azimuth_test/azimuth_new_test_cases.mbt:197:7-197:14 [E0002] Warning (unused_value): Unused variable 'result8'
azimuth_test/azimuth_new_test_cases.mbt:207:7-207:26 [E0002] Warning (unused_value): Unused variable 'check_total_minutes'
azimuth_test/azimuth_new_test_cases.mbt:210:7-210:20 [E0002] Warning (unused_value): Unused variable 'total_seconds'
azimuth_test/azimuth_new_test_cases.mbt:211:7-211:26 [E0002] Warning (unused_value): Unused variable 'check_total_seconds'
azimuth_test/azimuth_new_test_cases.mbt:216:7-216:15 [E0002] Warning (unused_value): Unused variable 'duration'
azimuth_test/azimuth_new_test_cases.mbt:217:7-217:21 [E0002] Warning (unused_value): Unused variable 'check_duration'
Found 10 tests in azimuth_new_test_cases.mbt
test ... ok
test ... ok
test ... ok
test ... ok
test ... ok
test ... ok
test ... ok
test ... ok
test ... ok
test ... ok
Checking azimuth_comprehensive_tests.mbt...
Found 10 tests in azimuth_comprehensive_tests.mbt
test ... ok
test ... ok
test ... ok
test ... ok
test ... ok
test ... ok
test ... ok
test ... ok
test ... ok
test ... ok
Checking compact_moonbit_test_cases.mbt...
azimuth_test/compact_moonbit_test_cases.mbt:37:7-37:14 [E0002] Warning (unused_value): Unused variable 'max_val'
azimuth_test/compact_moonbit_test_cases.mbt:113:22-113:26 [E4014] Expr Type Mismatch
        has type : Bool
        wanted   : Int
azimuth_test/compact_moonbit_test_cases.mbt:113:28-113:33 [E4014] Expr Type Mismatch
        has type : Bool
        wanted   : Int
azimuth_test/compact_moonbit_test_cases.mbt:114:3-114:34 [E4014] Type Mismatch
        has type : Unit
        wanted   : function type
Error: compact_moonbit_test_cases.mbt compilation failed
Checking user_requested_tests.mbt...
Found 10 tests in user_requested_tests.mbt
test ... ok
test ... ok
test ... ok
test ... ok
test ... ok
test ... ok
test ... ok
test ... ok
test ... ok
test ... ok
Checking simple_test_example.mbt...
Found 5 tests in simple_test_example.mbt
test ... ok
test ... ok
test ... ok
test ... ok
test ... ok
Checking additional_moonbit_test_cases_v2.mbt...
Found 10 tests in additional_moonbit_test_cases_v2.mbt
test ... ok
test ... ok
test ... ok
test ... ok
test ... ok
test ... ok
test ... ok
test ... ok
test ... ok
test ... ok
Checking concise_moonbit_tests.mbt...
Found 10 tests in concise_moonbit_tests.mbt
test ... ok
test ... ok
test ... ok
test ... ok
test ... ok
test ... ok
test ... ok
test ... ok
test ... ok
test ... ok
Checking essential_moonbit_tests.mbt...
azimuth_test/essential_moonbit_tests.mbt:96:22-96:31 [E4014] Expr Type Mismatch
        has type : Bool
        wanted   : Int
azimuth_test/essential_moonbit_tests.mbt:96:33-96:37 [E4014] Expr Type Mismatch
        has type : Bool
        wanted   : Int
azimuth_test/essential_moonbit_tests.mbt:99:3-99:39 [E4014] Type Mismatch
        has type : Unit
        wanted   : function type
Error: essential_moonbit_tests.mbt compilation failed
Checking moonbit_user_tests.mbt...
azimuth_test/moonbit_user_tests.mbt:45:7-45:17 [E0002] Warning (unused_value): Unused variable 'remainder3'
azimuth_test/moonbit_user_tests.mbt:55:7-55:15 [E0002] Warning (unused_value): Unused variable 'is_prime'
azimuth_test/moonbit_user_tests.mbt:63:22-63:63 [E4014] Expr Type Mismatch
        has type : Bool
        wanted   : Int
azimuth_test/moonbit_user_tests.mbt:63:65-63:69 [E4014] Expr Type Mismatch
        has type : Bool
        wanted   : Int
azimuth_test/moonbit_user_tests.mbt:71:3-71:59 [E4014] Type Mismatch
        has type : Unit
        wanted   : function type
Error: moonbit_user_tests.mbt compilation failed
Checking new_standard_moonbit_tests.mbt...
azimuth_test/new_standard_moonbit_tests.mbt:6:3-6:12 [E4021] The value identifier assert_eq is unbound.
azimuth_test/new_standard_moonbit_tests.mbt:6:16-6:19 [E4021] The value identifier add is unbound.
azimuth_test/new_standard_moonbit_tests.mbt:7:3-7:12 [E4021] The value identifier assert_eq is unbound.
azimuth_test/new_standard_moonbit_tests.mbt:7:16-7:19 [E4021] The value identifier add is unbound.
azimuth_test/new_standard_moonbit_tests.mbt:8:3-8:12 [E4021] The value identifier assert_eq is unbound.
azimuth_test/new_standard_moonbit_tests.mbt:8:17-8:20 [E4021] The value identifier add is unbound.
azimuth_test/new_standard_moonbit_tests.mbt:13:3-13:12 [E4021] The value identifier assert_eq is unbound.
azimuth_test/new_standard_moonbit_tests.mbt:13:16-13:24 [E4021] The value identifier multiply is unbound.
azimuth_test/new_standard_moonbit_tests.mbt:14:3-14:12 [E4021] The value identifier assert_eq is unbound.
azimuth_test/new_standard_moonbit_tests.mbt:14:16-14:24 [E4021] The value identifier multiply is unbound.
azimuth_test/new_standard_moonbit_tests.mbt:15:3-15:12 [E4021] The value identifier assert_eq is unbound.
azimuth_test/new_standard_moonbit_tests.mbt:15:17-15:25 [E4021] The value identifier multiply is unbound.
azimuth_test/new_standard_moonbit_tests.mbt:20:3-20:19 [E4021] The value identifier assert_eq_string is unbound.
azimuth_test/new_standard_moonbit_tests.mbt:20:37-20:42 [E4021] The value identifier greet is unbound.
azimuth_test/new_standard_moonbit_tests.mbt:21:3-21:19 [E4021] The value identifier assert_eq_string is unbound.
azimuth_test/new_standard_moonbit_tests.mbt:21:39-21:44 [E4021] The value identifier greet is unbound.
azimuth_test/new_standard_moonbit_tests.mbt:22:3-22:19 [E4021] The value identifier assert_eq_string is unbound.
azimuth_test/new_standard_moonbit_tests.mbt:22:32-22:37 [E4021] The value identifier greet is unbound.
azimuth_test/new_standard_moonbit_tests.mbt:27:3-27:12 [E4021] The value identifier assert_eq is unbound.
azimuth_test/new_standard_moonbit_tests.mbt:27:16-27:32 [E4021] The value identifier divide_with_ceil is unbound.
azimuth_test/new_standard_moonbit_tests.mbt:28:3-28:12 [E4021] The value identifier assert_eq is unbound.
azimuth_test/new_standard_moonbit_tests.mbt:28:16-28:32 [E4021] The value identifier divide_with_ceil is unbound.
azimuth_test/new_standard_moonbit_tests.mbt:29:3-29:12 [E4021] The value identifier assert_eq is unbound.
azimuth_test/new_standard_moonbit_tests.mbt:29:16-29:32 [E4021] The value identifier divide_with_ceil is unbound.
azimuth_test/new_standard_moonbit_tests.mbt:34:3-34:12 [E4021] The value identifier assert_eq is unbound.
azimuth_test/new_standard_moonbit_tests.mbt:34:17-34:33 [E4021] The value identifier divide_with_ceil is unbound.
azimuth_test/new_standard_moonbit_tests.mbt:35:3-35:12 [E4021] The value identifier assert_eq is unbound.
azimuth_test/new_standard_moonbit_tests.mbt:35:16-35:32 [E4021] The value identifier divide_with_ceil is unbound.
azimuth_test/new_standard_moonbit_tests.mbt:36:3-36:12 [E4021] The value identifier assert_eq is unbound.
azimuth_test/new_standard_moonbit_tests.mbt:36:16-36:32 [E4021] The value identifier divide_with_ceil is unbound.
azimuth_test/new_standard_moonbit_tests.mbt:41:3-41:12 [E4021] The value identifier assert_eq is unbound.
azimuth_test/new_standard_moonbit_tests.mbt:41:16-41:24 [E4021] The value identifier multiply is unbound.
azimuth_test/new_standard_moonbit_tests.mbt:42:3-42:12 [E4021] The value identifier assert_eq is unbound.
azimuth_test/new_standard_moonbit_tests.mbt:42:16-42:24 [E4021] The value identifier multiply is unbound.
azimuth_test/new_standard_moonbit_tests.mbt:43:3-43:12 [E4021] The value identifier assert_eq is unbound.
azimuth_test/new_standard_moonbit_tests.mbt:43:16-43:19 [E4021] The value identifier add is unbound.
azimuth_test/new_standard_moonbit_tests.mbt:44:3-44:12 [E4021] The value identifier assert_eq is unbound.
azimuth_test/new_standard_moonbit_tests.mbt:44:16-44:32 [E4021] The value identifier divide_with_ceil is unbound.
azimuth_test/new_standard_moonbit_tests.mbt:49:3-49:12 [E4021] The value identifier assert_eq is unbound.
azimuth_test/new_standard_moonbit_tests.mbt:49:22-49:25 [E4021] The value identifier add is unbound.
azimuth_test/new_standard_moonbit_tests.mbt:50:3-50:12 [E4021] The value identifier assert_eq is unbound.
azimuth_test/new_standard_moonbit_tests.mbt:50:20-50:28 [E4021] The value identifier multiply is unbound.
azimuth_test/new_standard_moonbit_tests.mbt:55:16-55:19 [E4021] The value identifier add is unbound.
azimuth_test/new_standard_moonbit_tests.mbt:55:20-55:28 [E4021] The value identifier multiply is unbound.
azimuth_test/new_standard_moonbit_tests.mbt:55:36-55:44 [E4021] The value identifier multiply is unbound.
azimuth_test/new_standard_moonbit_tests.mbt:56:3-56:12 [E4021] The value identifier assert_eq is unbound.
azimuth_test/new_standard_moonbit_tests.mbt:63:22-63:38 [E4021] The value identifier divide_with_ceil is unbound.
azimuth_test/new_standard_moonbit_tests.mbt:64:3-64:12 [E4021] The value identifier assert_eq is unbound.
azimuth_test/new_standard_moonbit_tests.mbt:69:3-69:19 [E4021] The value identifier assert_eq_string is unbound.
azimuth_test/new_standard_moonbit_tests.mbt:69:34-69:39 [E4021] The value identifier greet is unbound.
azimuth_test/new_standard_moonbit_tests.mbt:70:3-70:19 [E4021] The value identifier assert_eq_string is unbound.
azimuth_test/new_standard_moonbit_tests.mbt:70:33-70:38 [E4021] The value identifier greet is unbound.
azimuth_test/new_standard_moonbit_tests.mbt:71:3-71:19 [E4021] The value identifier assert_eq_string is unbound.
azimuth_test/new_standard_moonbit_tests.mbt:71:35-71:40 [E4021] The value identifier greet is unbound.
Error: new_standard_moonbit_tests.mbt compilation failed
Checking moon_test_cases.mbt...
Found 10 tests in moon_test_cases.mbt
test ... ok
test ... ok
test ... ok
test ... ok
test ... ok
test ... ok
test ... ok
test ... ok
test ... ok
test ... ok
Checking standard_moonbit_tests_v10.mbt...
azimuth_test/standard_moonbit_tests_v10.mbt:139:22-139:35 [E4095] Integer literal 2000000000000 is out of range.
Error: standard_moonbit_tests_v10.mbt compilation failed
Checking new_standard_tests.mbt...
Found 10 tests in new_standard_tests.mbt
test ... ok
test ... ok
test ... ok
test ... ok
test ... ok
test ... ok
test ... ok
test ... ok
test ... ok
test ... ok
Checking moonbit_standard_test_cases.mbt...
azimuth_test/moonbit_standard_test_cases.mbt:101:22-101:46 [E4080] This function has type (Int, Int) -> Int, which requires 2 arguments, but is given 3 arguments.
azimuth_test/moonbit_standard_test_cases.mbt:101:22-101:51 [E4014] Expr Type Mismatch
        has type : Bool
        wanted   : Int
azimuth_test/moonbit_standard_test_cases.mbt:101:3-101:52 [E4080] This function has type (Int, Int) -> Unit, which requires 2 arguments, but is given 1 arguments.
azimuth_test/moonbit_standard_test_cases.mbt:102:3-102:58 [E4014] Type Mismatch
        has type : Unit
        wanted   : function type
Error: moonbit_standard_test_cases.mbt compilation failed
Checking new_standard_test_cases.mbt...
Found 10 tests in new_standard_test_cases.mbt
test ... ok
test ... ok
test ... ok
test ... ok
test ... ok
test ... ok
test ... ok
test ... ok
test ... ok
test ... ok
Checking additional_user_tests.mbt...
azimuth_test/additional_user_tests.mbt:106:7-106:11 [E0002] Warning (unused_value): Unused variable 'num1'
azimuth_test/additional_user_tests.mbt:111:7-111:11 [E0002] Warning (unused_value): Unused variable 'num2'
Found 10 tests in additional_user_tests.mbt
test ... ok
test ... ok
test ... ok
test ... ok
test ... ok
test ... ok
test ... ok
test ... ok
test ... ok
test ... ok
Checking standard_moonbit_tests_v8.mbt...
azimuth_test/standard_moonbit_tests_v8.mbt:125:22-125:46 [E4080] This function has type (Int, Int) -> Int, which requires 2 arguments, but is given 3 arguments.
azimuth_test/standard_moonbit_tests_v8.mbt:125:22-125:52 [E4014] Expr Type Mismatch
        has type : Bool
        wanted   : Int
azimuth_test/standard_moonbit_tests_v8.mbt:125:3-125:53 [E4080] This function has type (Int, Int) -> Unit, which requires 2 arguments, but is given 1 arguments.
azimuth_test/standard_moonbit_tests_v8.mbt:126:3-126:53 [E4014] Type Mismatch
        has type : Unit
        wanted   : function type
Error: standard_moonbit_tests_v8.mbt compilation failed
Checking additional_moonbit_test_cases.mbt...
Found 10 tests in additional_moonbit_test_cases.mbt
test ... ok
test ... ok
test ... ok
test ... ok
test ... ok
test ... ok
test ... ok
test ... ok
test ... ok
test ... ok
Checking essential_test_cases.mbt...
Found 10 tests in essential_test_cases.mbt
test ... ok
test ... ok
test ... ok
test ... ok
test ... ok
test ... ok
test ... ok
test ... ok
test ... ok
test ... ok
Checking new_moon_tests.mbt...
Found 10 tests in new_moon_tests.mbt
test ... ok
test ... ok
test ... ok
test ... ok
test ... ok
test ... ok
test ... ok
test ... ok
test ... ok
test ... ok
Checking standard_moonbit_tests_final.mbt...
Found 10 tests in standard_moonbit_tests_final.mbt
test ... ok
test ... ok
test ... ok
test ... ok
test ... ok
test ... ok
test ... ok
test ... ok
test ... ok
test ... ok
Checking test_enhanced_moonbit.mbt...
azimuth_test/test_enhanced_moonbit.mbt:28:7-28:13 [E0002] Warning (unused_value): Unused variable 'email1'
azimuth_test/test_enhanced_moonbit.mbt:29:7-29:13 [E0002] Warning (unused_value): Unused variable 'email2'
azimuth_test/test_enhanced_moonbit.mbt:30:7-30:20 [E0002] Warning (unused_value): Unused variable 'invalid_email'
azimuth_test/test_enhanced_moonbit.mbt:44:7-44:14 [E0002] Warning (unused_value): Unused variable 'user_id'
azimuth_test/test_enhanced_moonbit.mbt:46:7-46:15 [E0002] Warning (unused_value): Unused variable 'username'
azimuth_test/test_enhanced_moonbit.mbt:159:7-159:24 [E0002] Warning (unused_value): Unused variable 'current_level_exp'
Found 10 tests in test_enhanced_moonbit.mbt
test ... ok
test ... ok
test ... ok
test ... ok
test ... ok
test ... ok
test ... ok
test ... ok
test ... ok
test ... ok
Checking moonbit_test_suite_new.mbt...
Found 10 tests in moonbit_test_suite_new.mbt
test ... ok
test ... ok
test ... ok
test ... ok
test ... ok
test ... ok
test ... ok
test ... ok
test ... ok
test ... ok
Checking user_standard_tests.mbt...
Found 10 tests in user_standard_tests.mbt
test ... ok
test ... ok
test ... ok
test ... ok
test ... ok
test ... ok
test ... ok
test ... ok
test ... ok
test ... ok
Checking user_standard_moonbit_tests.mbt...
Found 10 tests in user_standard_moonbit_tests.mbt
test ... ok
test ... ok
test ... ok
test ... ok
test ... ok
test ... ok
test ... ok
test ... ok
test ... ok
test ... ok
Checking comprehensive_moonbit_test_suite.mbt...
azimuth_test/comprehensive_moonbit_test_suite.mbt:227:22-227:26 [E4014] Expr Type Mismatch
        has type : Bool
        wanted   : Int
azimuth_test/comprehensive_moonbit_test_suite.mbt:227:28-227:33 [E4014] Expr Type Mismatch
        has type : Bool
        wanted   : Int
azimuth_test/comprehensive_moonbit_test_suite.mbt:228:22-228:28 [E4014] Expr Type Mismatch
        has type : Bool
        wanted   : Int
azimuth_test/comprehensive_moonbit_test_suite.mbt:228:30-228:34 [E4014] Expr Type Mismatch
        has type : Bool
        wanted   : Int
azimuth_test/comprehensive_moonbit_test_suite.mbt:229:22-229:26 [E4014] Expr Type Mismatch
        has type : Bool
        wanted   : Int
azimuth_test/comprehensive_moonbit_test_suite.mbt:229:28-229:35 [E4014] Expr Type Mismatch
        has type : Bool
        wanted   : Int
azimuth_test/comprehensive_moonbit_test_suite.mbt:231:3-231:34 [E4014] Type Mismatch
        has type : Unit
        wanted   : function type
azimuth_test/comprehensive_moonbit_test_suite.mbt:232:3-232:35 [E4014] Type Mismatch
        has type : Unit
        wanted   : function type
azimuth_test/comprehensive_moonbit_test_suite.mbt:233:3-233:36 [E4014] Type Mismatch
        has type : Unit
        wanted   : function type
azimuth_test/comprehensive_moonbit_test_suite.mbt:248:22-248:46 [E4080] This function has type (Int, Int) -> Int, which requires 2 arguments, but is given 3 arguments.
azimuth_test/comprehensive_moonbit_test_suite.mbt:248:22-248:52 [E4014] Expr Type Mismatch
        has type : Bool
        wanted   : Int
azimuth_test/comprehensive_moonbit_test_suite.mbt:248:3-248:53 [E4080] This function has type (Int, Int) -> Unit, which requires 2 arguments, but is given 1 arguments.
azimuth_test/comprehensive_moonbit_test_suite.mbt:249:22-249:51 [E4080] This function has type (Int, Int) -> Int, which requires 2 arguments, but is given 3 arguments.
azimuth_test/comprehensive_moonbit_test_suite.mbt:249:22-249:58 [E4014] Expr Type Mismatch
        has type : Bool
        wanted   : Int
azimuth_test/comprehensive_moonbit_test_suite.mbt:249:3-249:59 [E4080] This function has type (Int, Int) -> Unit, which requires 2 arguments, but is given 1 arguments.
Error: comprehensive_moonbit_test_suite.mbt compilation failed
Checking standard_moonbit_tests_v3.mbt...
azimuth_test/standard_moonbit_tests_v3.mbt:100:22-100:54 [E4080] This function has type (Int, Int) -> Int, which requires 2 arguments, but is given 3 arguments.
azimuth_test/standard_moonbit_tests_v3.mbt:100:22-100:65 [E4014] Expr Type Mismatch
        has type : Bool
        wanted   : Int
azimuth_test/standard_moonbit_tests_v3.mbt:100:3-100:66 [E4080] This function has type (Int, Int) -> Unit, which requires 2 arguments, but is given 1 arguments.
azimuth_test/standard_moonbit_tests_v3.mbt:101:22-101:57 [E4080] This function has type (Int, Int) -> Int, which requires 2 arguments, but is given 3 arguments.
azimuth_test/standard_moonbit_tests_v3.mbt:101:22-101:68 [E4014] Expr Type Mismatch
        has type : Bool
        wanted   : Int
azimuth_test/standard_moonbit_tests_v3.mbt:101:3-101:69 [E4080] This function has type (Int, Int) -> Unit, which requires 2 arguments, but is given 1 arguments.
Error: standard_moonbit_tests_v3.mbt compilation failed
Checking standard_moonbit_tests_v2.mbt...
Found 10 tests in standard_moonbit_tests_v2.mbt
test ... ok
test ... ok
test ... ok
test ... ok
test ... ok
test ... ok
test ... ok
test ... ok
test ... ok
test ... ok
Checking new_additional_moonbit_tests.mbt...
azimuth_test/new_additional_moonbit_tests.mbt:120:22-120:54 [E4080] This function has type (Int, Int) -> Int, which requires 2 arguments, but is given 3 arguments.
azimuth_test/new_additional_moonbit_tests.mbt:120:22-120:65 [E4014] Expr Type Mismatch
        has type : Bool
        wanted   : Int
azimuth_test/new_additional_moonbit_tests.mbt:120:3-120:66 [E4080] This function has type (Int, Int) -> Unit, which requires 2 arguments, but is given 1 arguments.
azimuth_test/new_additional_moonbit_tests.mbt:121:22-121:57 [E4080] This function has type (Int, Int) -> Int, which requires 2 arguments, but is given 3 arguments.
azimuth_test/new_additional_moonbit_tests.mbt:121:22-121:68 [E4014] Expr Type Mismatch
        has type : Bool
        wanted   : Int
azimuth_test/new_additional_moonbit_tests.mbt:121:3-121:69 [E4080] This function has type (Int, Int) -> Unit, which requires 2 arguments, but is given 1 arguments.
Error: new_additional_moonbit_tests.mbt compilation failed
Checking additional_moonbit_tests.mbt...
Found 9 tests in additional_moonbit_tests.mbt
test ... ok
test ... ok
test ... ok
test ... ok
test ... ok
test ... ok
test ... ok
test ... ok
test ... ok
Checking additional_moonbit_tests_new.mbt...
azimuth_test/additional_moonbit_tests_new.mbt:118:22-118:54 [E4080] This function has type (Int, Int) -> Int, which requires 2 arguments, but is given 3 arguments.
azimuth_test/additional_moonbit_tests_new.mbt:118:22-118:65 [E4014] Expr Type Mismatch
        has type : Bool
        wanted   : Int
azimuth_test/additional_moonbit_tests_new.mbt:118:3-118:66 [E4080] This function has type (Int, Int) -> Unit, which requires 2 arguments, but is given 1 arguments.
azimuth_test/additional_moonbit_tests_new.mbt:119:22-119:55 [E4080] This function has type (Int, Int) -> Int, which requires 2 arguments, but is given 3 arguments.
azimuth_test/additional_moonbit_tests_new.mbt:119:22-119:66 [E4014] Expr Type Mismatch
        has type : Bool
        wanted   : Int
azimuth_test/additional_moonbit_tests_new.mbt:119:3-119:67 [E4080] This function has type (Int, Int) -> Unit, which requires 2 arguments, but is given 1 arguments.
azimuth_test/additional_moonbit_tests_new.mbt:120:22-120:57 [E4080] This function has type (Int, Int) -> Int, which requires 2 arguments, but is given 3 arguments.
azimuth_test/additional_moonbit_tests_new.mbt:120:22-120:68 [E4014] Expr Type Mismatch
        has type : Bool
        wanted   : Int
azimuth_test/additional_moonbit_tests_new.mbt:120:3-120:69 [E4080] This function has type (Int, Int) -> Unit, which requires 2 arguments, but is given 1 arguments.
azimuth_test/additional_moonbit_tests_new.mbt:121:22-121:57 [E4080] This function has type (Int, Int) -> Int, which requires 2 arguments, but is given 3 arguments.
azimuth_test/additional_moonbit_tests_new.mbt:121:22-121:68 [E4014] Expr Type Mismatch
        has type : Bool
        wanted   : Int
azimuth_test/additional_moonbit_tests_new.mbt:121:3-121:69 [E4080] This function has type (Int, Int) -> Unit, which requires 2 arguments, but is given 1 arguments.
azimuth_test/additional_moonbit_tests_new.mbt:124:22-124:46 [E4080] This function has type (Int, Int) -> Int, which requires 2 arguments, but is given 3 arguments.
azimuth_test/additional_moonbit_tests_new.mbt:124:22-124:51 [E4014] Expr Type Mismatch
        has type : Bool
        wanted   : Int
azimuth_test/additional_moonbit_tests_new.mbt:124:3-124:52 [E4080] This function has type (Int, Int) -> Unit, which requires 2 arguments, but is given 1 arguments.
azimuth_test/additional_moonbit_tests_new.mbt:125:22-125:51 [E4080] This function has type (Int, Int) -> Int, which requires 2 arguments, but is given 3 arguments.
azimuth_test/additional_moonbit_tests_new.mbt:125:22-125:57 [E4014] Expr Type Mismatch
        has type : Bool
        wanted   : Int
azimuth_test/additional_moonbit_tests_new.mbt:125:3-125:58 [E4080] This function has type (Int, Int) -> Unit, which requires 2 arguments, but is given 1 arguments.
azimuth_test/additional_moonbit_tests_new.mbt:126:22-126:50 [E4080] This function has type (String) -> String, which requires 1 arguments, but is given 2 arguments.
azimuth_test/additional_moonbit_tests_new.mbt:126:22-126:68 [E4014] Expr Type Mismatch
        has type : Bool
        wanted   : Int
azimuth_test/additional_moonbit_tests_new.mbt:126:3-126:69 [E4080] This function has type (Int, Int) -> Unit, which requires 2 arguments, but is given 1 arguments.
Error: additional_moonbit_tests_new.mbt compilation failed
Checking focused_comprehensive_tests.mbt...
azimuth_test/focused_comprehensive_tests.mbt:32:7-32:14 [E0002] Warning (unused_value): Unused variable 'min_val'
azimuth_test/focused_comprehensive_tests.mbt:155:7-155:12 [E0002] Warning (unused_value): Unused variable 'fib_n'
Found 9 tests in focused_comprehensive_tests.mbt
test ... ok
test ... ok
test ... ok
test ... ok
test ... ok
test ... ok
test ... ok
test ... ok
test ... ok
Checking new_moonbit_test_cases_final.mbt...
azimuth_test/new_moonbit_test_cases_final.mbt:93:7-93:8 [E0002] Warning (unused_value): Unused variable 'n'
Found 10 tests in new_moonbit_test_cases_final.mbt
test ... ok
test ... ok
test ... ok
test ... ok
test ... ok
test ... ok
test ... ok
test ... ok
test ... ok
test ... ok
Checking azimuth_core_tests.mbt...
Found 10 tests in azimuth_core_tests.mbt
test ... ok
test ... ok
test ... ok
test ... ok
test ... ok
test ... ok
test ... ok
test ... ok
test ... ok
test ... ok
Checking user_moonbit_tests.mbt...
Found 10 tests in user_moonbit_tests.mbt
test ... ok
test ... ok
test ... ok
test ... ok
test ... ok
test ... ok
test ... ok
test ... ok
test ... ok
test ... ok
Checking new_standard_test_suite.mbt...
Found 10 tests in new_standard_test_suite.mbt
test ... ok
test ... ok
test ... ok
test ... ok
test ... ok
test ... ok
test ... ok
test ... ok
test ... ok
test ... ok
Checking moonbit_standard_tests.mbt...
azimuth_test/moonbit_standard_tests.mbt:189:22-189:26 [E4014] Expr Type Mismatch
        has type : Bool
        wanted   : Int
azimuth_test/moonbit_standard_tests.mbt:189:28-189:55 [E4014] Expr Type Mismatch
        has type : Bool
        wanted   : Int
azimuth_test/moonbit_standard_tests.mbt:190:22-190:51 [E4014] Expr Type Mismatch
        has type : Bool
        wanted   : Int
azimuth_test/moonbit_standard_tests.mbt:190:53-190:57 [E4014] Expr Type Mismatch
        has type : Bool
        wanted   : Int
azimuth_test/moonbit_standard_tests.mbt:191:22-191:26 [E4014] Expr Type Mismatch
        has type : Bool
        wanted   : Int
azimuth_test/moonbit_standard_tests.mbt:191:28-191:58 [E4014] Expr Type Mismatch
        has type : Bool
        wanted   : Int
Error: moonbit_standard_tests.mbt compilation failed
Checking standard_moonbit_test_suite_new.mbt...
azimuth_test/standard_moonbit_test_suite_new.mbt:111:7-111:12 [E0002] Warning (unused_value): Unused variable 'years'
Found 10 tests in standard_moonbit_test_suite_new.mbt
test ... ok
test ... ok
test ... ok
test ... ok
test ... ok
test ... ok
test ... ok
test ... ok
test ... ok
test ... ok
Checking moon_test_standard.mbt...
Found 10 tests in moon_test_standard.mbt
test ... ok
test ... ok
test ... ok
test ... ok
test ... ok
test ... ok
test ... ok
test ... ok
test ... ok
test ... ok
Checking custom_moonbit_tests.mbt...
azimuth_test/custom_moonbit_tests.mbt:6:16-6:23 [E3002] Expected upper case identifier for type name, found lower case identifier.
azimuth_test/custom_moonbit_tests.mbt:7:3-7:10 [E3002] Expected upper case identifier for type name, found lower case identifier.
azimuth_test/custom_moonbit_tests.mbt:12:16-12:23 [E3002] Expected upper case identifier for type name, found lower case identifier.
azimuth_test/custom_moonbit_tests.mbt:13:3-13:10 [E3002] Expected upper case identifier for type name, found lower case identifier.
azimuth_test/custom_moonbit_tests.mbt:18:16-18:23 [E3002] Expected upper case identifier for type name, found lower case identifier.
azimuth_test/custom_moonbit_tests.mbt:19:3-19:10 [E3002] Expected upper case identifier for type name, found lower case identifier.
azimuth_test/custom_moonbit_tests.mbt:27:14-27:21 [E3002] Expected upper case identifier for type name, found lower case identifier.
azimuth_test/custom_moonbit_tests.mbt:27:35-27:42 [E3002] Expected upper case identifier for type name, found lower case identifier.
azimuth_test/custom_moonbit_tests.mbt:27:53-27:60 [E3002] Expected upper case identifier for type name, found lower case identifier.
azimuth_test/custom_moonbit_tests.mbt:28:14-28:21 [E3002] Expected upper case identifier for type name, found lower case identifier.
azimuth_test/custom_moonbit_tests.mbt:28:35-28:42 [E3002] Expected upper case identifier for type name, found lower case identifier.
azimuth_test/custom_moonbit_tests.mbt:29:14-29:21 [E3002] Expected upper case identifier for type name, found lower case identifier.
azimuth_test/custom_moonbit_tests.mbt:30:14-30:21 [E3002] Expected upper case identifier for type name, found lower case identifier.
azimuth_test/custom_moonbit_tests.mbt:32:23-32:30 [E3002] Expected upper case identifier for type name, found lower case identifier.
azimuth_test/custom_moonbit_tests.mbt:32:36-32:43 [E3002] Expected upper case identifier for type name, found lower case identifier.
azimuth_test/custom_moonbit_tests.mbt:32:49-32:56 [E3002] Expected upper case identifier for type name, found lower case identifier.
azimuth_test/custom_moonbit_tests.mbt:33:3-33:10 [E3002] Expected upper case identifier for type name, found lower case identifier.
azimuth_test/custom_moonbit_tests.mbt:44:7-44:17 [E0002] Warning (unused_value): Unused variable 'remainder3'
azimuth_test/custom_moonbit_tests.mbt:48:3-48:10 [E3002] Expected upper case identifier for type name, found lower case identifier.
azimuth_test/custom_moonbit_tests.mbt:51:3-51:10 [E3002] Expected upper case identifier for type name, found lower case identifier.
azimuth_test/custom_moonbit_tests.mbt:52:3-52:10 [E3002] Expected upper case identifier for type name, found lower case identifier.
azimuth_test/custom_moonbit_tests.mbt:61:12-61:19 [E3002] Expected upper case identifier for type name, found lower case identifier.
azimuth_test/custom_moonbit_tests.mbt:62:12-62:19 [E3002] Expected upper case identifier for type name, found lower case identifier.
azimuth_test/custom_moonbit_tests.mbt:63:12-63:19 [E3002] Expected upper case identifier for type name, found lower case identifier.
azimuth_test/custom_moonbit_tests.mbt:64:12-64:19 [E3002] Expected upper case identifier for type name, found lower case identifier.
azimuth_test/custom_moonbit_tests.mbt:65:12-65:19 [E3002] Expected upper case identifier for type name, found lower case identifier.
azimuth_test/custom_moonbit_tests.mbt:66:12-66:19 [E3002] Expected upper case identifier for type name, found lower case identifier.
azimuth_test/custom_moonbit_tests.mbt:67:12-67:19 [E3002] Expected upper case identifier for type name, found lower case identifier.
azimuth_test/custom_moonbit_tests.mbt:68:12-68:19 [E3002] Expected upper case identifier for type name, found lower case identifier.
azimuth_test/custom_moonbit_tests.mbt:69:13-69:20 [E3002] Expected upper case identifier for type name, found lower case identifier.
azimuth_test/custom_moonbit_tests.mbt:71:3-71:10 [E3002] Expected upper case identifier for type name, found lower case identifier.
azimuth_test/custom_moonbit_tests.mbt:72:3-72:10 [E3002] Expected upper case identifier for type name, found lower case identifier.
azimuth_test/custom_moonbit_tests.mbt:73:3-73:10 [E3002] Expected upper case identifier for type name, found lower case identifier.
azimuth_test/custom_moonbit_tests.mbt:74:3-74:10 [E3002] Expected upper case identifier for type name, found lower case identifier.
azimuth_test/custom_moonbit_tests.mbt:75:3-75:10 [E3002] Expected upper case identifier for type name, found lower case identifier.
azimuth_test/custom_moonbit_tests.mbt:76:3-76:10 [E3002] Expected upper case identifier for type name, found lower case identifier.
azimuth_test/custom_moonbit_tests.mbt:77:3-77:10 [E3002] Expected upper case identifier for type name, found lower case identifier.
azimuth_test/custom_moonbit_tests.mbt:78:3-78:10 [E3002] Expected upper case identifier for type name, found lower case identifier.
azimuth_test/custom_moonbit_tests.mbt:79:3-79:10 [E3002] Expected upper case identifier for type name, found lower case identifier.
azimuth_test/custom_moonbit_tests.mbt:80:3-80:10 [E3002] Expected upper case identifier for type name, found lower case identifier.
azimuth_test/custom_moonbit_tests.mbt:81:3-81:10 [E3002] Expected upper case identifier for type name, found lower case identifier.
azimuth_test/custom_moonbit_tests.mbt:85:24-85:31 [E3002] Expected upper case identifier for type name, found lower case identifier.
azimuth_test/custom_moonbit_tests.mbt:86:3-86:10 [E3002] Expected upper case identifier for type name, found lower case identifier.
azimuth_test/custom_moonbit_tests.mbt:86:24-86:31 [E3002] Expected upper case identifier for type name, found lower case identifier.
azimuth_test/custom_moonbit_tests.mbt:87:3-87:10 [E3002] Expected upper case identifier for type name, found lower case identifier.
azimuth_test/custom_moonbit_tests.mbt:87:24-87:31 [E3002] Expected upper case identifier for type name, found lower case identifier.
azimuth_test/custom_moonbit_tests.mbt:87:51-87:58 [E3002] Expected upper case identifier for type name, found lower case identifier.
azimuth_test/custom_moonbit_tests.mbt:106:3-106:10 [E3002] Expected upper case identifier for type name, found lower case identifier.
azimuth_test/custom_moonbit_tests.mbt:110:7-110:17 [E0002] Warning (unused_value): Unused variable 'divisor2_2'
azimuth_test/custom_moonbit_tests.mbt:116:3-116:10 [E3002] Expected upper case identifier for type name, found lower case identifier.
azimuth_test/custom_moonbit_tests.mbt:136:3-136:10 [E3002] Expected upper case identifier for type name, found lower case identifier.
azimuth_test/custom_moonbit_tests.mbt:140:27-140:34 [E3002] Expected upper case identifier for type name, found lower case identifier.
azimuth_test/custom_moonbit_tests.mbt:141:21-141:28 [E3002] Expected upper case identifier for type name, found lower case identifier.
azimuth_test/custom_moonbit_tests.mbt:142:3-142:10 [E3002] Expected upper case identifier for type name, found lower case identifier.
azimuth_test/custom_moonbit_tests.mbt:152:25-152:32 [E3002] Expected upper case identifier for type name, found lower case identifier.
azimuth_test/custom_moonbit_tests.mbt:152:54-152:61 [E3002] Expected upper case identifier for type name, found lower case identifier.
azimuth_test/custom_moonbit_tests.mbt:153:22-153:29 [E3002] Expected upper case identifier for type name, found lower case identifier.
azimuth_test/custom_moonbit_tests.mbt:154:3-154:10 [E3002] Expected upper case identifier for type name, found lower case identifier.
azimuth_test/custom_moonbit_tests.mbt:158:19-158:26 [E3002] Expected upper case identifier for type name, found lower case identifier.
azimuth_test/custom_moonbit_tests.mbt:158:48-158:55 [E3002] Expected upper case identifier for type name, found lower case identifier.
azimuth_test/custom_moonbit_tests.mbt:161:19-161:26 [E3002] Expected upper case identifier for type name, found lower case identifier.
azimuth_test/custom_moonbit_tests.mbt:161:48-161:55 [E3002] Expected upper case identifier for type name, found lower case identifier.
azimuth_test/custom_moonbit_tests.mbt:164:19-164:26 [E3002] Expected upper case identifier for type name, found lower case identifier.
azimuth_test/custom_moonbit_tests.mbt:164:48-164:55 [E3002] Expected upper case identifier for type name, found lower case identifier.
azimuth_test/custom_moonbit_tests.mbt:166:3-166:10 [E3002] Expected upper case identifier for type name, found lower case identifier.
azimuth_test/custom_moonbit_tests.mbt:170:3-170:10 [E3002] Expected upper case identifier for type name, found lower case identifier.
Error: custom_moonbit_tests.mbt compilation failed
Checking additional_focused_tests.mbt...
azimuth_test/additional_focused_tests.mbt:107:7-107:12 [E0002] Warning (unused_value): Unused variable 'inner'
azimuth_test/additional_focused_tests.mbt:118:22-118:52 [E4080] This function has type (Int, Int) -> Int, which requires 2 arguments, but is given 3 arguments.
azimuth_test/additional_focused_tests.mbt:118:22-118:63 [E4014] Expr Type Mismatch
        has type : Bool
        wanted   : Int
azimuth_test/additional_focused_tests.mbt:118:3-118:64 [E4080] This function has type (Int, Int) -> Unit, which requires 2 arguments, but is given 1 arguments.
azimuth_test/additional_focused_tests.mbt:119:22-119:53 [E4080] This function has type (Int, Int) -> Int, which requires 2 arguments, but is given 3 arguments.
azimuth_test/additional_focused_tests.mbt:119:22-119:64 [E4014] Expr Type Mismatch
        has type : Bool
        wanted   : Int
azimuth_test/additional_focused_tests.mbt:119:3-119:65 [E4080] This function has type (Int, Int) -> Unit, which requires 2 arguments, but is given 1 arguments.
azimuth_test/additional_focused_tests.mbt:120:22-120:57 [E4080] This function has type (Int, Int) -> Int, which requires 2 arguments, but is given 3 arguments.
azimuth_test/additional_focused_tests.mbt:120:22-120:68 [E4014] Expr Type Mismatch
        has type : Bool
        wanted   : Int
azimuth_test/additional_focused_tests.mbt:120:3-120:69 [E4080] This function has type (Int, Int) -> Unit, which requires 2 arguments, but is given 1 arguments.
azimuth_test/additional_focused_tests.mbt:121:22-121:57 [E4080] This function has type (Int, Int) -> Int, which requires 2 arguments, but is given 3 arguments.
azimuth_test/additional_focused_tests.mbt:121:22-121:68 [E4014] Expr Type Mismatch
        has type : Bool
        wanted   : Int
azimuth_test/additional_focused_tests.mbt:121:3-121:69 [E4080] This function has type (Int, Int) -> Unit, which requires 2 arguments, but is given 1 arguments.
Error: additional_focused_tests.mbt compilation failed
Checking enhanced_test_coverage.mbt...
azimuth_test/enhanced_test_coverage.mbt:12:22-12:26 [E4014] Expr Type Mismatch
        has type : Bool
        wanted   : Int
azimuth_test/enhanced_test_coverage.mbt:12:28-12:47 [E4014] Expr Type Mismatch
        has type : Bool
        wanted   : Int
azimuth_test/enhanced_test_coverage.mbt:13:22-13:60 [E4080] This function has type (Int, Int) -> Int, which requires 2 arguments, but is given 3 arguments.
azimuth_test/enhanced_test_coverage.mbt:13:22-13:78 [E4014] Expr Type Mismatch
        has type : Bool
        wanted   : Int
azimuth_test/enhanced_test_coverage.mbt:13:3-13:79 [E4080] This function has type (Int, Int) -> Unit, which requires 2 arguments, but is given 1 arguments.
azimuth_test/enhanced_test_coverage.mbt:16:22-16:26 [E4014] Expr Type Mismatch
        has type : Bool
        wanted   : Int
azimuth_test/enhanced_test_coverage.mbt:16:28-16:47 [E4014] Expr Type Mismatch
        has type : Bool
        wanted   : Int
azimuth_test/enhanced_test_coverage.mbt:17:22-17:61 [E4080] This function has type (Int, Int) -> Int, which requires 2 arguments, but is given 3 arguments.
azimuth_test/enhanced_test_coverage.mbt:17:22-17:79 [E4014] Expr Type Mismatch
        has type : Bool
        wanted   : Int
azimuth_test/enhanced_test_coverage.mbt:17:3-17:80 [E4080] This function has type (Int, Int) -> Unit, which requires 2 arguments, but is given 1 arguments.
azimuth_test/enhanced_test_coverage.mbt:20:22-20:31 [E4014] Expr Type Mismatch
        has type : Bool
        wanted   : Int
azimuth_test/enhanced_test_coverage.mbt:20:33-20:37 [E4014] Expr Type Mismatch
        has type : Bool
        wanted   : Int
azimuth_test/enhanced_test_coverage.mbt:21:22-21:55 [E4080] This function has type (Int, Int) -> Int, which requires 2 arguments, but is given 3 arguments.
azimuth_test/enhanced_test_coverage.mbt:21:22-21:60 [E4014] Expr Type Mismatch
        has type : Bool
        wanted   : Int
azimuth_test/enhanced_test_coverage.mbt:21:3-21:61 [E4080] This function has type (Int, Int) -> Unit, which requires 2 arguments, but is given 1 arguments.
azimuth_test/enhanced_test_coverage.mbt:22:22-22:50 [E4080] This function has type (Int, Int) -> Int, which requires 2 arguments, but is given 3 arguments.
azimuth_test/enhanced_test_coverage.mbt:22:22-22:56 [E4014] Expr Type Mismatch
        has type : Bool
        wanted   : Int
azimuth_test/enhanced_test_coverage.mbt:22:3-22:57 [E4080] This function has type (Int, Int) -> Unit, which requires 2 arguments, but is given 1 arguments.
azimuth_test/enhanced_test_coverage.mbt:171:3-171:41 [E4014] Type Mismatch
        has type : Unit
        wanted   : function type
Error: enhanced_test_coverage.mbt compilation failed
Checking standard_azimuth_tests.mbt...
Found 9 tests in standard_azimuth_tests.mbt
test ... ok
test ... ok
test ... ok
test ... ok
test ... ok
test ... ok
test ... ok
test ... ok
test ... ok
Checking standard_moonbit_test_examples.mbt...
Found 10 tests in standard_moonbit_test_examples.mbt
test ... ok
test ... ok
test ... ok
test ... ok
test ... ok
test ... ok
test ... ok
test ... ok
test ... ok
test ... ok
Checking new_moonbit_test_suite.mbt...
Found 10 tests in new_moonbit_test_suite.mbt
test ... ok
test ... ok
test ... ok
test ... ok
test ... ok
test ... ok
test ... ok
test ... ok
test ... ok
test ... ok
Checking moon_test_comprehensive.mbt...
azimuth_test/moon_test_comprehensive.mbt:110:22-110:35 [E4014] Expr Type Mismatch
        has type : Bool
        wanted   : Int
azimuth_test/moon_test_comprehensive.mbt:110:37-110:41 [E4014] Expr Type Mismatch
        has type : Bool
        wanted   : Int
azimuth_test/moon_test_comprehensive.mbt:128:7-128:16 [E0002] Warning (unused_value): Unused variable 'max_value'
azimuth_test/moon_test_comprehensive.mbt:129:7-129:16 [E0002] Warning (unused_value): Unused variable 'min_value'
azimuth_test/moon_test_comprehensive.mbt:139:7-139:22 [E0002] Warning (unused_value): Unused variable 'critical_chance'
Error: moon_test_comprehensive.mbt compilation failed
Checking moonbit_test_cases.mbt...
azimuth_test/moonbit_test_cases.mbt:97:22-97:54 [E4080] This function has type (Int, Int) -> Int, which requires 2 arguments, but is given 3 arguments.
azimuth_test/moonbit_test_cases.mbt:97:22-97:65 [E4014] Expr Type Mismatch
        has type : Bool
        wanted   : Int
azimuth_test/moonbit_test_cases.mbt:97:3-97:66 [E4080] This function has type (Int, Int) -> Unit, which requires 2 arguments, but is given 1 arguments.
azimuth_test/moonbit_test_cases.mbt:98:22-98:57 [E4080] This function has type (Int, Int) -> Int, which requires 2 arguments, but is given 3 arguments.
azimuth_test/moonbit_test_cases.mbt:98:22-98:68 [E4014] Expr Type Mismatch
        has type : Bool
        wanted   : Int
azimuth_test/moonbit_test_cases.mbt:98:3-98:69 [E4080] This function has type (Int, Int) -> Unit, which requires 2 arguments, but is given 1 arguments.
Error: moonbit_test_cases.mbt compilation failed
Checking azimuth_test.mbt...
azimuth_test/azimuth_test.mbt:15:7-15:8 [E0002] Warning (unused_value): Unused variable 'b'
azimuth_test/azimuth_test.mbt:352:7-352:17 [E0002] Warning (unused_value): Unused variable 'iterations'
azimuth_test/azimuth_test.mbt:417:7-417:19 [E0002] Warning (unused_value): Unused variable 'digit_string'
Found 50 tests in azimuth_test.mbt
test ... ok
test ... ok
test ... ok
test ... ok
test ... ok
test ... ok
test ... ok
test ... ok
test ... ok
test ... ok
test ... ok
test ... ok
test ... ok
test ... ok
test ... ok
test ... ok
test ... ok
test ... ok
test ... ok
test ... ok
test ... ok
test ... ok
test ... ok
test ... ok
test ... ok
test ... ok
test ... ok
test ... ok
test ... ok
test ... ok
test ... ok
test ... ok
test ... ok
test ... ok
test ... ok
test ... ok
test ... ok
test ... ok
test ... ok
test ... ok
test ... ok
test ... ok
test ... ok
test ... ok
test ... ok
test ... ok
test ... ok
test ... ok
test ... ok
test ... ok
Checking concise_test_cases.mbt...
Found 10 tests in concise_test_cases.mbt
test ... ok
test ... ok
test ... ok
test ... ok
test ... ok
test ... ok
test ... ok
test ... ok
test ... ok
test ... ok
Checking comprehensive_moonbit_tests.mbt...
azimuth_test/comprehensive_moonbit_tests.mbt:158:22-158:31 [E4014] Expr Type Mismatch
        has type : Bool
        wanted   : Int
azimuth_test/comprehensive_moonbit_tests.mbt:158:33-158:37 [E4014] Expr Type Mismatch
        has type : Bool
        wanted   : Int
azimuth_test/comprehensive_moonbit_tests.mbt:161:3-161:39 [E4014] Type Mismatch
        has type : Unit
        wanted   : function type
Error: comprehensive_moonbit_tests.mbt compilation failed
Checking standard_moonbit_test_cases.mbt...
Found 10 tests in standard_moonbit_test_cases.mbt
test ... ok
test ... ok
test ... ok
test ... ok
test ... ok
test ... ok
test ... ok
test ... ok
test ... ok
test ... ok
Checking enhanced_moonbit_test_cases.mbt...
azimuth_test/enhanced_moonbit_test_cases.mbt:90:22-90:34 [E4014] Expr Type Mismatch
        has type : Bool
        wanted   : Int
azimuth_test/enhanced_moonbit_test_cases.mbt:90:36-90:40 [E4014] Expr Type Mismatch
        has type : Bool
        wanted   : Int
azimuth_test/enhanced_moonbit_test_cases.mbt:98:22-98:36 [E4014] Expr Type Mismatch
        has type : Bool
        wanted   : Int
azimuth_test/enhanced_moonbit_test_cases.mbt:98:38-98:42 [E4014] Expr Type Mismatch
        has type : Bool
        wanted   : Int
Error: enhanced_moonbit_test_cases.mbt compilation failed
Checking new_moonbit_test_cases.mbt...
azimuth_test/new_moonbit_test_cases.mbt:49:22-49:26 [E4014] Expr Type Mismatch
        has type : Bool
        wanted   : Int
azimuth_test/new_moonbit_test_cases.mbt:49:28-49:33 [E4014] Expr Type Mismatch
        has type : Bool
        wanted   : Int
azimuth_test/new_moonbit_test_cases.mbt:50:3-50:34 [E4014] Type Mismatch
        has type : Unit
        wanted   : function type
azimuth_test/new_moonbit_test_cases.mbt:53:22-53:26 [E4014] Expr Type Mismatch
        has type : Bool
        wanted   : Int
azimuth_test/new_moonbit_test_cases.mbt:53:28-53:33 [E4014] Expr Type Mismatch
        has type : Bool
        wanted   : Int
azimuth_test/new_moonbit_test_cases.mbt:54:3-54:34 [E4014] Type Mismatch
        has type : Unit
        wanted   : function type
azimuth_test/new_moonbit_test_cases.mbt:57:22-57:29 [E4014] Expr Type Mismatch
        has type : Bool
        wanted   : Int
azimuth_test/new_moonbit_test_cases.mbt:57:31-57:35 [E4014] Expr Type Mismatch
        has type : Bool
        wanted   : Int
azimuth_test/new_moonbit_test_cases.mbt:58:3-58:35 [E4014] Type Mismatch
        has type : Unit
        wanted   : function type
azimuth_test/new_moonbit_test_cases.mbt:61:22-61:28 [E4014] Expr Type Mismatch
        has type : Bool
        wanted   : Int
azimuth_test/new_moonbit_test_cases.mbt:61:30-61:34 [E4014] Expr Type Mismatch
        has type : Bool
        wanted   : Int
azimuth_test/new_moonbit_test_cases.mbt:62:3-62:36 [E4014] Type Mismatch
        has type : Unit
        wanted   : function type
azimuth_test/new_moonbit_test_cases.mbt:65:22-65:28 [E4014] Expr Type Mismatch
        has type : Bool
        wanted   : Int
azimuth_test/new_moonbit_test_cases.mbt:65:30-65:34 [E4014] Expr Type Mismatch
        has type : Bool
        wanted   : Int
azimuth_test/new_moonbit_test_cases.mbt:66:22-66:29 [E4014] Expr Type Mismatch
        has type : Bool
        wanted   : Int
azimuth_test/new_moonbit_test_cases.mbt:66:31-66:35 [E4014] Expr Type Mismatch
        has type : Bool
        wanted   : Int
azimuth_test/new_moonbit_test_cases.mbt:69:22-69:28 [E4014] Expr Type Mismatch
        has type : Bool
        wanted   : Int
azimuth_test/new_moonbit_test_cases.mbt:69:30-69:34 [E4014] Expr Type Mismatch
        has type : Bool
        wanted   : Int
azimuth_test/new_moonbit_test_cases.mbt:70:22-70:29 [E4014] Expr Type Mismatch
        has type : Bool
        wanted   : Int
azimuth_test/new_moonbit_test_cases.mbt:70:31-70:35 [E4014] Expr Type Mismatch
        has type : Bool
        wanted   : Int
azimuth_test/new_moonbit_test_cases.mbt:79:22-79:42 [E4014] Expr Type Mismatch
        has type : Bool
        wanted   : Int
azimuth_test/new_moonbit_test_cases.mbt:79:44-79:48 [E4014] Expr Type Mismatch
        has type : Bool
        wanted   : Int
azimuth_test/new_moonbit_test_cases.mbt:80:3-80:50 [E4014] Type Mismatch
        has type : Unit
        wanted   : function type
azimuth_test/new_moonbit_test_cases.mbt:81:3-81:50 [E4014] Type Mismatch
        has type : Unit
        wanted   : function type
azimuth_test/new_moonbit_test_cases.mbt:82:3-82:51 [E4014] Type Mismatch
        has type : Unit
        wanted   : function type
azimuth_test/new_moonbit_test_cases.mbt:85:22-85:42 [E4014] Expr Type Mismatch
        has type : Bool
        wanted   : Int
azimuth_test/new_moonbit_test_cases.mbt:85:44-85:48 [E4014] Expr Type Mismatch
        has type : Bool
        wanted   : Int
azimuth_test/new_moonbit_test_cases.mbt:86:22-86:43 [E4014] Expr Type Mismatch
        has type : Bool
        wanted   : Int
azimuth_test/new_moonbit_test_cases.mbt:86:45-86:49 [E4014] Expr Type Mismatch
        has type : Bool
        wanted   : Int
azimuth_test/new_moonbit_test_cases.mbt:87:22-87:43 [E4014] Expr Type Mismatch
        has type : Bool
        wanted   : Int
azimuth_test/new_moonbit_test_cases.mbt:87:45-87:49 [E4014] Expr Type Mismatch
        has type : Bool
        wanted   : Int
azimuth_test/new_moonbit_test_cases.mbt:88:3-88:51 [E4014] Type Mismatch
        has type : Unit
        wanted   : function type
azimuth_test/new_moonbit_test_cases.mbt:91:3-91:38 [E4014] Type Mismatch
        has type : Unit
        wanted   : function type
azimuth_test/new_moonbit_test_cases.mbt:92:22-92:32 [E4014] Expr Type Mismatch
        has type : Bool
        wanted   : Int
azimuth_test/new_moonbit_test_cases.mbt:92:34-92:38 [E4014] Expr Type Mismatch
        has type : Bool
        wanted   : Int
azimuth_test/new_moonbit_test_cases.mbt:140:22-140:29 [E4014] Expr Type Mismatch
        has type : Bool
        wanted   : Int
azimuth_test/new_moonbit_test_cases.mbt:140:31-140:35 [E4014] Expr Type Mismatch
        has type : Bool
        wanted   : Int
azimuth_test/new_moonbit_test_cases.mbt:143:3-143:35 [E4014] Type Mismatch
        has type : Unit
        wanted   : function type
azimuth_test/new_moonbit_test_cases.mbt:207:7-207:11 [E0002] Warning (unused_value): Unused variable 'time'
Error: new_moonbit_test_cases.mbt compilation failed
Checking simple_test_cases.mbt...
azimuth_test/simple_test_cases.mbt:5:16-5:19 [E4021] The value identifier add is unbound.
azimuth_test/simple_test_cases.mbt:6:3-6:12 [E4021] The value identifier assert_eq is unbound.
azimuth_test/simple_test_cases.mbt:10:16-10:24 [E4021] The value identifier multiply is unbound.
azimuth_test/simple_test_cases.mbt:11:3-11:12 [E4021] The value identifier assert_eq is unbound.
azimuth_test/simple_test_cases.mbt:15:16-15:21 [E4021] The value identifier greet is unbound.
azimuth_test/simple_test_cases.mbt:16:3-16:19 [E4021] The value identifier assert_eq_string is unbound.
azimuth_test/simple_test_cases.mbt:20:16-20:19 [E4021] The value identifier add is unbound.
azimuth_test/simple_test_cases.mbt:21:3-21:12 [E4021] The value identifier assert_eq is unbound.
azimuth_test/simple_test_cases.mbt:25:16-25:24 [E4021] The value identifier multiply is unbound.
azimuth_test/simple_test_cases.mbt:26:3-26:12 [E4021] The value identifier assert_eq is unbound.
azimuth_test/simple_test_cases.mbt:30:16-30:19 [E4021] The value identifier add is unbound.
azimuth_test/simple_test_cases.mbt:31:3-31:12 [E4021] The value identifier assert_eq is unbound.
azimuth_test/simple_test_cases.mbt:35:16-35:24 [E4021] The value identifier multiply is unbound.
azimuth_test/simple_test_cases.mbt:36:3-36:12 [E4021] The value identifier assert_eq is unbound.
azimuth_test/simple_test_cases.mbt:40:16-40:21 [E4021] The value identifier greet is unbound.
azimuth_test/simple_test_cases.mbt:41:3-41:19 [E4021] The value identifier assert_eq_string is unbound.
azimuth_test/simple_test_cases.mbt:45:3-45:12 [E4021] The value identifier assert_eq is unbound.
azimuth_test/simple_test_cases.mbt:46:3-46:12 [E4021] The value identifier assert_eq is unbound.
azimuth_test/simple_test_cases.mbt:47:3-47:12 [E4021] The value identifier assert_eq is unbound.
azimuth_test/simple_test_cases.mbt:48:3-48:19 [E4021] The value identifier assert_eq_string is unbound.
azimuth_test/simple_test_cases.mbt:52:16-52:19 [E4021] The value identifier add is unbound.
azimuth_test/simple_test_cases.mbt:52:20-52:28 [E4021] The value identifier multiply is unbound.
azimuth_test/simple_test_cases.mbt:52:36-52:44 [E4021] The value identifier multiply is unbound.
azimuth_test/simple_test_cases.mbt:53:3-53:12 [E4021] The value identifier assert_eq is unbound.
Error: simple_test_cases.mbt compilation failed
Checking standard_moonbit_tests.mbt...
azimuth_test/standard_moonbit_tests.mbt:6:3-6:12 [E4021] The value identifier assert_eq is unbound.
azimuth_test/standard_moonbit_tests.mbt:6:16-6:19 [E4021] The value identifier add is unbound.
azimuth_test/standard_moonbit_tests.mbt:7:3-7:12 [E4021] The value identifier assert_eq is unbound.
azimuth_test/standard_moonbit_tests.mbt:7:16-7:19 [E4021] The value identifier add is unbound.
azimuth_test/standard_moonbit_tests.mbt:8:3-8:12 [E4021] The value identifier assert_eq is unbound.
azimuth_test/standard_moonbit_tests.mbt:8:17-8:20 [E4021] The value identifier add is unbound.
azimuth_test/standard_moonbit_tests.mbt:9:3-9:12 [E4021] The value identifier assert_eq is unbound.
azimuth_test/standard_moonbit_tests.mbt:9:17-9:20 [E4021] The value identifier add is unbound.
azimuth_test/standard_moonbit_tests.mbt:14:3-14:12 [E4021] The value identifier assert_eq is unbound.
azimuth_test/standard_moonbit_tests.mbt:14:16-14:24 [E4021] The value identifier multiply is unbound.
azimuth_test/standard_moonbit_tests.mbt:15:3-15:12 [E4021] The value identifier assert_eq is unbound.
azimuth_test/standard_moonbit_tests.mbt:15:16-15:24 [E4021] The value identifier multiply is unbound.
azimuth_test/standard_moonbit_tests.mbt:16:3-16:12 [E4021] The value identifier assert_eq is unbound.
azimuth_test/standard_moonbit_tests.mbt:16:17-16:25 [E4021] The value identifier multiply is unbound.
azimuth_test/standard_moonbit_tests.mbt:17:3-17:12 [E4021] The value identifier assert_eq is unbound.
azimuth_test/standard_moonbit_tests.mbt:17:17-17:25 [E4021] The value identifier multiply is unbound.
azimuth_test/standard_moonbit_tests.mbt:22:3-22:12 [E4021] The value identifier assert_eq is unbound.
azimuth_test/standard_moonbit_tests.mbt:22:16-22:24 [E4021] The value identifier subtract is unbound.
azimuth_test/standard_moonbit_tests.mbt:23:3-23:12 [E4021] The value identifier assert_eq is unbound.
azimuth_test/standard_moonbit_tests.mbt:23:16-23:24 [E4021] The value identifier subtract is unbound.
azimuth_test/standard_moonbit_tests.mbt:24:3-24:12 [E4021] The value identifier assert_eq is unbound.
azimuth_test/standard_moonbit_tests.mbt:24:17-24:25 [E4021] The value identifier subtract is unbound.
azimuth_test/standard_moonbit_tests.mbt:25:3-25:12 [E4021] The value identifier assert_eq is unbound.
azimuth_test/standard_moonbit_tests.mbt:25:17-25:25 [E4021] The value identifier subtract is unbound.
azimuth_test/standard_moonbit_tests.mbt:30:3-30:19 [E4021] The value identifier assert_eq_string is unbound.
azimuth_test/standard_moonbit_tests.mbt:30:37-30:42 [E4021] The value identifier greet is unbound.
azimuth_test/standard_moonbit_tests.mbt:31:3-31:19 [E4021] The value identifier assert_eq_string is unbound.
azimuth_test/standard_moonbit_tests.mbt:31:39-31:44 [E4021] The value identifier greet is unbound.
azimuth_test/standard_moonbit_tests.mbt:32:3-32:19 [E4021] The value identifier assert_eq_string is unbound.
azimuth_test/standard_moonbit_tests.mbt:32:32-32:37 [E4021] The value identifier greet is unbound.
azimuth_test/standard_moonbit_tests.mbt:37:3-37:12 [E4021] The value identifier assert_eq is unbound.
azimuth_test/standard_moonbit_tests.mbt:37:16-37:32 [E4021] The value identifier divide_with_ceil is unbound.
azimuth_test/standard_moonbit_tests.mbt:38:3-38:12 [E4021] The value identifier assert_eq is unbound.
azimuth_test/standard_moonbit_tests.mbt:38:16-38:32 [E4021] The value identifier divide_with_ceil is unbound.
azimuth_test/standard_moonbit_tests.mbt:39:3-39:12 [E4021] The value identifier assert_eq is unbound.
azimuth_test/standard_moonbit_tests.mbt:39:16-39:32 [E4021] The value identifier divide_with_ceil is unbound.
azimuth_test/standard_moonbit_tests.mbt:40:3-40:12 [E4021] The value identifier assert_eq is unbound.
azimuth_test/standard_moonbit_tests.mbt:40:16-40:32 [E4021] The value identifier divide_with_ceil is unbound.
azimuth_test/standard_moonbit_tests.mbt:49:3-49:12 [E4021] The value identifier assert_eq is unbound.
azimuth_test/standard_moonbit_tests.mbt:49:13-49:16 [E4021] The value identifier add is unbound.
azimuth_test/standard_moonbit_tests.mbt:49:24-49:27 [E4021] The value identifier add is unbound.
azimuth_test/standard_moonbit_tests.mbt:52:3-52:12 [E4021] The value identifier assert_eq is unbound.
azimuth_test/standard_moonbit_tests.mbt:52:13-52:21 [E4021] The value identifier multiply is unbound.
azimuth_test/standard_moonbit_tests.mbt:52:29-52:37 [E4021] The value identifier multiply is unbound.
azimuth_test/standard_moonbit_tests.mbt:55:3-55:12 [E4021] The value identifier assert_eq is unbound.
azimuth_test/standard_moonbit_tests.mbt:55:16-55:24 [E4021] The value identifier multiply is unbound.
azimuth_test/standard_moonbit_tests.mbt:56:3-56:12 [E4021] The value identifier assert_eq is unbound.
azimuth_test/standard_moonbit_tests.mbt:56:16-56:19 [E4021] The value identifier add is unbound.
azimuth_test/standard_moonbit_tests.mbt:61:17-61:20 [E4021] The value identifier add is unbound.
azimuth_test/standard_moonbit_tests.mbt:61:21-61:29 [E4021] The value identifier multiply is unbound.
azimuth_test/standard_moonbit_tests.mbt:61:37-61:45 [E4021] The value identifier multiply is unbound.
azimuth_test/standard_moonbit_tests.mbt:62:3-62:12 [E4021] The value identifier assert_eq is unbound.
azimuth_test/standard_moonbit_tests.mbt:64:17-64:25 [E4021] The value identifier multiply is unbound.
azimuth_test/standard_moonbit_tests.mbt:64:26-64:29 [E4021] The value identifier add is unbound.
azimuth_test/standard_moonbit_tests.mbt:65:3-65:12 [E4021] The value identifier assert_eq is unbound.
azimuth_test/standard_moonbit_tests.mbt:74:18-74:26 [E4021] The value identifier multiply is unbound.
azimuth_test/standard_moonbit_tests.mbt:75:15-75:18 [E4021] The value identifier add is unbound.
azimuth_test/standard_moonbit_tests.mbt:77:3-77:12 [E4021] The value identifier assert_eq is unbound.
azimuth_test/standard_moonbit_tests.mbt:78:3-78:12 [E4021] The value identifier assert_eq is unbound.
azimuth_test/standard_moonbit_tests.mbt:85:22-85:38 [E4021] The value identifier divide_with_ceil is unbound.
azimuth_test/standard_moonbit_tests.mbt:87:3-87:12 [E4021] The value identifier assert_eq is unbound.
azimuth_test/standard_moonbit_tests.mbt:92:3-92:19 [E4021] The value identifier assert_eq_string is unbound.
azimuth_test/standard_moonbit_tests.mbt:92:34-92:39 [E4021] The value identifier greet is unbound.
azimuth_test/standard_moonbit_tests.mbt:93:3-93:19 [E4021] The value identifier assert_eq_string is unbound.
azimuth_test/standard_moonbit_tests.mbt:93:33-93:38 [E4021] The value identifier greet is unbound.
azimuth_test/standard_moonbit_tests.mbt:94:3-94:19 [E4021] The value identifier assert_eq_string is unbound.
azimuth_test/standard_moonbit_tests.mbt:94:35-94:40 [E4021] The value identifier greet is unbound.
azimuth_test/standard_moonbit_tests.mbt:95:3-95:19 [E4021] The value identifier assert_eq_string is unbound.
azimuth_test/standard_moonbit_tests.mbt:95:48-95:53 [E4021] The value identifier greet is unbound.
Error: standard_moonbit_tests.mbt compilation failed
Checking standard_moonbit_tests_new.mbt...
azimuth_test/standard_moonbit_tests_new.mbt:119:7-119:18 [E0002] Warning (unused_value): Unused variable 'data_points'
Found 9 tests in standard_moonbit_tests_new.mbt
test ... ok
test ... ok
test ... ok
test ... ok
test ... ok
test ... ok
test ... ok
test ... ok
test ... ok
Checking comprehensive_standard_tests.mbt...
Found 10 tests in comprehensive_standard_tests.mbt
test ... ok
test ... ok
test ... ok
test ... ok
test ... ok
test ... ok
test ... ok
test ... ok
test ... ok
test ... ok
Checking additional_test_cases.mbt...
Found 10 tests in additional_test_cases.mbt
test ... ok
test ... ok
test ... ok
test ... ok
test ... ok
test ... ok
test ... ok
test ... ok
test ... ok
test ... ok
Checking new_moonbit_tests.mbt...
Found 10 tests in new_moonbit_tests.mbt
test ... ok
test ... ok
test ... ok
test ... ok
test ... ok
test ... ok
test ... ok
test ... ok
test ... ok
test ... ok
Checking focused_test_scenarios.mbt...
azimuth_test/focused_test_scenarios.mbt:9:31-9:38 [E3002] Expected upper case identifier for type name, found lower case identifier.
azimuth_test/focused_test_scenarios.mbt:9:40-9:48 [E3002] Parse error, unexpected token package name, you may expect method name, constructor name, "[" or "{".
azimuth_test/focused_test_scenarios.mbt:9:3-9:64 [E4080] This function has type (Int, Int) -> Unit, which requires 2 arguments, but is given 3 arguments.
azimuth_test/focused_test_scenarios.mbt:9:64-9:65 [E3002] Parse error, unexpected token `)`, you may expect `;` or `}`.
azimuth_test/focused_test_scenarios.mbt:10:31-10:38 [E3002] Expected upper case identifier for type name, found lower case identifier.
azimuth_test/focused_test_scenarios.mbt:10:40-10:48 [E3002] Parse error, unexpected token package name, you may expect method name, constructor name, "[" or "{".
azimuth_test/focused_test_scenarios.mbt:10:3-10:70 [E4080] This function has type (Int, Int) -> Unit, which requires 2 arguments, but is given 3 arguments.
azimuth_test/focused_test_scenarios.mbt:10:70-10:71 [E3002] Parse error, unexpected token `)`, you may expect `;` or `}`.
azimuth_test/focused_test_scenarios.mbt:13:31-13:38 [E3002] Expected upper case identifier for type name, found lower case identifier.
azimuth_test/focused_test_scenarios.mbt:13:40-13:48 [E3002] Parse error, unexpected token package name, you may expect method name, constructor name, "[" or "{".
azimuth_test/focused_test_scenarios.mbt:13:3-13:65 [E4080] This function has type (Int, Int) -> Unit, which requires 2 arguments, but is given 3 arguments.
azimuth_test/focused_test_scenarios.mbt:13:65-13:66 [E3002] Parse error, unexpected token `)`, you may expect `;` or `}`.
azimuth_test/focused_test_scenarios.mbt:14:31-14:38 [E3002] Expected upper case identifier for type name, found lower case identifier.
azimuth_test/focused_test_scenarios.mbt:14:40-14:48 [E3002] Parse error, unexpected token package name, you may expect method name, constructor name, "[" or "{".
azimuth_test/focused_test_scenarios.mbt:14:3-14:70 [E4080] This function has type (Int, Int) -> Unit, which requires 2 arguments, but is given 3 arguments.
azimuth_test/focused_test_scenarios.mbt:14:70-14:71 [E3002] Parse error, unexpected token `)`, you may expect `;` or `}`.
azimuth_test/focused_test_scenarios.mbt:17:31-17:38 [E3002] Expected upper case identifier for type name, found lower case identifier.
azimuth_test/focused_test_scenarios.mbt:17:40-17:48 [E3002] Parse error, unexpected token package name, you may expect method name, constructor name, "[" or "{".
azimuth_test/focused_test_scenarios.mbt:17:3-17:69 [E4080] This function has type (Int, Int) -> Unit, which requires 2 arguments, but is given 3 arguments.
azimuth_test/focused_test_scenarios.mbt:17:69-17:70 [E3002] Parse error, unexpected token `)`, you may expect `;` or `}`.
azimuth_test/focused_test_scenarios.mbt:18:31-18:38 [E3002] Expected upper case identifier for type name, found lower case identifier.
azimuth_test/focused_test_scenarios.mbt:18:40-18:48 [E3002] Parse error, unexpected token package name, you may expect method name, constructor name, "[" or "{".
azimuth_test/focused_test_scenarios.mbt:18:3-18:70 [E4080] This function has type (Int, Int) -> Unit, which requires 2 arguments, but is given 3 arguments.
azimuth_test/focused_test_scenarios.mbt:18:70-18:71 [E3002] Parse error, unexpected token `)`, you may expect `;` or `}`.
azimuth_test/focused_test_scenarios.mbt:22:7-22:16 [E0002] Warning (unused_value): Unused variable 'principal'
azimuth_test/focused_test_scenarios.mbt:23:7-23:11 [E0002] Warning (unused_value): Unused variable 'rate'
azimuth_test/focused_test_scenarios.mbt:24:7-24:11 [E0002] Warning (unused_value): Unused variable 'time'
azimuth_test/focused_test_scenarios.mbt:27:7-27:15 [E0002] Warning (unused_value): Unused variable 'interest'
azimuth_test/focused_test_scenarios.mbt:27:18-27:25 [E3002] Expected upper case identifier for type name, found lower case identifier.
azimuth_test/focused_test_scenarios.mbt:27:27-27:35 [E3002] Parse error, unexpected token package name, you may expect method name, constructor name, "[" or "{".
azimuth_test/focused_test_scenarios.mbt:28:15-28:22 [E3002] Expected upper case identifier for type name, found lower case identifier.
azimuth_test/focused_test_scenarios.mbt:28:24-28:32 [E3002] Parse error, unexpected token package name, you may expect method name, constructor name, "[" or "{".
azimuth_test/focused_test_scenarios.mbt:33:7-33:20 [E0002] Warning (unused_value): Unused variable 'growth_factor'
azimuth_test/focused_test_scenarios.mbt:33:23-33:30 [E3002] Expected upper case identifier for type name, found lower case identifier.
azimuth_test/focused_test_scenarios.mbt:33:32-33:40 [E3002] Parse error, unexpected token package name, you may expect method name, constructor name, "[" or "{".
azimuth_test/focused_test_scenarios.mbt:34:24-34:31 [E3002] Expected upper case identifier for type name, found lower case identifier.
azimuth_test/focused_test_scenarios.mbt:34:33-34:41 [E3002] Parse error, unexpected token package name, you may expect method name, constructor name, "[" or "{".
azimuth_test/focused_test_scenarios.mbt:41:7-41:13 [E0002] Warning (unused_value): Unused variable 'length'
azimuth_test/focused_test_scenarios.mbt:42:7-42:12 [E0002] Warning (unused_value): Unused variable 'width'
azimuth_test/focused_test_scenarios.mbt:44:14-44:21 [E3002] Expected upper case identifier for type name, found lower case identifier.
azimuth_test/focused_test_scenarios.mbt:44:23-44:31 [E3002] Parse error, unexpected token package name, you may expect method name, constructor name, "[" or "{".
azimuth_test/focused_test_scenarios.mbt:45:19-45:26 [E3002] Expected upper case identifier for type name, found lower case identifier.
azimuth_test/focused_test_scenarios.mbt:45:28-45:36 [E3002] Parse error, unexpected token package name, you may expect method name, constructor name, "[" or "{".
azimuth_test/focused_test_scenarios.mbt:51:7-51:11 [E0002] Warning (unused_value): Unused variable 'base'
azimuth_test/focused_test_scenarios.mbt:53:23-53:30 [E3002] Expected upper case identifier for type name, found lower case identifier.
azimuth_test/focused_test_scenarios.mbt:53:39-53:46 [E3002] Expected upper case identifier for type name, found lower case identifier.
azimuth_test/focused_test_scenarios.mbt:53:48-53:56 [E3002] Parse error, unexpected token package name, you may expect method name, constructor name, "[" or "{".
azimuth_test/focused_test_scenarios.mbt:53:79-53:80 [E3002] Parse error, unexpected token `,`, you may expect `;` or `}`.
azimuth_test/focused_test_scenarios.mbt:60:43-60:50 [E3002] Expected upper case identifier for type name, found lower case identifier.
azimuth_test/focused_test_scenarios.mbt:60:52-60:60 [E3002] Parse error, unexpected token package name, you may expect method name, constructor name, "[" or "{".
azimuth_test/focused_test_scenarios.mbt:60:72-60:73 [E3002] Parse error, unexpected token `)`, you may expect `;` or `}`.
azimuth_test/focused_test_scenarios.mbt:61:43-61:50 [E3002] Expected upper case identifier for type name, found lower case identifier.
azimuth_test/focused_test_scenarios.mbt:61:52-61:60 [E3002] Parse error, unexpected token package name, you may expect method name, constructor name, "[" or "{".
azimuth_test/focused_test_scenarios.mbt:61:72-61:73 [E3002] Parse error, unexpected token `)`, you may expect `;` or `}`.
azimuth_test/focused_test_scenarios.mbt:64:43-64:50 [E3002] Expected upper case identifier for type name, found lower case identifier.
azimuth_test/focused_test_scenarios.mbt:64:52-64:60 [E3002] Parse error, unexpected token package name, you may expect method name, constructor name, "[" or "{".
azimuth_test/focused_test_scenarios.mbt:64:72-64:73 [E3002] Parse error, unexpected token `)`, you may expect `;` or `}`.
azimuth_test/focused_test_scenarios.mbt:65:46-65:53 [E3002] Expected upper case identifier for type name, found lower case identifier.
azimuth_test/focused_test_scenarios.mbt:65:55-65:63 [E3002] Parse error, unexpected token package name, you may expect method name, constructor name, "[" or "{".
azimuth_test/focused_test_scenarios.mbt:65:78-65:79 [E3002] Parse error, unexpected token `)`, you may expect `;` or `}`.
azimuth_test/focused_test_scenarios.mbt:68:48-68:55 [E3002] Expected upper case identifier for type name, found lower case identifier.
azimuth_test/focused_test_scenarios.mbt:68:57-68:65 [E3002] Parse error, unexpected token package name, you may expect method name, constructor name, "[" or "{".
azimuth_test/focused_test_scenarios.mbt:68:82-68:83 [E3002] Parse error, unexpected token `)`, you may expect `;` or `}`.
azimuth_test/focused_test_scenarios.mbt:71:47-71:54 [E3002] Expected upper case identifier for type name, found lower case identifier.
azimuth_test/focused_test_scenarios.mbt:71:56-71:64 [E3002] Parse error, unexpected token package name, you may expect method name, constructor name, "[" or "{".
azimuth_test/focused_test_scenarios.mbt:71:80-71:81 [E3002] Parse error, unexpected token `)`, you may expect `;` or `}`.
azimuth_test/focused_test_scenarios.mbt:74:48-74:55 [E3002] Expected upper case identifier for type name, found lower case identifier.
azimuth_test/focused_test_scenarios.mbt:74:57-74:65 [E3002] Parse error, unexpected token package name, you may expect method name, constructor name, "[" or "{".
azimuth_test/focused_test_scenarios.mbt:74:82-74:83 [E3002] Parse error, unexpected token `)`, you may expect `;` or `}`.
azimuth_test/focused_test_scenarios.mbt:79:7-79:8 [E0002] Warning (unused_value): Unused variable 'a'
azimuth_test/focused_test_scenarios.mbt:80:7-80:8 [E0002] Warning (unused_value): Unused variable 'b'
azimuth_test/focused_test_scenarios.mbt:90:7-90:8 [E0002] Warning (unused_value): Unused variable 'c'
azimuth_test/focused_test_scenarios.mbt:91:7-91:8 [E0002] Warning (unused_value): Unused variable 'd'
azimuth_test/focused_test_scenarios.mbt:98:7-98:12 [E0002] Warning (unused_value): Unused variable 'data1'
azimuth_test/focused_test_scenarios.mbt:99:7-99:12 [E0002] Warning (unused_value): Unused variable 'data2'
azimuth_test/focused_test_scenarios.mbt:100:7-100:12 [E0002] Warning (unused_value): Unused variable 'data3'
azimuth_test/focused_test_scenarios.mbt:101:7-101:12 [E0002] Warning (unused_value): Unused variable 'data4'
azimuth_test/focused_test_scenarios.mbt:102:7-102:12 [E0002] Warning (unused_value): Unused variable 'data5'
azimuth_test/focused_test_scenarios.mbt:105:13-105:20 [E3002] Expected upper case identifier for type name, found lower case identifier.
azimuth_test/focused_test_scenarios.mbt:105:22-105:30 [E3002] Parse error, unexpected token package name, you may expect method name, constructor name, "[" or "{".
azimuth_test/focused_test_scenarios.mbt:109:17-109:24 [E3002] Expected upper case identifier for type name, found lower case identifier.
azimuth_test/focused_test_scenarios.mbt:113:22-113:29 [E3002] Expected upper case identifier for type name, found lower case identifier.
azimuth_test/focused_test_scenarios.mbt:113:31-113:39 [E3002] Parse error, unexpected token package name, you may expect method name, constructor name, "[" or "{".
azimuth_test/focused_test_scenarios.mbt:126:18-126:25 [E3002] Expected upper case identifier for type name, found lower case identifier.
azimuth_test/focused_test_scenarios.mbt:131:7-131:18 [E0002] Warning (unused_value): Unused variable 'base_damage'
azimuth_test/focused_test_scenarios.mbt:132:7-132:24 [E0002] Warning (unused_value): Unused variable 'weapon_multiplier'
azimuth_test/focused_test_scenarios.mbt:133:7-133:21 [E0002] Warning (unused_value): Unused variable 'critical_bonus'
azimuth_test/focused_test_scenarios.mbt:134:7-134:20 [E0002] Warning (unused_value): Unused variable 'enemy_defense'
azimuth_test/focused_test_scenarios.mbt:137:7-137:20 [E0002] Warning (unused_value): Unused variable 'weapon_damage'
azimuth_test/focused_test_scenarios.mbt:137:23-137:30 [E3002] Expected upper case identifier for type name, found lower case identifier.
azimuth_test/focused_test_scenarios.mbt:137:32-137:40 [E3002] Parse error, unexpected token package name, you may expect method name, constructor name, "[" or "{".
azimuth_test/focused_test_scenarios.mbt:140:7-140:22 [E0002] Warning (unused_value): Unused variable 'critical_damage'
azimuth_test/focused_test_scenarios.mbt:140:25-140:32 [E3002] Expected upper case identifier for type name, found lower case identifier.
azimuth_test/focused_test_scenarios.mbt:140:34-140:42 [E3002] Parse error, unexpected token package name, you may expect method name, constructor name, "[" or "{".
azimuth_test/focused_test_scenarios.mbt:143:22-143:29 [E3002] Expected upper case identifier for type name, found lower case identifier.
azimuth_test/focused_test_scenarios.mbt:143:31-143:39 [E3002] Parse error, unexpected token package name, you may expect method name, constructor name, "[" or "{".
azimuth_test/focused_test_scenarios.mbt:148:7-148:12 [E0002] Warning (unused_value): Unused variable 'turns'
azimuth_test/focused_test_scenarios.mbt:149:22-149:29 [E3002] Expected upper case identifier for type name, found lower case identifier.
azimuth_test/focused_test_scenarios.mbt:149:31-149:39 [E3002] Parse error, unexpected token package name, you may expect method name, constructor name, "[" or "{".
azimuth_test/focused_test_scenarios.mbt:154:7-154:12 [E0002] Warning (unused_value): Unused variable 'hours'
azimuth_test/focused_test_scenarios.mbt:155:7-155:14 [E0002] Warning (unused_value): Unused variable 'minutes'
azimuth_test/focused_test_scenarios.mbt:156:7-156:14 [E0002] Warning (unused_value): Unused variable 'seconds'
azimuth_test/focused_test_scenarios.mbt:159:23-159:30 [E3002] Expected upper case identifier for type name, found lower case identifier.
azimuth_test/focused_test_scenarios.mbt:159:32-159:40 [E3002] Parse error, unexpected token package name, you may expect method name, constructor name, "[" or "{".
azimuth_test/focused_test_scenarios.mbt:170:7-170:17 [E0002] Warning (unused_value): Unused variable 'local_time'
azimuth_test/focused_test_scenarios.mbt:171:7-171:22 [E0002] Warning (unused_value): Unused variable 'timezone_offset'
azimuth_test/focused_test_scenarios.mbt:172:18-172:25 [E3002] Expected upper case identifier for type name, found lower case identifier.
azimuth_test/focused_test_scenarios.mbt:172:27-172:35 [E3002] Parse error, unexpected token package name, you may expect method name, constructor name, "[" or "{".
azimuth_test/focused_test_scenarios.mbt:181:3-181:13 [E4087] The variable stack_size is not mutable.
azimuth_test/focused_test_scenarios.mbt:181:16-181:23 [E3002] Expected upper case identifier for type name, found lower case identifier.
azimuth_test/focused_test_scenarios.mbt:181:25-181:33 [E3002] Parse error, unexpected token package name, you may expect method name, constructor name, "[" or "{".
azimuth_test/focused_test_scenarios.mbt:182:3-182:13 [E4087] The variable stack_size is not mutable.
azimuth_test/focused_test_scenarios.mbt:182:16-182:23 [E3002] Expected upper case identifier for type name, found lower case identifier.
azimuth_test/focused_test_scenarios.mbt:182:25-182:33 [E3002] Parse error, unexpected token package name, you may expect method name, constructor name, "[" or "{".
azimuth_test/focused_test_scenarios.mbt:183:3-183:13 [E4087] The variable stack_size is not mutable.
azimuth_test/focused_test_scenarios.mbt:183:16-183:23 [E3002] Expected upper case identifier for type name, found lower case identifier.
azimuth_test/focused_test_scenarios.mbt:183:25-183:33 [E3002] Parse error, unexpected token package name, you may expect method name, constructor name, "[" or "{".
azimuth_test/focused_test_scenarios.mbt:188:3-188:13 [E4087] The variable stack_size is not mutable.
azimuth_test/focused_test_scenarios.mbt:188:16-188:23 [E3002] Expected upper case identifier for type name, found lower case identifier.
azimuth_test/focused_test_scenarios.mbt:188:25-188:33 [E3002] Parse error, unexpected token package name, you may expect method name, constructor name, "[" or "{".
azimuth_test/focused_test_scenarios.mbt:193:3-193:13 [E4087] The variable queue_size is not mutable.
azimuth_test/focused_test_scenarios.mbt:193:16-193:23 [E3002] Expected upper case identifier for type name, found lower case identifier.
azimuth_test/focused_test_scenarios.mbt:193:25-193:33 [E3002] Parse error, unexpected token package name, you may expect method name, constructor name, "[" or "{".
azimuth_test/focused_test_scenarios.mbt:194:3-194:13 [E4087] The variable queue_size is not mutable.
azimuth_test/focused_test_scenarios.mbt:194:16-194:23 [E3002] Expected upper case identifier for type name, found lower case identifier.
azimuth_test/focused_test_scenarios.mbt:194:25-194:33 [E3002] Parse error, unexpected token package name, you may expect method name, constructor name, "[" or "{".
azimuth_test/focused_test_scenarios.mbt:195:3-195:13 [E4087] The variable queue_size is not mutable.
azimuth_test/focused_test_scenarios.mbt:195:16-195:23 [E3002] Expected upper case identifier for type name, found lower case identifier.
azimuth_test/focused_test_scenarios.mbt:195:25-195:33 [E3002] Parse error, unexpected token package name, you may expect method name, constructor name, "[" or "{".
azimuth_test/focused_test_scenarios.mbt:198:3-198:13 [E4087] The variable queue_size is not mutable.
azimuth_test/focused_test_scenarios.mbt:198:16-198:23 [E3002] Expected upper case identifier for type name, found lower case identifier.
azimuth_test/focused_test_scenarios.mbt:198:25-198:33 [E3002] Parse error, unexpected token package name, you may expect method name, constructor name, "[" or "{".
azimuth_test/focused_test_scenarios.mbt:203:7-203:14 [E0002] Warning (unused_value): Unused variable 'max_val'
azimuth_test/focused_test_scenarios.mbt:211:58-211:65 [E3002] Expected upper case identifier for type name, found lower case identifier.
azimuth_test/focused_test_scenarios.mbt:215:17-215:24 [E3002] Expected upper case identifier for type name, found lower case identifier.
azimuth_test/focused_test_scenarios.mbt:215:26-215:34 [E3002] Parse error, unexpected token package name, you may expect method name, constructor name, "[" or "{".
azimuth_test/focused_test_scenarios.mbt:218:17-218:24 [E3002] Expected upper case identifier for type name, found lower case identifier.
azimuth_test/focused_test_scenarios.mbt:218:26-218:34 [E3002] Parse error, unexpected token package name, you may expect method name, constructor name, "[" or "{".
azimuth_test/focused_test_scenarios.mbt:222:22-222:29 [E3002] Expected upper case identifier for type name, found lower case identifier.
azimuth_test/focused_test_scenarios.mbt:222:31-222:39 [E3002] Parse error, unexpected token package name, you may expect method name, constructor name, "[" or "{".
Error: focused_test_scenarios.mbt compilation failed
Checking xyz123_final_tests.mbt...
azimuth_test/xyz123_final_tests.mbt:77:22-77:26 [E4014] Expr Type Mismatch
        has type : Bool
        wanted   : Int
azimuth_test/xyz123_final_tests.mbt:77:28-77:33 [E4014] Expr Type Mismatch
        has type : Bool
        wanted   : Int
azimuth_test/xyz123_final_tests.mbt:81:3-81:34 [E4014] Type Mismatch
        has type : Unit
        wanted   : function type
Error: xyz123_final_tests.mbt compilation failed
Checking additional_moonbit_tests.mbt...
Found 9 tests in additional_moonbit_tests.mbt
test ... ok
test ... ok
test ... ok
test ... ok
test ... ok
test ... ok
test ... ok
test ... ok
test ... ok
Checking enhanced_test_cases.mbt...
Found 9 tests in enhanced_test_cases.mbt
test ... ok
test ... ok
test ... ok
test ... ok
test ... ok
test ... ok
test ... ok
test ... ok
test ... ok
Checking new_comprehensive_tests.mbt...
Found 9 tests in new_comprehensive_tests.mbt
test ... ok
test ... ok
test ... ok
test ... ok
test ... ok
test ... ok
test ... ok
test ... ok
test ... ok
Checking new_advanced_tests.mbt...
azimuth_test/new_advanced_tests.mbt:9:22-9:40 [E4014] Expr Type Mismatch
        has type : Bool
        wanted   : Int
azimuth_test/new_advanced_tests.mbt:9:42-9:46 [E4014] Expr Type Mismatch
        has type : Bool
        wanted   : Int
azimuth_test/new_advanced_tests.mbt:11:22-11:40 [E4014] Expr Type Mismatch
        has type : Bool
        wanted   : Int
azimuth_test/new_advanced_tests.mbt:11:42-11:46 [E4014] Expr Type Mismatch
        has type : Bool
        wanted   : Int
azimuth_test/new_advanced_tests.mbt:13:22-13:40 [E4014] Expr Type Mismatch
        has type : Bool
        wanted   : Int
azimuth_test/new_advanced_tests.mbt:13:42-13:46 [E4014] Expr Type Mismatch
        has type : Bool
        wanted   : Int
azimuth_test/new_advanced_tests.mbt:22:7-22:12 [E0002] Warning (unused_value): Unused variable 'fib_0'
azimuth_test/new_advanced_tests.mbt:23:7-23:12 [E0002] Warning (unused_value): Unused variable 'fib_1'
azimuth_test/new_advanced_tests.mbt:24:15-24:22 [E3002] Expected upper case identifier for type name, found lower case identifier.
azimuth_test/new_advanced_tests.mbt:24:24-24:32 [E3002] Parse error, unexpected token package name, you may expect method name, constructor name, "[" or "{".
azimuth_test/new_advanced_tests.mbt:25:15-25:22 [E3002] Expected upper case identifier for type name, found lower case identifier.
azimuth_test/new_advanced_tests.mbt:25:24-25:32 [E3002] Parse error, unexpected token package name, you may expect method name, constructor name, "[" or "{".
azimuth_test/new_advanced_tests.mbt:26:15-26:22 [E3002] Expected upper case identifier for type name, found lower case identifier.
azimuth_test/new_advanced_tests.mbt:26:24-26:32 [E3002] Parse error, unexpected token package name, you may expect method name, constructor name, "[" or "{".
azimuth_test/new_advanced_tests.mbt:27:15-27:22 [E3002] Expected upper case identifier for type name, found lower case identifier.
azimuth_test/new_advanced_tests.mbt:27:24-27:32 [E3002] Parse error, unexpected token package name, you may expect method name, constructor name, "[" or "{".
azimuth_test/new_advanced_tests.mbt:28:15-28:22 [E3002] Expected upper case identifier for type name, found lower case identifier.
azimuth_test/new_advanced_tests.mbt:28:24-28:32 [E3002] Parse error, unexpected token package name, you may expect method name, constructor name, "[" or "{".
azimuth_test/new_advanced_tests.mbt:29:15-29:22 [E3002] Expected upper case identifier for type name, found lower case identifier.
azimuth_test/new_advanced_tests.mbt:29:24-29:32 [E3002] Parse error, unexpected token package name, you may expect method name, constructor name, "[" or "{".
azimuth_test/new_advanced_tests.mbt:30:15-30:22 [E3002] Expected upper case identifier for type name, found lower case identifier.
azimuth_test/new_advanced_tests.mbt:30:24-30:32 [E3002] Parse error, unexpected token package name, you may expect method name, constructor name, "[" or "{".
azimuth_test/new_advanced_tests.mbt:48:24-48:31 [E3002] Expected upper case identifier for type name, found lower case identifier.
azimuth_test/new_advanced_tests.mbt:48:33-48:41 [E3002] Parse error, unexpected token package name, you may expect method name, constructor name, "[" or "{".
azimuth_test/new_advanced_tests.mbt:51:24-51:31 [E3002] Expected upper case identifier for type name, found lower case identifier.
azimuth_test/new_advanced_tests.mbt:51:33-51:41 [E3002] Parse error, unexpected token package name, you may expect method name, constructor name, "[" or "{".
azimuth_test/new_advanced_tests.mbt:54:24-54:31 [E3002] Expected upper case identifier for type name, found lower case identifier.
azimuth_test/new_advanced_tests.mbt:54:33-54:41 [E3002] Parse error, unexpected token package name, you may expect method name, constructor name, "[" or "{".
azimuth_test/new_advanced_tests.mbt:63:7-63:16 [E0002] Warning (unused_value): Unused variable 'principal'
azimuth_test/new_advanced_tests.mbt:64:7-64:19 [E0002] Warning (unused_value): Unused variable 'rate_percent'
azimuth_test/new_advanced_tests.mbt:67:15-67:22 [E3002] Expected upper case identifier for type name, found lower case identifier.
azimuth_test/new_advanced_tests.mbt:67:24-67:32 [E3002] Parse error, unexpected token package name, you may expect method name, constructor name, "[" or "{".
azimuth_test/new_advanced_tests.mbt:70:15-70:22 [E3002] Expected upper case identifier for type name, found lower case identifier.
azimuth_test/new_advanced_tests.mbt:70:24-70:32 [E3002] Parse error, unexpected token package name, you may expect method name, constructor name, "[" or "{".
azimuth_test/new_advanced_tests.mbt:73:15-73:22 [E3002] Expected upper case identifier for type name, found lower case identifier.
azimuth_test/new_advanced_tests.mbt:73:24-73:32 [E3002] Parse error, unexpected token package name, you may expect method name, constructor name, "[" or "{".
azimuth_test/new_advanced_tests.mbt:82:7-82:8 [E0002] Warning (unused_value): Unused variable 'a'
azimuth_test/new_advanced_tests.mbt:83:7-83:8 [E0002] Warning (unused_value): Unused variable 'b'
azimuth_test/new_advanced_tests.mbt:84:7-84:8 [E0002] Warning (unused_value): Unused variable 'c'
azimuth_test/new_advanced_tests.mbt:87:7-87:9 [E0002] Warning (unused_value): Unused variable 'x1'
azimuth_test/new_advanced_tests.mbt:88:7-88:9 [E0002] Warning (unused_value): Unused variable 'x2'
azimuth_test/new_advanced_tests.mbt:91:17-91:24 [E3002] Expected upper case identifier for type name, found lower case identifier.
azimuth_test/new_advanced_tests.mbt:91:26-91:34 [E3002] Parse error, unexpected token package name, you may expect method name, constructor name, "[" or "{".
azimuth_test/new_advanced_tests.mbt:95:17-95:24 [E3002] Expected upper case identifier for type name, found lower case identifier.
azimuth_test/new_advanced_tests.mbt:95:26-95:34 [E3002] Parse error, unexpected token package name, you may expect method name, constructor name, "[" or "{".
azimuth_test/new_advanced_tests.mbt:101:7-101:12 [E0002] Warning (unused_value): Unused variable 'data1'
azimuth_test/new_advanced_tests.mbt:102:7-102:12 [E0002] Warning (unused_value): Unused variable 'data2'
azimuth_test/new_advanced_tests.mbt:103:7-103:12 [E0002] Warning (unused_value): Unused variable 'data3'
azimuth_test/new_advanced_tests.mbt:104:7-104:12 [E0002] Warning (unused_value): Unused variable 'data4'
azimuth_test/new_advanced_tests.mbt:105:7-105:12 [E0002] Warning (unused_value): Unused variable 'data5'
azimuth_test/new_advanced_tests.mbt:108:13-108:20 [E3002] Expected upper case identifier for type name, found lower case identifier.
azimuth_test/new_advanced_tests.mbt:108:22-108:30 [E3002] Parse error, unexpected token package name, you may expect method name, constructor name, "[" or "{".
azimuth_test/new_advanced_tests.mbt:116:22-116:29 [E3002] Expected upper case identifier for type name, found lower case identifier.
azimuth_test/new_advanced_tests.mbt:116:31-116:39 [E3002] Parse error, unexpected token package name, you may expect method name, constructor name, "[" or "{".
azimuth_test/new_advanced_tests.mbt:128:7-128:17 [E0002] Warning (unused_value): Unused variable 'usd_amount'
azimuth_test/new_advanced_tests.mbt:129:7-129:20 [E0002] Warning (unused_value): Unused variable 'exchange_rate'
azimuth_test/new_advanced_tests.mbt:130:7-130:30 [E0002] Warning (unused_value): Unused variable 'transaction_fee_percent'
azimuth_test/new_advanced_tests.mbt:133:20-133:27 [E3002] Expected upper case identifier for type name, found lower case identifier.
azimuth_test/new_advanced_tests.mbt:133:29-133:37 [E3002] Parse error, unexpected token package name, you may expect method name, constructor name, "[" or "{".
azimuth_test/new_advanced_tests.mbt:136:13-136:20 [E3002] Expected upper case identifier for type name, found lower case identifier.
azimuth_test/new_advanced_tests.mbt:136:22-136:30 [E3002] Parse error, unexpected token package name, you may expect method name, constructor name, "[" or "{".
azimuth_test/new_advanced_tests.mbt:139:23-139:30 [E3002] Expected upper case identifier for type name, found lower case identifier.
azimuth_test/new_advanced_tests.mbt:139:32-139:40 [E3002] Parse error, unexpected token package name, you may expect method name, constructor name, "[" or "{".
azimuth_test/new_advanced_tests.mbt:155:29-155:36 [E3002] Expected upper case identifier for type name, found lower case identifier.
azimuth_test/new_advanced_tests.mbt:155:38-155:46 [E3002] Parse error, unexpected token package name, you may expect method name, constructor name, "[" or "{".
azimuth_test/new_advanced_tests.mbt:159:19-159:26 [E3002] Expected upper case identifier for type name, found lower case identifier.
azimuth_test/new_advanced_tests.mbt:159:28-159:36 [E3002] Parse error, unexpected token package name, you may expect method name, constructor name, "[" or "{".
azimuth_test/new_advanced_tests.mbt:169:7-169:20 [E0002] Warning (unused_value): Unused variable 'initial_stock'
azimuth_test/new_advanced_tests.mbt:170:7-170:17 [E0002] Warning (unused_value): Unused variable 'sold_units'
azimuth_test/new_advanced_tests.mbt:171:7-171:22 [E0002] Warning (unused_value): Unused variable 'restocked_units'
azimuth_test/new_advanced_tests.mbt:172:7-172:20 [E0002] Warning (unused_value): Unused variable 'damaged_units'
azimuth_test/new_advanced_tests.mbt:175:7-175:20 [E0002] Warning (unused_value): Unused variable 'current_stock'
azimuth_test/new_advanced_tests.mbt:175:23-175:30 [E3002] Expected upper case identifier for type name, found lower case identifier.
azimuth_test/new_advanced_tests.mbt:175:32-175:40 [E3002] Parse error, unexpected token package name, you may expect method name, constructor name, "[" or "{".
azimuth_test/new_advanced_tests.mbt:176:29-176:36 [E3002] Expected upper case identifier for type name, found lower case identifier.
azimuth_test/new_advanced_tests.mbt:176:38-176:46 [E3002] Parse error, unexpected token package name, you may expect method name, constructor name, "[" or "{".
azimuth_test/new_advanced_tests.mbt:179:23-179:30 [E3002] Expected upper case identifier for type name, found lower case identifier.
azimuth_test/new_advanced_tests.mbt:179:32-179:40 [E3002] Parse error, unexpected token package name, you may expect method name, constructor name, "[" or "{".
azimuth_test/new_advanced_tests.mbt:182:23-182:30 [E3002] Expected upper case identifier for type name, found lower case identifier.
azimuth_test/new_advanced_tests.mbt:182:32-182:40 [E3002] Parse error, unexpected token package name, you may expect method name, constructor name, "[" or "{".
azimuth_test/new_advanced_tests.mbt:188:3-188:42 [E4014] Type Mismatch
        has type : Unit
        wanted   : function type
azimuth_test/new_advanced_tests.mbt:193:7-193:20 [E0002] Warning (unused_value): Unused variable 'customer_name'
azimuth_test/new_advanced_tests.mbt:196:7-196:15 [E0002] Warning (unused_value): Unused variable 'quantity'
azimuth_test/new_advanced_tests.mbt:197:7-197:17 [E0002] Warning (unused_value): Unused variable 'unit_price'
azimuth_test/new_advanced_tests.mbt:198:7-198:18 [E0002] Warning (unused_value): Unused variable 'total_price'
azimuth_test/new_advanced_tests.mbt:198:21-198:28 [E3002] Expected upper case identifier for type name, found lower case identifier.
azimuth_test/new_advanced_tests.mbt:198:30-198:38 [E3002] Parse error, unexpected token package name, you may expect method name, constructor name, "[" or "{".
azimuth_test/new_advanced_tests.mbt:201:18-201:25 [E3002] Expected upper case identifier for type name, found lower case identifier.
azimuth_test/new_advanced_tests.mbt:201:27-201:35 [E3002] Parse error, unexpected token package name, you may expect method name, constructor name, "[" or "{".
Error: new_advanced_tests.mbt compilation failed
Checking simple_new_test.mbt...
Found 1 tests in simple_new_test.mbt
test ... ok
Checking moonbit_new_test_cases.mbt...
azimuth_test/moonbit_new_test_cases.mbt:82:7-82:12 [E0002] Warning (unused_value): Unused variable 'value'
azimuth_test/moonbit_new_test_cases.mbt:91:22-91:36 [E4014] Expr Type Mismatch
        has type : Bool
        wanted   : Int
azimuth_test/moonbit_new_test_cases.mbt:91:38-91:42 [E4014] Expr Type Mismatch
        has type : Bool
        wanted   : Int
azimuth_test/moonbit_new_test_cases.mbt:96:3-96:45 [E4014] Type Mismatch
        has type : Unit
        wanted   : function type
azimuth_test/moonbit_new_test_cases.mbt:167:22-167:52 [E4080] This function has type (Int, Int) -> Int, which requires 2 arguments, but is given 3 arguments.
azimuth_test/moonbit_new_test_cases.mbt:167:22-167:63 [E4014] Expr Type Mismatch
        has type : Bool
        wanted   : Int
azimuth_test/moonbit_new_test_cases.mbt:167:3-167:64 [E4080] This function has type (Int, Int) -> Unit, which requires 2 arguments, but is given 1 arguments.
azimuth_test/moonbit_new_test_cases.mbt:168:22-168:53 [E4080] This function has type (Int, Int) -> Int, which requires 2 arguments, but is given 3 arguments.
azimuth_test/moonbit_new_test_cases.mbt:168:22-168:64 [E4014] Expr Type Mismatch
        has type : Bool
        wanted   : Int
azimuth_test/moonbit_new_test_cases.mbt:168:3-168:65 [E4080] This function has type (Int, Int) -> Unit, which requires 2 arguments, but is given 1 arguments.
azimuth_test/moonbit_new_test_cases.mbt:169:22-169:57 [E4080] This function has type (Int, Int) -> Int, which requires 2 arguments, but is given 3 arguments.
azimuth_test/moonbit_new_test_cases.mbt:169:22-169:68 [E4014] Expr Type Mismatch
        has type : Bool
        wanted   : Int
azimuth_test/moonbit_new_test_cases.mbt:169:3-169:69 [E4080] This function has type (Int, Int) -> Unit, which requires 2 arguments, but is given 1 arguments.
azimuth_test/moonbit_new_test_cases.mbt:170:22-170:58 [E4080] This function has type (Int, Int) -> Int, which requires 2 arguments, but is given 3 arguments.
azimuth_test/moonbit_new_test_cases.mbt:170:22-170:69 [E4014] Expr Type Mismatch
        has type : Bool
        wanted   : Int
azimuth_test/moonbit_new_test_cases.mbt:170:3-170:70 [E4080] This function has type (Int, Int) -> Unit, which requires 2 arguments, but is given 1 arguments.
Error: moonbit_new_test_cases.mbt compilation failed
Checking moonbit_new_test_cases_copy.mbt...
azimuth_test/moonbit_new_test_cases_copy.mbt:5:7-5:17 [E0002] Warning (unused_value): Unused variable 'large_num1'
azimuth_test/moonbit_new_test_cases_copy.mbt:6:7-6:17 [E0002] Warning (unused_value): Unused variable 'large_num2'
azimuth_test/moonbit_new_test_cases_copy.mbt:7:7-7:17 [E0002] Warning (unused_value): Unused variable 'large_num3'
azimuth_test/moonbit_new_test_cases_copy.mbt:10:20-10:27 [E3002] Expected upper case identifier for type name, found lower case identifier.
azimuth_test/moonbit_new_test_cases_copy.mbt:10:29-10:37 [E3002] Parse error, unexpected token package name, you may expect method name, constructor name, "[" or "{".
azimuth_test/moonbit_new_test_cases_copy.mbt:14:24-14:31 [E3002] Expected upper case identifier for type name, found lower case identifier.
azimuth_test/moonbit_new_test_cases_copy.mbt:14:33-14:41 [E3002] Parse error, unexpected token package name, you may expect method name, constructor name, "[" or "{".
azimuth_test/moonbit_new_test_cases_copy.mbt:20:7-20:13 [E0002] Warning (unused_value): Unused variable 'value1'
azimuth_test/moonbit_new_test_cases_copy.mbt:21:7-21:13 [E0002] Warning (unused_value): Unused variable 'value2'
azimuth_test/moonbit_new_test_cases_copy.mbt:24:21-24:28 [E3002] Expected upper case identifier for type name, found lower case identifier.
azimuth_test/moonbit_new_test_cases_copy.mbt:24:30-24:38 [E3002] Parse error, unexpected token package name, you may expect method name, constructor name, "[" or "{".
azimuth_test/moonbit_new_test_cases_copy.mbt:28:25-28:32 [E3002] Expected upper case identifier for type name, found lower case identifier.
azimuth_test/moonbit_new_test_cases_copy.mbt:28:34-28:42 [E3002] Parse error, unexpected token package name, you may expect method name, constructor name, "[" or "{".
azimuth_test/moonbit_new_test_cases_copy.mbt:34:7-34:12 [E0002] Warning (unused_value): Unused variable 'step1'
azimuth_test/moonbit_new_test_cases_copy.mbt:34:15-34:22 [E3002] Expected upper case identifier for type name, found lower case identifier.
azimuth_test/moonbit_new_test_cases_copy.mbt:34:24-34:32 [E3002] Parse error, unexpected token package name, you may expect method name, constructor name, "[" or "{".
azimuth_test/moonbit_new_test_cases_copy.mbt:35:7-35:12 [E0002] Warning (unused_value): Unused variable 'step2'
azimuth_test/moonbit_new_test_cases_copy.mbt:35:15-35:22 [E3002] Expected upper case identifier for type name, found lower case identifier.
azimuth_test/moonbit_new_test_cases_copy.mbt:35:24-35:32 [E3002] Parse error, unexpected token package name, you may expect method name, constructor name, "[" or "{".
azimuth_test/moonbit_new_test_cases_copy.mbt:36:7-36:12 [E0002] Warning (unused_value): Unused variable 'step3'
azimuth_test/moonbit_new_test_cases_copy.mbt:37:16-37:23 [E3002] Expected upper case identifier for type name, found lower case identifier.
azimuth_test/moonbit_new_test_cases_copy.mbt:37:25-37:33 [E3002] Parse error, unexpected token package name, you may expect method name, constructor name, "[" or "{".
azimuth_test/moonbit_new_test_cases_copy.mbt:44:7-44:20 [E0002] Warning (unused_value): Unused variable 'special_chars'
azimuth_test/moonbit_new_test_cases_copy.mbt:45:16-45:23 [E3002] Expected upper case identifier for type name, found lower case identifier.
azimuth_test/moonbit_new_test_cases_copy.mbt:45:25-45:33 [E3002] Parse error, unexpected token package name, you may expect method name, constructor name, "[" or "{".
azimuth_test/moonbit_new_test_cases_copy.mbt:49:7-49:19 [E0002] Warning (unused_value): Unused variable 'alphanumeric'
azimuth_test/moonbit_new_test_cases_copy.mbt:50:17-50:24 [E3002] Expected upper case identifier for type name, found lower case identifier.
azimuth_test/moonbit_new_test_cases_copy.mbt:50:26-50:34 [E3002] Parse error, unexpected token package name, you may expect method name, constructor name, "[" or "{".
azimuth_test/moonbit_new_test_cases_copy.mbt:73:26-73:33 [E3002] Expected upper case identifier for type name, found lower case identifier.
azimuth_test/moonbit_new_test_cases_copy.mbt:73:35-73:43 [E3002] Parse error, unexpected token package name, you may expect method name, constructor name, "[" or "{".
azimuth_test/moonbit_new_test_cases_copy.mbt:77:7-77:10 [E0002] Warning (unused_value): Unused variable 'low'
azimuth_test/moonbit_new_test_cases_copy.mbt:78:7-78:11 [E0002] Warning (unused_value): Unused variable 'high'
azimuth_test/moonbit_new_test_cases_copy.mbt:79:7-79:10 [E0002] Warning (unused_value): Unused variable 'mid'
azimuth_test/moonbit_new_test_cases_copy.mbt:79:13-79:20 [E3002] Expected upper case identifier for type name, found lower case identifier.
azimuth_test/moonbit_new_test_cases_copy.mbt:79:22-79:30 [E3002] Parse error, unexpected token package name, you may expect method name, constructor name, "[" or "{".
azimuth_test/moonbit_new_test_cases_copy.mbt:82:22-82:34 [E4014] Expr Type Mismatch
        has type : Bool
        wanted   : Int
azimuth_test/moonbit_new_test_cases_copy.mbt:82:36-82:40 [E4014] Expr Type Mismatch
        has type : Bool
        wanted   : Int
azimuth_test/moonbit_new_test_cases_copy.mbt:83:22-83:33 [E4014] Expr Type Mismatch
        has type : Bool
        wanted   : Int
azimuth_test/moonbit_new_test_cases_copy.mbt:83:35-83:39 [E4014] Expr Type Mismatch
        has type : Bool
        wanted   : Int
azimuth_test/moonbit_new_test_cases_copy.mbt:89:7-89:16 [E0002] Warning (unused_value): Unused variable 'stack_top'
azimuth_test/moonbit_new_test_cases_copy.mbt:102:7-102:17 [E0002] Warning (unused_value): Unused variable 'after_push'
azimuth_test/moonbit_new_test_cases_copy.mbt:102:20-102:27 [E3002] Expected upper case identifier for type name, found lower case identifier.
azimuth_test/moonbit_new_test_cases_copy.mbt:102:29-102:37 [E3002] Parse error, unexpected token package name, you may expect method name, constructor name, "[" or "{".
azimuth_test/moonbit_new_test_cases_copy.mbt:103:19-103:26 [E3002] Expected upper case identifier for type name, found lower case identifier.
azimuth_test/moonbit_new_test_cases_copy.mbt:103:28-103:36 [E3002] Parse error, unexpected token package name, you may expect method name, constructor name, "[" or "{".
azimuth_test/moonbit_new_test_cases_copy.mbt:109:7-109:12 [E0002] Warning (unused_value): Unused variable 'dice1'
azimuth_test/moonbit_new_test_cases_copy.mbt:110:7-110:12 [E0002] Warning (unused_value): Unused variable 'dice2'
azimuth_test/moonbit_new_test_cases_copy.mbt:113:15-113:22 [E3002] Expected upper case identifier for type name, found lower case identifier.
azimuth_test/moonbit_new_test_cases_copy.mbt:113:24-113:32 [E3002] Parse error, unexpected token package name, you may expect method name, constructor name, "[" or "{".
azimuth_test/moonbit_new_test_cases_copy.mbt:118:22-118:28 [E4014] Expr Type Mismatch
        has type : Bool
        wanted   : Int
azimuth_test/moonbit_new_test_cases_copy.mbt:118:30-118:34 [E4014] Expr Type Mismatch
        has type : Bool
        wanted   : Int
azimuth_test/moonbit_new_test_cases_copy.mbt:121:15-121:22 [E3002] Expected upper case identifier for type name, found lower case identifier.
azimuth_test/moonbit_new_test_cases_copy.mbt:121:24-121:32 [E3002] Parse error, unexpected token package name, you may expect method name, constructor name, "[" or "{".
azimuth_test/moonbit_new_test_cases_copy.mbt:127:7-127:18 [E0002] Warning (unused_value): Unused variable 'header_size'
azimuth_test/moonbit_new_test_cases_copy.mbt:128:7-128:19 [E0002] Warning (unused_value): Unused variable 'payload_size'
azimuth_test/moonbit_new_test_cases_copy.mbt:129:7-129:20 [E0002] Warning (unused_value): Unused variable 'checksum_size'
azimuth_test/moonbit_new_test_cases_copy.mbt:132:27-132:34 [E3002] Expected upper case identifier for type name, found lower case identifier.
azimuth_test/moonbit_new_test_cases_copy.mbt:132:36-132:44 [E3002] Parse error, unexpected token package name, you may expect method name, constructor name, "[" or "{".
azimuth_test/moonbit_new_test_cases_copy.mbt:143:7-143:22 [E0002] Warning (unused_value): Unused variable 'letter_position'
azimuth_test/moonbit_new_test_cases_copy.mbt:144:7-144:12 [E0002] Warning (unused_value): Unused variable 'shift'
azimuth_test/moonbit_new_test_cases_copy.mbt:147:28-147:35 [E3002] Expected upper case identifier for type name, found lower case identifier.
azimuth_test/moonbit_new_test_cases_copy.mbt:147:37-147:45 [E3002] Parse error, unexpected token package name, you may expect method name, constructor name, "[" or "{".
azimuth_test/moonbit_new_test_cases_copy.mbt:151:28-151:35 [E3002] Expected upper case identifier for type name, found lower case identifier.
azimuth_test/moonbit_new_test_cases_copy.mbt:151:37-151:45 [E3002] Parse error, unexpected token package name, you may expect method name, constructor name, "[" or "{".
azimuth_test/moonbit_new_test_cases_copy.mbt:155:7-155:23 [E0002] Warning (unused_value): Unused variable 'original_message'
azimuth_test/moonbit_new_test_cases_copy.mbt:156:27-156:34 [E3002] Expected upper case identifier for type name, found lower case identifier.
azimuth_test/moonbit_new_test_cases_copy.mbt:156:36-156:44 [E3002] Parse error, unexpected token package name, you may expect method name, constructor name, "[" or "{".
Error: moonbit_new_test_cases_copy.mbt compilation failed
Checking our_new_tests.mbt...
azimuth_test/our_new_tests.mbt:3:16-3:23 [E3002] Expected upper case identifier for type name, found lower case identifier.
azimuth_test/our_new_tests.mbt:3:25-3:33 [E3002] Parse error, unexpected token package name, you may expect method name, constructor name, "[" or "{".
azimuth_test/our_new_tests.mbt:7:16-7:23 [E3002] Expected upper case identifier for type name, found lower case identifier.
azimuth_test/our_new_tests.mbt:7:25-7:33 [E3002] Parse error, unexpected token package name, you may expect method name, constructor name, "[" or "{".
azimuth_test/our_new_tests.mbt:11:16-11:23 [E3002] Expected upper case identifier for type name, found lower case identifier.
azimuth_test/our_new_tests.mbt:11:25-11:33 [E3002] Parse error, unexpected token package name, you may expect method name, constructor name, "[" or "{".
azimuth_test/our_new_tests.mbt:15:7-15:20 [E0002] Warning (unused_value): Unused variable 'decimal_value'
azimuth_test/our_new_tests.mbt:16:19-16:26 [E3002] Expected upper case identifier for type name, found lower case identifier.
azimuth_test/our_new_tests.mbt:16:28-16:36 [E3002] Parse error, unexpected token package name, you may expect method name, constructor name, "[" or "{".
azimuth_test/our_new_tests.mbt:17:18-17:25 [E3002] Expected upper case identifier for type name, found lower case identifier.
azimuth_test/our_new_tests.mbt:17:27-17:35 [E3002] Parse error, unexpected token package name, you may expect method name, constructor name, "[" or "{".
azimuth_test/our_new_tests.mbt:22:7-22:18 [E0002] Warning (unused_value): Unused variable 'item1_price'
azimuth_test/our_new_tests.mbt:23:7-23:21 [E0002] Warning (unused_value): Unused variable 'item1_quantity'
azimuth_test/our_new_tests.mbt:24:7-24:18 [E0002] Warning (unused_value): Unused variable 'item2_price'
azimuth_test/our_new_tests.mbt:25:7-25:21 [E0002] Warning (unused_value): Unused variable 'item2_quantity'
azimuth_test/our_new_tests.mbt:26:7-26:13 [E0002] Warning (unused_value): Unused variable 'total1'
azimuth_test/our_new_tests.mbt:26:16-26:23 [E3002] Expected upper case identifier for type name, found lower case identifier.
azimuth_test/our_new_tests.mbt:26:25-26:33 [E3002] Parse error, unexpected token package name, you may expect method name, constructor name, "[" or "{".
azimuth_test/our_new_tests.mbt:27:7-27:13 [E0002] Warning (unused_value): Unused variable 'total2'
azimuth_test/our_new_tests.mbt:27:16-27:23 [E3002] Expected upper case identifier for type name, found lower case identifier.
azimuth_test/our_new_tests.mbt:27:25-27:33 [E3002] Parse error, unexpected token package name, you may expect method name, constructor name, "[" or "{".
azimuth_test/our_new_tests.mbt:28:20-28:27 [E3002] Expected upper case identifier for type name, found lower case identifier.
azimuth_test/our_new_tests.mbt:28:29-28:37 [E3002] Parse error, unexpected token package name, you may expect method name, constructor name, "[" or "{".
azimuth_test/our_new_tests.mbt:32:7-32:14 [E0002] Warning (unused_value): Unused variable 'celsius'
azimuth_test/our_new_tests.mbt:33:20-33:27 [E3002] Expected upper case identifier for type name, found lower case identifier.
azimuth_test/our_new_tests.mbt:33:29-33:37 [E3002] Parse error, unexpected token package name, you may expect method name, constructor name, "[" or "{".
azimuth_test/our_new_tests.mbt:37:7-37:13 [E0002] Warning (unused_value): Unused variable 'length'
azimuth_test/our_new_tests.mbt:38:7-38:12 [E0002] Warning (unused_value): Unused variable 'width'
azimuth_test/our_new_tests.mbt:39:24-39:31 [E3002] Expected upper case identifier for type name, found lower case identifier.
azimuth_test/our_new_tests.mbt:39:33-39:41 [E3002] Parse error, unexpected token package name, you may expect method name, constructor name, "[" or "{".
azimuth_test/our_new_tests.mbt:42:7-42:11 [E0002] Warning (unused_value): Unused variable 'base'
azimuth_test/our_new_tests.mbt:43:7-43:13 [E0002] Warning (unused_value): Unused variable 'height'
azimuth_test/our_new_tests.mbt:44:23-44:30 [E3002] Expected upper case identifier for type name, found lower case identifier.
azimuth_test/our_new_tests.mbt:44:32-44:40 [E3002] Parse error, unexpected token package name, you may expect method name, constructor name, "[" or "{".
azimuth_test/our_new_tests.mbt:51:31-51:38 [E3002] Expected upper case identifier for type name, found lower case identifier.
azimuth_test/our_new_tests.mbt:51:40-51:48 [E3002] Parse error, unexpected token package name, you may expect method name, constructor name, "[" or "{".
azimuth_test/our_new_tests.mbt:51:68-51:75 [E3002] Expected upper case identifier for type name, found lower case identifier.
azimuth_test/our_new_tests.mbt:51:77-51:85 [E3002] Parse error, unexpected token package name, you may expect method name, constructor name, "[" or "{".
azimuth_test/our_new_tests.mbt:57:24-57:31 [E3002] Expected upper case identifier for type name, found lower case identifier.
azimuth_test/our_new_tests.mbt:57:33-57:41 [E3002] Parse error, unexpected token package name, you may expect method name, constructor name, "[" or "{".
azimuth_test/our_new_tests.mbt:59:24-59:31 [E3002] Expected upper case identifier for type name, found lower case identifier.
azimuth_test/our_new_tests.mbt:59:33-59:41 [E3002] Parse error, unexpected token package name, you may expect method name, constructor name, "[" or "{".
azimuth_test/our_new_tests.mbt:63:7-63:11 [E0002] Warning (unused_value): Unused variable 'name'
azimuth_test/our_new_tests.mbt:64:18-64:25 [E3002] Expected upper case identifier for type name, found lower case identifier.
azimuth_test/our_new_tests.mbt:64:27-64:35 [E3002] Parse error, unexpected token package name, you may expect method name, constructor name, "[" or "{".
azimuth_test/our_new_tests.mbt:67:24-67:31 [E3002] Expected upper case identifier for type name, found lower case identifier.
azimuth_test/our_new_tests.mbt:67:33-67:41 [E3002] Parse error, unexpected token package name, you may expect method name, constructor name, "[" or "{".
Error: our_new_tests.mbt compilation failed
Checking comprehensive_test_suite.mbt...
azimuth_test/comprehensive_test_suite.mbt:7:7-7:8 [E0002] Warning (unused_value): Unused variable 'a'
azimuth_test/comprehensive_test_suite.mbt:9:22-9:29 [E3002] Expected upper case identifier for type name, found lower case identifier.
azimuth_test/comprehensive_test_suite.mbt:9:31-9:39 [E3002] Parse error, unexpected token package name, you may expect method name, constructor name, "[" or "{".
azimuth_test/comprehensive_test_suite.mbt:9:49-9:50 [E3002] Parse error, unexpected token `,`, you may expect `;` or `}`.
azimuth_test/comprehensive_test_suite.mbt:12:7-12:8 [E0002] Warning (unused_value): Unused variable 'c'
azimuth_test/comprehensive_test_suite.mbt:13:20-13:27 [E3002] Expected upper case identifier for type name, found lower case identifier.
azimuth_test/comprehensive_test_suite.mbt:13:29-13:37 [E3002] Parse error, unexpected token package name, you may expect method name, constructor name, "[" or "{".
azimuth_test/comprehensive_test_suite.mbt:14:21-14:28 [E3002] Expected upper case identifier for type name, found lower case identifier.
azimuth_test/comprehensive_test_suite.mbt:14:30-14:38 [E3002] Parse error, unexpected token package name, you may expect method name, constructor name, "[" or "{".
azimuth_test/comprehensive_test_suite.mbt:18:22-18:29 [E3002] Expected upper case identifier for type name, found lower case identifier.
azimuth_test/comprehensive_test_suite.mbt:18:31-18:39 [E3002] Parse error, unexpected token package name, you may expect method name, constructor name, "[" or "{".
azimuth_test/comprehensive_test_suite.mbt:18:54-18:55 [E3002] Parse error, unexpected token `,`, you may expect `;` or `}`.
azimuth_test/comprehensive_test_suite.mbt:21:24-21:31 [E3002] Expected upper case identifier for type name, found lower case identifier.
azimuth_test/comprehensive_test_suite.mbt:21:33-21:41 [E3002] Parse error, unexpected token package name, you may expect method name, constructor name, "[" or "{".
azimuth_test/comprehensive_test_suite.mbt:22:25-22:32 [E3002] Expected upper case identifier for type name, found lower case identifier.
azimuth_test/comprehensive_test_suite.mbt:22:34-22:42 [E3002] Parse error, unexpected token package name, you may expect method name, constructor name, "[" or "{".
azimuth_test/comprehensive_test_suite.mbt:26:22-26:29 [E3002] Expected upper case identifier for type name, found lower case identifier.
azimuth_test/comprehensive_test_suite.mbt:26:31-26:39 [E3002] Parse error, unexpected token package name, you may expect method name, constructor name, "[" or "{".
azimuth_test/comprehensive_test_suite.mbt:27:23-27:30 [E3002] Expected upper case identifier for type name, found lower case identifier.
azimuth_test/comprehensive_test_suite.mbt:27:32-27:40 [E3002] Parse error, unexpected token package name, you may expect method name, constructor name, "[" or "{".
azimuth_test/comprehensive_test_suite.mbt:36:26-36:33 [E3002] Expected upper case identifier for type name, found lower case identifier.
azimuth_test/comprehensive_test_suite.mbt:36:35-36:43 [E3002] Parse error, unexpected token package name, you may expect method name, constructor name, "[" or "{".
azimuth_test/comprehensive_test_suite.mbt:36:3-36:65 [E4080] This function has type (Int, Int) -> Unit, which requires 2 arguments, but is given 3 arguments.
azimuth_test/comprehensive_test_suite.mbt:36:65-36:66 [E3002] Parse error, unexpected token `)`, you may expect `;` or `}`.
azimuth_test/comprehensive_test_suite.mbt:37:31-37:38 [E3002] Expected upper case identifier for type name, found lower case identifier.
azimuth_test/comprehensive_test_suite.mbt:37:40-37:48 [E3002] Parse error, unexpected token package name, you may expect method name, constructor name, "[" or "{".
azimuth_test/comprehensive_test_suite.mbt:37:3-37:64 [E4080] This function has type (Int, Int) -> Unit, which requires 2 arguments, but is given 3 arguments.
azimuth_test/comprehensive_test_suite.mbt:37:64-37:65 [E3002] Parse error, unexpected token `)`, you may expect `;` or `}`.
azimuth_test/comprehensive_test_suite.mbt:38:31-38:38 [E3002] Expected upper case identifier for type name, found lower case identifier.
azimuth_test/comprehensive_test_suite.mbt:38:40-38:48 [E3002] Parse error, unexpected token package name, you may expect method name, constructor name, "[" or "{".
azimuth_test/comprehensive_test_suite.mbt:38:3-38:70 [E4080] This function has type (Int, Int) -> Unit, which requires 2 arguments, but is given 3 arguments.
azimuth_test/comprehensive_test_suite.mbt:38:70-38:71 [E3002] Parse error, unexpected token `)`, you may expect `;` or `}`.
azimuth_test/comprehensive_test_suite.mbt:39:31-39:38 [E3002] Expected upper case identifier for type name, found lower case identifier.
azimuth_test/comprehensive_test_suite.mbt:39:40-39:48 [E3002] Parse error, unexpected token package name, you may expect method name, constructor name, "[" or "{".
azimuth_test/comprehensive_test_suite.mbt:39:3-39:65 [E4080] This function has type (Int, Int) -> Unit, which requires 2 arguments, but is given 3 arguments.
azimuth_test/comprehensive_test_suite.mbt:39:65-39:66 [E3002] Parse error, unexpected token `)`, you may expect `;` or `}`.
azimuth_test/comprehensive_test_suite.mbt:40:31-40:38 [E3002] Expected upper case identifier for type name, found lower case identifier.
azimuth_test/comprehensive_test_suite.mbt:40:40-40:48 [E3002] Parse error, unexpected token package name, you may expect method name, constructor name, "[" or "{".
azimuth_test/comprehensive_test_suite.mbt:40:3-40:70 [E4080] This function has type (Int, Int) -> Unit, which requires 2 arguments, but is given 3 arguments.
azimuth_test/comprehensive_test_suite.mbt:40:70-40:71 [E3002] Parse error, unexpected token `)`, you may expect `;` or `}`.
azimuth_test/comprehensive_test_suite.mbt:43:25-43:32 [E3002] Expected upper case identifier for type name, found lower case identifier.
azimuth_test/comprehensive_test_suite.mbt:43:34-43:42 [E3002] Parse error, unexpected token package name, you may expect method name, constructor name, "[" or "{".
azimuth_test/comprehensive_test_suite.mbt:43:3-43:63 [E4080] This function has type (Int, Int) -> Unit, which requires 2 arguments, but is given 3 arguments.
azimuth_test/comprehensive_test_suite.mbt:43:63-43:64 [E3002] Parse error, unexpected token `)`, you may expect `;` or `}`.
azimuth_test/comprehensive_test_suite.mbt:44:25-44:32 [E3002] Expected upper case identifier for type name, found lower case identifier.
azimuth_test/comprehensive_test_suite.mbt:44:34-44:42 [E3002] Parse error, unexpected token package name, you may expect method name, constructor name, "[" or "{".
azimuth_test/comprehensive_test_suite.mbt:44:3-44:63 [E4080] This function has type (Int, Int) -> Unit, which requires 2 arguments, but is given 3 arguments.
azimuth_test/comprehensive_test_suite.mbt:44:63-44:64 [E3002] Parse error, unexpected token `)`, you may expect `;` or `}`.
azimuth_test/comprehensive_test_suite.mbt:45:31-45:38 [E3002] Expected upper case identifier for type name, found lower case identifier.
azimuth_test/comprehensive_test_suite.mbt:45:40-45:48 [E3002] Parse error, unexpected token package name, you may expect method name, constructor name, "[" or "{".
azimuth_test/comprehensive_test_suite.mbt:45:3-45:69 [E4080] This function has type (Int, Int) -> Unit, which requires 2 arguments, but is given 3 arguments.
azimuth_test/comprehensive_test_suite.mbt:45:69-45:70 [E3002] Parse error, unexpected token `)`, you may expect `;` or `}`.
azimuth_test/comprehensive_test_suite.mbt:46:31-46:38 [E3002] Expected upper case identifier for type name, found lower case identifier.
azimuth_test/comprehensive_test_suite.mbt:46:40-46:48 [E3002] Parse error, unexpected token package name, you may expect method name, constructor name, "[" or "{".
azimuth_test/comprehensive_test_suite.mbt:46:3-46:69 [E4080] This function has type (Int, Int) -> Unit, which requires 2 arguments, but is given 3 arguments.
azimuth_test/comprehensive_test_suite.mbt:46:69-46:70 [E3002] Parse error, unexpected token `)`, you may expect `;` or `}`.
azimuth_test/comprehensive_test_suite.mbt:47:31-47:38 [E3002] Expected upper case identifier for type name, found lower case identifier.
azimuth_test/comprehensive_test_suite.mbt:47:40-47:48 [E3002] Parse error, unexpected token package name, you may expect method name, constructor name, "[" or "{".
azimuth_test/comprehensive_test_suite.mbt:47:3-47:70 [E4080] This function has type (Int, Int) -> Unit, which requires 2 arguments, but is given 3 arguments.
azimuth_test/comprehensive_test_suite.mbt:47:70-47:71 [E3002] Parse error, unexpected token `)`, you may expect `;` or `}`.
azimuth_test/comprehensive_test_suite.mbt:48:31-48:38 [E3002] Expected upper case identifier for type name, found lower case identifier.
azimuth_test/comprehensive_test_suite.mbt:48:40-48:48 [E3002] Parse error, unexpected token package name, you may expect method name, constructor name, "[" or "{".
azimuth_test/comprehensive_test_suite.mbt:48:3-48:70 [E4080] This function has type (Int, Int) -> Unit, which requires 2 arguments, but is given 3 arguments.
azimuth_test/comprehensive_test_suite.mbt:48:70-48:71 [E3002] Parse error, unexpected token `)`, you may expect `;` or `}`.
azimuth_test/comprehensive_test_suite.mbt:51:34-51:41 [E3002] Expected upper case identifier for type name, found lower case identifier.
azimuth_test/comprehensive_test_suite.mbt:51:43-51:51 [E3002] Parse error, unexpected token package name, you may expect method name, constructor name, "[" or "{".
azimuth_test/comprehensive_test_suite.mbt:51:3-51:68 [E4080] This function has type (Int, Int) -> Unit, which requires 2 arguments, but is given 3 arguments.
azimuth_test/comprehensive_test_suite.mbt:51:68-51:69 [E3002] Parse error, unexpected token `)`, you may expect `;` or `}`.
azimuth_test/comprehensive_test_suite.mbt:52:35-52:42 [E3002] Expected upper case identifier for type name, found lower case identifier.
azimuth_test/comprehensive_test_suite.mbt:52:44-52:52 [E3002] Parse error, unexpected token package name, you may expect method name, constructor name, "[" or "{".
azimuth_test/comprehensive_test_suite.mbt:52:3-52:68 [E4080] This function has type (Int, Int) -> Unit, which requires 2 arguments, but is given 3 arguments.
azimuth_test/comprehensive_test_suite.mbt:52:68-52:69 [E3002] Parse error, unexpected token `)`, you may expect `;` or `}`.
azimuth_test/comprehensive_test_suite.mbt:53:34-53:41 [E3002] Expected upper case identifier for type name, found lower case identifier.
azimuth_test/comprehensive_test_suite.mbt:53:43-53:51 [E3002] Parse error, unexpected token package name, you may expect method name, constructor name, "[" or "{".
azimuth_test/comprehensive_test_suite.mbt:53:3-53:75 [E4080] This function has type (Int, Int) -> Unit, which requires 2 arguments, but is given 3 arguments.
azimuth_test/comprehensive_test_suite.mbt:53:75-53:76 [E3002] Parse error, unexpected token `)`, you may expect `;` or `}`.
azimuth_test/comprehensive_test_suite.mbt:59:46-59:53 [E3002] Expected upper case identifier for type name, found lower case identifier.
azimuth_test/comprehensive_test_suite.mbt:59:55-59:63 [E3002] Parse error, unexpected token package name, you may expect method name, constructor name, "[" or "{".
azimuth_test/comprehensive_test_suite.mbt:59:78-59:79 [E3002] Parse error, unexpected token `)`, you may expect `;` or `}`.
azimuth_test/comprehensive_test_suite.mbt:60:41-60:48 [E3002] Expected upper case identifier for type name, found lower case identifier.
azimuth_test/comprehensive_test_suite.mbt:60:50-60:58 [E3002] Parse error, unexpected token package name, you may expect method name, constructor name, "[" or "{".
azimuth_test/comprehensive_test_suite.mbt:60:68-60:69 [E3002] Parse error, unexpected token `)`, you may expect `;` or `}`.
azimuth_test/comprehensive_test_suite.mbt:63:50-63:57 [E3002] Expected upper case identifier for type name, found lower case identifier.
azimuth_test/comprehensive_test_suite.mbt:63:59-63:67 [E3002] Parse error, unexpected token package name, you may expect method name, constructor name, "[" or "{".
azimuth_test/comprehensive_test_suite.mbt:63:86-63:87 [E3002] Parse error, unexpected token `)`, you may expect `;` or `}`.
azimuth_test/comprehensive_test_suite.mbt:64:51-64:58 [E3002] Expected upper case identifier for type name, found lower case identifier.
azimuth_test/comprehensive_test_suite.mbt:64:60-64:68 [E3002] Parse error, unexpected token package name, you may expect method name, constructor name, "[" or "{".
azimuth_test/comprehensive_test_suite.mbt:64:88-64:89 [E3002] Parse error, unexpected token `)`, you may expect `;` or `}`.
azimuth_test/comprehensive_test_suite.mbt:65:49-65:56 [E3002] Expected upper case identifier for type name, found lower case identifier.
azimuth_test/comprehensive_test_suite.mbt:65:58-65:66 [E3002] Parse error, unexpected token package name, you may expect method name, constructor name, "[" or "{".
azimuth_test/comprehensive_test_suite.mbt:65:84-65:85 [E3002] Parse error, unexpected token `)`, you may expect `;` or `}`.
azimuth_test/comprehensive_test_suite.mbt:68:43-68:50 [E3002] Expected upper case identifier for type name, found lower case identifier.
azimuth_test/comprehensive_test_suite.mbt:68:52-68:60 [E3002] Parse error, unexpected token package name, you may expect method name, constructor name, "[" or "{".
azimuth_test/comprehensive_test_suite.mbt:68:72-68:73 [E3002] Parse error, unexpected token `)`, you may expect `;` or `}`.
azimuth_test/comprehensive_test_suite.mbt:69:42-69:49 [E3002] Expected upper case identifier for type name, found lower case identifier.
azimuth_test/comprehensive_test_suite.mbt:69:51-69:59 [E3002] Parse error, unexpected token package name, you may expect method name, constructor name, "[" or "{".
azimuth_test/comprehensive_test_suite.mbt:69:70-69:71 [E3002] Parse error, unexpected token `)`, you may expect `;` or `}`.
azimuth_test/comprehensive_test_suite.mbt:70:47-70:54 [E3002] Expected upper case identifier for type name, found lower case identifier.
azimuth_test/comprehensive_test_suite.mbt:70:56-70:64 [E3002] Parse error, unexpected token package name, you may expect method name, constructor name, "[" or "{".
azimuth_test/comprehensive_test_suite.mbt:70:80-70:81 [E3002] Parse error, unexpected token `)`, you may expect `;` or `}`.
azimuth_test/comprehensive_test_suite.mbt:73:46-73:53 [E3002] Expected upper case identifier for type name, found lower case identifier.
azimuth_test/comprehensive_test_suite.mbt:73:55-73:63 [E3002] Parse error, unexpected token package name, you may expect method name, constructor name, "[" or "{".
azimuth_test/comprehensive_test_suite.mbt:73:78-73:79 [E3002] Parse error, unexpected token `)`, you may expect `;` or `}`.
azimuth_test/comprehensive_test_suite.mbt:74:53-74:60 [E3002] Expected upper case identifier for type name, found lower case identifier.
azimuth_test/comprehensive_test_suite.mbt:74:62-74:70 [E3002] Parse error, unexpected token package name, you may expect method name, constructor name, "[" or "{".
azimuth_test/comprehensive_test_suite.mbt:74:92-74:93 [E3002] Parse error, unexpected token `)`, you may expect `;` or `}`.
azimuth_test/comprehensive_test_suite.mbt:75:54-75:61 [E3002] Expected upper case identifier for type name, found lower case identifier.
azimuth_test/comprehensive_test_suite.mbt:75:63-75:71 [E3002] Parse error, unexpected token package name, you may expect method name, constructor name, "[" or "{".
azimuth_test/comprehensive_test_suite.mbt:75:94-75:95 [E3002] Parse error, unexpected token `)`, you may expect `;` or `}`.
azimuth_test/comprehensive_test_suite.mbt:79:60-79:67 [E3002] Expected upper case identifier for type name, found lower case identifier.
azimuth_test/comprehensive_test_suite.mbt:79:69-79:77 [E3002] Parse error, unexpected token package name, you may expect method name, constructor name, "[" or "{".
azimuth_test/comprehensive_test_suite.mbt:79:96-79:97 [E3002] Parse error, unexpected token `)`, you may expect `;` or `}`.
azimuth_test/comprehensive_test_suite.mbt:85:7-85:8 [E0002] Warning (unused_value): Unused variable 'a'
azimuth_test/comprehensive_test_suite.mbt:86:7-86:8 [E0002] Warning (unused_value): Unused variable 'b'
azimuth_test/comprehensive_test_suite.mbt:87:7-87:10 [E0002] Warning (unused_value): Unused variable 'sum'
azimuth_test/comprehensive_test_suite.mbt:87:13-87:20 [E3002] Expected upper case identifier for type name, found lower case identifier.
azimuth_test/comprehensive_test_suite.mbt:87:22-87:30 [E3002] Parse error, unexpected token package name, you may expect method name, constructor name, "[" or "{".
azimuth_test/comprehensive_test_suite.mbt:88:7-88:11 [E0002] Warning (unused_value): Unused variable 'diff'
azimuth_test/comprehensive_test_suite.mbt:88:14-88:21 [E3002] Expected upper case identifier for type name, found lower case identifier.
azimuth_test/comprehensive_test_suite.mbt:88:23-88:31 [E3002] Parse error, unexpected token package name, you may expect method name, constructor name, "[" or "{".
azimuth_test/comprehensive_test_suite.mbt:89:19-89:26 [E3002] Expected upper case identifier for type name, found lower case identifier.
azimuth_test/comprehensive_test_suite.mbt:89:28-89:36 [E3002] Parse error, unexpected token package name, you may expect method name, constructor name, "[" or "{".
azimuth_test/comprehensive_test_suite.mbt:91:7-91:16 [E0002] Warning (unused_value): Unused variable 'a_squared'
azimuth_test/comprehensive_test_suite.mbt:91:19-91:26 [E3002] Expected upper case identifier for type name, found lower case identifier.
azimuth_test/comprehensive_test_suite.mbt:91:28-91:36 [E3002] Parse error, unexpected token package name, you may expect method name, constructor name, "[" or "{".
azimuth_test/comprehensive_test_suite.mbt:92:7-92:16 [E0002] Warning (unused_value): Unused variable 'b_squared'
azimuth_test/comprehensive_test_suite.mbt:92:19-92:26 [E3002] Expected upper case identifier for type name, found lower case identifier.
azimuth_test/comprehensive_test_suite.mbt:92:28-92:36 [E3002] Parse error, unexpected token package name, you may expect method name, constructor name, "[" or "{".
azimuth_test/comprehensive_test_suite.mbt:93:20-93:27 [E3002] Expected upper case identifier for type name, found lower case identifier.
azimuth_test/comprehensive_test_suite.mbt:93:29-93:37 [E3002] Parse error, unexpected token package name, you may expect method name, constructor name, "[" or "{".
azimuth_test/comprehensive_test_suite.mbt:99:7-99:8 [E0002] Warning (unused_value): Unused variable 'n'
azimuth_test/comprehensive_test_suite.mbt:100:7-100:12 [E0002] Warning (unused_value): Unused variable 'first'
azimuth_test/comprehensive_test_suite.mbt:101:7-101:11 [E0002] Warning (unused_value): Unused variable 'last'
azimuth_test/comprehensive_test_suite.mbt:102:24-102:31 [E3002] Expected upper case identifier for type name, found lower case identifier.
azimuth_test/comprehensive_test_suite.mbt:102:33-102:41 [E3002] Parse error, unexpected token package name, you may expect method name, constructor name, "[" or "{".
azimuth_test/comprehensive_test_suite.mbt:106:7-106:14 [E0002] Warning (unused_value): Unused variable 'a_cubed'
azimuth_test/comprehensive_test_suite.mbt:106:17-106:24 [E3002] Expected upper case identifier for type name, found lower case identifier.
azimuth_test/comprehensive_test_suite.mbt:106:26-106:34 [E3002] Parse error, unexpected token package name, you may expect method name, constructor name, "[" or "{".
azimuth_test/comprehensive_test_suite.mbt:107:7-107:14 [E0002] Warning (unused_value): Unused variable 'b_cubed'
azimuth_test/comprehensive_test_suite.mbt:107:17-107:24 [E3002] Expected upper case identifier for type name, found lower case identifier.
azimuth_test/comprehensive_test_suite.mbt:107:26-107:34 [E3002] Parse error, unexpected token package name, you may expect method name, constructor name, "[" or "{".
azimuth_test/comprehensive_test_suite.mbt:108:22-108:29 [E3002] Expected upper case identifier for type name, found lower case identifier.
azimuth_test/comprehensive_test_suite.mbt:108:31-108:39 [E3002] Parse error, unexpected token package name, you may expect method name, constructor name, "[" or "{".
azimuth_test/comprehensive_test_suite.mbt:115:7-115:16 [E0002] Warning (unused_value): Unused variable 'principal'
azimuth_test/comprehensive_test_suite.mbt:116:7-116:19 [E0002] Warning (unused_value): Unused variable 'rate_percent'
azimuth_test/comprehensive_test_suite.mbt:117:7-117:12 [E0002] Warning (unused_value): Unused variable 'years'
azimuth_test/comprehensive_test_suite.mbt:119:7-119:15 [E0002] Warning (unused_value): Unused variable 'interest'
azimuth_test/comprehensive_test_suite.mbt:119:18-119:25 [E3002] Expected upper case identifier for type name, found lower case identifier.
azimuth_test/comprehensive_test_suite.mbt:119:27-119:35 [E3002] Parse error, unexpected token package name, you may expect method name, constructor name, "[" or "{".
azimuth_test/comprehensive_test_suite.mbt:120:15-120:22 [E3002] Expected upper case identifier for type name, found lower case identifier.
azimuth_test/comprehensive_test_suite.mbt:120:24-120:32 [E3002] Parse error, unexpected token package name, you may expect method name, constructor name, "[" or "{".
azimuth_test/comprehensive_test_suite.mbt:124:7-124:21 [E0002] Warning (unused_value): Unused variable 'original_price'
azimuth_test/comprehensive_test_suite.mbt:125:7-125:23 [E0002] Warning (unused_value): Unused variable 'discount_percent'
azimuth_test/comprehensive_test_suite.mbt:126:7-126:18 [E0002] Warning (unused_value): Unused variable 'tax_percent'
azimuth_test/comprehensive_test_suite.mbt:127:7-127:22 [E0002] Warning (unused_value): Unused variable 'discount_amount'
azimuth_test/comprehensive_test_suite.mbt:127:25-127:32 [E3002] Expected upper case identifier for type name, found lower case identifier.
azimuth_test/comprehensive_test_suite.mbt:127:34-127:42 [E3002] Parse error, unexpected token package name, you may expect method name, constructor name, "[" or "{".
azimuth_test/comprehensive_test_suite.mbt:128:7-128:23 [E0002] Warning (unused_value): Unused variable 'discounted_price'
azimuth_test/comprehensive_test_suite.mbt:128:26-128:33 [E3002] Expected upper case identifier for type name, found lower case identifier.
azimuth_test/comprehensive_test_suite.mbt:128:35-128:43 [E3002] Parse error, unexpected token package name, you may expect method name, constructor name, "[" or "{".
azimuth_test/comprehensive_test_suite.mbt:129:7-129:17 [E0002] Warning (unused_value): Unused variable 'tax_amount'
azimuth_test/comprehensive_test_suite.mbt:129:20-129:27 [E3002] Expected upper case identifier for type name, found lower case identifier.
azimuth_test/comprehensive_test_suite.mbt:129:29-129:37 [E3002] Parse error, unexpected token package name, you may expect method name, constructor name, "[" or "{".
azimuth_test/comprehensive_test_suite.mbt:130:21-130:28 [E3002] Expected upper case identifier for type name, found lower case identifier.
azimuth_test/comprehensive_test_suite.mbt:130:30-130:38 [E3002] Parse error, unexpected token package name, you may expect method name, constructor name, "[" or "{".
azimuth_test/comprehensive_test_suite.mbt:137:23-137:30 [E3002] Expected upper case identifier for type name, found lower case identifier.
azimuth_test/comprehensive_test_suite.mbt:137:32-137:40 [E3002] Parse error, unexpected token package name, you may expect method name, constructor name, "[" or "{".
azimuth_test/comprehensive_test_suite.mbt:145:7-145:13 [E0002] Warning (unused_value): Unused variable 'radius'
azimuth_test/comprehensive_test_suite.mbt:146:23-146:30 [E3002] Expected upper case identifier for type name, found lower case identifier.
azimuth_test/comprehensive_test_suite.mbt:146:32-146:40 [E3002] Parse error, unexpected token package name, you may expect method name, constructor name, "[" or "{".
azimuth_test/comprehensive_test_suite.mbt:147:14-147:21 [E3002] Expected upper case identifier for type name, found lower case identifier.
azimuth_test/comprehensive_test_suite.mbt:147:23-147:31 [E3002] Parse error, unexpected token package name, you may expect method name, constructor name, "[" or "{".
azimuth_test/comprehensive_test_suite.mbt:152:7-152:13 [E0002] Warning (unused_value): Unused variable 'length'
azimuth_test/comprehensive_test_suite.mbt:153:7-153:12 [E0002] Warning (unused_value): Unused variable 'width'
azimuth_test/comprehensive_test_suite.mbt:154:24-154:31 [E3002] Expected upper case identifier for type name, found lower case identifier.
azimuth_test/comprehensive_test_suite.mbt:154:33-154:41 [E3002] Parse error, unexpected token package name, you may expect method name, constructor name, "[" or "{".
azimuth_test/comprehensive_test_suite.mbt:155:29-155:36 [E3002] Expected upper case identifier for type name, found lower case identifier.
azimuth_test/comprehensive_test_suite.mbt:155:38-155:46 [E3002] Parse error, unexpected token package name, you may expect method name, constructor name, "[" or "{".
azimuth_test/comprehensive_test_suite.mbt:157:7-157:11 [E0002] Warning (unused_value): Unused variable 'base'
azimuth_test/comprehensive_test_suite.mbt:158:7-158:13 [E0002] Warning (unused_value): Unused variable 'height'
azimuth_test/comprehensive_test_suite.mbt:159:23-159:30 [E3002] Expected upper case identifier for type name, found lower case identifier.
azimuth_test/comprehensive_test_suite.mbt:159:32-159:40 [E3002] Parse error, unexpected token package name, you may expect method name, constructor name, "[" or "{".
azimuth_test/comprehensive_test_suite.mbt:166:7-166:12 [E0002] Warning (unused_value): Unused variable 'speed'
azimuth_test/comprehensive_test_suite.mbt:167:7-167:19 [E0002] Warning (unused_value): Unused variable 'time_minutes'
azimuth_test/comprehensive_test_suite.mbt:168:18-168:25 [E3002] Expected upper case identifier for type name, found lower case identifier.
azimuth_test/comprehensive_test_suite.mbt:168:27-168:35 [E3002] Parse error, unexpected token package name, you may expect method name, constructor name, "[" or "{".
azimuth_test/comprehensive_test_suite.mbt:175:7-175:8 [E0002] Warning (unused_value): Unused variable 'n'
azimuth_test/comprehensive_test_suite.mbt:176:19-176:26 [E3002] Expected upper case identifier for type name, found lower case identifier.
azimuth_test/comprehensive_test_suite.mbt:176:28-176:36 [E3002] Parse error, unexpected token package name, you may expect method name, constructor name, "[" or "{".
azimuth_test/comprehensive_test_suite.mbt:192:24-192:31 [E3002] Expected upper case identifier for type name, found lower case identifier.
azimuth_test/comprehensive_test_suite.mbt:192:33-192:41 [E3002] Parse error, unexpected token package name, you may expect method name, constructor name, "[" or "{".
azimuth_test/comprehensive_test_suite.mbt:211:23-211:30 [E3002] Expected upper case identifier for type name, found lower case identifier.
azimuth_test/comprehensive_test_suite.mbt:211:32-211:40 [E3002] Parse error, unexpected token package name, you may expect method name, constructor name, "[" or "{".
azimuth_test/comprehensive_test_suite.mbt:230:22-230:29 [E3002] Expected upper case identifier for type name, found lower case identifier.
azimuth_test/comprehensive_test_suite.mbt:230:31-230:39 [E3002] Parse error, unexpected token package name, you may expect method name, constructor name, "[" or "{".
azimuth_test/comprehensive_test_suite.mbt:230:3-230:61 [E4080] This function has type (Int, Int) -> Unit, which requires 2 arguments, but is given 3 arguments.
azimuth_test/comprehensive_test_suite.mbt:230:3-230:72 [E4139] This expression has type Bool, its value cannot be implicitly ignored (hint: use `ignore(...)` or `let _ = ...` to explicitly ignore it).
azimuth_test/comprehensive_test_suite.mbt:230:65-230:72 [E4014] Expr Type Mismatch
        has type : Int
        wanted   : Unit
azimuth_test/comprehensive_test_suite.mbt:230:72-230:73 [E3002] Parse error, unexpected token `)`, you may expect `;` or `}`.
azimuth_test/comprehensive_test_suite.mbt:231:22-231:29 [E3002] Expected upper case identifier for type name, found lower case identifier.
azimuth_test/comprehensive_test_suite.mbt:231:31-231:39 [E3002] Parse error, unexpected token package name, you may expect method name, constructor name, "[" or "{".
azimuth_test/comprehensive_test_suite.mbt:231:3-231:67 [E4080] This function has type (Int, Int) -> Unit, which requires 2 arguments, but is given 3 arguments.
azimuth_test/comprehensive_test_suite.mbt:231:3-231:78 [E4139] This expression has type Bool, its value cannot be implicitly ignored (hint: use `ignore(...)` or `let _ = ...` to explicitly ignore it).
azimuth_test/comprehensive_test_suite.mbt:231:71-231:78 [E4014] Expr Type Mismatch
        has type : Int
        wanted   : Unit
azimuth_test/comprehensive_test_suite.mbt:231:78-231:79 [E3002] Parse error, unexpected token `)`, you may expect `;` or `}`.
azimuth_test/comprehensive_test_suite.mbt:232:22-232:29 [E3002] Expected upper case identifier for type name, found lower case identifier.
azimuth_test/comprehensive_test_suite.mbt:232:31-232:39 [E3002] Parse error, unexpected token package name, you may expect method name, constructor name, "[" or "{".
azimuth_test/comprehensive_test_suite.mbt:232:3-232:62 [E4080] This function has type (Int, Int) -> Unit, which requires 2 arguments, but is given 3 arguments.
azimuth_test/comprehensive_test_suite.mbt:232:3-232:73 [E4139] This expression has type Bool, its value cannot be implicitly ignored (hint: use `ignore(...)` or `let _ = ...` to explicitly ignore it).
azimuth_test/comprehensive_test_suite.mbt:232:66-232:73 [E4014] Expr Type Mismatch
        has type : Int
        wanted   : Unit
azimuth_test/comprehensive_test_suite.mbt:232:73-232:74 [E3002] Parse error, unexpected token `)`, you may expect `;` or `}`.
azimuth_test/comprehensive_test_suite.mbt:233:22-233:29 [E3002] Expected upper case identifier for type name, found lower case identifier.
azimuth_test/comprehensive_test_suite.mbt:233:31-233:39 [E3002] Parse error, unexpected token package name, you may expect method name, constructor name, "[" or "{".
azimuth_test/comprehensive_test_suite.mbt:233:3-233:67 [E4080] This function has type (Int, Int) -> Unit, which requires 2 arguments, but is given 3 arguments.
azimuth_test/comprehensive_test_suite.mbt:233:3-233:78 [E4139] This expression has type Bool, its value cannot be implicitly ignored (hint: use `ignore(...)` or `let _ = ...` to explicitly ignore it).
azimuth_test/comprehensive_test_suite.mbt:233:71-233:78 [E4014] Expr Type Mismatch
        has type : Int
        wanted   : Unit
azimuth_test/comprehensive_test_suite.mbt:233:78-233:79 [E3002] Parse error, unexpected token `)`, you may expect `;` or `}`.
azimuth_test/comprehensive_test_suite.mbt:235:22-235:29 [E3002] Expected upper case identifier for type name, found lower case identifier.
azimuth_test/comprehensive_test_suite.mbt:235:31-235:39 [E3002] Parse error, unexpected token package name, you may expect method name, constructor name, "[" or "{".
azimuth_test/comprehensive_test_suite.mbt:235:3-235:66 [E4080] This function has type (Int, Int) -> Unit, which requires 2 arguments, but is given 3 arguments.
azimuth_test/comprehensive_test_suite.mbt:235:3-235:77 [E4139] This expression has type Bool, its value cannot be implicitly ignored (hint: use `ignore(...)` or `let _ = ...` to explicitly ignore it).
azimuth_test/comprehensive_test_suite.mbt:235:70-235:77 [E4014] Expr Type Mismatch
        has type : Int
        wanted   : Unit
azimuth_test/comprehensive_test_suite.mbt:235:77-235:78 [E3002] Parse error, unexpected token `)`, you may expect `;` or `}`.
azimuth_test/comprehensive_test_suite.mbt:236:22-236:29 [E3002] Expected upper case identifier for type name, found lower case identifier.
azimuth_test/comprehensive_test_suite.mbt:236:31-236:39 [E3002] Parse error, unexpected token package name, you may expect method name, constructor name, "[" or "{".
azimuth_test/comprehensive_test_suite.mbt:236:3-236:66 [E4080] This function has type (Int, Int) -> Unit, which requires 2 arguments, but is given 3 arguments.
azimuth_test/comprehensive_test_suite.mbt:236:3-236:77 [E4139] This expression has type Bool, its value cannot be implicitly ignored (hint: use `ignore(...)` or `let _ = ...` to explicitly ignore it).
azimuth_test/comprehensive_test_suite.mbt:236:70-236:77 [E4014] Expr Type Mismatch
        has type : Int
        wanted   : Unit
azimuth_test/comprehensive_test_suite.mbt:236:77-236:78 [E3002] Parse error, unexpected token `)`, you may expect `;` or `}`.
azimuth_test/comprehensive_test_suite.mbt:237:22-237:29 [E3002] Expected upper case identifier for type name, found lower case identifier.
azimuth_test/comprehensive_test_suite.mbt:237:31-237:39 [E3002] Parse error, unexpected token package name, you may expect method name, constructor name, "[" or "{".
azimuth_test/comprehensive_test_suite.mbt:237:3-237:67 [E4080] This function has type (Int, Int) -> Unit, which requires 2 arguments, but is given 3 arguments.
azimuth_test/comprehensive_test_suite.mbt:237:3-237:78 [E4139] This expression has type Bool, its value cannot be implicitly ignored (hint: use `ignore(...)` or `let _ = ...` to explicitly ignore it).
azimuth_test/comprehensive_test_suite.mbt:237:71-237:78 [E4014] Expr Type Mismatch
        has type : Int
        wanted   : Unit
azimuth_test/comprehensive_test_suite.mbt:237:78-237:79 [E3002] Parse error, unexpected token `)`, you may expect `;` or `}`.
azimuth_test/comprehensive_test_suite.mbt:240:22-240:29 [E3002] Expected upper case identifier for type name, found lower case identifier.
azimuth_test/comprehensive_test_suite.mbt:240:31-240:39 [E3002] Parse error, unexpected token package name, you may expect method name, constructor name, "[" or "{".
azimuth_test/comprehensive_test_suite.mbt:240:3-240:66 [E4080] This function has type (Int, Int) -> Unit, which requires 2 arguments, but is given 3 arguments.
azimuth_test/comprehensive_test_suite.mbt:240:3-240:71 [E4139] This expression has type Bool, its value cannot be implicitly ignored (hint: use `ignore(...)` or `let _ = ...` to explicitly ignore it).
azimuth_test/comprehensive_test_suite.mbt:240:70-240:71 [E4014] Expr Type Mismatch
        has type : Int
        wanted   : Unit
azimuth_test/comprehensive_test_suite.mbt:240:71-240:72 [E3002] Parse error, unexpected token `)`, you may expect `;` or `}`.
azimuth_test/comprehensive_test_suite.mbt:241:22-241:29 [E3002] Expected upper case identifier for type name, found lower case identifier.
azimuth_test/comprehensive_test_suite.mbt:241:31-241:39 [E3002] Parse error, unexpected token package name, you may expect method name, constructor name, "[" or "{".
azimuth_test/comprehensive_test_suite.mbt:241:3-241:66 [E4080] This function has type (Int, Int) -> Unit, which requires 2 arguments, but is given 3 arguments.
azimuth_test/comprehensive_test_suite.mbt:241:3-241:71 [E4139] This expression has type Bool, its value cannot be implicitly ignored (hint: use `ignore(...)` or `let _ = ...` to explicitly ignore it).
azimuth_test/comprehensive_test_suite.mbt:241:70-241:71 [E4014] Expr Type Mismatch
        has type : Int
        wanted   : Unit
azimuth_test/comprehensive_test_suite.mbt:241:71-241:72 [E3002] Parse error, unexpected token `)`, you may expect `;` or `}`.
azimuth_test/comprehensive_test_suite.mbt:242:22-242:29 [E3002] Expected upper case identifier for type name, found lower case identifier.
azimuth_test/comprehensive_test_suite.mbt:242:31-242:39 [E3002] Parse error, unexpected token package name, you may expect method name, constructor name, "[" or "{".
azimuth_test/comprehensive_test_suite.mbt:242:3-242:66 [E4080] This function has type (Int, Int) -> Unit, which requires 2 arguments, but is given 3 arguments.
azimuth_test/comprehensive_test_suite.mbt:242:3-242:77 [E4139] This expression has type Bool, its value cannot be implicitly ignored (hint: use `ignore(...)` or `let _ = ...` to explicitly ignore it).
azimuth_test/comprehensive_test_suite.mbt:242:70-242:77 [E4014] Expr Type Mismatch
        has type : Int
        wanted   : Unit
azimuth_test/comprehensive_test_suite.mbt:242:77-242:78 [E3002] Parse error, unexpected token `)`, you may expect `;` or `}`.
azimuth_test/comprehensive_test_suite.mbt:243:22-243:29 [E3002] Expected upper case identifier for type name, found lower case identifier.
azimuth_test/comprehensive_test_suite.mbt:243:31-243:39 [E3002] Parse error, unexpected token package name, you may expect method name, constructor name, "[" or "{".
azimuth_test/comprehensive_test_suite.mbt:243:3-243:66 [E4080] This function has type (Int, Int) -> Unit, which requires 2 arguments, but is given 3 arguments.
azimuth_test/comprehensive_test_suite.mbt:243:3-243:77 [E4139] This expression has type Bool, its value cannot be implicitly ignored (hint: use `ignore(...)` or `let _ = ...` to explicitly ignore it).
azimuth_test/comprehensive_test_suite.mbt:243:70-243:77 [E4014] Expr Type Mismatch
        has type : Int
        wanted   : Unit
azimuth_test/comprehensive_test_suite.mbt:243:77-243:78 [E3002] Parse error, unexpected token `)`, you may expect `;` or `}`.
azimuth_test/comprehensive_test_suite.mbt:246:22-246:29 [E3002] Expected upper case identifier for type name, found lower case identifier.
azimuth_test/comprehensive_test_suite.mbt:246:31-246:39 [E3002] Parse error, unexpected token package name, you may expect method name, constructor name, "[" or "{".
azimuth_test/comprehensive_test_suite.mbt:246:50-246:54 [E4014] Expr Type Mismatch
        has type : Bool
        wanted   : Int
azimuth_test/comprehensive_test_suite.mbt:246:59-246:69 [E4014] Expr Type Mismatch
        has type : String
        wanted   : Unit
azimuth_test/comprehensive_test_suite.mbt:246:3-246:69 [E4139] This expression has type Bool, its value cannot be implicitly ignored (hint: use `ignore(...)` or `let _ = ...` to explicitly ignore it).
azimuth_test/comprehensive_test_suite.mbt:246:69-246:70 [E3002] Parse error, unexpected token `)`, you may expect `;` or `}`.
azimuth_test/comprehensive_test_suite.mbt:247:22-247:29 [E3002] Expected upper case identifier for type name, found lower case identifier.
azimuth_test/comprehensive_test_suite.mbt:247:31-247:39 [E3002] Parse error, unexpected token package name, you may expect method name, constructor name, "[" or "{".
azimuth_test/comprehensive_test_suite.mbt:247:51-247:55 [E4014] Expr Type Mismatch
        has type : Bool
        wanted   : Int
azimuth_test/comprehensive_test_suite.mbt:247:60-247:71 [E4014] Expr Type Mismatch
        has type : String
        wanted   : Unit
azimuth_test/comprehensive_test_suite.mbt:247:3-247:71 [E4139] This expression has type Bool, its value cannot be implicitly ignored (hint: use `ignore(...)` or `let _ = ...` to explicitly ignore it).
azimuth_test/comprehensive_test_suite.mbt:247:71-247:72 [E3002] Parse error, unexpected token `)`, you may expect `;` or `}`.
azimuth_test/comprehensive_test_suite.mbt:248:22-248:29 [E3002] Expected upper case identifier for type name, found lower case identifier.
azimuth_test/comprehensive_test_suite.mbt:248:31-248:39 [E3002] Parse error, unexpected token package name, you may expect method name, constructor name, "[" or "{".
azimuth_test/comprehensive_test_suite.mbt:248:52-248:56 [E4014] Expr Type Mismatch
        has type : Bool
        wanted   : Int
azimuth_test/comprehensive_test_suite.mbt:248:61-248:73 [E4014] Expr Type Mismatch
        has type : String
        wanted   : Unit
azimuth_test/comprehensive_test_suite.mbt:248:3-248:73 [E4139] This expression has type Bool, its value cannot be implicitly ignored (hint: use `ignore(...)` or `let _ = ...` to explicitly ignore it).
azimuth_test/comprehensive_test_suite.mbt:248:73-248:74 [E3002] Parse error, unexpected token `)`, you may expect `;` or `}`.
azimuth_test/comprehensive_test_suite.mbt:251:27-251:34 [E3002] Expected upper case identifier for type name, found lower case identifier.
azimuth_test/comprehensive_test_suite.mbt:251:36-251:44 [E3002] Parse error, unexpected token package name, you may expect method name, constructor name, "[" or "{".
azimuth_test/comprehensive_test_suite.mbt:251:3-251:56 [E4080] This function has type (Int, Int) -> Unit, which requires 2 arguments, but is given 3 arguments.
azimuth_test/comprehensive_test_suite.mbt:251:56-251:57 [E3002] Parse error, unexpected token `)`, you may expect `;` or `}`.
azimuth_test/comprehensive_test_suite.mbt:252:28-252:35 [E3002] Expected upper case identifier for type name, found lower case identifier.
azimuth_test/comprehensive_test_suite.mbt:252:37-252:45 [E3002] Parse error, unexpected token package name, you may expect method name, constructor name, "[" or "{".
azimuth_test/comprehensive_test_suite.mbt:252:3-252:63 [E4080] This function has type (Int, Int) -> Unit, which requires 2 arguments, but is given 3 arguments.
azimuth_test/comprehensive_test_suite.mbt:252:63-252:64 [E3002] Parse error, unexpected token `)`, you may expect `;` or `}`.
azimuth_test/comprehensive_test_suite.mbt:253:45-253:52 [E3002] Expected upper case identifier for type name, found lower case identifier.
azimuth_test/comprehensive_test_suite.mbt:253:54-253:62 [E3002] Parse error, unexpected token package name, you may expect method name, constructor name, "[" or "{".
azimuth_test/comprehensive_test_suite.mbt:253:76-253:77 [E3002] Parse error, unexpected token `)`, you may expect `;` or `}`.
azimuth_test/comprehensive_test_suite.mbt:259:7-259:17 [E0002] Warning (unused_value): Unused variable 'large_num1'
azimuth_test/comprehensive_test_suite.mbt:263:31-263:38 [E3002] Expected upper case identifier for type name, found lower case identifier.
azimuth_test/comprehensive_test_suite.mbt:263:40-263:48 [E3002] Parse error, unexpected token package name, you may expect method name, constructor name, "[" or "{".
azimuth_test/comprehensive_test_suite.mbt:263:3-263:76 [E4080] This function has type (Int, Int) -> Unit, which requires 2 arguments, but is given 3 arguments.
azimuth_test/comprehensive_test_suite.mbt:263:76-263:77 [E3002] Parse error, unexpected token `)`, you may expect `;` or `}`.
azimuth_test/comprehensive_test_suite.mbt:264:31-264:38 [E3002] Expected upper case identifier for type name, found lower case identifier.
azimuth_test/comprehensive_test_suite.mbt:264:40-264:48 [E3002] Parse error, unexpected token package name, you may expect method name, constructor name, "[" or "{".
azimuth_test/comprehensive_test_suite.mbt:264:65-264:72 [E3002] Expected upper case identifier for type name, found lower case identifier.
azimuth_test/comprehensive_test_suite.mbt:264:74-264:82 [E3002] Parse error, unexpected token package name, you may expect method name, constructor name, "[" or "{".
azimuth_test/comprehensive_test_suite.mbt:264:3-264:110 [E4080] This function has type (Int, Int) -> Unit, which requires 2 arguments, but is given 4 arguments.
azimuth_test/comprehensive_test_suite.mbt:264:110-264:111 [E3002] Parse error, unexpected token `)`, you may expect `;` or `}`.
azimuth_test/comprehensive_test_suite.mbt:267:24-267:31 [E3002] Expected upper case identifier for type name, found lower case identifier.
azimuth_test/comprehensive_test_suite.mbt:267:33-267:41 [E3002] Parse error, unexpected token package name, you may expect method name, constructor name, "[" or "{".
azimuth_test/comprehensive_test_suite.mbt:277:22-277:29 [E3002] Expected upper case identifier for type name, found lower case identifier.
azimuth_test/comprehensive_test_suite.mbt:277:31-277:39 [E3002] Parse error, unexpected token package name, you may expect method name, constructor name, "[" or "{".
azimuth_test/comprehensive_test_suite.mbt:291:46-291:53 [E3002] Expected upper case identifier for type name, found lower case identifier.
azimuth_test/comprehensive_test_suite.mbt:291:55-291:63 [E3002] Parse error, unexpected token package name, you may expect method name, constructor name, "[" or "{".
azimuth_test/comprehensive_test_suite.mbt:291:78-291:79 [E3002] Parse error, unexpected token `)`, you may expect `;` or `}`.
azimuth_test/comprehensive_test_suite.mbt:292:44-292:51 [E3002] Expected upper case identifier for type name, found lower case identifier.
azimuth_test/comprehensive_test_suite.mbt:292:53-292:61 [E3002] Parse error, unexpected token package name, you may expect method name, constructor name, "[" or "{".
azimuth_test/comprehensive_test_suite.mbt:292:74-292:75 [E3002] Parse error, unexpected token `)`, you may expect `;` or `}`.
azimuth_test/comprehensive_test_suite.mbt:293:48-293:55 [E3002] Expected upper case identifier for type name, found lower case identifier.
azimuth_test/comprehensive_test_suite.mbt:293:57-293:65 [E3002] Parse error, unexpected token package name, you may expect method name, constructor name, "[" or "{".
azimuth_test/comprehensive_test_suite.mbt:293:82-293:83 [E3002] Parse error, unexpected token `)`, you may expect `;` or `}`.
azimuth_test/comprehensive_test_suite.mbt:294:46-294:53 [E3002] Expected upper case identifier for type name, found lower case identifier.
azimuth_test/comprehensive_test_suite.mbt:294:55-294:63 [E3002] Parse error, unexpected token package name, you may expect method name, constructor name, "[" or "{".
azimuth_test/comprehensive_test_suite.mbt:294:78-294:79 [E3002] Parse error, unexpected token `)`, you may expect `;` or `}`.
azimuth_test/comprehensive_test_suite.mbt:295:44-295:51 [E3002] Expected upper case identifier for type name, found lower case identifier.
azimuth_test/comprehensive_test_suite.mbt:295:53-295:61 [E3002] Parse error, unexpected token package name, you may expect method name, constructor name, "[" or "{".
azimuth_test/comprehensive_test_suite.mbt:295:74-295:75 [E3002] Parse error, unexpected token `)`, you may expect `;` or `}`.
azimuth_test/comprehensive_test_suite.mbt:299:21-299:28 [E3002] Expected upper case identifier for type name, found lower case identifier.
azimuth_test/comprehensive_test_suite.mbt:299:30-299:38 [E3002] Parse error, unexpected token package name, you may expect method name, constructor name, "[" or "{".
azimuth_test/comprehensive_test_suite.mbt:300:21-300:28 [E3002] Expected upper case identifier for type name, found lower case identifier.
azimuth_test/comprehensive_test_suite.mbt:300:30-300:38 [E3002] Parse error, unexpected token package name, you may expect method name, constructor name, "[" or "{".
azimuth_test/comprehensive_test_suite.mbt:301:21-301:28 [E3002] Expected upper case identifier for type name, found lower case identifier.
azimuth_test/comprehensive_test_suite.mbt:301:30-301:38 [E3002] Parse error, unexpected token package name, you may expect method name, constructor name, "[" or "{".
azimuth_test/comprehensive_test_suite.mbt:302:21-302:28 [E3002] Expected upper case identifier for type name, found lower case identifier.
azimuth_test/comprehensive_test_suite.mbt:302:30-302:38 [E3002] Parse error, unexpected token package name, you may expect method name, constructor name, "[" or "{".
azimuth_test/comprehensive_test_suite.mbt:303:21-303:28 [E3002] Expected upper case identifier for type name, found lower case identifier.
azimuth_test/comprehensive_test_suite.mbt:303:30-303:38 [E3002] Parse error, unexpected token package name, you may expect method name, constructor name, "[" or "{".
Error: comprehensive_test_suite.mbt compilation failed
Checking comprehensive_test_cases.mbt...
azimuth_test/comprehensive_test_cases.mbt:5:7-5:8 [E0002] Warning (unused_value): Unused variable 'a'
azimuth_test/comprehensive_test_cases.mbt:6:7-6:8 [E0002] Warning (unused_value): Unused variable 'b'
azimuth_test/comprehensive_test_cases.mbt:7:7-7:8 [E0002] Warning (unused_value): Unused variable 'c'
azimuth_test/comprehensive_test_cases.mbt:8:7-8:8 [E0002] Warning (unused_value): Unused variable 'd'
azimuth_test/comprehensive_test_cases.mbt:9:7-9:8 [E0002] Warning (unused_value): Unused variable 'e'
azimuth_test/comprehensive_test_cases.mbt:10:7-10:8 [E0002] Warning (unused_value): Unused variable 'f'
azimuth_test/comprehensive_test_cases.mbt:12:7-12:13 [E0002] Warning (unused_value): Unused variable 'sum_ab'
azimuth_test/comprehensive_test_cases.mbt:12:24-12:25 [E3001] Lexing error: missing identifier after `.`
azimuth_test/comprehensive_test_cases.mbt:12:25-12:33 [E3002] Parse error, unexpected token package name, you may expect `;` or `}`.
azimuth_test/comprehensive_test_cases.mbt:13:7-13:14 [E0002] Warning (unused_value): Unused variable 'diff_cd'
azimuth_test/comprehensive_test_cases.mbt:13:25-13:26 [E3001] Lexing error: missing identifier after `.`
azimuth_test/comprehensive_test_cases.mbt:13:26-13:34 [E3002] Parse error, unexpected token package name, you may expect `;` or `}`.
azimuth_test/comprehensive_test_cases.mbt:14:7-14:17 [E0002] Warning (unused_value): Unused variable 'product_ef'
azimuth_test/comprehensive_test_cases.mbt:14:28-14:29 [E3001] Lexing error: missing identifier after `.`
azimuth_test/comprehensive_test_cases.mbt:14:29-14:37 [E3002] Parse error, unexpected token package name, you may expect `;` or `}`.
azimuth_test/comprehensive_test_cases.mbt:15:7-15:13 [E0002] Warning (unused_value): Unused variable 'result'
azimuth_test/comprehensive_test_cases.mbt:15:24-15:25 [E3001] Lexing error: missing identifier after `.`
azimuth_test/comprehensive_test_cases.mbt:15:25-15:33 [E3002] Parse error, unexpected token package name, you may expect `;` or `}`.
azimuth_test/comprehensive_test_cases.mbt:15:46-15:47 [E3001] Lexing error: missing identifier after `.`
azimuth_test/comprehensive_test_cases.mbt:17:11-17:12 [E3001] Lexing error: missing identifier after `.`
azimuth_test/comprehensive_test_cases.mbt:17:12-17:20 [E3002] Parse error, unexpected token package name, you may expect `;` or `}`.
azimuth_test/comprehensive_test_cases.mbt:22:11-22:12 [E3001] Lexing error: missing identifier after `.`
azimuth_test/comprehensive_test_cases.mbt:22:12-22:20 [E3002] Parse error, unexpected token package name, you may expect `;` or `}`.
azimuth_test/comprehensive_test_cases.mbt:22:67-22:68 [E3001] Lexing error: missing identifier after `.`
azimuth_test/comprehensive_test_cases.mbt:25:11-25:12 [E3001] Lexing error: missing identifier after `.`
azimuth_test/comprehensive_test_cases.mbt:25:12-25:20 [E3002] Parse error, unexpected token package name, you may expect `;` or `}`.
azimuth_test/comprehensive_test_cases.mbt:25:62-25:63 [E3001] Lexing error: missing identifier after `.`
azimuth_test/comprehensive_test_cases.mbt:28:11-28:12 [E3001] Lexing error: missing identifier after `.`
azimuth_test/comprehensive_test_cases.mbt:28:12-28:20 [E3002] Parse error, unexpected token package name, you may expect `;` or `}`.
azimuth_test/comprehensive_test_cases.mbt:28:66-28:67 [E3001] Lexing error: missing identifier after `.`
azimuth_test/comprehensive_test_cases.mbt:31:11-31:12 [E3001] Lexing error: missing identifier after `.`
azimuth_test/comprehensive_test_cases.mbt:31:12-31:20 [E3002] Parse error, unexpected token package name, you may expect `;` or `}`.
azimuth_test/comprehensive_test_cases.mbt:31:60-31:61 [E3001] Lexing error: missing identifier after `.`
azimuth_test/comprehensive_test_cases.mbt:35:7-35:14 [E0002] Warning (unused_value): Unused variable 'max_val'
azimuth_test/comprehensive_test_cases.mbt:36:7-36:14 [E0002] Warning (unused_value): Unused variable 'min_val'
azimuth_test/comprehensive_test_cases.mbt:39:11-39:12 [E3001] Lexing error: missing identifier after `.`
azimuth_test/comprehensive_test_cases.mbt:39:12-39:20 [E3002] Parse error, unexpected token package name, you may expect `;` or `}`.
azimuth_test/comprehensive_test_cases.mbt:39:43-39:44 [E3001] Lexing error: missing identifier after `.`
azimuth_test/comprehensive_test_cases.mbt:40:11-40:12 [E3001] Lexing error: missing identifier after `.`
azimuth_test/comprehensive_test_cases.mbt:40:12-40:20 [E3002] Parse error, unexpected token package name, you may expect `;` or `}`.
azimuth_test/comprehensive_test_cases.mbt:40:48-40:49 [E3001] Lexing error: missing identifier after `.`
azimuth_test/comprehensive_test_cases.mbt:43:11-43:12 [E3001] Lexing error: missing identifier after `.`
azimuth_test/comprehensive_test_cases.mbt:43:12-43:20 [E3002] Parse error, unexpected token package name, you may expect `;` or `}`.
azimuth_test/comprehensive_test_cases.mbt:43:48-43:49 [E3001] Lexing error: missing identifier after `.`
azimuth_test/comprehensive_test_cases.mbt:44:11-44:12 [E3001] Lexing error: missing identifier after `.`
azimuth_test/comprehensive_test_cases.mbt:44:12-44:20 [E3002] Parse error, unexpected token package name, you may expect `;` or `}`.
azimuth_test/comprehensive_test_cases.mbt:44:48-44:49 [E3001] Lexing error: missing identifier after `.`
azimuth_test/comprehensive_test_cases.mbt:47:11-47:12 [E3001] Lexing error: missing identifier after `.`
azimuth_test/comprehensive_test_cases.mbt:47:12-47:20 [E3002] Parse error, unexpected token package name, you may expect `;` or `}`.
azimuth_test/comprehensive_test_cases.mbt:47:48-47:49 [E3001] Lexing error: missing identifier after `.`
azimuth_test/comprehensive_test_cases.mbt:48:11-48:12 [E3001] Lexing error: missing identifier after `.`
azimuth_test/comprehensive_test_cases.mbt:48:12-48:20 [E3002] Parse error, unexpected token package name, you may expect `;` or `}`.
azimuth_test/comprehensive_test_cases.mbt:48:48-48:49 [E3001] Lexing error: missing identifier after `.`
azimuth_test/comprehensive_test_cases.mbt:53:7-53:18 [E0002] Warning (unused_value): Unused variable 'item1_price'
azimuth_test/comprehensive_test_cases.mbt:54:7-54:21 [E0002] Warning (unused_value): Unused variable 'item1_quantity'
azimuth_test/comprehensive_test_cases.mbt:55:7-55:18 [E0002] Warning (unused_value): Unused variable 'item2_price'
azimuth_test/comprehensive_test_cases.mbt:56:7-56:21 [E0002] Warning (unused_value): Unused variable 'item2_quantity'
azimuth_test/comprehensive_test_cases.mbt:59:7-59:13 [E0002] Warning (unused_value): Unused variable 'total1'
azimuth_test/comprehensive_test_cases.mbt:59:24-59:25 [E3001] Lexing error: missing identifier after `.`
azimuth_test/comprehensive_test_cases.mbt:59:25-59:33 [E3002] Parse error, unexpected token package name, you may expect `;` or `}`.
azimuth_test/comprehensive_test_cases.mbt:60:7-60:13 [E0002] Warning (unused_value): Unused variable 'total2'
azimuth_test/comprehensive_test_cases.mbt:60:24-60:25 [E3001] Lexing error: missing identifier after `.`
azimuth_test/comprehensive_test_cases.mbt:60:25-60:33 [E3002] Parse error, unexpected token package name, you may expect `;` or `}`.
azimuth_test/comprehensive_test_cases.mbt:63:7-63:18 [E0002] Warning (unused_value): Unused variable 'order_total'
azimuth_test/comprehensive_test_cases.mbt:63:29-63:30 [E3001] Lexing error: missing identifier after `.`
azimuth_test/comprehensive_test_cases.mbt:63:30-63:38 [E3002] Parse error, unexpected token package name, you may expect `;` or `}`.
azimuth_test/comprehensive_test_cases.mbt:66:7-66:10 [E0002] Warning (unused_value): Unused variable 'tax'
azimuth_test/comprehensive_test_cases.mbt:66:21-66:22 [E3001] Lexing error: missing identifier after `.`
azimuth_test/comprehensive_test_cases.mbt:66:22-66:30 [E3002] Parse error, unexpected token package name, you may expect `;` or `}`.
azimuth_test/comprehensive_test_cases.mbt:69:7-69:19 [E0002] Warning (unused_value): Unused variable 'final_amount'
azimuth_test/comprehensive_test_cases.mbt:69:30-69:31 [E3001] Lexing error: missing identifier after `.`
azimuth_test/comprehensive_test_cases.mbt:69:31-69:39 [E3002] Parse error, unexpected token package name, you may expect `;` or `}`.
azimuth_test/comprehensive_test_cases.mbt:71:11-71:12 [E3001] Lexing error: missing identifier after `.`
azimuth_test/comprehensive_test_cases.mbt:71:12-71:20 [E3002] Parse error, unexpected token package name, you may expect `;` or `}`.
azimuth_test/comprehensive_test_cases.mbt:76:7-76:13 [E0002] Warning (unused_value): Unused variable 'length'
azimuth_test/comprehensive_test_cases.mbt:77:7-77:12 [E0002] Warning (unused_value): Unused variable 'width'
azimuth_test/comprehensive_test_cases.mbt:79:7-79:11 [E0002] Warning (unused_value): Unused variable 'area'
azimuth_test/comprehensive_test_cases.mbt:79:22-79:23 [E3001] Lexing error: missing identifier after `.`
azimuth_test/comprehensive_test_cases.mbt:79:23-79:31 [E3002] Parse error, unexpected token package name, you may expect `;` or `}`.
azimuth_test/comprehensive_test_cases.mbt:80:7-80:16 [E0002] Warning (unused_value): Unused variable 'perimeter'
azimuth_test/comprehensive_test_cases.mbt:80:27-80:28 [E3001] Lexing error: missing identifier after `.`
azimuth_test/comprehensive_test_cases.mbt:80:28-80:36 [E3002] Parse error, unexpected token package name, you may expect `;` or `}`.
azimuth_test/comprehensive_test_cases.mbt:80:49-80:50 [E3001] Lexing error: missing identifier after `.`
azimuth_test/comprehensive_test_cases.mbt:80:88-80:89 [E3001] Lexing error: missing identifier after `.`
azimuth_test/comprehensive_test_cases.mbt:82:11-82:12 [E3001] Lexing error: missing identifier after `.`
azimuth_test/comprehensive_test_cases.mbt:82:12-82:20 [E3002] Parse error, unexpected token package name, you may expect `;` or `}`.
azimuth_test/comprehensive_test_cases.mbt:83:11-83:12 [E3001] Lexing error: missing identifier after `.`
azimuth_test/comprehensive_test_cases.mbt:83:12-83:20 [E3002] Parse error, unexpected token package name, you may expect `;` or `}`.
azimuth_test/comprehensive_test_cases.mbt:86:7-86:11 [E0002] Warning (unused_value): Unused variable 'base'
azimuth_test/comprehensive_test_cases.mbt:87:7-87:13 [E0002] Warning (unused_value): Unused variable 'height'
azimuth_test/comprehensive_test_cases.mbt:88:7-88:20 [E0002] Warning (unused_value): Unused variable 'triangle_area'
azimuth_test/comprehensive_test_cases.mbt:88:31-88:32 [E3001] Lexing error: missing identifier after `.`
azimuth_test/comprehensive_test_cases.mbt:88:32-88:40 [E3002] Parse error, unexpected token package name, you may expect `;` or `}`.
azimuth_test/comprehensive_test_cases.mbt:90:11-90:12 [E3001] Lexing error: missing identifier after `.`
azimuth_test/comprehensive_test_cases.mbt:90:12-90:20 [E3002] Parse error, unexpected token package name, you may expect `;` or `}`.
azimuth_test/comprehensive_test_cases.mbt:94:7-94:8 [E0002] Warning (unused_value): Unused variable 'a'
azimuth_test/comprehensive_test_cases.mbt:95:7-95:8 [E0002] Warning (unused_value): Unused variable 'b'
azimuth_test/comprehensive_test_cases.mbt:96:7-96:8 [E0002] Warning (unused_value): Unused variable 'c'
azimuth_test/comprehensive_test_cases.mbt:99:7-99:17 [E0002] Warning (unused_value): Unused variable 'left_assoc'
azimuth_test/comprehensive_test_cases.mbt:99:28-99:29 [E3001] Lexing error: missing identifier after `.`
azimuth_test/comprehensive_test_cases.mbt:99:29-99:37 [E3002] Parse error, unexpected token package name, you may expect `;` or `}`.
azimuth_test/comprehensive_test_cases.mbt:99:50-99:51 [E3001] Lexing error: missing identifier after `.`
azimuth_test/comprehensive_test_cases.mbt:100:7-100:18 [E0002] Warning (unused_value): Unused variable 'right_assoc'
azimuth_test/comprehensive_test_cases.mbt:100:29-100:30 [E3001] Lexing error: missing identifier after `.`
azimuth_test/comprehensive_test_cases.mbt:100:30-100:38 [E3002] Parse error, unexpected token package name, you may expect `;` or `}`.
azimuth_test/comprehensive_test_cases.mbt:100:54-100:55 [E3001] Lexing error: missing identifier after `.`
azimuth_test/comprehensive_test_cases.mbt:101:11-101:12 [E3001] Lexing error: missing identifier after `.`
azimuth_test/comprehensive_test_cases.mbt:101:12-101:20 [E3002] Parse error, unexpected token package name, you may expect `;` or `}`.
azimuth_test/comprehensive_test_cases.mbt:104:7-104:19 [E0002] Warning (unused_value): Unused variable 'distrib_left'
azimuth_test/comprehensive_test_cases.mbt:104:30-104:31 [E3001] Lexing error: missing identifier after `.`
azimuth_test/comprehensive_test_cases.mbt:104:31-104:39 [E3002] Parse error, unexpected token package name, you may expect `;` or `}`.
azimuth_test/comprehensive_test_cases.mbt:104:60-104:61 [E3001] Lexing error: missing identifier after `.`
azimuth_test/comprehensive_test_cases.mbt:105:7-105:20 [E0002] Warning (unused_value): Unused variable 'distrib_right'
azimuth_test/comprehensive_test_cases.mbt:105:31-105:32 [E3001] Lexing error: missing identifier after `.`
azimuth_test/comprehensive_test_cases.mbt:105:32-105:40 [E3002] Parse error, unexpected token package name, you may expect `;` or `}`.
azimuth_test/comprehensive_test_cases.mbt:105:53-105:54 [E3001] Lexing error: missing identifier after `.`
azimuth_test/comprehensive_test_cases.mbt:105:87-105:88 [E3001] Lexing error: missing identifier after `.`
azimuth_test/comprehensive_test_cases.mbt:106:11-106:12 [E3001] Lexing error: missing identifier after `.`
azimuth_test/comprehensive_test_cases.mbt:106:12-106:20 [E3002] Parse error, unexpected token package name, you may expect `;` or `}`.
azimuth_test/comprehensive_test_cases.mbt:109:11-109:12 [E3001] Lexing error: missing identifier after `.`
azimuth_test/comprehensive_test_cases.mbt:109:12-109:20 [E3002] Parse error, unexpected token package name, you may expect `;` or `}`.
azimuth_test/comprehensive_test_cases.mbt:109:39-109:40 [E3001] Lexing error: missing identifier after `.`
azimuth_test/comprehensive_test_cases.mbt:109:73-109:74 [E3001] Lexing error: missing identifier after `.`
azimuth_test/comprehensive_test_cases.mbt:114:7-114:11 [E0002] Warning (unused_value): Unused variable 'base'
azimuth_test/comprehensive_test_cases.mbt:115:7-115:13 [E0002] Warning (unused_value): Unused variable 'result'
azimuth_test/comprehensive_test_cases.mbt:115:24-115:25 [E3001] Lexing error: missing identifier after `.`
azimuth_test/comprehensive_test_cases.mbt:115:25-115:33 [E3002] Parse error, unexpected token package name, you may expect `;` or `}`.
azimuth_test/comprehensive_test_cases.mbt:115:51-115:52 [E3001] Lexing error: missing identifier after `.`
azimuth_test/comprehensive_test_cases.mbt:115:78-115:79 [E3001] Lexing error: missing identifier after `.`
azimuth_test/comprehensive_test_cases.mbt:116:11-116:12 [E3001] Lexing error: missing identifier after `.`
azimuth_test/comprehensive_test_cases.mbt:116:12-116:20 [E3002] Parse error, unexpected token package name, you may expect `;` or `}`.
azimuth_test/comprehensive_test_cases.mbt:119:7-119:17 [E0002] Warning (unused_value): Unused variable 'sum_result'
azimuth_test/comprehensive_test_cases.mbt:119:28-119:29 [E3001] Lexing error: missing identifier after `.`
azimuth_test/comprehensive_test_cases.mbt:119:29-119:37 [E3002] Parse error, unexpected token package name, you may expect `;` or `}`.
azimuth_test/comprehensive_test_cases.mbt:119:50-119:51 [E3001] Lexing error: missing identifier after `.`
azimuth_test/comprehensive_test_cases.mbt:119:72-119:73 [E3001] Lexing error: missing identifier after `.`
azimuth_test/comprehensive_test_cases.mbt:120:11-120:12 [E3001] Lexing error: missing identifier after `.`
azimuth_test/comprehensive_test_cases.mbt:120:12-120:20 [E3002] Parse error, unexpected token package name, you may expect `;` or `}`.
azimuth_test/comprehensive_test_cases.mbt:123:7-123:19 [E0002] Warning (unused_value): Unused variable 'mixed_result'
azimuth_test/comprehensive_test_cases.mbt:123:30-123:31 [E3001] Lexing error: missing identifier after `.`
azimuth_test/comprehensive_test_cases.mbt:123:31-123:39 [E3002] Parse error, unexpected token package name, you may expect `;` or `}`.
azimuth_test/comprehensive_test_cases.mbt:123:52-123:53 [E3001] Lexing error: missing identifier after `.`
azimuth_test/comprehensive_test_cases.mbt:123:87-123:88 [E3001] Lexing error: missing identifier after `.`
azimuth_test/comprehensive_test_cases.mbt:124:11-124:12 [E3001] Lexing error: missing identifier after `.`
azimuth_test/comprehensive_test_cases.mbt:124:12-124:20 [E3002] Parse error, unexpected token package name, you may expect `;` or `}`.
azimuth_test/comprehensive_test_cases.mbt:129:11-129:12 [E3001] Lexing error: missing identifier after `.`
azimuth_test/comprehensive_test_cases.mbt:129:12-129:20 [E3002] Parse error, unexpected token package name, you may expect `;` or `}`.
azimuth_test/comprehensive_test_cases.mbt:129:42-129:43 [E3001] Lexing error: missing identifier after `.`
azimuth_test/comprehensive_test_cases.mbt:130:11-130:12 [E3001] Lexing error: missing identifier after `.`
azimuth_test/comprehensive_test_cases.mbt:130:12-130:20 [E3002] Parse error, unexpected token package name, you may expect `;` or `}`.
azimuth_test/comprehensive_test_cases.mbt:130:42-130:43 [E3001] Lexing error: missing identifier after `.`
azimuth_test/comprehensive_test_cases.mbt:131:11-131:12 [E3001] Lexing error: missing identifier after `.`
azimuth_test/comprehensive_test_cases.mbt:131:12-131:20 [E3002] Parse error, unexpected token package name, you may expect `;` or `}`.
azimuth_test/comprehensive_test_cases.mbt:131:51-131:52 [E3001] Lexing error: missing identifier after `.`
azimuth_test/comprehensive_test_cases.mbt:132:11-132:12 [E3001] Lexing error: missing identifier after `.`
azimuth_test/comprehensive_test_cases.mbt:132:12-132:20 [E3002] Parse error, unexpected token package name, you may expect `;` or `}`.
azimuth_test/comprehensive_test_cases.mbt:132:52-132:53 [E3001] Lexing error: missing identifier after `.`
azimuth_test/comprehensive_test_cases.mbt:135:11-135:12 [E3001] Lexing error: missing identifier after `.`
azimuth_test/comprehensive_test_cases.mbt:135:12-135:20 [E3002] Parse error, unexpected token package name, you may expect `;` or `}`.
azimuth_test/comprehensive_test_cases.mbt:135:43-135:44 [E3001] Lexing error: missing identifier after `.`
azimuth_test/comprehensive_test_cases.mbt:136:11-136:12 [E3001] Lexing error: missing identifier after `.`
azimuth_test/comprehensive_test_cases.mbt:136:12-136:20 [E3002] Parse error, unexpected token package name, you may expect `;` or `}`.
azimuth_test/comprehensive_test_cases.mbt:136:43-136:44 [E3001] Lexing error: missing identifier after `.`
azimuth_test/comprehensive_test_cases.mbt:137:11-137:12 [E3001] Lexing error: missing identifier after `.`
azimuth_test/comprehensive_test_cases.mbt:137:12-137:20 [E3002] Parse error, unexpected token package name, you may expect `;` or `}`.
azimuth_test/comprehensive_test_cases.mbt:137:44-137:45 [E3001] Lexing error: missing identifier after `.`
azimuth_test/comprehensive_test_cases.mbt:138:11-138:12 [E3001] Lexing error: missing identifier after `.`
azimuth_test/comprehensive_test_cases.mbt:138:12-138:20 [E3002] Parse error, unexpected token package name, you may expect `;` or `}`.
azimuth_test/comprehensive_test_cases.mbt:138:44-138:45 [E3001] Lexing error: missing identifier after `.`
azimuth_test/comprehensive_test_cases.mbt:141:11-141:12 [E3001] Lexing error: missing identifier after `.`
azimuth_test/comprehensive_test_cases.mbt:141:12-141:20 [E3002] Parse error, unexpected token package name, you may expect `;` or `}`.
azimuth_test/comprehensive_test_cases.mbt:141:44-141:45 [E3001] Lexing error: missing identifier after `.`
azimuth_test/comprehensive_test_cases.mbt:142:11-142:12 [E3001] Lexing error: missing identifier after `.`
azimuth_test/comprehensive_test_cases.mbt:142:12-142:20 [E3002] Parse error, unexpected token package name, you may expect `;` or `}`.
azimuth_test/comprehensive_test_cases.mbt:142:43-142:44 [E3001] Lexing error: missing identifier after `.`
azimuth_test/comprehensive_test_cases.mbt:143:11-143:12 [E3001] Lexing error: missing identifier after `.`
azimuth_test/comprehensive_test_cases.mbt:143:12-143:20 [E3002] Parse error, unexpected token package name, you may expect `;` or `}`.
azimuth_test/comprehensive_test_cases.mbt:143:44-143:45 [E3001] Lexing error: missing identifier after `.`
azimuth_test/comprehensive_test_cases.mbt:144:11-144:12 [E3001] Lexing error: missing identifier after `.`
azimuth_test/comprehensive_test_cases.mbt:144:12-144:20 [E3002] Parse error, unexpected token package name, you may expect `;` or `}`.
azimuth_test/comprehensive_test_cases.mbt:144:43-144:44 [E3001] Lexing error: missing identifier after `.`
azimuth_test/comprehensive_test_cases.mbt:149:7-149:12 [E0002] Warning (unused_value): Unused variable 'hours'
azimuth_test/comprehensive_test_cases.mbt:150:7-150:14 [E0002] Warning (unused_value): Unused variable 'minutes'
azimuth_test/comprehensive_test_cases.mbt:151:7-151:14 [E0002] Warning (unused_value): Unused variable 'seconds'
azimuth_test/comprehensive_test_cases.mbt:153:7-153:20 [E0002] Warning (unused_value): Unused variable 'total_seconds'
azimuth_test/comprehensive_test_cases.mbt:153:31-153:32 [E3001] Lexing error: missing identifier after `.`
azimuth_test/comprehensive_test_cases.mbt:153:32-153:40 [E3002] Parse error, unexpected token package name, you may expect `;` or `}`.
azimuth_test/comprehensive_test_cases.mbt:153:53-153:54 [E3001] Lexing error: missing identifier after `.`
azimuth_test/comprehensive_test_cases.mbt:153:80-153:81 [E3001] Lexing error: missing identifier after `.`
azimuth_test/comprehensive_test_cases.mbt:154:44-154:45 [E3001] Lexing error: missing identifier after `.`
azimuth_test/comprehensive_test_cases.mbt:154:66-154:67 [E3001] Lexing error: missing identifier after `.`
azimuth_test/comprehensive_test_cases.mbt:156:11-156:12 [E3001] Lexing error: missing identifier after `.`
azimuth_test/comprehensive_test_cases.mbt:156:12-156:20 [E3002] Parse error, unexpected token package name, you may expect `;` or `}`.
azimuth_test/comprehensive_test_cases.mbt:159:7-159:17 [E0002] Warning (unused_value): Unused variable 'start_hour'
azimuth_test/comprehensive_test_cases.mbt:160:7-160:19 [E0002] Warning (unused_value): Unused variable 'start_minute'
azimuth_test/comprehensive_test_cases.mbt:161:7-161:15 [E0002] Warning (unused_value): Unused variable 'end_hour'
azimuth_test/comprehensive_test_cases.mbt:162:7-162:17 [E0002] Warning (unused_value): Unused variable 'end_minute'
azimuth_test/comprehensive_test_cases.mbt:164:7-164:18 [E0002] Warning (unused_value): Unused variable 'start_total'
azimuth_test/comprehensive_test_cases.mbt:164:29-164:30 [E3001] Lexing error: missing identifier after `.`
azimuth_test/comprehensive_test_cases.mbt:164:30-164:38 [E3002] Parse error, unexpected token package name, you may expect `;` or `}`.
azimuth_test/comprehensive_test_cases.mbt:164:51-164:52 [E3001] Lexing error: missing identifier after `.`
azimuth_test/comprehensive_test_cases.mbt:165:7-165:16 [E0002] Warning (unused_value): Unused variable 'end_total'
azimuth_test/comprehensive_test_cases.mbt:165:27-165:28 [E3001] Lexing error: missing identifier after `.`
azimuth_test/comprehensive_test_cases.mbt:165:28-165:36 [E3002] Parse error, unexpected token package name, you may expect `;` or `}`.
azimuth_test/comprehensive_test_cases.mbt:165:49-165:50 [E3001] Lexing error: missing identifier after `.`
azimuth_test/comprehensive_test_cases.mbt:166:7-166:15 [E0002] Warning (unused_value): Unused variable 'duration'
azimuth_test/comprehensive_test_cases.mbt:166:26-166:27 [E3001] Lexing error: missing identifier after `.`
azimuth_test/comprehensive_test_cases.mbt:166:27-166:35 [E3002] Parse error, unexpected token package name, you may expect `;` or `}`.
azimuth_test/comprehensive_test_cases.mbt:168:11-168:12 [E3001] Lexing error: missing identifier after `.`
azimuth_test/comprehensive_test_cases.mbt:168:12-168:20 [E3002] Parse error, unexpected token package name, you may expect `;` or `}`.
azimuth_test/comprehensive_test_cases.mbt:174:7-174:17 [E0002] Warning (unused_value): Unused variable 'item_price'
azimuth_test/comprehensive_test_cases.mbt:177:7-177:20 [E0002] Warning (unused_value): Unused variable 'discount_rate'
azimuth_test/comprehensive_test_cases.mbt:180:7-180:15 [E0002] Warning (unused_value): Unused variable 'subtotal'
azimuth_test/comprehensive_test_cases.mbt:180:26-180:27 [E3001] Lexing error: missing identifier after `.`
azimuth_test/comprehensive_test_cases.mbt:180:27-180:35 [E3002] Parse error, unexpected token package name, you may expect `;` or `}`.
azimuth_test/comprehensive_test_cases.mbt:183:7-183:22 [E0002] Warning (unused_value): Unused variable 'discount_amount'
azimuth_test/comprehensive_test_cases.mbt:184:13-184:14 [E3001] Lexing error: missing identifier after `.`
azimuth_test/comprehensive_test_cases.mbt:184:14-184:22 [E3002] Parse error, unexpected token package name, you may expect `;` or `}`.
azimuth_test/comprehensive_test_cases.mbt:190:29-190:30 [E3001] Lexing error: missing identifier after `.`
azimuth_test/comprehensive_test_cases.mbt:190:30-190:38 [E3002] Parse error, unexpected token package name, you may expect `;` or `}`.
azimuth_test/comprehensive_test_cases.mbt:193:7-193:20 [E0002] Warning (unused_value): Unused variable 'within_budget'
azimuth_test/comprehensive_test_cases.mbt:195:11-195:12 [E3001] Lexing error: missing identifier after `.`
azimuth_test/comprehensive_test_cases.mbt:195:12-195:20 [E3002] Parse error, unexpected token package name, you may expect `;` or `}`.
azimuth_test/comprehensive_test_cases.mbt:196:11-196:12 [E3001] Lexing error: missing identifier after `.`
azimuth_test/comprehensive_test_cases.mbt:196:12-196:20 [E3002] Parse error, unexpected token package name, you may expect `;` or `}`.
Error: comprehensive_test_cases.mbt compilation failed
Checking advanced_test_cases.mbt...
azimuth_test/advanced_test_cases.mbt:49:7-49:14 [E0002] Warning (unused_value): Unused variable 'min_val'
azimuth_test/advanced_test_cases.mbt:69:22-69:50 [E4080] This function has type (String) -> Int, which requires 1 arguments, but is given 2 arguments.
azimuth_test/advanced_test_cases.mbt:69:22-69:78 [E4014] Expr Type Mismatch
        has type : Bool
        wanted   : Int
azimuth_test/advanced_test_cases.mbt:69:3-69:79 [E4080] This function has type (Int, Int) -> Unit, which requires 2 arguments, but is given 1 arguments.
azimuth_test/advanced_test_cases.mbt:79:7-79:18 [E0002] Warning (unused_value): Unused variable 'test_values'
Error: advanced_test_cases.mbt compilation failed
Checking new_advanced_test_cases.mbt...
azimuth_test/new_advanced_test_cases.mbt:5:11-5:12 [E3001] Lexing error: missing identifier after `.`
azimuth_test/new_advanced_test_cases.mbt:5:12-5:20 [E3002] Parse error, unexpected token package name, you may expect `;` or `}`.
azimuth_test/new_advanced_test_cases.mbt:5:39-5:40 [E3001] Lexing error: missing identifier after `.`
azimuth_test/new_advanced_test_cases.mbt:5:70-5:71 [E3001] Lexing error: missing identifier after `.`
azimuth_test/new_advanced_test_cases.mbt:8:11-8:12 [E3001] Lexing error: missing identifier after `.`
azimuth_test/new_advanced_test_cases.mbt:8:12-8:20 [E3002] Parse error, unexpected token package name, you may expect `;` or `}`.
azimuth_test/new_advanced_test_cases.mbt:8:39-8:40 [E3001] Lexing error: missing identifier after `.`
azimuth_test/new_advanced_test_cases.mbt:8:71-8:72 [E3001] Lexing error: missing identifier after `.`
azimuth_test/new_advanced_test_cases.mbt:12:7-12:16 [E0002] Warning (unused_value): Unused variable 'left_side'
azimuth_test/new_advanced_test_cases.mbt:12:27-12:28 [E3001] Lexing error: missing identifier after `.`
azimuth_test/new_advanced_test_cases.mbt:12:28-12:36 [E3002] Parse error, unexpected token package name, you may expect `;` or `}`.
azimuth_test/new_advanced_test_cases.mbt:12:57-12:58 [E3001] Lexing error: missing identifier after `.`
azimuth_test/new_advanced_test_cases.mbt:13:7-13:17 [E0002] Warning (unused_value): Unused variable 'right_side'
azimuth_test/new_advanced_test_cases.mbt:13:28-13:29 [E3001] Lexing error: missing identifier after `.`
azimuth_test/new_advanced_test_cases.mbt:13:29-13:37 [E3002] Parse error, unexpected token package name, you may expect `;` or `}`.
azimuth_test/new_advanced_test_cases.mbt:13:50-13:51 [E3001] Lexing error: missing identifier after `.`
azimuth_test/new_advanced_test_cases.mbt:13:84-13:85 [E3001] Lexing error: missing identifier after `.`
azimuth_test/new_advanced_test_cases.mbt:14:11-14:12 [E3001] Lexing error: missing identifier after `.`
azimuth_test/new_advanced_test_cases.mbt:14:12-14:20 [E3002] Parse error, unexpected token package name, you may expect `;` or `}`.
azimuth_test/new_advanced_test_cases.mbt:18:7-18:14 [E0002] Warning (unused_value): Unused variable 'max_val'
azimuth_test/new_advanced_test_cases.mbt:19:7-19:14 [E0002] Warning (unused_value): Unused variable 'min_val'
azimuth_test/new_advanced_test_cases.mbt:22:11-22:12 [E3001] Lexing error: missing identifier after `.`
azimuth_test/new_advanced_test_cases.mbt:22:12-22:20 [E3002] Parse error, unexpected token package name, you may expect `;` or `}`.
azimuth_test/new_advanced_test_cases.mbt:22:43-22:44 [E3001] Lexing error: missing identifier after `.`
azimuth_test/new_advanced_test_cases.mbt:23:11-23:12 [E3001] Lexing error: missing identifier after `.`
azimuth_test/new_advanced_test_cases.mbt:23:12-23:20 [E3002] Parse error, unexpected token package name, you may expect `;` or `}`.
azimuth_test/new_advanced_test_cases.mbt:23:48-23:49 [E3001] Lexing error: missing identifier after `.`
azimuth_test/new_advanced_test_cases.mbt:24:11-24:12 [E3001] Lexing error: missing identifier after `.`
azimuth_test/new_advanced_test_cases.mbt:24:12-24:20 [E3002] Parse error, unexpected token package name, you may expect `;` or `}`.
azimuth_test/new_advanced_test_cases.mbt:24:48-24:49 [E3001] Lexing error: missing identifier after `.`
azimuth_test/new_advanced_test_cases.mbt:29:11-29:12 [E3001] Lexing error: missing identifier after `.`
azimuth_test/new_advanced_test_cases.mbt:29:12-29:20 [E3002] Parse error, unexpected token package name, you may expect `;` or `}`.
azimuth_test/new_advanced_test_cases.mbt:29:67-29:68 [E3001] Lexing error: missing identifier after `.`
azimuth_test/new_advanced_test_cases.mbt:30:11-30:12 [E3001] Lexing error: missing identifier after `.`
azimuth_test/new_advanced_test_cases.mbt:30:12-30:20 [E3002] Parse error, unexpected token package name, you may expect `;` or `}`.
azimuth_test/new_advanced_test_cases.mbt:30:60-30:61 [E3001] Lexing error: missing identifier after `.`
azimuth_test/new_advanced_test_cases.mbt:31:11-31:12 [E3001] Lexing error: missing identifier after `.`
azimuth_test/new_advanced_test_cases.mbt:31:12-31:20 [E3002] Parse error, unexpected token package name, you may expect `;` or `}`.
azimuth_test/new_advanced_test_cases.mbt:31:62-31:63 [E3001] Lexing error: missing identifier after `.`
azimuth_test/new_advanced_test_cases.mbt:36:7-36:15 [E0002] Warning (unused_value): Unused variable 'interest'
azimuth_test/new_advanced_test_cases.mbt:36:26-36:27 [E3001] Lexing error: missing identifier after `.`
azimuth_test/new_advanced_test_cases.mbt:36:27-36:35 [E3002] Parse error, unexpected token package name, you may expect `;` or `}`.
azimuth_test/new_advanced_test_cases.mbt:36:60-36:61 [E3001] Lexing error: missing identifier after `.`
azimuth_test/new_advanced_test_cases.mbt:37:7-37:12 [E0002] Warning (unused_value): Unused variable 'total'
azimuth_test/new_advanced_test_cases.mbt:37:23-37:24 [E3001] Lexing error: missing identifier after `.`
azimuth_test/new_advanced_test_cases.mbt:37:24-37:32 [E3002] Parse error, unexpected token package name, you may expect `;` or `}`.
azimuth_test/new_advanced_test_cases.mbt:40:11-40:12 [E3001] Lexing error: missing identifier after `.`
azimuth_test/new_advanced_test_cases.mbt:40:12-40:20 [E3002] Parse error, unexpected token package name, you may expect `;` or `}`.
azimuth_test/new_advanced_test_cases.mbt:44:7-44:11 [E0002] Warning (unused_value): Unused variable 'side'
azimuth_test/new_advanced_test_cases.mbt:47:7-47:13 [E0002] Warning (unused_value): Unused variable 'volume'
azimuth_test/new_advanced_test_cases.mbt:47:24-47:25 [E3001] Lexing error: missing identifier after `.`
azimuth_test/new_advanced_test_cases.mbt:47:25-47:33 [E3002] Parse error, unexpected token package name, you may expect `;` or `}`.
azimuth_test/new_advanced_test_cases.mbt:47:57-47:58 [E3001] Lexing error: missing identifier after `.`
azimuth_test/new_advanced_test_cases.mbt:48:11-48:12 [E3001] Lexing error: missing identifier after `.`
azimuth_test/new_advanced_test_cases.mbt:48:12-48:20 [E3002] Parse error, unexpected token package name, you may expect `;` or `}`.
azimuth_test/new_advanced_test_cases.mbt:51:7-51:19 [E0002] Warning (unused_value): Unused variable 'surface_area'
azimuth_test/new_advanced_test_cases.mbt:51:30-51:31 [E3001] Lexing error: missing identifier after `.`
azimuth_test/new_advanced_test_cases.mbt:51:31-51:39 [E3002] Parse error, unexpected token package name, you may expect `;` or `}`.
azimuth_test/new_advanced_test_cases.mbt:51:60-51:61 [E3001] Lexing error: missing identifier after `.`
azimuth_test/new_advanced_test_cases.mbt:52:11-52:12 [E3001] Lexing error: missing identifier after `.`
azimuth_test/new_advanced_test_cases.mbt:52:12-52:20 [E3002] Parse error, unexpected token package name, you may expect `;` or `}`.
azimuth_test/new_advanced_test_cases.mbt:57:7-57:13 [E0002] Warning (unused_value): Unused variable 'sum_ab'
azimuth_test/new_advanced_test_cases.mbt:57:24-57:25 [E3001] Lexing error: missing identifier after `.`
azimuth_test/new_advanced_test_cases.mbt:57:25-57:33 [E3002] Parse error, unexpected token package name, you may expect `;` or `}`.
azimuth_test/new_advanced_test_cases.mbt:58:7-58:14 [E0002] Warning (unused_value): Unused variable 'diff_ab'
azimuth_test/new_advanced_test_cases.mbt:58:25-58:26 [E3001] Lexing error: missing identifier after `.`
azimuth_test/new_advanced_test_cases.mbt:58:26-58:34 [E3002] Parse error, unexpected token package name, you may expect `;` or `}`.
azimuth_test/new_advanced_test_cases.mbt:59:7-59:14 [E0002] Warning (unused_value): Unused variable 'product'
azimuth_test/new_advanced_test_cases.mbt:59:25-59:26 [E3001] Lexing error: missing identifier after `.`
azimuth_test/new_advanced_test_cases.mbt:59:26-59:34 [E3002] Parse error, unexpected token package name, you may expect `;` or `}`.
azimuth_test/new_advanced_test_cases.mbt:60:7-60:15 [E0002] Warning (unused_value): Unused variable 'square_c'
azimuth_test/new_advanced_test_cases.mbt:60:26-60:27 [E3001] Lexing error: missing identifier after `.`
azimuth_test/new_advanced_test_cases.mbt:60:27-60:35 [E3002] Parse error, unexpected token package name, you may expect `;` or `}`.
azimuth_test/new_advanced_test_cases.mbt:61:7-61:13 [E0002] Warning (unused_value): Unused variable 'result'
azimuth_test/new_advanced_test_cases.mbt:61:24-61:25 [E3001] Lexing error: missing identifier after `.`
azimuth_test/new_advanced_test_cases.mbt:61:25-61:33 [E3002] Parse error, unexpected token package name, you may expect `;` or `}`.
azimuth_test/new_advanced_test_cases.mbt:64:11-64:12 [E3001] Lexing error: missing identifier after `.`
azimuth_test/new_advanced_test_cases.mbt:64:12-64:20 [E3002] Parse error, unexpected token package name, you may expect `;` or `}`.
azimuth_test/new_advanced_test_cases.mbt:69:7-69:18 [E0002] Warning (unused_value): Unused variable 'after_sales'
azimuth_test/new_advanced_test_cases.mbt:69:29-69:30 [E3001] Lexing error: missing identifier after `.`
azimuth_test/new_advanced_test_cases.mbt:69:30-69:38 [E3002] Parse error, unexpected token package name, you may expect `;` or `}`.
azimuth_test/new_advanced_test_cases.mbt:70:7-70:20 [E0002] Warning (unused_value): Unused variable 'after_restock'
azimuth_test/new_advanced_test_cases.mbt:70:31-70:32 [E3001] Lexing error: missing identifier after `.`
azimuth_test/new_advanced_test_cases.mbt:70:32-70:40 [E3002] Parse error, unexpected token package name, you may expect `;` or `}`.
azimuth_test/new_advanced_test_cases.mbt:71:7-71:18 [E0002] Warning (unused_value): Unused variable 'final_stock'
azimuth_test/new_advanced_test_cases.mbt:71:29-71:30 [E3001] Lexing error: missing identifier after `.`
azimuth_test/new_advanced_test_cases.mbt:71:30-71:38 [E3002] Parse error, unexpected token package name, you may expect `;` or `}`.
azimuth_test/new_advanced_test_cases.mbt:74:11-74:12 [E3001] Lexing error: missing identifier after `.`
azimuth_test/new_advanced_test_cases.mbt:74:12-74:20 [E3002] Parse error, unexpected token package name, you may expect `;` or `}`.
azimuth_test/new_advanced_test_cases.mbt:81:7-81:17 [E0002] Warning (unused_value): Unused variable 'fahrenheit'
azimuth_test/new_advanced_test_cases.mbt:81:28-81:29 [E3001] Lexing error: missing identifier after `.`
azimuth_test/new_advanced_test_cases.mbt:81:29-81:37 [E3002] Parse error, unexpected token package name, you may expect `;` or `}`.
azimuth_test/new_advanced_test_cases.mbt:81:50-81:51 [E3001] Lexing error: missing identifier after `.`
azimuth_test/new_advanced_test_cases.mbt:82:11-82:12 [E3001] Lexing error: missing identifier after `.`
azimuth_test/new_advanced_test_cases.mbt:82:12-82:20 [E3002] Parse error, unexpected token package name, you may expect `;` or `}`.
azimuth_test/new_advanced_test_cases.mbt:85:7-85:17 [E0002] Warning (unused_value): Unused variable 'freezing_f'
azimuth_test/new_advanced_test_cases.mbt:85:28-85:29 [E3001] Lexing error: missing identifier after `.`
azimuth_test/new_advanced_test_cases.mbt:85:29-85:37 [E3002] Parse error, unexpected token package name, you may expect `;` or `}`.
azimuth_test/new_advanced_test_cases.mbt:85:50-85:51 [E3001] Lexing error: missing identifier after `.`
azimuth_test/new_advanced_test_cases.mbt:86:11-86:12 [E3001] Lexing error: missing identifier after `.`
azimuth_test/new_advanced_test_cases.mbt:86:12-86:20 [E3002] Parse error, unexpected token package name, you may expect `;` or `}`.
azimuth_test/new_advanced_test_cases.mbt:89:7-89:16 [E0002] Warning (unused_value): Unused variable 'boiling_f'
azimuth_test/new_advanced_test_cases.mbt:89:27-89:28 [E3001] Lexing error: missing identifier after `.`
azimuth_test/new_advanced_test_cases.mbt:89:28-89:36 [E3002] Parse error, unexpected token package name, you may expect `;` or `}`.
azimuth_test/new_advanced_test_cases.mbt:89:49-89:50 [E3001] Lexing error: missing identifier after `.`
azimuth_test/new_advanced_test_cases.mbt:90:11-90:12 [E3001] Lexing error: missing identifier after `.`
azimuth_test/new_advanced_test_cases.mbt:90:12-90:20 [E3002] Parse error, unexpected token package name, you may expect `;` or `}`.
azimuth_test/new_advanced_test_cases.mbt:94:7-94:14 [E0002] Warning (unused_value): Unused variable 'max_val'
azimuth_test/new_advanced_test_cases.mbt:95:7-95:14 [E0002] Warning (unused_value): Unused variable 'min_val'
azimuth_test/new_advanced_test_cases.mbt:98:11-98:12 [E3001] Lexing error: missing identifier after `.`
azimuth_test/new_advanced_test_cases.mbt:98:12-98:20 [E3002] Parse error, unexpected token package name, you may expect `;` or `}`.
azimuth_test/new_advanced_test_cases.mbt:98:39-98:40 [E3001] Lexing error: missing identifier after `.`
azimuth_test/new_advanced_test_cases.mbt:99:11-99:12 [E3001] Lexing error: missing identifier after `.`
azimuth_test/new_advanced_test_cases.mbt:99:12-99:20 [E3002] Parse error, unexpected token package name, you may expect `;` or `}`.
azimuth_test/new_advanced_test_cases.mbt:99:39-99:40 [E3001] Lexing error: missing identifier after `.`
azimuth_test/new_advanced_test_cases.mbt:100:11-100:12 [E3001] Lexing error: missing identifier after `.`
azimuth_test/new_advanced_test_cases.mbt:100:12-100:20 [E3002] Parse error, unexpected token package name, you may expect `;` or `}`.
azimuth_test/new_advanced_test_cases.mbt:100:39-100:40 [E3001] Lexing error: missing identifier after `.`
azimuth_test/new_advanced_test_cases.mbt:101:11-101:12 [E3001] Lexing error: missing identifier after `.`
azimuth_test/new_advanced_test_cases.mbt:101:12-101:20 [E3002] Parse error, unexpected token package name, you may expect `;` or `}`.
azimuth_test/new_advanced_test_cases.mbt:101:39-101:40 [E3001] Lexing error: missing identifier after `.`
azimuth_test/new_advanced_test_cases.mbt:104:11-104:12 [E3001] Lexing error: missing identifier after `.`
azimuth_test/new_advanced_test_cases.mbt:104:12-104:20 [E3002] Parse error, unexpected token package name, you may expect `;` or `}`.
azimuth_test/new_advanced_test_cases.mbt:104:39-104:40 [E3001] Lexing error: missing identifier after `.`
azimuth_test/new_advanced_test_cases.mbt:105:11-105:12 [E3001] Lexing error: missing identifier after `.`
azimuth_test/new_advanced_test_cases.mbt:105:12-105:20 [E3002] Parse error, unexpected token package name, you may expect `;` or `}`.
azimuth_test/new_advanced_test_cases.mbt:105:39-105:40 [E3001] Lexing error: missing identifier after `.`
Error: new_advanced_test_cases.mbt compilation failed
Checking moonbit_test_examples.mbt...
Found 10 tests in moonbit_test_examples.mbt
test ... ok
test ... ok
test ... ok
test ... ok
test ... ok
test ... ok
test ... ok
test ... ok
test ... ok
test ... ok
Checking azimuth_additional_tests.mbt...
azimuth_test/azimuth_additional_tests.mbt:6:3-6:10 [E3002] Expected upper case identifier for type name, found lower case identifier.
azimuth_test/azimuth_additional_tests.mbt:6:34-6:41 [E3002] Expected upper case identifier for type name, found lower case identifier.
azimuth_test/azimuth_additional_tests.mbt:7:3-7:10 [E3002] Expected upper case identifier for type name, found lower case identifier.
azimuth_test/azimuth_additional_tests.mbt:7:35-7:42 [E3002] Expected upper case identifier for type name, found lower case identifier.
azimuth_test/azimuth_additional_tests.mbt:8:3-8:10 [E3002] Expected upper case identifier for type name, found lower case identifier.
azimuth_test/azimuth_additional_tests.mbt:8:25-8:32 [E3002] Expected upper case identifier for type name, found lower case identifier.
azimuth_test/azimuth_additional_tests.mbt:13:3-13:10 [E3002] Expected upper case identifier for type name, found lower case identifier.
azimuth_test/azimuth_additional_tests.mbt:13:34-13:41 [E3002] Expected upper case identifier for type name, found lower case identifier.
azimuth_test/azimuth_additional_tests.mbt:14:3-14:10 [E3002] Expected upper case identifier for type name, found lower case identifier.
azimuth_test/azimuth_additional_tests.mbt:14:35-14:42 [E3002] Expected upper case identifier for type name, found lower case identifier.
azimuth_test/azimuth_additional_tests.mbt:15:3-15:10 [E3002] Expected upper case identifier for type name, found lower case identifier.
azimuth_test/azimuth_additional_tests.mbt:15:25-15:32 [E3002] Expected upper case identifier for type name, found lower case identifier.
azimuth_test/azimuth_additional_tests.mbt:20:3-20:10 [E3002] Expected upper case identifier for type name, found lower case identifier.
azimuth_test/azimuth_additional_tests.mbt:20:25-20:32 [E3002] Expected upper case identifier for type name, found lower case identifier.
azimuth_test/azimuth_additional_tests.mbt:21:3-21:10 [E3002] Expected upper case identifier for type name, found lower case identifier.
azimuth_test/azimuth_additional_tests.mbt:21:25-21:32 [E3002] Expected upper case identifier for type name, found lower case identifier.
azimuth_test/azimuth_additional_tests.mbt:22:3-22:10 [E3002] Expected upper case identifier for type name, found lower case identifier.
azimuth_test/azimuth_additional_tests.mbt:22:25-22:32 [E3002] Expected upper case identifier for type name, found lower case identifier.
azimuth_test/azimuth_additional_tests.mbt:23:3-23:10 [E3002] Expected upper case identifier for type name, found lower case identifier.
azimuth_test/azimuth_additional_tests.mbt:23:25-23:32 [E3002] Expected upper case identifier for type name, found lower case identifier.
azimuth_test/azimuth_additional_tests.mbt:24:3-24:10 [E3002] Expected upper case identifier for type name, found lower case identifier.
azimuth_test/azimuth_additional_tests.mbt:24:26-24:33 [E3002] Expected upper case identifier for type name, found lower case identifier.
azimuth_test/azimuth_additional_tests.mbt:29:3-29:10 [E3002] Expected upper case identifier for type name, found lower case identifier.
azimuth_test/azimuth_additional_tests.mbt:29:42-29:49 [E3002] Expected upper case identifier for type name, found lower case identifier.
azimuth_test/azimuth_additional_tests.mbt:30:3-30:10 [E3002] Expected upper case identifier for type name, found lower case identifier.
azimuth_test/azimuth_additional_tests.mbt:30:44-30:51 [E3002] Expected upper case identifier for type name, found lower case identifier.
azimuth_test/azimuth_additional_tests.mbt:31:3-31:10 [E3002] Expected upper case identifier for type name, found lower case identifier.
azimuth_test/azimuth_additional_tests.mbt:31:48-31:55 [E3002] Expected upper case identifier for type name, found lower case identifier.
azimuth_test/azimuth_additional_tests.mbt:32:3-32:10 [E3002] Expected upper case identifier for type name, found lower case identifier.
azimuth_test/azimuth_additional_tests.mbt:32:47-32:54 [E3002] Expected upper case identifier for type name, found lower case identifier.
azimuth_test/azimuth_additional_tests.mbt:42:17-42:24 [E3002] Expected upper case identifier for type name, found lower case identifier.
azimuth_test/azimuth_additional_tests.mbt:42:35-42:42 [E3002] Expected upper case identifier for type name, found lower case identifier.
azimuth_test/azimuth_additional_tests.mbt:43:3-43:10 [E3002] Expected upper case identifier for type name, found lower case identifier.
azimuth_test/azimuth_additional_tests.mbt:46:17-46:24 [E3002] Expected upper case identifier for type name, found lower case identifier.
azimuth_test/azimuth_additional_tests.mbt:46:30-46:37 [E3002] Expected upper case identifier for type name, found lower case identifier.
azimuth_test/azimuth_additional_tests.mbt:47:3-47:10 [E3002] Expected upper case identifier for type name, found lower case identifier.
azimuth_test/azimuth_additional_tests.mbt:52:3-52:10 [E3002] Expected upper case identifier for type name, found lower case identifier.
azimuth_test/azimuth_additional_tests.mbt:52:27-52:34 [E3002] Expected upper case identifier for type name, found lower case identifier.
azimuth_test/azimuth_additional_tests.mbt:53:3-53:10 [E3002] Expected upper case identifier for type name, found lower case identifier.
azimuth_test/azimuth_additional_tests.mbt:53:26-53:33 [E3002] Expected upper case identifier for type name, found lower case identifier.
azimuth_test/azimuth_additional_tests.mbt:54:3-54:10 [E3002] Expected upper case identifier for type name, found lower case identifier.
azimuth_test/azimuth_additional_tests.mbt:54:26-54:33 [E3002] Expected upper case identifier for type name, found lower case identifier.
azimuth_test/azimuth_additional_tests.mbt:55:3-55:10 [E3002] Expected upper case identifier for type name, found lower case identifier.
azimuth_test/azimuth_additional_tests.mbt:55:25-55:32 [E3002] Expected upper case identifier for type name, found lower case identifier.
azimuth_test/azimuth_additional_tests.mbt:60:3-60:10 [E3002] Expected upper case identifier for type name, found lower case identifier.
azimuth_test/azimuth_additional_tests.mbt:60:25-60:32 [E3002] Expected upper case identifier for type name, found lower case identifier.
azimuth_test/azimuth_additional_tests.mbt:61:3-61:10 [E3002] Expected upper case identifier for type name, found lower case identifier.
azimuth_test/azimuth_additional_tests.mbt:61:29-61:36 [E3002] Expected upper case identifier for type name, found lower case identifier.
azimuth_test/azimuth_additional_tests.mbt:62:3-62:10 [E3002] Expected upper case identifier for type name, found lower case identifier.
azimuth_test/azimuth_additional_tests.mbt:62:30-62:37 [E3002] Expected upper case identifier for type name, found lower case identifier.
azimuth_test/azimuth_additional_tests.mbt:63:3-63:10 [E3002] Expected upper case identifier for type name, found lower case identifier.
azimuth_test/azimuth_additional_tests.mbt:63:25-63:32 [E3002] Expected upper case identifier for type name, found lower case identifier.
azimuth_test/azimuth_additional_tests.mbt:74:19-74:26 [E3002] Expected upper case identifier for type name, found lower case identifier.
azimuth_test/azimuth_additional_tests.mbt:75:19-75:26 [E3002] Expected upper case identifier for type name, found lower case identifier.
azimuth_test/azimuth_additional_tests.mbt:76:31-76:38 [E3002] Expected upper case identifier for type name, found lower case identifier.
azimuth_test/azimuth_additional_tests.mbt:77:21-77:28 [E3002] Expected upper case identifier for type name, found lower case identifier.
azimuth_test/azimuth_additional_tests.mbt:79:3-79:10 [E3002] Expected upper case identifier for type name, found lower case identifier.
azimuth_test/azimuth_additional_tests.mbt:80:3-80:10 [E3002] Expected upper case identifier for type name, found lower case identifier.
azimuth_test/azimuth_additional_tests.mbt:81:3-81:10 [E3002] Expected upper case identifier for type name, found lower case identifier.
azimuth_test/azimuth_additional_tests.mbt:82:3-82:10 [E3002] Expected upper case identifier for type name, found lower case identifier.
azimuth_test/azimuth_additional_tests.mbt:91:22-91:29 [E3002] Expected upper case identifier for type name, found lower case identifier.
azimuth_test/azimuth_additional_tests.mbt:92:20-92:27 [E3002] Expected upper case identifier for type name, found lower case identifier.
azimuth_test/azimuth_additional_tests.mbt:94:3-94:10 [E3002] Expected upper case identifier for type name, found lower case identifier.
azimuth_test/azimuth_additional_tests.mbt:95:3-95:10 [E3002] Expected upper case identifier for type name, found lower case identifier.
azimuth_test/azimuth_additional_tests.mbt:104:3-104:10 [E3002] Expected upper case identifier for type name, found lower case identifier.
azimuth_test/azimuth_additional_tests.mbt:104:22-104:29 [E3002] Expected upper case identifier for type name, found lower case identifier.
azimuth_test/azimuth_additional_tests.mbt:104:42-104:49 [E3002] Expected upper case identifier for type name, found lower case identifier.
azimuth_test/azimuth_additional_tests.mbt:107:3-107:10 [E3002] Expected upper case identifier for type name, found lower case identifier.
azimuth_test/azimuth_additional_tests.mbt:107:22-107:29 [E3002] Expected upper case identifier for type name, found lower case identifier.
azimuth_test/azimuth_additional_tests.mbt:107:47-107:54 [E3002] Expected upper case identifier for type name, found lower case identifier.
azimuth_test/azimuth_additional_tests.mbt:110:27-110:34 [E3002] Expected upper case identifier for type name, found lower case identifier.
azimuth_test/azimuth_additional_tests.mbt:110:48-110:55 [E3002] Expected upper case identifier for type name, found lower case identifier.
azimuth_test/azimuth_additional_tests.mbt:111:28-111:35 [E3002] Expected upper case identifier for type name, found lower case identifier.
azimuth_test/azimuth_additional_tests.mbt:111:41-111:48 [E3002] Expected upper case identifier for type name, found lower case identifier.
azimuth_test/azimuth_additional_tests.mbt:111:66-111:73 [E3002] Expected upper case identifier for type name, found lower case identifier.
azimuth_test/azimuth_additional_tests.mbt:112:3-112:10 [E3002] Expected upper case identifier for type name, found lower case identifier.
Error: azimuth_additional_tests.mbt compilation failed
Checking new_enhanced_test_cases.mbt...
azimuth_test/new_enhanced_test_cases.mbt:61:22-61:30 [E4014] Expr Type Mismatch
        has type : Bool
        wanted   : Int
azimuth_test/new_enhanced_test_cases.mbt:61:32-61:36 [E4014] Expr Type Mismatch
        has type : Bool
        wanted   : Int
azimuth_test/new_enhanced_test_cases.mbt:97:7-97:14 [E0002] Warning (unused_value): Unused variable 'neg_one'
azimuth_test/new_enhanced_test_cases.mbt:174:7-174:12 [E0002] Warning (unused_value): Unused variable 'power'
azimuth_test/new_enhanced_test_cases.mbt:294:7-294:29 [E0002] Warning (unused_value): Unused variable 'balance_after_deposit1'
azimuth_test/new_enhanced_test_cases.mbt:295:7-295:29 [E0002] Warning (unused_value): Unused variable 'balance_after_deposit2'
azimuth_test/new_enhanced_test_cases.mbt:298:7-298:32 [E0002] Warning (unused_value): Unused variable 'balance_after_withdrawal1'
azimuth_test/new_enhanced_test_cases.mbt:299:7-299:32 [E0002] Warning (unused_value): Unused variable 'balance_after_withdrawal2'
Error: new_enhanced_test_cases.mbt compilation failed
Checking user_new_test_cases.mbt...
azimuth_test/user_new_test_cases.mbt:140:22-140:52 [E4080] This function has type (Int, Int) -> Int, which requires 2 arguments, but is given 3 arguments.
azimuth_test/user_new_test_cases.mbt:140:22-140:63 [E4014] Expr Type Mismatch
        has type : Bool
        wanted   : Int
azimuth_test/user_new_test_cases.mbt:140:3-140:64 [E4080] This function has type (Int, Int) -> Unit, which requires 2 arguments, but is given 1 arguments.
azimuth_test/user_new_test_cases.mbt:141:22-141:53 [E4080] This function has type (Int, Int) -> Int, which requires 2 arguments, but is given 3 arguments.
azimuth_test/user_new_test_cases.mbt:141:22-141:64 [E4014] Expr Type Mismatch
        has type : Bool
        wanted   : Int
azimuth_test/user_new_test_cases.mbt:141:3-141:65 [E4080] This function has type (Int, Int) -> Unit, which requires 2 arguments, but is given 1 arguments.
azimuth_test/user_new_test_cases.mbt:142:22-142:57 [E4080] This function has type (Int, Int) -> Int, which requires 2 arguments, but is given 3 arguments.
azimuth_test/user_new_test_cases.mbt:142:22-142:68 [E4014] Expr Type Mismatch
        has type : Bool
        wanted   : Int
azimuth_test/user_new_test_cases.mbt:142:3-142:69 [E4080] This function has type (Int, Int) -> Unit, which requires 2 arguments, but is given 1 arguments.
azimuth_test/user_new_test_cases.mbt:143:22-143:58 [E4080] This function has type (Int, Int) -> Int, which requires 2 arguments, but is given 3 arguments.
azimuth_test/user_new_test_cases.mbt:143:22-143:69 [E4014] Expr Type Mismatch
        has type : Bool
        wanted   : Int
azimuth_test/user_new_test_cases.mbt:143:3-143:70 [E4080] This function has type (Int, Int) -> Unit, which requires 2 arguments, but is given 1 arguments.
Error: user_new_test_cases.mbt compilation failed
Checking user_new_tests.mbt...
Found 10 tests in user_new_tests.mbt
test ... ok
test ... ok
test ... ok
test ... ok
test ... ok
test ... ok
test ... ok
test ... ok
test ... ok
test ... ok
Checking practical_application_tests.mbt...
azimuth_test/practical_application_tests.mbt:6:7-6:18 [E0002] Warning (unused_value): Unused variable 'item1_price'
azimuth_test/practical_application_tests.mbt:7:7-7:21 [E0002] Warning (unused_value): Unused variable 'item1_quantity'
azimuth_test/practical_application_tests.mbt:8:7-8:18 [E0002] Warning (unused_value): Unused variable 'item2_price'
azimuth_test/practical_application_tests.mbt:9:7-9:21 [E0002] Warning (unused_value): Unused variable 'item2_quantity'
azimuth_test/practical_application_tests.mbt:12:7-12:13 [E0002] Warning (unused_value): Unused variable 'total1'
azimuth_test/practical_application_tests.mbt:12:16-12:23 [E3002] Expected upper case identifier for type name, found lower case identifier.
azimuth_test/practical_application_tests.mbt:12:25-12:33 [E3002] Parse error, unexpected token package name, you may expect method name, constructor name, "[" or "{".
azimuth_test/practical_application_tests.mbt:13:7-13:13 [E0002] Warning (unused_value): Unused variable 'total2'
azimuth_test/practical_application_tests.mbt:13:16-13:23 [E3002] Expected upper case identifier for type name, found lower case identifier.
azimuth_test/practical_application_tests.mbt:13:25-13:33 [E3002] Parse error, unexpected token package name, you may expect method name, constructor name, "[" or "{".
azimuth_test/practical_application_tests.mbt:16:20-16:27 [E3002] Expected upper case identifier for type name, found lower case identifier.
azimuth_test/practical_application_tests.mbt:16:29-16:37 [E3002] Parse error, unexpected token package name, you may expect method name, constructor name, "[" or "{".
azimuth_test/practical_application_tests.mbt:25:7-25:19 [E0002] Warning (unused_value): Unused variable 'celsius_temp'
azimuth_test/practical_application_tests.mbt:26:25-26:32 [E3002] Expected upper case identifier for type name, found lower case identifier.
azimuth_test/practical_application_tests.mbt:26:34-26:42 [E3002] Parse error, unexpected token package name, you may expect method name, constructor name, "[" or "{".
azimuth_test/practical_application_tests.mbt:30:7-30:23 [E0002] Warning (unused_value): Unused variable 'freezing_celsius'
azimuth_test/practical_application_tests.mbt:31:29-31:36 [E3002] Expected upper case identifier for type name, found lower case identifier.
azimuth_test/practical_application_tests.mbt:31:38-31:46 [E3002] Parse error, unexpected token package name, you may expect method name, constructor name, "[" or "{".
azimuth_test/practical_application_tests.mbt:37:7-37:13 [E0002] Warning (unused_value): Unused variable 'length'
azimuth_test/practical_application_tests.mbt:38:7-38:12 [E0002] Warning (unused_value): Unused variable 'width'
azimuth_test/practical_application_tests.mbt:41:14-41:21 [E3002] Expected upper case identifier for type name, found lower case identifier.
azimuth_test/practical_application_tests.mbt:41:23-41:31 [E3002] Parse error, unexpected token package name, you may expect method name, constructor name, "[" or "{".
azimuth_test/practical_application_tests.mbt:45:19-45:26 [E3002] Expected upper case identifier for type name, found lower case identifier.
azimuth_test/practical_application_tests.mbt:45:28-45:36 [E3002] Parse error, unexpected token package name, you may expect method name, constructor name, "[" or "{".
azimuth_test/practical_application_tests.mbt:51:7-51:17 [E0002] Warning (unused_value): Unused variable 'math_score'
azimuth_test/practical_application_tests.mbt:52:7-52:20 [E0002] Warning (unused_value): Unused variable 'english_score'
azimuth_test/practical_application_tests.mbt:53:7-53:20 [E0002] Warning (unused_value): Unused variable 'science_score'
azimuth_test/practical_application_tests.mbt:54:7-54:20 [E0002] Warning (unused_value): Unused variable 'history_score'
azimuth_test/practical_application_tests.mbt:57:21-57:28 [E3002] Expected upper case identifier for type name, found lower case identifier.
azimuth_test/practical_application_tests.mbt:57:30-57:38 [E3002] Parse error, unexpected token package name, you may expect method name, constructor name, "[" or "{".
azimuth_test/practical_application_tests.mbt:69:7-69:16 [E0002] Warning (unused_value): Unused variable 'principal'
azimuth_test/practical_application_tests.mbt:70:7-70:18 [E0002] Warning (unused_value): Unused variable 'annual_rate'
azimuth_test/practical_application_tests.mbt:71:7-71:12 [E0002] Warning (unused_value): Unused variable 'years'
azimuth_test/practical_application_tests.mbt:74:7-74:15 [E0002] Warning (unused_value): Unused variable 'interest'
azimuth_test/practical_application_tests.mbt:74:18-74:25 [E3002] Expected upper case identifier for type name, found lower case identifier.
azimuth_test/practical_application_tests.mbt:74:27-74:35 [E3002] Parse error, unexpected token package name, you may expect method name, constructor name, "[" or "{".
azimuth_test/practical_application_tests.mbt:80:23-80:30 [E3002] Expected upper case identifier for type name, found lower case identifier.
azimuth_test/practical_application_tests.mbt:80:32-80:40 [E3002] Parse error, unexpected token package name, you may expect method name, constructor name, "[" or "{".
azimuth_test/practical_application_tests.mbt:86:7-86:12 [E0002] Warning (unused_value): Unused variable 'hours'
azimuth_test/practical_application_tests.mbt:87:7-87:14 [E0002] Warning (unused_value): Unused variable 'minutes'
azimuth_test/practical_application_tests.mbt:90:23-90:30 [E3002] Expected upper case identifier for type name, found lower case identifier.
azimuth_test/practical_application_tests.mbt:90:32-90:40 [E3002] Parse error, unexpected token package name, you may expect method name, constructor name, "[" or "{".
azimuth_test/practical_application_tests.mbt:97:23-97:30 [E3002] Expected upper case identifier for type name, found lower case identifier.
azimuth_test/practical_application_tests.mbt:97:32-97:40 [E3002] Parse error, unexpected token package name, you may expect method name, constructor name, "[" or "{".
azimuth_test/practical_application_tests.mbt:103:7-103:21 [E0002] Warning (unused_value): Unused variable 'original_price'
azimuth_test/practical_application_tests.mbt:104:7-104:23 [E0002] Warning (unused_value): Unused variable 'discount_percent'
azimuth_test/practical_application_tests.mbt:107:7-107:22 [E0002] Warning (unused_value): Unused variable 'discount_amount'
azimuth_test/practical_application_tests.mbt:107:25-107:32 [E3002] Expected upper case identifier for type name, found lower case identifier.
azimuth_test/practical_application_tests.mbt:107:34-107:42 [E3002] Parse error, unexpected token package name, you may expect method name, constructor name, "[" or "{".
azimuth_test/practical_application_tests.mbt:110:26-110:33 [E3002] Expected upper case identifier for type name, found lower case identifier.
azimuth_test/practical_application_tests.mbt:110:35-110:43 [E3002] Parse error, unexpected token package name, you may expect method name, constructor name, "[" or "{".
azimuth_test/practical_application_tests.mbt:116:7-116:16 [E0002] Warning (unused_value): Unused variable 'principal'
azimuth_test/practical_application_tests.mbt:117:7-117:19 [E0002] Warning (unused_value): Unused variable 'rate_percent'
azimuth_test/practical_application_tests.mbt:118:7-118:12 [E0002] Warning (unused_value): Unused variable 'years'
azimuth_test/practical_application_tests.mbt:121:7-121:20 [E0002] Warning (unused_value): Unused variable 'growth_factor'
azimuth_test/practical_application_tests.mbt:121:23-121:30 [E3002] Expected upper case identifier for type name, found lower case identifier.
azimuth_test/practical_application_tests.mbt:121:32-121:40 [E3002] Parse error, unexpected token package name, you may expect method name, constructor name, "[" or "{".
azimuth_test/practical_application_tests.mbt:122:22-122:29 [E3002] Expected upper case identifier for type name, found lower case identifier.
azimuth_test/practical_application_tests.mbt:122:31-122:39 [E3002] Parse error, unexpected token package name, you may expect method name, constructor name, "[" or "{".
azimuth_test/practical_application_tests.mbt:129:7-129:17 [E0002] Warning (unused_value): Unused variable 'usd_amount'
azimuth_test/practical_application_tests.mbt:130:7-130:20 [E0002] Warning (unused_value): Unused variable 'exchange_rate'
azimuth_test/practical_application_tests.mbt:133:20-133:27 [E3002] Expected upper case identifier for type name, found lower case identifier.
azimuth_test/practical_application_tests.mbt:133:29-133:37 [E3002] Parse error, unexpected token package name, you may expect method name, constructor name, "[" or "{".
azimuth_test/practical_application_tests.mbt:137:7-137:10 [E0002] Warning (unused_value): Unused variable 'fee'
azimuth_test/practical_application_tests.mbt:137:13-137:20 [E3002] Expected upper case identifier for type name, found lower case identifier.
azimuth_test/practical_application_tests.mbt:137:22-137:30 [E3002] Parse error, unexpected token package name, you may expect method name, constructor name, "[" or "{".
azimuth_test/practical_application_tests.mbt:138:24-138:31 [E3002] Expected upper case identifier for type name, found lower case identifier.
azimuth_test/practical_application_tests.mbt:138:33-138:41 [E3002] Parse error, unexpected token package name, you may expect method name, constructor name, "[" or "{".
azimuth_test/practical_application_tests.mbt:144:7-144:19 [E0002] Warning (unused_value): Unused variable 'english_name'
azimuth_test/practical_application_tests.mbt:145:7-145:19 [E0002] Warning (unused_value): Unused variable 'chinese_name'
azimuth_test/practical_application_tests.mbt:146:7-146:20 [E0002] Warning (unused_value): Unused variable 'japanese_name'
azimuth_test/practical_application_tests.mbt:149:26-149:33 [E3002] Expected upper case identifier for type name, found lower case identifier.
azimuth_test/practical_application_tests.mbt:149:35-149:43 [E3002] Parse error, unexpected token package name, you may expect method name, constructor name, "[" or "{".
azimuth_test/practical_application_tests.mbt:153:26-153:33 [E3002] Expected upper case identifier for type name, found lower case identifier.
azimuth_test/practical_application_tests.mbt:153:35-153:43 [E3002] Parse error, unexpected token package name, you may expect method name, constructor name, "[" or "{".
azimuth_test/practical_application_tests.mbt:157:27-157:34 [E3002] Expected upper case identifier for type name, found lower case identifier.
azimuth_test/practical_application_tests.mbt:157:36-157:44 [E3002] Parse error, unexpected token package name, you may expect method name, constructor name, "[" or "{".
Error: practical_application_tests.mbt compilation failed
Checking moonbit_standard_test_suite.mbt...
Found 10 tests in moonbit_standard_test_suite.mbt
test ... ok
test ... ok
test ... ok
test ... ok
test ... ok
test ... ok
test ... ok
test ... ok
test ... ok
test ... ok
Checking user_defined_test_cases.mbt...
Found 10 tests in user_defined_test_cases.mbt
test ... ok
test ... ok
test ... ok
test ... ok
test ... ok
test ... ok
test ... ok
test ... ok
test ... ok
test ... ok
Checking additional_moonbit_standard_tests.mbt...
Found 9 tests in additional_moonbit_standard_tests.mbt
test ... ok
test ... ok
test ... ok
test ... ok
test ... ok
test ... ok
test ... ok
test ... ok
test ... ok
Checking simple_test_verify.mbt...
azimuth_test/simple_test_verify.mbt:3:11-3:12 [E3001] Lexing error: missing identifier after `.`
azimuth_test/simple_test_verify.mbt:3:12-3:20 [E3002] Parse error, unexpected token package name, you may expect `;` or `}`.
azimuth_test/simple_test_verify.mbt:3:42-3:43 [E3001] Lexing error: missing identifier after `.`
azimuth_test/simple_test_verify.mbt:4:11-4:12 [E3001] Lexing error: missing identifier after `.`
azimuth_test/simple_test_verify.mbt:4:12-4:20 [E3002] Parse error, unexpected token package name, you may expect `;` or `}`.
azimuth_test/simple_test_verify.mbt:4:42-4:43 [E3001] Lexing error: missing identifier after `.`
azimuth_test/simple_test_verify.mbt:5:11-5:12 [E3001] Lexing error: missing identifier after `.`
azimuth_test/simple_test_verify.mbt:5:12-5:20 [E3002] Parse error, unexpected token package name, you may expect `;` or `}`.
azimuth_test/simple_test_verify.mbt:5:63-5:64 [E3001] Lexing error: missing identifier after `.`
Error: simple_test_verify.mbt compilation failed
Test file moonbit_test_enhanced.mbt not found
Checking moonbit_test_suite.mbt...
azimuth_test/moonbit_test_suite.mbt:70:7-70:8 [E0002] Warning (unused_value): Unused variable 'c'
Found 9 tests in moonbit_test_suite.mbt
test ... ok
test ... ok
test ... ok
test ... ok
test ... ok
test ... ok
test ... ok
test ... ok
test ... ok
Checking enhanced_moonbit_test_suite.mbt...
azimuth_test/enhanced_moonbit_test_suite.mbt:283:22-283:46 [E4080] This function has type (Int, Int) -> Int, which requires 2 arguments, but is given 3 arguments.
azimuth_test/enhanced_moonbit_test_suite.mbt:283:22-283:51 [E4014] Expr Type Mismatch
        has type : Bool
        wanted   : Int
azimuth_test/enhanced_moonbit_test_suite.mbt:283:3-283:52 [E4080] This function has type (Int, Int) -> Unit, which requires 2 arguments, but is given 1 arguments.
azimuth_test/enhanced_moonbit_test_suite.mbt:284:3-284:52 [E4014] Type Mismatch
        has type : Unit
        wanted   : function type
Error: enhanced_moonbit_test_suite.mbt compilation failed
Checking moonbit_standard_tests.mbt...
azimuth_test/moonbit_standard_tests.mbt:189:22-189:26 [E4014] Expr Type Mismatch
        has type : Bool
        wanted   : Int
azimuth_test/moonbit_standard_tests.mbt:189:28-189:55 [E4014] Expr Type Mismatch
        has type : Bool
        wanted   : Int
azimuth_test/moonbit_standard_tests.mbt:190:22-190:51 [E4014] Expr Type Mismatch
        has type : Bool
        wanted   : Int
azimuth_test/moonbit_standard_tests.mbt:190:53-190:57 [E4014] Expr Type Mismatch
        has type : Bool
        wanted   : Int
azimuth_test/moonbit_standard_tests.mbt:191:22-191:26 [E4014] Expr Type Mismatch
        has type : Bool
        wanted   : Int
azimuth_test/moonbit_standard_tests.mbt:191:28-191:58 [E4014] Expr Type Mismatch
        has type : Bool
        wanted   : Int
Error: moonbit_standard_tests.mbt compilation failed
Checking simple_moonbit_tests.mbt...
azimuth_test/simple_moonbit_tests.mbt:84:22-84:35 [E4095] Integer literal 2000000000000 is out of range.
Error: simple_moonbit_tests.mbt compilation failed
Checking new_standard_moonbit_tests.mbt...
azimuth_test/new_standard_moonbit_tests.mbt:6:3-6:12 [E4021] The value identifier assert_eq is unbound.
azimuth_test/new_standard_moonbit_tests.mbt:6:16-6:19 [E4021] The value identifier add is unbound.
azimuth_test/new_standard_moonbit_tests.mbt:7:3-7:12 [E4021] The value identifier assert_eq is unbound.
azimuth_test/new_standard_moonbit_tests.mbt:7:16-7:19 [E4021] The value identifier add is unbound.
azimuth_test/new_standard_moonbit_tests.mbt:8:3-8:12 [E4021] The value identifier assert_eq is unbound.
azimuth_test/new_standard_moonbit_tests.mbt:8:17-8:20 [E4021] The value identifier add is unbound.
azimuth_test/new_standard_moonbit_tests.mbt:13:3-13:12 [E4021] The value identifier assert_eq is unbound.
azimuth_test/new_standard_moonbit_tests.mbt:13:16-13:24 [E4021] The value identifier multiply is unbound.
azimuth_test/new_standard_moonbit_tests.mbt:14:3-14:12 [E4021] The value identifier assert_eq is unbound.
azimuth_test/new_standard_moonbit_tests.mbt:14:16-14:24 [E4021] The value identifier multiply is unbound.
azimuth_test/new_standard_moonbit_tests.mbt:15:3-15:12 [E4021] The value identifier assert_eq is unbound.
azimuth_test/new_standard_moonbit_tests.mbt:15:17-15:25 [E4021] The value identifier multiply is unbound.
azimuth_test/new_standard_moonbit_tests.mbt:20:3-20:19 [E4021] The value identifier assert_eq_string is unbound.
azimuth_test/new_standard_moonbit_tests.mbt:20:37-20:42 [E4021] The value identifier greet is unbound.
azimuth_test/new_standard_moonbit_tests.mbt:21:3-21:19 [E4021] The value identifier assert_eq_string is unbound.
azimuth_test/new_standard_moonbit_tests.mbt:21:39-21:44 [E4021] The value identifier greet is unbound.
azimuth_test/new_standard_moonbit_tests.mbt:22:3-22:19 [E4021] The value identifier assert_eq_string is unbound.
azimuth_test/new_standard_moonbit_tests.mbt:22:32-22:37 [E4021] The value identifier greet is unbound.
azimuth_test/new_standard_moonbit_tests.mbt:27:3-27:12 [E4021] The value identifier assert_eq is unbound.
azimuth_test/new_standard_moonbit_tests.mbt:27:16-27:32 [E4021] The value identifier divide_with_ceil is unbound.
azimuth_test/new_standard_moonbit_tests.mbt:28:3-28:12 [E4021] The value identifier assert_eq is unbound.
azimuth_test/new_standard_moonbit_tests.mbt:28:16-28:32 [E4021] The value identifier divide_with_ceil is unbound.
azimuth_test/new_standard_moonbit_tests.mbt:29:3-29:12 [E4021] The value identifier assert_eq is unbound.
azimuth_test/new_standard_moonbit_tests.mbt:29:16-29:32 [E4021] The value identifier divide_with_ceil is unbound.
azimuth_test/new_standard_moonbit_tests.mbt:34:3-34:12 [E4021] The value identifier assert_eq is unbound.
azimuth_test/new_standard_moonbit_tests.mbt:34:17-34:33 [E4021] The value identifier divide_with_ceil is unbound.
azimuth_test/new_standard_moonbit_tests.mbt:35:3-35:12 [E4021] The value identifier assert_eq is unbound.
azimuth_test/new_standard_moonbit_tests.mbt:35:16-35:32 [E4021] The value identifier divide_with_ceil is unbound.
azimuth_test/new_standard_moonbit_tests.mbt:36:3-36:12 [E4021] The value identifier assert_eq is unbound.
azimuth_test/new_standard_moonbit_tests.mbt:36:16-36:32 [E4021] The value identifier divide_with_ceil is unbound.
azimuth_test/new_standard_moonbit_tests.mbt:41:3-41:12 [E4021] The value identifier assert_eq is unbound.
azimuth_test/new_standard_moonbit_tests.mbt:41:16-41:24 [E4021] The value identifier multiply is unbound.
azimuth_test/new_standard_moonbit_tests.mbt:42:3-42:12 [E4021] The value identifier assert_eq is unbound.
azimuth_test/new_standard_moonbit_tests.mbt:42:16-42:24 [E4021] The value identifier multiply is unbound.
azimuth_test/new_standard_moonbit_tests.mbt:43:3-43:12 [E4021] The value identifier assert_eq is unbound.
azimuth_test/new_standard_moonbit_tests.mbt:43:16-43:19 [E4021] The value identifier add is unbound.
azimuth_test/new_standard_moonbit_tests.mbt:44:3-44:12 [E4021] The value identifier assert_eq is unbound.
azimuth_test/new_standard_moonbit_tests.mbt:44:16-44:32 [E4021] The value identifier divide_with_ceil is unbound.
azimuth_test/new_standard_moonbit_tests.mbt:49:3-49:12 [E4021] The value identifier assert_eq is unbound.
azimuth_test/new_standard_moonbit_tests.mbt:49:22-49:25 [E4021] The value identifier add is unbound.
azimuth_test/new_standard_moonbit_tests.mbt:50:3-50:12 [E4021] The value identifier assert_eq is unbound.
azimuth_test/new_standard_moonbit_tests.mbt:50:20-50:28 [E4021] The value identifier multiply is unbound.
azimuth_test/new_standard_moonbit_tests.mbt:55:16-55:19 [E4021] The value identifier add is unbound.
azimuth_test/new_standard_moonbit_tests.mbt:55:20-55:28 [E4021] The value identifier multiply is unbound.
azimuth_test/new_standard_moonbit_tests.mbt:55:36-55:44 [E4021] The value identifier multiply is unbound.
azimuth_test/new_standard_moonbit_tests.mbt:56:3-56:12 [E4021] The value identifier assert_eq is unbound.
azimuth_test/new_standard_moonbit_tests.mbt:63:22-63:38 [E4021] The value identifier divide_with_ceil is unbound.
azimuth_test/new_standard_moonbit_tests.mbt:64:3-64:12 [E4021] The value identifier assert_eq is unbound.
azimuth_test/new_standard_moonbit_tests.mbt:69:3-69:19 [E4021] The value identifier assert_eq_string is unbound.
azimuth_test/new_standard_moonbit_tests.mbt:69:34-69:39 [E4021] The value identifier greet is unbound.
azimuth_test/new_standard_moonbit_tests.mbt:70:3-70:19 [E4021] The value identifier assert_eq_string is unbound.
azimuth_test/new_standard_moonbit_tests.mbt:70:33-70:38 [E4021] The value identifier greet is unbound.
azimuth_test/new_standard_moonbit_tests.mbt:71:3-71:19 [E4021] The value identifier assert_eq_string is unbound.
azimuth_test/new_standard_moonbit_tests.mbt:71:35-71:40 [E4021] The value identifier greet is unbound.
Error: new_standard_moonbit_tests.mbt compilation failed
Checking compact_moonbit_tests.mbt...
Found 10 tests in compact_moonbit_tests.mbt
test ... ok
test ... ok
test ... ok
test ... ok
test ... ok
test ... ok
test ... ok
test ... ok
test ... ok
test ... ok
Checking moonbit_new_tests.mbt...
azimuth_test/moonbit_new_tests.mbt:15:3-15:10 [E3002] Expected upper case identifier for type name, found lower case identifier.
azimuth_test/moonbit_new_tests.mbt:22:3-22:10 [E3002] Expected upper case identifier for type name, found lower case identifier.
azimuth_test/moonbit_new_tests.mbt:30:12-30:19 [E3002] Expected upper case identifier for type name, found lower case identifier.
azimuth_test/moonbit_new_tests.mbt:31:12-31:19 [E3002] Expected upper case identifier for type name, found lower case identifier.
azimuth_test/moonbit_new_tests.mbt:32:12-32:19 [E3002] Expected upper case identifier for type name, found lower case identifier.
azimuth_test/moonbit_new_tests.mbt:33:12-33:19 [E3002] Expected upper case identifier for type name, found lower case identifier.
azimuth_test/moonbit_new_tests.mbt:34:12-34:19 [E3002] Expected upper case identifier for type name, found lower case identifier.
azimuth_test/moonbit_new_tests.mbt:35:12-35:19 [E3002] Expected upper case identifier for type name, found lower case identifier.
azimuth_test/moonbit_new_tests.mbt:36:12-36:19 [E3002] Expected upper case identifier for type name, found lower case identifier.
azimuth_test/moonbit_new_tests.mbt:37:12-37:19 [E3002] Expected upper case identifier for type name, found lower case identifier.
azimuth_test/moonbit_new_tests.mbt:38:13-38:20 [E3002] Expected upper case identifier for type name, found lower case identifier.
azimuth_test/moonbit_new_tests.mbt:40:3-40:10 [E3002] Expected upper case identifier for type name, found lower case identifier.
azimuth_test/moonbit_new_tests.mbt:41:3-41:10 [E3002] Expected upper case identifier for type name, found lower case identifier.
azimuth_test/moonbit_new_tests.mbt:42:3-42:10 [E3002] Expected upper case identifier for type name, found lower case identifier.
azimuth_test/moonbit_new_tests.mbt:43:3-43:10 [E3002] Expected upper case identifier for type name, found lower case identifier.
azimuth_test/moonbit_new_tests.mbt:44:3-44:10 [E3002] Expected upper case identifier for type name, found lower case identifier.
azimuth_test/moonbit_new_tests.mbt:45:3-45:10 [E3002] Expected upper case identifier for type name, found lower case identifier.
azimuth_test/moonbit_new_tests.mbt:46:3-46:10 [E3002] Expected upper case identifier for type name, found lower case identifier.
azimuth_test/moonbit_new_tests.mbt:47:3-47:10 [E3002] Expected upper case identifier for type name, found lower case identifier.
azimuth_test/moonbit_new_tests.mbt:48:3-48:10 [E3002] Expected upper case identifier for type name, found lower case identifier.
azimuth_test/moonbit_new_tests.mbt:59:3-59:10 [E3002] Expected upper case identifier for type name, found lower case identifier.
azimuth_test/moonbit_new_tests.mbt:74:21-74:28 [E3002] Expected upper case identifier for type name, found lower case identifier.
azimuth_test/moonbit_new_tests.mbt:74:34-74:41 [E3002] Expected upper case identifier for type name, found lower case identifier.
azimuth_test/moonbit_new_tests.mbt:74:47-74:54 [E3002] Expected upper case identifier for type name, found lower case identifier.
azimuth_test/moonbit_new_tests.mbt:74:60-74:67 [E3002] Expected upper case identifier for type name, found lower case identifier.
azimuth_test/moonbit_new_tests.mbt:74:88-74:95 [E3002] Expected upper case identifier for type name, found lower case identifier.
azimuth_test/moonbit_new_tests.mbt:74:117-74:124 [E3002] Expected upper case identifier for type name, found lower case identifier.
azimuth_test/moonbit_new_tests.mbt:75:3-75:10 [E3002] Expected upper case identifier for type name, found lower case identifier.
azimuth_test/moonbit_new_tests.mbt:90:3-90:10 [E3002] Expected upper case identifier for type name, found lower case identifier.
azimuth_test/moonbit_new_tests.mbt:99:3-99:10 [E3002] Expected upper case identifier for type name, found lower case identifier.
azimuth_test/moonbit_new_tests.mbt:112:15-112:22 [E3002] Expected upper case identifier for type name, found lower case identifier.
azimuth_test/moonbit_new_tests.mbt:112:41-112:48 [E3002] Expected upper case identifier for type name, found lower case identifier.
azimuth_test/moonbit_new_tests.mbt:113:15-113:22 [E3002] Expected upper case identifier for type name, found lower case identifier.
azimuth_test/moonbit_new_tests.mbt:113:41-113:48 [E3002] Expected upper case identifier for type name, found lower case identifier.
azimuth_test/moonbit_new_tests.mbt:114:15-114:22 [E3002] Expected upper case identifier for type name, found lower case identifier.
azimuth_test/moonbit_new_tests.mbt:114:41-114:48 [E3002] Expected upper case identifier for type name, found lower case identifier.
azimuth_test/moonbit_new_tests.mbt:115:22-115:29 [E3002] Expected upper case identifier for type name, found lower case identifier.
azimuth_test/moonbit_new_tests.mbt:115:35-115:42 [E3002] Expected upper case identifier for type name, found lower case identifier.
azimuth_test/moonbit_new_tests.mbt:117:3-117:10 [E3002] Expected upper case identifier for type name, found lower case identifier.
azimuth_test/moonbit_new_tests.mbt:124:16-124:23 [E3002] Expected upper case identifier for type name, found lower case identifier.
azimuth_test/moonbit_new_tests.mbt:124:43-124:50 [E3002] Expected upper case identifier for type name, found lower case identifier.
azimuth_test/moonbit_new_tests.mbt:125:16-125:23 [E3002] Expected upper case identifier for type name, found lower case identifier.
azimuth_test/moonbit_new_tests.mbt:125:43-125:50 [E3002] Expected upper case identifier for type name, found lower case identifier.
azimuth_test/moonbit_new_tests.mbt:126:16-126:23 [E3002] Expected upper case identifier for type name, found lower case identifier.
azimuth_test/moonbit_new_tests.mbt:126:43-126:50 [E3002] Expected upper case identifier for type name, found lower case identifier.
azimuth_test/moonbit_new_tests.mbt:127:23-127:30 [E3002] Expected upper case identifier for type name, found lower case identifier.
azimuth_test/moonbit_new_tests.mbt:127:36-127:43 [E3002] Expected upper case identifier for type name, found lower case identifier.
azimuth_test/moonbit_new_tests.mbt:129:3-129:10 [E3002] Expected upper case identifier for type name, found lower case identifier.
azimuth_test/moonbit_new_tests.mbt:141:3-141:10 [E3002] Expected upper case identifier for type name, found lower case identifier.
azimuth_test/moonbit_new_tests.mbt:147:3-147:10 [E3002] Expected upper case identifier for type name, found lower case identifier.
azimuth_test/moonbit_new_tests.mbt:158:3-158:10 [E3002] Expected upper case identifier for type name, found lower case identifier.
azimuth_test/moonbit_new_tests.mbt:161:19-161:26 [E3002] Expected upper case identifier for type name, found lower case identifier.
azimuth_test/moonbit_new_tests.mbt:162:19-162:26 [E3002] Expected upper case identifier for type name, found lower case identifier.
azimuth_test/moonbit_new_tests.mbt:163:19-163:26 [E3002] Expected upper case identifier for type name, found lower case identifier.
azimuth_test/moonbit_new_tests.mbt:165:38-165:39 [E4018] Type Unit does not implement trait Add: no `impl` is defined
azimuth_test/moonbit_new_tests.mbt:166:3-166:10 [E3002] Expected upper case identifier for type name, found lower case identifier.
azimuth_test/moonbit_new_tests.mbt:174:3-174:10 [E3002] Expected upper case identifier for type name, found lower case identifier.
azimuth_test/moonbit_new_tests.mbt:183:30-183:37 [E3002] Expected upper case identifier for type name, found lower case identifier.
azimuth_test/moonbit_new_tests.mbt:183:43-183:50 [E3002] Expected upper case identifier for type name, found lower case identifier.
azimuth_test/moonbit_new_tests.mbt:185:3-185:10 [E3002] Expected upper case identifier for type name, found lower case identifier.
azimuth_test/moonbit_new_tests.mbt:189:30-189:37 [E3002] Expected upper case identifier for type name, found lower case identifier.
azimuth_test/moonbit_new_tests.mbt:189:43-189:50 [E3002] Expected upper case identifier for type name, found lower case identifier.
azimuth_test/moonbit_new_tests.mbt:191:3-191:10 [E3002] Expected upper case identifier for type name, found lower case identifier.
azimuth_test/moonbit_new_tests.mbt:195:29-195:36 [E3002] Expected upper case identifier for type name, found lower case identifier.
azimuth_test/moonbit_new_tests.mbt:195:42-195:49 [E3002] Expected upper case identifier for type name, found lower case identifier.
azimuth_test/moonbit_new_tests.mbt:197:3-197:10 [E3002] Expected upper case identifier for type name, found lower case identifier.
azimuth_test/moonbit_new_tests.mbt:207:24-207:31 [E3002] Expected upper case identifier for type name, found lower case identifier.
azimuth_test/moonbit_new_tests.mbt:207:53-207:60 [E3002] Expected upper case identifier for type name, found lower case identifier.
azimuth_test/moonbit_new_tests.mbt:209:3-209:10 [E3002] Expected upper case identifier for type name, found lower case identifier.
azimuth_test/moonbit_new_tests.mbt:212:22-212:29 [E3002] Expected upper case identifier for type name, found lower case identifier.
azimuth_test/moonbit_new_tests.mbt:213:3-213:10 [E3002] Expected upper case identifier for type name, found lower case identifier.
azimuth_test/moonbit_new_tests.mbt:217:25-217:32 [E3002] Expected upper case identifier for type name, found lower case identifier.
azimuth_test/moonbit_new_tests.mbt:217:54-217:61 [E3002] Expected upper case identifier for type name, found lower case identifier.
azimuth_test/moonbit_new_tests.mbt:218:22-218:29 [E3002] Expected upper case identifier for type name, found lower case identifier.
azimuth_test/moonbit_new_tests.mbt:219:3-219:10 [E3002] Expected upper case identifier for type name, found lower case identifier.
Error: moonbit_new_tests.mbt compilation failed
Checking new_basic_test_suite.mbt...
Found 10 tests in new_basic_test_suite.mbt
test ... ok
test ... ok
test ... ok
test ... ok
test ... ok
test ... ok
test ... ok
test ... ok
test ... ok
test ... ok
Checking additional_moonbit_test_cases.mbt...
Found 10 tests in additional_moonbit_test_cases.mbt
test ... ok
test ... ok
test ... ok
test ... ok
test ... ok
test ... ok
test ... ok
test ... ok
test ... ok
test ... ok
Checking professional_moonbit_tests.mbt...
Found 10 tests in professional_moonbit_tests.mbt
test ... ok
test ... ok
test ... ok
test ... ok
test ... ok
test ... ok
test ... ok
test ... ok
test ... ok
test ... ok
Checking new_standard_tests.mbt...
Found 10 tests in new_standard_tests.mbt
test ... ok
test ... ok
test ... ok
test ... ok
test ... ok
test ... ok
test ... ok
test ... ok
test ... ok
test ... ok
Checking focused_moonbit_tests.mbt...
azimuth_test/focused_moonbit_tests.mbt:165:7-165:8 [E0002] Warning (unused_value): Unused variable 'y'
Found 10 tests in focused_moonbit_tests.mbt
test ... ok
test ... ok
test ... ok
test ... ok
test ... ok
test ... ok
test ... ok
test ... ok
test ... ok
test ... ok
Checking new_enhanced_moonbit_tests.mbt...
azimuth_test/new_enhanced_moonbit_tests.mbt:109:3-109:43 [E4014] Type Mismatch
        has type : Unit
        wanted   : function type
azimuth_test/new_enhanced_moonbit_tests.mbt:113:3-113:43 [E4014] Type Mismatch
        has type : Unit
        wanted   : function type
azimuth_test/new_enhanced_moonbit_tests.mbt:118:22-118:46 [E4014] Expr Type Mismatch
        has type : Bool
        wanted   : Int
azimuth_test/new_enhanced_moonbit_tests.mbt:118:48-118:52 [E4014] Expr Type Mismatch
        has type : Bool
        wanted   : Int
azimuth_test/new_enhanced_moonbit_tests.mbt:124:3-124:49 [E4014] Type Mismatch
        has type : Unit
        wanted   : function type
azimuth_test/new_enhanced_moonbit_tests.mbt:125:3-125:49 [E4014] Type Mismatch
        has type : Unit
        wanted   : function type
azimuth_test/new_enhanced_moonbit_tests.mbt:279:7-279:19 [E0002] Warning (unused_value): Unused variable 'input_string'
azimuth_test/new_enhanced_moonbit_tests.mbt:287:7-287:32 [E0002] Warning (unused_value): Unused variable 'slightly_different_string'
Error: new_enhanced_moonbit_tests.mbt compilation failed
Checking practical_test_cases.mbt...
azimuth_test/practical_test_cases.mbt:115:22-115:54 [E4080] This function has type (Int, Int) -> Int, which requires 2 arguments, but is given 3 arguments.
azimuth_test/practical_test_cases.mbt:115:22-115:65 [E4014] Expr Type Mismatch
        has type : Bool
        wanted   : Int
azimuth_test/practical_test_cases.mbt:115:3-115:66 [E4080] This function has type (Int, Int) -> Unit, which requires 2 arguments, but is given 1 arguments.
azimuth_test/practical_test_cases.mbt:116:22-116:57 [E4080] This function has type (Int, Int) -> Int, which requires 2 arguments, but is given 3 arguments.
azimuth_test/practical_test_cases.mbt:116:22-116:68 [E4014] Expr Type Mismatch
        has type : Bool
        wanted   : Int
azimuth_test/practical_test_cases.mbt:116:3-116:69 [E4080] This function has type (Int, Int) -> Unit, which requires 2 arguments, but is given 1 arguments.
Error: practical_test_cases.mbt compilation failed
Checking additional_comprehensive_tests.mbt...
Found 10 tests in additional_comprehensive_tests.mbt
test ... ok
test ... ok
test ... ok
test ... ok
test ... ok
test ... ok
test ... ok
test ... ok
test ... ok
test ... ok
Checking enhanced_application_tests.mbt...
azimuth_test/enhanced_application_tests.mbt:10:7-10:20 [E0002] Warning (unused_value): Unused variable 'angle_degrees'
azimuth_test/enhanced_application_tests.mbt:27:22-27:26 [E4014] Expr Type Mismatch
        has type : Bool
        wanted   : Int
azimuth_test/enhanced_application_tests.mbt:27:28-27:52 [E4014] Expr Type Mismatch
        has type : Bool
        wanted   : Int
azimuth_test/enhanced_application_tests.mbt:28:22-28:26 [E4014] Expr Type Mismatch
        has type : Bool
        wanted   : Int
azimuth_test/enhanced_application_tests.mbt:28:28-28:47 [E4014] Expr Type Mismatch
        has type : Bool
        wanted   : Int
azimuth_test/enhanced_application_tests.mbt:29:22-29:26 [E4014] Expr Type Mismatch
        has type : Bool
        wanted   : Int
azimuth_test/enhanced_application_tests.mbt:29:28-29:48 [E4014] Expr Type Mismatch
        has type : Bool
        wanted   : Int
azimuth_test/enhanced_application_tests.mbt:103:7-103:16 [E0002] Warning (unused_value): Unused variable 'plaintext'
azimuth_test/enhanced_application_tests.mbt:139:22-139:26 [E4014] Expr Type Mismatch
        has type : Bool
        wanted   : Int
azimuth_test/enhanced_application_tests.mbt:139:28-139:40 [E4014] Expr Type Mismatch
        has type : Bool
        wanted   : Int
azimuth_test/enhanced_application_tests.mbt:140:22-140:26 [E4014] Expr Type Mismatch
        has type : Bool
        wanted   : Int
azimuth_test/enhanced_application_tests.mbt:140:28-140:44 [E4014] Expr Type Mismatch
        has type : Bool
        wanted   : Int
azimuth_test/enhanced_application_tests.mbt:144:22-144:30 [E4014] Expr Type Mismatch
        has type : Bool
        wanted   : Int
azimuth_test/enhanced_application_tests.mbt:144:32-144:36 [E4014] Expr Type Mismatch
        has type : Bool
        wanted   : Int
azimuth_test/enhanced_application_tests.mbt:177:22-177:35 [E4014] Expr Type Mismatch
        has type : Bool
        wanted   : Int
azimuth_test/enhanced_application_tests.mbt:177:37-177:41 [E4014] Expr Type Mismatch
        has type : Bool
        wanted   : Int
azimuth_test/enhanced_application_tests.mbt:178:22-178:36 [E4014] Expr Type Mismatch
        has type : Bool
        wanted   : Int
azimuth_test/enhanced_application_tests.mbt:178:38-178:42 [E4014] Expr Type Mismatch
        has type : Bool
        wanted   : Int
azimuth_test/enhanced_application_tests.mbt:179:22-179:34 [E4014] Expr Type Mismatch
        has type : Bool
        wanted   : Int
azimuth_test/enhanced_application_tests.mbt:179:36-179:40 [E4014] Expr Type Mismatch
        has type : Bool
        wanted   : Int
azimuth_test/enhanced_application_tests.mbt:208:22-208:34 [E4014] Expr Type Mismatch
        has type : Bool
        wanted   : Int
azimuth_test/enhanced_application_tests.mbt:208:36-208:40 [E4014] Expr Type Mismatch
        has type : Bool
        wanted   : Int
azimuth_test/enhanced_application_tests.mbt:234:22-234:26 [E4014] Expr Type Mismatch
        has type : Bool
        wanted   : Int
azimuth_test/enhanced_application_tests.mbt:234:28-234:49 [E4014] Expr Type Mismatch
        has type : Bool
        wanted   : Int
azimuth_test/enhanced_application_tests.mbt:235:22-235:26 [E4014] Expr Type Mismatch
        has type : Bool
        wanted   : Int
azimuth_test/enhanced_application_tests.mbt:235:28-235:49 [E4014] Expr Type Mismatch
        has type : Bool
        wanted   : Int
Error: enhanced_application_tests.mbt compilation failed
Checking moonbit_additional_test_cases.mbt...
Found 9 tests in moonbit_additional_test_cases.mbt
test ... ok
test ... ok
test ... ok
test ... ok
test ... ok
test ... ok
test ... ok
test ... ok
test ... ok
Checking final_moonbit_tests.mbt...
Found 10 tests in final_moonbit_tests.mbt
test ... ok
test ... ok
test ... ok
test ... ok
test ... ok
test ... ok
test ... ok
test ... ok
test ... ok
test ... ok
Checking new_moonbit_standard_tests.mbt...
azimuth_test/new_moonbit_standard_tests.mbt:115:22-115:52 [E4080] This function has type (Int, Int) -> Int, which requires 2 arguments, but is given 3 arguments.
azimuth_test/new_moonbit_standard_tests.mbt:115:22-115:63 [E4014] Expr Type Mismatch
        has type : Bool
        wanted   : Int
azimuth_test/new_moonbit_standard_tests.mbt:115:3-115:64 [E4080] This function has type (Int, Int) -> Unit, which requires 2 arguments, but is given 1 arguments.
azimuth_test/new_moonbit_standard_tests.mbt:116:22-116:53 [E4080] This function has type (Int, Int) -> Int, which requires 2 arguments, but is given 3 arguments.
azimuth_test/new_moonbit_standard_tests.mbt:116:22-116:64 [E4014] Expr Type Mismatch
        has type : Bool
        wanted   : Int
azimuth_test/new_moonbit_standard_tests.mbt:116:3-116:65 [E4080] This function has type (Int, Int) -> Unit, which requires 2 arguments, but is given 1 arguments.
azimuth_test/new_moonbit_standard_tests.mbt:117:22-117:57 [E4080] This function has type (Int, Int) -> Int, which requires 2 arguments, but is given 3 arguments.
azimuth_test/new_moonbit_standard_tests.mbt:117:22-117:68 [E4014] Expr Type Mismatch
        has type : Bool
        wanted   : Int
azimuth_test/new_moonbit_standard_tests.mbt:117:3-117:69 [E4080] This function has type (Int, Int) -> Unit, which requires 2 arguments, but is given 1 arguments.
azimuth_test/new_moonbit_standard_tests.mbt:118:22-118:58 [E4080] This function has type (Int, Int) -> Int, which requires 2 arguments, but is given 3 arguments.
azimuth_test/new_moonbit_standard_tests.mbt:118:22-118:69 [E4014] Expr Type Mismatch
        has type : Bool
        wanted   : Int
azimuth_test/new_moonbit_standard_tests.mbt:118:3-118:70 [E4080] This function has type (Int, Int) -> Unit, which requires 2 arguments, but is given 1 arguments.
Error: new_moonbit_standard_tests.mbt compilation failed
Checking extra_moonbit_test_cases.mbt...
Found 10 tests in extra_moonbit_test_cases.mbt
test ... ok
test ... ok
test ... ok
test ... ok
test ... ok
test ... ok
test ... ok
test ... ok
test ... ok
test ... ok
Checking new_moonbit_test_examples.mbt...
azimuth_test/new_moonbit_test_examples.mbt:120:22-120:26 [E4014] Expr Type Mismatch
        has type : Bool
        wanted   : Int
azimuth_test/new_moonbit_test_examples.mbt:120:28-120:34 [E4014] Expr Type Mismatch
        has type : Bool
        wanted   : Int
azimuth_test/new_moonbit_test_examples.mbt:121:22-121:28 [E4014] Expr Type Mismatch
        has type : Bool
        wanted   : Int
azimuth_test/new_moonbit_test_examples.mbt:121:30-121:34 [E4014] Expr Type Mismatch
        has type : Bool
        wanted   : Int
azimuth_test/new_moonbit_test_examples.mbt:122:3-122:35 [E4014] Type Mismatch
        has type : Unit
        wanted   : function type
azimuth_test/new_moonbit_test_examples.mbt:123:3-123:35 [E4014] Type Mismatch
        has type : Unit
        wanted   : function type
azimuth_test/new_moonbit_test_examples.mbt:161:7-161:17 [E0002] Warning (unused_value): Unused variable 'cache_size'
azimuth_test/new_moonbit_test_examples.mbt:181:22-181:55 [E4080] This function has type (Int, Int) -> Int, which requires 2 arguments, but is given 3 arguments.
azimuth_test/new_moonbit_test_examples.mbt:181:22-181:66 [E4014] Expr Type Mismatch
        has type : Bool
        wanted   : Int
azimuth_test/new_moonbit_test_examples.mbt:181:3-181:67 [E4080] This function has type (Int, Int) -> Unit, which requires 2 arguments, but is given 1 arguments.
azimuth_test/new_moonbit_test_examples.mbt:182:22-182:56 [E4080] This function has type (Int, Int) -> Int, which requires 2 arguments, but is given 3 arguments.
azimuth_test/new_moonbit_test_examples.mbt:182:22-182:67 [E4014] Expr Type Mismatch
        has type : Bool
        wanted   : Int
azimuth_test/new_moonbit_test_examples.mbt:182:3-182:68 [E4080] This function has type (Int, Int) -> Unit, which requires 2 arguments, but is given 1 arguments.
azimuth_test/new_moonbit_test_examples.mbt:183:22-183:57 [E4080] This function has type (Int, Int) -> Int, which requires 2 arguments, but is given 3 arguments.
azimuth_test/new_moonbit_test_examples.mbt:183:22-183:68 [E4014] Expr Type Mismatch
        has type : Bool
        wanted   : Int
azimuth_test/new_moonbit_test_examples.mbt:183:3-183:69 [E4080] This function has type (Int, Int) -> Unit, which requires 2 arguments, but is given 1 arguments.
azimuth_test/new_moonbit_test_examples.mbt:184:22-184:58 [E4080] This function has type (Int, Int) -> Int, which requires 2 arguments, but is given 3 arguments.
azimuth_test/new_moonbit_test_examples.mbt:184:22-184:69 [E4014] Expr Type Mismatch
        has type : Bool
        wanted   : Int
azimuth_test/new_moonbit_test_examples.mbt:184:3-184:70 [E4080] This function has type (Int, Int) -> Unit, which requires 2 arguments, but is given 1 arguments.
Error: new_moonbit_test_examples.mbt compilation failed
Test file new_comprehensive_moonbit_tests.mbt not found
Checking additional_moonbit_tests_final.mbt...
azimuth_test/additional_moonbit_tests_final.mbt:62:7-62:12 [E0002] Warning (unused_value): Unused variable 'value'
azimuth_test/additional_moonbit_tests_final.mbt:72:22-72:36 [E4014] Expr Type Mismatch
        has type : Bool
        wanted   : Int
azimuth_test/additional_moonbit_tests_final.mbt:72:38-72:42 [E4014] Expr Type Mismatch
        has type : Bool
        wanted   : Int
azimuth_test/additional_moonbit_tests_final.mbt:77:3-77:45 [E4014] Type Mismatch
        has type : Unit
        wanted   : function type
azimuth_test/additional_moonbit_tests_final.mbt:102:22-102:26 [E4014] Expr Type Mismatch
        has type : Bool
        wanted   : Int
azimuth_test/additional_moonbit_tests_final.mbt:102:28-102:63 [E4014] Expr Type Mismatch
        has type : Bool
        wanted   : Int
azimuth_test/additional_moonbit_tests_final.mbt:103:22-103:26 [E4014] Expr Type Mismatch
        has type : Bool
        wanted   : Int
azimuth_test/additional_moonbit_tests_final.mbt:103:28-103:65 [E4014] Expr Type Mismatch
        has type : Bool
        wanted   : Int
azimuth_test/additional_moonbit_tests_final.mbt:218:22-218:38 [E4014] Expr Type Mismatch
        has type : Bool
        wanted   : Int
azimuth_test/additional_moonbit_tests_final.mbt:218:40-218:44 [E4014] Expr Type Mismatch
        has type : Bool
        wanted   : Int
azimuth_test/additional_moonbit_tests_final.mbt:226:22-226:39 [E4014] Expr Type Mismatch
        has type : Bool
        wanted   : Int
azimuth_test/additional_moonbit_tests_final.mbt:226:41-226:45 [E4014] Expr Type Mismatch
        has type : Bool
        wanted   : Int
azimuth_test/additional_moonbit_tests_final.mbt:234:22-234:38 [E4014] Expr Type Mismatch
        has type : Bool
        wanted   : Int
azimuth_test/additional_moonbit_tests_final.mbt:234:40-234:44 [E4014] Expr Type Mismatch
        has type : Bool
        wanted   : Int
azimuth_test/additional_moonbit_tests_final.mbt:238:22-238:26 [E4014] Expr Type Mismatch
        has type : Bool
        wanted   : Int
azimuth_test/additional_moonbit_tests_final.mbt:238:28-238:41 [E4014] Expr Type Mismatch
        has type : Bool
        wanted   : Int
azimuth_test/additional_moonbit_tests_final.mbt:250:22-250:35 [E4014] Expr Type Mismatch
        has type : Bool
        wanted   : Int
azimuth_test/additional_moonbit_tests_final.mbt:250:37-250:41 [E4014] Expr Type Mismatch
        has type : Bool
        wanted   : Int
Error: additional_moonbit_tests_final.mbt compilation failed
Checking new_test_cases.mbt...
azimuth_test/new_test_cases.mbt:132:22-132:52 [E4080] This function has type (Int, Int) -> Int, which requires 2 arguments, but is given 3 arguments.
azimuth_test/new_test_cases.mbt:132:22-132:63 [E4014] Expr Type Mismatch
        has type : Bool
        wanted   : Int
azimuth_test/new_test_cases.mbt:132:3-132:64 [E4080] This function has type (Int, Int) -> Unit, which requires 2 arguments, but is given 1 arguments.
azimuth_test/new_test_cases.mbt:133:22-133:53 [E4080] This function has type (Int, Int) -> Int, which requires 2 arguments, but is given 3 arguments.
azimuth_test/new_test_cases.mbt:133:22-133:64 [E4014] Expr Type Mismatch
        has type : Bool
        wanted   : Int
azimuth_test/new_test_cases.mbt:133:3-133:65 [E4080] This function has type (Int, Int) -> Unit, which requires 2 arguments, but is given 1 arguments.
azimuth_test/new_test_cases.mbt:134:22-134:57 [E4080] This function has type (Int, Int) -> Int, which requires 2 arguments, but is given 3 arguments.
azimuth_test/new_test_cases.mbt:134:22-134:68 [E4014] Expr Type Mismatch
        has type : Bool
        wanted   : Int
azimuth_test/new_test_cases.mbt:134:3-134:69 [E4080] This function has type (Int, Int) -> Unit, which requires 2 arguments, but is given 1 arguments.
azimuth_test/new_test_cases.mbt:135:22-135:58 [E4080] This function has type (Int, Int) -> Int, which requires 2 arguments, but is given 3 arguments.
azimuth_test/new_test_cases.mbt:135:22-135:69 [E4014] Expr Type Mismatch
        has type : Bool
        wanted   : Int
azimuth_test/new_test_cases.mbt:135:3-135:70 [E4080] This function has type (Int, Int) -> Unit, which requires 2 arguments, but is given 1 arguments.
Error: new_test_cases.mbt compilation failed
Checking moon_test_standard.mbt...
Found 10 tests in moon_test_standard.mbt
test ... ok
test ... ok
test ... ok
test ... ok
test ... ok
test ... ok
test ... ok
test ... ok
test ... ok
test ... ok
Checking creative_moonbit_tests.mbt...
azimuth_test/creative_moonbit_tests.mbt:87:7-87:19 [E0002] Warning (unused_value): Unused variable 'input_string'
azimuth_test/creative_moonbit_tests.mbt:100:7-100:20 [E0002] Warning (unused_value): Unused variable 'input_string2'
azimuth_test/creative_moonbit_tests.mbt:245:7-245:17 [E0002] Warning (unused_value): Unused variable 'swap_count'
Found 10 tests in creative_moonbit_tests.mbt
test ... ok
test ... ok
test ... ok
test ... ok
test ... ok
test ... ok
test ... ok
test ... ok
test ... ok
test ... ok
Checking standard_test_suite.mbt...
Found 8 tests in standard_test_suite.mbt
test ... ok
test ... ok
test ... ok
test ... ok
test ... ok
test ... ok
test ... ok
test ... ok
Checking additional_test_scenarios.mbt...
Found 10 tests in additional_test_scenarios.mbt
test ... ok
test ... ok
test ... ok
test ... ok
test ... ok
test ... ok
test ... ok
test ... ok
test ... ok
test ... ok
Checking azimuth_enhanced_test_suite.mbt...
azimuth_test/azimuth_enhanced_test_suite.mbt:48:7-48:24 [E0002] Warning (unused_value): Unused variable 'calories_per_step'
Found 10 tests in azimuth_enhanced_test_suite.mbt
test ... ok
test ... ok
test ... ok
test ... ok
test ... ok
test ... ok
test ... ok
test ... ok
test ... ok
test ... ok
Checking focused_core_tests.mbt...
Found 10 tests in focused_core_tests.mbt
test ... ok
test ... ok
test ... ok
test ... ok
test ... ok
test ... ok
test ... ok
test ... ok
test ... ok
test ... ok
Checking my_additional_tests.mbt...
azimuth_test/my_additional_tests.mbt:68:7-68:20 [E0002] Warning (unused_value): Unused variable 'celsius_temps'
azimuth_test/my_additional_tests.mbt:69:7-69:26 [E0002] Warning (unused_value): Unused variable 'expected_fahrenheit'
azimuth_test/my_additional_tests.mbt:134:7-134:12 [E0002] Warning (unused_value): Unused variable 'angle'
azimuth_test/my_additional_tests.mbt:157:7-157:11 [E0002] Warning (unused_value): Unused variable 'rows'
Found 10 tests in my_additional_tests.mbt
test ... ok
test ... ok
test ... ok
test ... ok
test ... ok
test ... ok
test ... ok
test ... ok
test ... ok
test ... ok
Checking additional_moonbit_tests_new.mbt...
azimuth_test/additional_moonbit_tests_new.mbt:118:22-118:54 [E4080] This function has type (Int, Int) -> Int, which requires 2 arguments, but is given 3 arguments.
azimuth_test/additional_moonbit_tests_new.mbt:118:22-118:65 [E4014] Expr Type Mismatch
        has type : Bool
        wanted   : Int
azimuth_test/additional_moonbit_tests_new.mbt:118:3-118:66 [E4080] This function has type (Int, Int) -> Unit, which requires 2 arguments, but is given 1 arguments.
azimuth_test/additional_moonbit_tests_new.mbt:119:22-119:55 [E4080] This function has type (Int, Int) -> Int, which requires 2 arguments, but is given 3 arguments.
azimuth_test/additional_moonbit_tests_new.mbt:119:22-119:66 [E4014] Expr Type Mismatch
        has type : Bool
        wanted   : Int
azimuth_test/additional_moonbit_tests_new.mbt:119:3-119:67 [E4080] This function has type (Int, Int) -> Unit, which requires 2 arguments, but is given 1 arguments.
azimuth_test/additional_moonbit_tests_new.mbt:120:22-120:57 [E4080] This function has type (Int, Int) -> Int, which requires 2 arguments, but is given 3 arguments.
azimuth_test/additional_moonbit_tests_new.mbt:120:22-120:68 [E4014] Expr Type Mismatch
        has type : Bool
        wanted   : Int
azimuth_test/additional_moonbit_tests_new.mbt:120:3-120:69 [E4080] This function has type (Int, Int) -> Unit, which requires 2 arguments, but is given 1 arguments.
azimuth_test/additional_moonbit_tests_new.mbt:121:22-121:57 [E4080] This function has type (Int, Int) -> Int, which requires 2 arguments, but is given 3 arguments.
azimuth_test/additional_moonbit_tests_new.mbt:121:22-121:68 [E4014] Expr Type Mismatch
        has type : Bool
        wanted   : Int
azimuth_test/additional_moonbit_tests_new.mbt:121:3-121:69 [E4080] This function has type (Int, Int) -> Unit, which requires 2 arguments, but is given 1 arguments.
azimuth_test/additional_moonbit_tests_new.mbt:124:22-124:46 [E4080] This function has type (Int, Int) -> Int, which requires 2 arguments, but is given 3 arguments.
azimuth_test/additional_moonbit_tests_new.mbt:124:22-124:51 [E4014] Expr Type Mismatch
        has type : Bool
        wanted   : Int
azimuth_test/additional_moonbit_tests_new.mbt:124:3-124:52 [E4080] This function has type (Int, Int) -> Unit, which requires 2 arguments, but is given 1 arguments.
azimuth_test/additional_moonbit_tests_new.mbt:125:22-125:51 [E4080] This function has type (Int, Int) -> Int, which requires 2 arguments, but is given 3 arguments.
azimuth_test/additional_moonbit_tests_new.mbt:125:22-125:57 [E4014] Expr Type Mismatch
        has type : Bool
        wanted   : Int
azimuth_test/additional_moonbit_tests_new.mbt:125:3-125:58 [E4080] This function has type (Int, Int) -> Unit, which requires 2 arguments, but is given 1 arguments.
azimuth_test/additional_moonbit_tests_new.mbt:126:22-126:50 [E4080] This function has type (String) -> String, which requires 1 arguments, but is given 2 arguments.
azimuth_test/additional_moonbit_tests_new.mbt:126:22-126:68 [E4014] Expr Type Mismatch
        has type : Bool
        wanted   : Int
azimuth_test/additional_moonbit_tests_new.mbt:126:3-126:69 [E4080] This function has type (Int, Int) -> Unit, which requires 2 arguments, but is given 1 arguments.
Error: additional_moonbit_tests_new.mbt compilation failed
Checking moonbit_standard_test_cases_new.mbt...
Found 9 tests in moonbit_standard_test_cases_new.mbt
test ... ok
test ... ok
test ... ok
test ... ok
test ... ok
test ... ok
test ... ok
test ... ok
test ... ok
Checking standard_moonbit_tests_new.mbt...
azimuth_test/standard_moonbit_tests_new.mbt:119:7-119:18 [E0002] Warning (unused_value): Unused variable 'data_points'
Found 9 tests in standard_moonbit_tests_new.mbt
test ... ok
test ... ok
test ... ok
test ... ok
test ... ok
test ... ok
test ... ok
test ... ok
test ... ok
Checking new_moon_test_cases.mbt...
Found 10 tests in new_moon_test_cases.mbt
test ... ok
test ... ok
test ... ok
test ... ok
test ... ok
test ... ok
test ... ok
test ... ok
test ... ok
test ... ok
Checking user_added_tests.mbt...
Found 10 tests in user_added_tests.mbt
test ... ok
test ... ok
test ... ok
test ... ok
test ... ok
test ... ok
test ... ok
test ... ok
test ... ok
test ... ok
Checking advanced_ceiling_tests.mbt...
azimuth_test/advanced_ceiling_tests.mbt:76:22-76:46 [E4014] Expr Type Mismatch
        has type : Bool
        wanted   : Int
azimuth_test/advanced_ceiling_tests.mbt:76:48-76:52 [E4014] Expr Type Mismatch
        has type : Bool
        wanted   : Int
Error: advanced_ceiling_tests.mbt compilation failed
Checking enhanced_practical_tests.mbt...
azimuth_test/enhanced_practical_tests.mbt:53:22-53:36 [E4014] Expr Type Mismatch
        has type : Bool
        wanted   : Int
azimuth_test/enhanced_practical_tests.mbt:53:38-53:42 [E4014] Expr Type Mismatch
        has type : Bool
        wanted   : Int
azimuth_test/enhanced_practical_tests.mbt:56:22-56:36 [E4014] Expr Type Mismatch
        has type : Bool
        wanted   : Int
azimuth_test/enhanced_practical_tests.mbt:56:38-56:42 [E4014] Expr Type Mismatch
        has type : Bool
        wanted   : Int
azimuth_test/enhanced_practical_tests.mbt:59:22-59:36 [E4014] Expr Type Mismatch
        has type : Bool
        wanted   : Int
azimuth_test/enhanced_practical_tests.mbt:59:38-59:42 [E4014] Expr Type Mismatch
        has type : Bool
        wanted   : Int
azimuth_test/enhanced_practical_tests.mbt:64:3-64:45 [E4014] Type Mismatch
        has type : Unit
        wanted   : function type
azimuth_test/enhanced_practical_tests.mbt:68:3-68:45 [E4014] Type Mismatch
        has type : Unit
        wanted   : function type
azimuth_test/enhanced_practical_tests.mbt:76:22-76:26 [E4014] Expr Type Mismatch
        has type : Bool
        wanted   : Int
azimuth_test/enhanced_practical_tests.mbt:76:28-76:51 [E4014] Expr Type Mismatch
        has type : Bool
        wanted   : Int
azimuth_test/enhanced_practical_tests.mbt:81:22-81:26 [E4014] Expr Type Mismatch
        has type : Bool
        wanted   : Int
azimuth_test/enhanced_practical_tests.mbt:81:28-81:51 [E4014] Expr Type Mismatch
        has type : Bool
        wanted   : Int
azimuth_test/enhanced_practical_tests.mbt:86:22-86:26 [E4014] Expr Type Mismatch
        has type : Bool
        wanted   : Int
azimuth_test/enhanced_practical_tests.mbt:86:28-86:51 [E4014] Expr Type Mismatch
        has type : Bool
        wanted   : Int
azimuth_test/enhanced_practical_tests.mbt:107:3-107:42 [E4014] Type Mismatch
        has type : Unit
        wanted   : function type
azimuth_test/enhanced_practical_tests.mbt:132:22-132:26 [E4014] Expr Type Mismatch
        has type : Bool
        wanted   : Int
azimuth_test/enhanced_practical_tests.mbt:132:28-132:49 [E4014] Expr Type Mismatch
        has type : Bool
        wanted   : Int
azimuth_test/enhanced_practical_tests.mbt:133:22-133:26 [E4014] Expr Type Mismatch
        has type : Bool
        wanted   : Int
azimuth_test/enhanced_practical_tests.mbt:133:28-133:48 [E4014] Expr Type Mismatch
        has type : Bool
        wanted   : Int
azimuth_test/enhanced_practical_tests.mbt:142:22-142:36 [E4014] Expr Type Mismatch
        has type : Bool
        wanted   : Int
azimuth_test/enhanced_practical_tests.mbt:142:38-142:42 [E4014] Expr Type Mismatch
        has type : Bool
        wanted   : Int
azimuth_test/enhanced_practical_tests.mbt:145:22-145:36 [E4014] Expr Type Mismatch
        has type : Bool
        wanted   : Int
azimuth_test/enhanced_practical_tests.mbt:145:38-145:42 [E4014] Expr Type Mismatch
        has type : Bool
        wanted   : Int
azimuth_test/enhanced_practical_tests.mbt:148:22-148:36 [E4014] Expr Type Mismatch
        has type : Bool
        wanted   : Int
azimuth_test/enhanced_practical_tests.mbt:148:38-148:42 [E4014] Expr Type Mismatch
        has type : Bool
        wanted   : Int
azimuth_test/enhanced_practical_tests.mbt:151:3-151:43 [E4014] Type Mismatch
        has type : Unit
        wanted   : function type
azimuth_test/enhanced_practical_tests.mbt:159:3-159:42 [E4014] Type Mismatch
        has type : Unit
        wanted   : function type
azimuth_test/enhanced_practical_tests.mbt:199:22-199:43 [E4014] Expr Type Mismatch
        has type : Bool
        wanted   : Int
azimuth_test/enhanced_practical_tests.mbt:199:45-199:49 [E4014] Expr Type Mismatch
        has type : Bool
        wanted   : Int
azimuth_test/enhanced_practical_tests.mbt:210:3-210:45 [E4014] Type Mismatch
        has type : Unit
        wanted   : function type
azimuth_test/enhanced_practical_tests.mbt:218:22-218:39 [E4014] Expr Type Mismatch
        has type : Bool
        wanted   : Int
azimuth_test/enhanced_practical_tests.mbt:218:41-218:45 [E4014] Expr Type Mismatch
        has type : Bool
        wanted   : Int
Error: enhanced_practical_tests.mbt compilation failed
Checking moonbit_enhanced_tests.mbt...
Found 10 tests in moonbit_enhanced_tests.mbt
test ... ok
test ... ok
test ... ok
test ... ok
test ... ok
test ... ok
test ... ok
test ... ok
test ... ok
test ... ok
Checking azimuth_extended_tests.mbt...
Found 10 tests in azimuth_extended_tests.mbt
test ... ok
test ... ok
test ... ok
test ... ok
test ... ok
test ... ok
test ... ok
test ... ok
test ... ok
test ... ok
Checking enhanced_moonbit_tests.mbt...
azimuth_test/enhanced_moonbit_tests.mbt:148:22-148:52 [E4080] This function has type (Int, Int) -> Int, which requires 2 arguments, but is given 3 arguments.
azimuth_test/enhanced_moonbit_tests.mbt:148:22-148:63 [E4014] Expr Type Mismatch
        has type : Bool
        wanted   : Int
azimuth_test/enhanced_moonbit_tests.mbt:148:3-148:64 [E4080] This function has type (Int, Int) -> Unit, which requires 2 arguments, but is given 1 arguments.
azimuth_test/enhanced_moonbit_tests.mbt:149:22-149:53 [E4080] This function has type (Int, Int) -> Int, which requires 2 arguments, but is given 3 arguments.
azimuth_test/enhanced_moonbit_tests.mbt:149:22-149:64 [E4014] Expr Type Mismatch
        has type : Bool
        wanted   : Int
azimuth_test/enhanced_moonbit_tests.mbt:149:3-149:65 [E4080] This function has type (Int, Int) -> Unit, which requires 2 arguments, but is given 1 arguments.
azimuth_test/enhanced_moonbit_tests.mbt:150:22-150:57 [E4080] This function has type (Int, Int) -> Int, which requires 2 arguments, but is given 3 arguments.
azimuth_test/enhanced_moonbit_tests.mbt:150:22-150:68 [E4014] Expr Type Mismatch
        has type : Bool
        wanted   : Int
azimuth_test/enhanced_moonbit_tests.mbt:150:3-150:69 [E4080] This function has type (Int, Int) -> Unit, which requires 2 arguments, but is given 1 arguments.
azimuth_test/enhanced_moonbit_tests.mbt:151:22-151:58 [E4080] This function has type (Int, Int) -> Int, which requires 2 arguments, but is given 3 arguments.
azimuth_test/enhanced_moonbit_tests.mbt:151:22-151:69 [E4014] Expr Type Mismatch
        has type : Bool
        wanted   : Int
azimuth_test/enhanced_moonbit_tests.mbt:151:3-151:70 [E4080] This function has type (Int, Int) -> Unit, which requires 2 arguments, but is given 1 arguments.
azimuth_test/enhanced_moonbit_tests.mbt:195:7-195:12 [E0002] Warning (unused_value): Unused variable 'terms'
Error: enhanced_moonbit_tests.mbt compilation failed
Checking simple_enhanced_test.mbt...
Found 3 tests in simple_enhanced_test.mbt
test ... ok
test ... ok
test ... ok
Checking moonbit_simple_tests.mbt...
azimuth_test/moonbit_simple_tests.mbt:15:3-15:14 [E4021] The value identifier assert_true is unbound.
azimuth_test/moonbit_simple_tests.mbt:22:3-22:14 [E4021] The value identifier assert_true is unbound.
azimuth_test/moonbit_simple_tests.mbt:30:12-30:15 [E4021] The value identifier add is unbound.
azimuth_test/moonbit_simple_tests.mbt:31:12-31:15 [E4021] The value identifier add is unbound.
azimuth_test/moonbit_simple_tests.mbt:32:12-32:15 [E4021] The value identifier add is unbound.
azimuth_test/moonbit_simple_tests.mbt:33:12-33:15 [E4021] The value identifier add is unbound.
azimuth_test/moonbit_simple_tests.mbt:34:12-34:15 [E4021] The value identifier add is unbound.
azimuth_test/moonbit_simple_tests.mbt:35:12-35:15 [E4021] The value identifier add is unbound.
azimuth_test/moonbit_simple_tests.mbt:36:12-36:15 [E4021] The value identifier add is unbound.
azimuth_test/moonbit_simple_tests.mbt:37:12-37:15 [E4021] The value identifier add is unbound.
azimuth_test/moonbit_simple_tests.mbt:38:13-38:16 [E4021] The value identifier add is unbound.
azimuth_test/moonbit_simple_tests.mbt:40:3-40:12 [E4021] The value identifier assert_eq is unbound.
azimuth_test/moonbit_simple_tests.mbt:41:3-41:12 [E4021] The value identifier assert_eq is unbound.
azimuth_test/moonbit_simple_tests.mbt:42:3-42:12 [E4021] The value identifier assert_eq is unbound.
azimuth_test/moonbit_simple_tests.mbt:43:3-43:12 [E4021] The value identifier assert_eq is unbound.
azimuth_test/moonbit_simple_tests.mbt:44:3-44:12 [E4021] The value identifier assert_eq is unbound.
azimuth_test/moonbit_simple_tests.mbt:45:3-45:12 [E4021] The value identifier assert_eq is unbound.
azimuth_test/moonbit_simple_tests.mbt:46:3-46:12 [E4021] The value identifier assert_eq is unbound.
azimuth_test/moonbit_simple_tests.mbt:47:3-47:12 [E4021] The value identifier assert_eq is unbound.
azimuth_test/moonbit_simple_tests.mbt:48:3-48:12 [E4021] The value identifier assert_eq is unbound.
azimuth_test/moonbit_simple_tests.mbt:59:3-59:12 [E4021] The value identifier assert_eq is unbound.
azimuth_test/moonbit_simple_tests.mbt:74:21-74:24 [E4021] The value identifier add is unbound.
azimuth_test/moonbit_simple_tests.mbt:74:25-74:28 [E4021] The value identifier add is unbound.
azimuth_test/moonbit_simple_tests.mbt:74:29-74:32 [E4021] The value identifier add is unbound.
azimuth_test/moonbit_simple_tests.mbt:74:33-74:41 [E4021] The value identifier multiply is unbound.
azimuth_test/moonbit_simple_tests.mbt:74:52-74:60 [E4021] The value identifier multiply is unbound.
azimuth_test/moonbit_simple_tests.mbt:74:72-74:80 [E4021] The value identifier multiply is unbound.
azimuth_test/moonbit_simple_tests.mbt:75:3-75:12 [E4021] The value identifier assert_eq is unbound.
azimuth_test/moonbit_simple_tests.mbt:90:3-90:14 [E4021] The value identifier assert_true is unbound.
azimuth_test/moonbit_simple_tests.mbt:99:3-99:14 [E4021] The value identifier assert_true is unbound.
azimuth_test/moonbit_simple_tests.mbt:112:15-112:23 [E4021] The value identifier multiply is unbound.
azimuth_test/moonbit_simple_tests.mbt:112:32-112:40 [E4021] The value identifier multiply is unbound.
azimuth_test/moonbit_simple_tests.mbt:113:15-113:23 [E4021] The value identifier multiply is unbound.
azimuth_test/moonbit_simple_tests.mbt:113:32-113:40 [E4021] The value identifier multiply is unbound.
azimuth_test/moonbit_simple_tests.mbt:114:15-114:23 [E4021] The value identifier multiply is unbound.
azimuth_test/moonbit_simple_tests.mbt:114:32-114:40 [E4021] The value identifier multiply is unbound.
azimuth_test/moonbit_simple_tests.mbt:115:22-115:25 [E4021] The value identifier add is unbound.
azimuth_test/moonbit_simple_tests.mbt:115:26-115:29 [E4021] The value identifier add is unbound.
azimuth_test/moonbit_simple_tests.mbt:117:3-117:12 [E4021] The value identifier assert_eq is unbound.
azimuth_test/moonbit_simple_tests.mbt:124:16-124:24 [E4021] The value identifier multiply is unbound.
azimuth_test/moonbit_simple_tests.mbt:124:34-124:42 [E4021] The value identifier multiply is unbound.
azimuth_test/moonbit_simple_tests.mbt:125:16-125:24 [E4021] The value identifier multiply is unbound.
azimuth_test/moonbit_simple_tests.mbt:125:34-125:42 [E4021] The value identifier multiply is unbound.
azimuth_test/moonbit_simple_tests.mbt:126:16-126:24 [E4021] The value identifier multiply is unbound.
azimuth_test/moonbit_simple_tests.mbt:126:34-126:42 [E4021] The value identifier multiply is unbound.
azimuth_test/moonbit_simple_tests.mbt:127:23-127:26 [E4021] The value identifier add is unbound.
azimuth_test/moonbit_simple_tests.mbt:127:27-127:30 [E4021] The value identifier add is unbound.
azimuth_test/moonbit_simple_tests.mbt:129:3-129:14 [E4021] The value identifier assert_true is unbound.
azimuth_test/moonbit_simple_tests.mbt:141:3-141:14 [E4021] The value identifier assert_true is unbound.
azimuth_test/moonbit_simple_tests.mbt:147:3-147:14 [E4021] The value identifier assert_true is unbound.
azimuth_test/moonbit_simple_tests.mbt:158:3-158:14 [E4021] The value identifier assert_true is unbound.
azimuth_test/moonbit_simple_tests.mbt:161:19-161:27 [E4021] The value identifier multiply is unbound.
azimuth_test/moonbit_simple_tests.mbt:162:19-162:27 [E4021] The value identifier multiply is unbound.
azimuth_test/moonbit_simple_tests.mbt:163:19-163:27 [E4021] The value identifier multiply is unbound.
azimuth_test/moonbit_simple_tests.mbt:165:38-165:39 [E4018] Type Unit does not implement trait Add: no `impl` is defined
azimuth_test/moonbit_simple_tests.mbt:166:3-166:14 [E4021] The value identifier assert_true is unbound.
azimuth_test/moonbit_simple_tests.mbt:174:3-174:14 [E4021] The value identifier assert_true is unbound.
azimuth_test/moonbit_simple_tests.mbt:183:30-183:33 [E4021] The value identifier add is unbound.
azimuth_test/moonbit_simple_tests.mbt:183:34-183:42 [E4021] The value identifier multiply is unbound.
azimuth_test/moonbit_simple_tests.mbt:185:3-185:12 [E4021] The value identifier assert_eq is unbound.
azimuth_test/moonbit_simple_tests.mbt:189:30-189:33 [E4021] The value identifier add is unbound.
azimuth_test/moonbit_simple_tests.mbt:189:34-189:42 [E4021] The value identifier multiply is unbound.
azimuth_test/moonbit_simple_tests.mbt:191:3-191:12 [E4021] The value identifier assert_eq is unbound.
azimuth_test/moonbit_simple_tests.mbt:195:29-195:32 [E4021] The value identifier add is unbound.
azimuth_test/moonbit_simple_tests.mbt:195:33-195:41 [E4021] The value identifier multiply is unbound.
azimuth_test/moonbit_simple_tests.mbt:197:3-197:12 [E4021] The value identifier assert_eq is unbound.
azimuth_test/moonbit_simple_tests.mbt:207:24-207:32 [E4021] The value identifier multiply is unbound.
azimuth_test/moonbit_simple_tests.mbt:207:44-207:52 [E4021] The value identifier multiply is unbound.
azimuth_test/moonbit_simple_tests.mbt:209:3-209:12 [E4021] The value identifier assert_eq is unbound.
azimuth_test/moonbit_simple_tests.mbt:212:22-212:25 [E4021] The value identifier add is unbound.
azimuth_test/moonbit_simple_tests.mbt:213:3-213:12 [E4021] The value identifier assert_eq is unbound.
azimuth_test/moonbit_simple_tests.mbt:217:25-217:33 [E4021] The value identifier multiply is unbound.
azimuth_test/moonbit_simple_tests.mbt:217:45-217:53 [E4021] The value identifier multiply is unbound.
azimuth_test/moonbit_simple_tests.mbt:218:22-218:25 [E4021] The value identifier add is unbound.
azimuth_test/moonbit_simple_tests.mbt:219:3-219:12 [E4021] The value identifier assert_eq is unbound.
Error: moonbit_simple_tests.mbt compilation failed
Checking moonbit_comprehensive_tests.mbt...
azimuth_test/moonbit_comprehensive_tests.mbt:198:22-198:52 [E4080] This function has type (Int, Int) -> Int, which requires 2 arguments, but is given 3 arguments.
azimuth_test/moonbit_comprehensive_tests.mbt:198:22-198:63 [E4014] Expr Type Mismatch
        has type : Bool
        wanted   : Int
azimuth_test/moonbit_comprehensive_tests.mbt:198:3-198:64 [E4080] This function has type (Int, Int) -> Unit, which requires 2 arguments, but is given 1 arguments.
azimuth_test/moonbit_comprehensive_tests.mbt:199:3-199:63 [E4014] Type Mismatch
        has type : Unit
        wanted   : function type
Error: moonbit_comprehensive_tests.mbt compilation failed
Checking new_advanced_moon_tests.mbt...
azimuth_test/new_advanced_moon_tests.mbt:200:7-200:19 [E0002] Warning (unused_value): Unused variable 'base_weekday'
azimuth_test/new_advanced_moon_tests.mbt:239:7-239:17 [E0002] Warning (unused_value): Unused variable 'remainder3'
azimuth_test/new_advanced_moon_tests.mbt:254:7-254:17 [E0002] Warning (unused_value): Unused variable 'remainder6'
azimuth_test/new_advanced_moon_tests.mbt:289:22-289:32 [E4014] Expr Type Mismatch
        has type : Bool
        wanted   : Int
azimuth_test/new_advanced_moon_tests.mbt:289:34-289:38 [E4014] Expr Type Mismatch
        has type : Bool
        wanted   : Int
azimuth_test/new_advanced_moon_tests.mbt:295:3-295:40 [E4014] Type Mismatch
        has type : Unit
        wanted   : function type
Error: new_advanced_moon_tests.mbt compilation failed
Checking moonbit_enhanced_test_suite.mbt...
azimuth_test/moonbit_enhanced_test_suite.mbt:128:3-128:43 [E4014] Type Mismatch
        has type : Unit
        wanted   : function type
azimuth_test/moonbit_enhanced_test_suite.mbt:129:3-129:43 [E4014] Type Mismatch
        has type : Unit
        wanted   : function type
azimuth_test/moonbit_enhanced_test_suite.mbt:130:3-130:43 [E4014] Type Mismatch
        has type : Unit
        wanted   : function type
azimuth_test/moonbit_enhanced_test_suite.mbt:137:22-137:40 [E4014] Expr Type Mismatch
        has type : Bool
        wanted   : Int
azimuth_test/moonbit_enhanced_test_suite.mbt:137:42-137:46 [E4014] Expr Type Mismatch
        has type : Bool
        wanted   : Int
azimuth_test/moonbit_enhanced_test_suite.mbt:138:22-138:40 [E4014] Expr Type Mismatch
        has type : Bool
        wanted   : Int
azimuth_test/moonbit_enhanced_test_suite.mbt:138:42-138:46 [E4014] Expr Type Mismatch
        has type : Bool
        wanted   : Int
azimuth_test/moonbit_enhanced_test_suite.mbt:152:22-152:31 [E4014] Expr Type Mismatch
        has type : Bool
        wanted   : Int
azimuth_test/moonbit_enhanced_test_suite.mbt:152:33-152:37 [E4014] Expr Type Mismatch
        has type : Bool
        wanted   : Int
azimuth_test/moonbit_enhanced_test_suite.mbt:156:3-156:38 [E4014] Type Mismatch
        has type : Unit
        wanted   : function type
azimuth_test/moonbit_enhanced_test_suite.mbt:160:3-160:38 [E4014] Type Mismatch
        has type : Unit
        wanted   : function type
azimuth_test/moonbit_enhanced_test_suite.mbt:164:22-164:31 [E4014] Expr Type Mismatch
        has type : Bool
        wanted   : Int
azimuth_test/moonbit_enhanced_test_suite.mbt:164:33-164:37 [E4014] Expr Type Mismatch
        has type : Bool
        wanted   : Int
azimuth_test/moonbit_enhanced_test_suite.mbt:230:3-230:40 [E4014] Type Mismatch
        has type : Unit
        wanted   : function type
azimuth_test/moonbit_enhanced_test_suite.mbt:234:22-234:32 [E4014] Expr Type Mismatch
        has type : Bool
        wanted   : Int
azimuth_test/moonbit_enhanced_test_suite.mbt:234:34-234:38 [E4014] Expr Type Mismatch
        has type : Bool
        wanted   : Int
azimuth_test/moonbit_enhanced_test_suite.mbt:239:3-239:34 [E4014] Type Mismatch
        has type : Unit
        wanted   : function type
azimuth_test/moonbit_enhanced_test_suite.mbt:240:22-240:27 [E4014] Expr Type Mismatch
        has type : Bool
        wanted   : Int
azimuth_test/moonbit_enhanced_test_suite.mbt:240:29-240:33 [E4014] Expr Type Mismatch
        has type : Bool
        wanted   : Int
azimuth_test/moonbit_enhanced_test_suite.mbt:245:3-245:35 [E4014] Type Mismatch
        has type : Unit
        wanted   : function type
Error: moonbit_enhanced_test_suite.mbt compilation failed
Checking practical_moonbit_tests.mbt...
azimuth_test/practical_moonbit_tests.mbt:160:7-160:11 [E0002] Warning (unused_value): Unused variable 'time'
Found 10 tests in practical_moonbit_tests.mbt
test ... ok
test ... ok
test ... ok
test ... ok
test ... ok
test ... ok
test ... ok
test ... ok
test ... ok
test ... ok
Checking self_contained_tests.mbt...
Found 10 tests in self_contained_tests.mbt
test ... ok
test ... ok
test ... ok
test ... ok
test ... ok
test ... ok
test ... ok
test ... ok
test ... ok
test ... ok
Checking new_comprehensive_test_cases.mbt...
Found 10 tests in new_comprehensive_test_cases.mbt
test ... ok
test ... ok
test ... ok
test ... ok
test ... ok
test ... ok
test ... ok
test ... ok
test ... ok
test ... ok
Checking additional_moonbit_test_suite.mbt...
azimuth_test/additional_moonbit_test_suite.mbt:6:7-6:14 [E0002] Warning (unused_value): Unused variable 'max_val'
azimuth_test/additional_moonbit_test_suite.mbt:7:7-7:14 [E0002] Warning (unused_value): Unused variable 'min_val'
azimuth_test/additional_moonbit_test_suite.mbt:10:3-10:10 [E3002] Expected upper case identifier for type name, found lower case identifier.
azimuth_test/additional_moonbit_test_suite.mbt:10:12-10:20 [E3002] Parse error, unexpected token package name, you may expect method name, constructor name, "[" or "{".
azimuth_test/additional_moonbit_test_suite.mbt:11:3-11:10 [E3002] Expected upper case identifier for type name, found lower case identifier.
azimuth_test/additional_moonbit_test_suite.mbt:11:12-11:20 [E3002] Parse error, unexpected token package name, you may expect method name, constructor name, "[" or "{".
azimuth_test/additional_moonbit_test_suite.mbt:12:3-12:10 [E3002] Expected upper case identifier for type name, found lower case identifier.
azimuth_test/additional_moonbit_test_suite.mbt:12:12-12:20 [E3002] Parse error, unexpected token package name, you may expect method name, constructor name, "[" or "{".
azimuth_test/additional_moonbit_test_suite.mbt:15:3-15:10 [E3002] Expected upper case identifier for type name, found lower case identifier.
azimuth_test/additional_moonbit_test_suite.mbt:15:12-15:20 [E3002] Parse error, unexpected token package name, you may expect method name, constructor name, "[" or "{".
azimuth_test/additional_moonbit_test_suite.mbt:16:3-16:10 [E3002] Expected upper case identifier for type name, found lower case identifier.
azimuth_test/additional_moonbit_test_suite.mbt:16:12-16:20 [E3002] Parse error, unexpected token package name, you may expect method name, constructor name, "[" or "{".
azimuth_test/additional_moonbit_test_suite.mbt:19:3-19:10 [E3002] Expected upper case identifier for type name, found lower case identifier.
azimuth_test/additional_moonbit_test_suite.mbt:19:12-19:20 [E3002] Parse error, unexpected token package name, you may expect method name, constructor name, "[" or "{".
azimuth_test/additional_moonbit_test_suite.mbt:20:3-20:10 [E3002] Expected upper case identifier for type name, found lower case identifier.
azimuth_test/additional_moonbit_test_suite.mbt:20:12-20:20 [E3002] Parse error, unexpected token package name, you may expect method name, constructor name, "[" or "{".
azimuth_test/additional_moonbit_test_suite.mbt:23:3-23:10 [E3002] Expected upper case identifier for type name, found lower case identifier.
azimuth_test/additional_moonbit_test_suite.mbt:23:12-23:20 [E3002] Parse error, unexpected token package name, you may expect method name, constructor name, "[" or "{".
azimuth_test/additional_moonbit_test_suite.mbt:24:3-24:10 [E3002] Expected upper case identifier for type name, found lower case identifier.
azimuth_test/additional_moonbit_test_suite.mbt:24:12-24:20 [E3002] Parse error, unexpected token package name, you may expect method name, constructor name, "[" or "{".
azimuth_test/additional_moonbit_test_suite.mbt:29:7-29:14 [E0002] Warning (unused_value): Unused variable 'max_val'
azimuth_test/additional_moonbit_test_suite.mbt:30:7-30:14 [E0002] Warning (unused_value): Unused variable 'min_val'
azimuth_test/additional_moonbit_test_suite.mbt:33:3-33:10 [E3002] Expected upper case identifier for type name, found lower case identifier.
azimuth_test/additional_moonbit_test_suite.mbt:33:12-33:20 [E3002] Parse error, unexpected token package name, you may expect method name, constructor name, "[" or "{".
azimuth_test/additional_moonbit_test_suite.mbt:34:3-34:10 [E3002] Expected upper case identifier for type name, found lower case identifier.
azimuth_test/additional_moonbit_test_suite.mbt:34:12-34:20 [E3002] Parse error, unexpected token package name, you may expect method name, constructor name, "[" or "{".
azimuth_test/additional_moonbit_test_suite.mbt:35:3-35:10 [E3002] Expected upper case identifier for type name, found lower case identifier.
azimuth_test/additional_moonbit_test_suite.mbt:35:12-35:20 [E3002] Parse error, unexpected token package name, you may expect method name, constructor name, "[" or "{".
azimuth_test/additional_moonbit_test_suite.mbt:38:3-38:10 [E3002] Expected upper case identifier for type name, found lower case identifier.
azimuth_test/additional_moonbit_test_suite.mbt:38:12-38:20 [E3002] Parse error, unexpected token package name, you may expect method name, constructor name, "[" or "{".
azimuth_test/additional_moonbit_test_suite.mbt:39:3-39:10 [E3002] Expected upper case identifier for type name, found lower case identifier.
azimuth_test/additional_moonbit_test_suite.mbt:39:12-39:20 [E3002] Parse error, unexpected token package name, you may expect method name, constructor name, "[" or "{".
azimuth_test/additional_moonbit_test_suite.mbt:40:3-40:10 [E3002] Expected upper case identifier for type name, found lower case identifier.
azimuth_test/additional_moonbit_test_suite.mbt:40:12-40:20 [E3002] Parse error, unexpected token package name, you may expect method name, constructor name, "[" or "{".
azimuth_test/additional_moonbit_test_suite.mbt:41:3-41:10 [E3002] Expected upper case identifier for type name, found lower case identifier.
azimuth_test/additional_moonbit_test_suite.mbt:41:12-41:20 [E3002] Parse error, unexpected token package name, you may expect method name, constructor name, "[" or "{".
azimuth_test/additional_moonbit_test_suite.mbt:44:3-44:10 [E3002] Expected upper case identifier for type name, found lower case identifier.
azimuth_test/additional_moonbit_test_suite.mbt:44:12-44:20 [E3002] Parse error, unexpected token package name, you may expect method name, constructor name, "[" or "{".
azimuth_test/additional_moonbit_test_suite.mbt:45:3-45:10 [E3002] Expected upper case identifier for type name, found lower case identifier.
azimuth_test/additional_moonbit_test_suite.mbt:45:12-45:20 [E3002] Parse error, unexpected token package name, you may expect method name, constructor name, "[" or "{".
azimuth_test/additional_moonbit_test_suite.mbt:51:3-51:10 [E3002] Expected upper case identifier for type name, found lower case identifier.
azimuth_test/additional_moonbit_test_suite.mbt:51:12-51:20 [E3002] Parse error, unexpected token package name, you may expect method name, constructor name, "[" or "{".
azimuth_test/additional_moonbit_test_suite.mbt:54:3-54:10 [E3002] Expected upper case identifier for type name, found lower case identifier.
azimuth_test/additional_moonbit_test_suite.mbt:54:12-54:20 [E3002] Parse error, unexpected token package name, you may expect method name, constructor name, "[" or "{".
azimuth_test/additional_moonbit_test_suite.mbt:55:3-55:10 [E3002] Expected upper case identifier for type name, found lower case identifier.
azimuth_test/additional_moonbit_test_suite.mbt:55:12-55:20 [E3002] Parse error, unexpected token package name, you may expect method name, constructor name, "[" or "{".
azimuth_test/additional_moonbit_test_suite.mbt:58:3-58:10 [E3002] Expected upper case identifier for type name, found lower case identifier.
azimuth_test/additional_moonbit_test_suite.mbt:58:12-58:20 [E3002] Parse error, unexpected token package name, you may expect method name, constructor name, "[" or "{".
azimuth_test/additional_moonbit_test_suite.mbt:59:3-59:10 [E3002] Expected upper case identifier for type name, found lower case identifier.
azimuth_test/additional_moonbit_test_suite.mbt:59:12-59:20 [E3002] Parse error, unexpected token package name, you may expect method name, constructor name, "[" or "{".
azimuth_test/additional_moonbit_test_suite.mbt:62:3-62:10 [E3002] Expected upper case identifier for type name, found lower case identifier.
azimuth_test/additional_moonbit_test_suite.mbt:62:12-62:20 [E3002] Parse error, unexpected token package name, you may expect method name, constructor name, "[" or "{".
azimuth_test/additional_moonbit_test_suite.mbt:63:3-63:10 [E3002] Expected upper case identifier for type name, found lower case identifier.
azimuth_test/additional_moonbit_test_suite.mbt:63:12-63:20 [E3002] Parse error, unexpected token package name, you may expect method name, constructor name, "[" or "{".
azimuth_test/additional_moonbit_test_suite.mbt:66:7-66:16 [E0002] Warning (unused_value): Unused variable 'long_name'
azimuth_test/additional_moonbit_test_suite.mbt:67:3-67:10 [E3002] Expected upper case identifier for type name, found lower case identifier.
azimuth_test/additional_moonbit_test_suite.mbt:67:12-67:20 [E3002] Parse error, unexpected token package name, you may expect method name, constructor name, "[" or "{".
azimuth_test/additional_moonbit_test_suite.mbt:126:7-126:14 [E0002] Warning (unused_value): Unused variable 'gravity'
azimuth_test/additional_moonbit_test_suite.mbt:135:7-135:13 [E0002] Warning (unused_value): Unused variable 'values'
azimuth_test/additional_moonbit_test_suite.mbt:162:22-162:52 [E4080] This function has type (Int, Int) -> Int, which requires 2 arguments, but is given 3 arguments.
azimuth_test/additional_moonbit_test_suite.mbt:162:22-162:63 [E4014] Expr Type Mismatch
        has type : Bool
        wanted   : Int
azimuth_test/additional_moonbit_test_suite.mbt:162:3-162:64 [E4080] This function has type (Int, Int) -> Unit, which requires 2 arguments, but is given 1 arguments.
azimuth_test/additional_moonbit_test_suite.mbt:163:22-163:53 [E4080] This function has type (Int, Int) -> Int, which requires 2 arguments, but is given 3 arguments.
azimuth_test/additional_moonbit_test_suite.mbt:163:22-163:64 [E4014] Expr Type Mismatch
        has type : Bool
        wanted   : Int
azimuth_test/additional_moonbit_test_suite.mbt:163:3-163:65 [E4080] This function has type (Int, Int) -> Unit, which requires 2 arguments, but is given 1 arguments.
azimuth_test/additional_moonbit_test_suite.mbt:164:22-164:57 [E4080] This function has type (Int, Int) -> Int, which requires 2 arguments, but is given 3 arguments.
azimuth_test/additional_moonbit_test_suite.mbt:164:22-164:68 [E4014] Expr Type Mismatch
        has type : Bool
        wanted   : Int
azimuth_test/additional_moonbit_test_suite.mbt:164:3-164:69 [E4080] This function has type (Int, Int) -> Unit, which requires 2 arguments, but is given 1 arguments.
azimuth_test/additional_moonbit_test_suite.mbt:165:22-165:58 [E4080] This function has type (Int, Int) -> Int, which requires 2 arguments, but is given 3 arguments.
azimuth_test/additional_moonbit_test_suite.mbt:165:22-165:69 [E4014] Expr Type Mismatch
        has type : Bool
        wanted   : Int
azimuth_test/additional_moonbit_test_suite.mbt:165:3-165:70 [E4080] This function has type (Int, Int) -> Unit, which requires 2 arguments, but is given 1 arguments.
azimuth_test/additional_moonbit_test_suite.mbt:168:3-168:10 [E3002] Expected upper case identifier for type name, found lower case identifier.
azimuth_test/additional_moonbit_test_suite.mbt:168:12-168:20 [E3002] Parse error, unexpected token package name, you may expect method name, constructor name, "[" or "{".
azimuth_test/additional_moonbit_test_suite.mbt:169:3-169:10 [E3002] Expected upper case identifier for type name, found lower case identifier.
azimuth_test/additional_moonbit_test_suite.mbt:169:12-169:20 [E3002] Parse error, unexpected token package name, you may expect method name, constructor name, "[" or "{".
azimuth_test/additional_moonbit_test_suite.mbt:170:3-170:10 [E3002] Expected upper case identifier for type name, found lower case identifier.
azimuth_test/additional_moonbit_test_suite.mbt:170:12-170:20 [E3002] Parse error, unexpected token package name, you may expect method name, constructor name, "[" or "{".
azimuth_test/additional_moonbit_test_suite.mbt:171:3-171:10 [E3002] Expected upper case identifier for type name, found lower case identifier.
azimuth_test/additional_moonbit_test_suite.mbt:171:12-171:20 [E3002] Parse error, unexpected token package name, you may expect method name, constructor name, "[" or "{".
azimuth_test/additional_moonbit_test_suite.mbt:174:22-174:58 [E4080] This function has type (Int, Int) -> Int, which requires 2 arguments, but is given 3 arguments.
azimuth_test/additional_moonbit_test_suite.mbt:174:22-174:69 [E4014] Expr Type Mismatch
        has type : Bool
        wanted   : Int
azimuth_test/additional_moonbit_test_suite.mbt:174:3-174:70 [E4080] This function has type (Int, Int) -> Unit, which requires 2 arguments, but is given 1 arguments.
azimuth_test/additional_moonbit_test_suite.mbt:175:22-175:58 [E4080] This function has type (Int, Int) -> Int, which requires 2 arguments, but is given 3 arguments.
azimuth_test/additional_moonbit_test_suite.mbt:175:22-175:64 [E4014] Expr Type Mismatch
        has type : Bool
        wanted   : Int
azimuth_test/additional_moonbit_test_suite.mbt:175:3-175:65 [E4080] This function has type (Int, Int) -> Unit, which requires 2 arguments, but is given 1 arguments.
Error: additional_moonbit_test_suite.mbt compilation failed
Checking simple_additional_tests.mbt...
Found 10 tests in simple_additional_tests.mbt
test ... ok
test ... ok
test ... ok
test ... ok
test ... ok
test ... ok
test ... ok
test ... ok
test ... ok
test ... ok
Checking optimized_moonbit_tests.mbt...
azimuth_test/optimized_moonbit_tests.mbt:71:22-71:33 [E4014] Expr Type Mismatch
        has type : Bool
        wanted   : Int
azimuth_test/optimized_moonbit_tests.mbt:71:35-71:39 [E4014] Expr Type Mismatch
        has type : Bool
        wanted   : Int
azimuth_test/optimized_moonbit_tests.mbt:72:3-72:40 [E4014] Type Mismatch
        has type : Unit
        wanted   : function type
Error: optimized_moonbit_tests.mbt compilation failed
Checking simple_optimized_tests.mbt...
Found 10 tests in simple_optimized_tests.mbt
test ... ok
test ... ok
test ... ok
test ... ok
test ... ok
test ... ok
test ... ok
test ... ok
test ... ok
test ... ok
Checking ../new_enhanced_tests.mbt...
azimuth_test/new_enhanced_tests.mbt:163:3-163:23 [E4021] Value assert_true not found in package `azimuth`.
azimuth_test/new_enhanced_tests.mbt:164:3-164:24 [E4021] Value assert_false not found in package `azimuth`.
azimuth_test/new_enhanced_tests.mbt:169:3-169:23 [E4021] Value assert_true not found in package `azimuth`.
azimuth_test/new_enhanced_tests.mbt:170:3-170:23 [E4021] Value assert_true not found in package `azimuth`.
azimuth_test/new_enhanced_tests.mbt:171:3-171:23 [E4021] Value assert_true not found in package `azimuth`.
azimuth_test/new_enhanced_tests.mbt:172:3-172:23 [E4021] Value assert_true not found in package `azimuth`.
Error: ../new_enhanced_tests.mbt compilation failed
Checking ../simple_verification_test.mbt...
azimuth_test/simple_verification_test.mbt:4:3-4:12 [E4021] The value identifier assert_eq is unbound.
azimuth_test/simple_verification_test.mbt:4:16-4:19 [E4021] The value identifier add is unbound.
azimuth_test/simple_verification_test.mbt:5:3-5:12 [E4021] The value identifier assert_eq is unbound.
azimuth_test/simple_verification_test.mbt:5:16-5:24 [E4021] The value identifier multiply is unbound.
azimuth_test/simple_verification_test.mbt:6:3-6:19 [E4021] The value identifier assert_eq_string is unbound.
azimuth_test/simple_verification_test.mbt:6:37-6:42 [E4021] The value identifier greet is unbound.
azimuth_test/simple_verification_test.mbt:7:3-7:12 [E4021] The value identifier assert_eq is unbound.
azimuth_test/simple_verification_test.mbt:7:16-7:32 [E4021] The value identifier divide_with_ceil is unbound.
Error: ../simple_verification_test.mbt compilation failed
Checking my_new_tests.mbt...
Found 9 tests in my_new_tests.mbt
test ... ok
test ... ok
test ... ok
test ... ok
test ... ok
test ... ok
test ... ok
test ... ok
test ... ok
Checking azimuth_enhanced_test_cases.mbt...
azimuth_test/azimuth_enhanced_test_cases.mbt:67:7-67:12 [E0002] Warning (unused_value): Unused variable 'years'
azimuth_test/azimuth_enhanced_test_cases.mbt:133:7-133:16 [E0002] Warning (unused_value): Unused variable 'greetings'
Found 9 tests in azimuth_enhanced_test_cases.mbt
test ... ok
test ... ok
test ... ok
test ... ok
test ... ok
test ... ok
test ... ok
test ... ok
test ... ok
Checking azimuth_comprehensive_test_suite.mbt...
Found 10 tests in azimuth_comprehensive_test_suite.mbt
test ... ok
test ... ok
test ... ok
test ... ok
test ... ok
test ... ok
test ... ok
test ... ok
test ... ok
test ... ok
Checking new_comprehensive_standard_tests.mbt...
azimuth_test/new_comprehensive_standard_tests.mbt:114:22-114:55 [E4080] This function has type (Int, Int) -> Int, which requires 2 arguments, but is given 3 arguments.
azimuth_test/new_comprehensive_standard_tests.mbt:114:22-114:66 [E4014] Expr Type Mismatch
        has type : Bool
        wanted   : Int
azimuth_test/new_comprehensive_standard_tests.mbt:114:3-114:67 [E4080] This function has type (Int, Int) -> Unit, which requires 2 arguments, but is given 1 arguments.
azimuth_test/new_comprehensive_standard_tests.mbt:115:22-115:56 [E4080] This function has type (Int, Int) -> Int, which requires 2 arguments, but is given 3 arguments.
azimuth_test/new_comprehensive_standard_tests.mbt:115:22-115:67 [E4014] Expr Type Mismatch
        has type : Bool
        wanted   : Int
azimuth_test/new_comprehensive_standard_tests.mbt:115:3-115:68 [E4080] This function has type (Int, Int) -> Unit, which requires 2 arguments, but is given 1 arguments.
azimuth_test/new_comprehensive_standard_tests.mbt:116:22-116:58 [E4080] This function has type (Int, Int) -> Int, which requires 2 arguments, but is given 3 arguments.
azimuth_test/new_comprehensive_standard_tests.mbt:116:22-116:69 [E4014] Expr Type Mismatch
        has type : Bool
        wanted   : Int
azimuth_test/new_comprehensive_standard_tests.mbt:116:3-116:70 [E4080] This function has type (Int, Int) -> Unit, which requires 2 arguments, but is given 1 arguments.
azimuth_test/new_comprehensive_standard_tests.mbt:117:22-117:58 [E4080] This function has type (Int, Int) -> Int, which requires 2 arguments, but is given 3 arguments.
azimuth_test/new_comprehensive_standard_tests.mbt:117:22-117:69 [E4014] Expr Type Mismatch
        has type : Bool
        wanted   : Int
azimuth_test/new_comprehensive_standard_tests.mbt:117:3-117:70 [E4080] This function has type (Int, Int) -> Unit, which requires 2 arguments, but is given 1 arguments.
azimuth_test/new_comprehensive_standard_tests.mbt:142:22-142:35 [E4095] Integer literal 2000000000000 is out of range.
Error: new_comprehensive_standard_tests.mbt compilation failed
Checking user_comprehensive_tests.mbt...
Found 10 tests in user_comprehensive_tests.mbt
test ... ok
test ... ok
test ... ok
test ... ok
test ... ok
test ... ok
test ... ok
test ... ok
test ... ok
test ... ok
Checking azimuth_new_unit_tests.mbt...
Found 9 tests in azimuth_new_unit_tests.mbt
test ... ok
test ... ok
test ... ok
test ... ok
test ... ok
test ... ok
test ... ok
test ... ok
test ... ok
Checking standard_moonbit_tests.mbt...
azimuth_test/standard_moonbit_tests.mbt:6:3-6:12 [E4021] The value identifier assert_eq is unbound.
azimuth_test/standard_moonbit_tests.mbt:6:16-6:19 [E4021] The value identifier add is unbound.
azimuth_test/standard_moonbit_tests.mbt:7:3-7:12 [E4021] The value identifier assert_eq is unbound.
azimuth_test/standard_moonbit_tests.mbt:7:16-7:19 [E4021] The value identifier add is unbound.
azimuth_test/standard_moonbit_tests.mbt:8:3-8:12 [E4021] The value identifier assert_eq is unbound.
azimuth_test/standard_moonbit_tests.mbt:8:17-8:20 [E4021] The value identifier add is unbound.
azimuth_test/standard_moonbit_tests.mbt:9:3-9:12 [E4021] The value identifier assert_eq is unbound.
azimuth_test/standard_moonbit_tests.mbt:9:17-9:20 [E4021] The value identifier add is unbound.
azimuth_test/standard_moonbit_tests.mbt:14:3-14:12 [E4021] The value identifier assert_eq is unbound.
azimuth_test/standard_moonbit_tests.mbt:14:16-14:24 [E4021] The value identifier multiply is unbound.
azimuth_test/standard_moonbit_tests.mbt:15:3-15:12 [E4021] The value identifier assert_eq is unbound.
azimuth_test/standard_moonbit_tests.mbt:15:16-15:24 [E4021] The value identifier multiply is unbound.
azimuth_test/standard_moonbit_tests.mbt:16:3-16:12 [E4021] The value identifier assert_eq is unbound.
azimuth_test/standard_moonbit_tests.mbt:16:17-16:25 [E4021] The value identifier multiply is unbound.
azimuth_test/standard_moonbit_tests.mbt:17:3-17:12 [E4021] The value identifier assert_eq is unbound.
azimuth_test/standard_moonbit_tests.mbt:17:17-17:25 [E4021] The value identifier multiply is unbound.
azimuth_test/standard_moonbit_tests.mbt:22:3-22:12 [E4021] The value identifier assert_eq is unbound.
azimuth_test/standard_moonbit_tests.mbt:22:16-22:24 [E4021] The value identifier subtract is unbound.
azimuth_test/standard_moonbit_tests.mbt:23:3-23:12 [E4021] The value identifier assert_eq is unbound.
azimuth_test/standard_moonbit_tests.mbt:23:16-23:24 [E4021] The value identifier subtract is unbound.
azimuth_test/standard_moonbit_tests.mbt:24:3-24:12 [E4021] The value identifier assert_eq is unbound.
azimuth_test/standard_moonbit_tests.mbt:24:17-24:25 [E4021] The value identifier subtract is unbound.
azimuth_test/standard_moonbit_tests.mbt:25:3-25:12 [E4021] The value identifier assert_eq is unbound.
azimuth_test/standard_moonbit_tests.mbt:25:17-25:25 [E4021] The value identifier subtract is unbound.
azimuth_test/standard_moonbit_tests.mbt:30:3-30:19 [E4021] The value identifier assert_eq_string is unbound.
azimuth_test/standard_moonbit_tests.mbt:30:37-30:42 [E4021] The value identifier greet is unbound.
azimuth_test/standard_moonbit_tests.mbt:31:3-31:19 [E4021] The value identifier assert_eq_string is unbound.
azimuth_test/standard_moonbit_tests.mbt:31:39-31:44 [E4021] The value identifier greet is unbound.
azimuth_test/standard_moonbit_tests.mbt:32:3-32:19 [E4021] The value identifier assert_eq_string is unbound.
azimuth_test/standard_moonbit_tests.mbt:32:32-32:37 [E4021] The value identifier greet is unbound.
azimuth_test/standard_moonbit_tests.mbt:37:3-37:12 [E4021] The value identifier assert_eq is unbound.
azimuth_test/standard_moonbit_tests.mbt:37:16-37:32 [E4021] The value identifier divide_with_ceil is unbound.
azimuth_test/standard_moonbit_tests.mbt:38:3-38:12 [E4021] The value identifier assert_eq is unbound.
azimuth_test/standard_moonbit_tests.mbt:38:16-38:32 [E4021] The value identifier divide_with_ceil is unbound.
azimuth_test/standard_moonbit_tests.mbt:39:3-39:12 [E4021] The value identifier assert_eq is unbound.
azimuth_test/standard_moonbit_tests.mbt:39:16-39:32 [E4021] The value identifier divide_with_ceil is unbound.
azimuth_test/standard_moonbit_tests.mbt:40:3-40:12 [E4021] The value identifier assert_eq is unbound.
azimuth_test/standard_moonbit_tests.mbt:40:16-40:32 [E4021] The value identifier divide_with_ceil is unbound.
azimuth_test/standard_moonbit_tests.mbt:49:3-49:12 [E4021] The value identifier assert_eq is unbound.
azimuth_test/standard_moonbit_tests.mbt:49:13-49:16 [E4021] The value identifier add is unbound.
azimuth_test/standard_moonbit_tests.mbt:49:24-49:27 [E4021] The value identifier add is unbound.
azimuth_test/standard_moonbit_tests.mbt:52:3-52:12 [E4021] The value identifier assert_eq is unbound.
azimuth_test/standard_moonbit_tests.mbt:52:13-52:21 [E4021] The value identifier multiply is unbound.
azimuth_test/standard_moonbit_tests.mbt:52:29-52:37 [E4021] The value identifier multiply is unbound.
azimuth_test/standard_moonbit_tests.mbt:55:3-55:12 [E4021] The value identifier assert_eq is unbound.
azimuth_test/standard_moonbit_tests.mbt:55:16-55:24 [E4021] The value identifier multiply is unbound.
azimuth_test/standard_moonbit_tests.mbt:56:3-56:12 [E4021] The value identifier assert_eq is unbound.
azimuth_test/standard_moonbit_tests.mbt:56:16-56:19 [E4021] The value identifier add is unbound.
azimuth_test/standard_moonbit_tests.mbt:61:17-61:20 [E4021] The value identifier add is unbound.
azimuth_test/standard_moonbit_tests.mbt:61:21-61:29 [E4021] The value identifier multiply is unbound.
azimuth_test/standard_moonbit_tests.mbt:61:37-61:45 [E4021] The value identifier multiply is unbound.
azimuth_test/standard_moonbit_tests.mbt:62:3-62:12 [E4021] The value identifier assert_eq is unbound.
azimuth_test/standard_moonbit_tests.mbt:64:17-64:25 [E4021] The value identifier multiply is unbound.
azimuth_test/standard_moonbit_tests.mbt:64:26-64:29 [E4021] The value identifier add is unbound.
azimuth_test/standard_moonbit_tests.mbt:65:3-65:12 [E4021] The value identifier assert_eq is unbound.
azimuth_test/standard_moonbit_tests.mbt:74:18-74:26 [E4021] The value identifier multiply is unbound.
azimuth_test/standard_moonbit_tests.mbt:75:15-75:18 [E4021] The value identifier add is unbound.
azimuth_test/standard_moonbit_tests.mbt:77:3-77:12 [E4021] The value identifier assert_eq is unbound.
azimuth_test/standard_moonbit_tests.mbt:78:3-78:12 [E4021] The value identifier assert_eq is unbound.
azimuth_test/standard_moonbit_tests.mbt:85:22-85:38 [E4021] The value identifier divide_with_ceil is unbound.
azimuth_test/standard_moonbit_tests.mbt:87:3-87:12 [E4021] The value identifier assert_eq is unbound.
azimuth_test/standard_moonbit_tests.mbt:92:3-92:19 [E4021] The value identifier assert_eq_string is unbound.
azimuth_test/standard_moonbit_tests.mbt:92:34-92:39 [E4021] The value identifier greet is unbound.
azimuth_test/standard_moonbit_tests.mbt:93:3-93:19 [E4021] The value identifier assert_eq_string is unbound.
azimuth_test/standard_moonbit_tests.mbt:93:33-93:38 [E4021] The value identifier greet is unbound.
azimuth_test/standard_moonbit_tests.mbt:94:3-94:19 [E4021] The value identifier assert_eq_string is unbound.
azimuth_test/standard_moonbit_tests.mbt:94:35-94:40 [E4021] The value identifier greet is unbound.
azimuth_test/standard_moonbit_tests.mbt:95:3-95:19 [E4021] The value identifier assert_eq_string is unbound.
azimuth_test/standard_moonbit_tests.mbt:95:48-95:53 [E4021] The value identifier greet is unbound.
Error: standard_moonbit_tests.mbt compilation failed
Checking self_contained_standard_tests.mbt...
azimuth_test/self_contained_standard_tests.mbt:5:17-5:20 [E3002] Expected upper case identifier for type name, found lower case identifier.
azimuth_test/self_contained_standard_tests.mbt:5:20-5:21 [E3002] Parse error, unexpected token `(`, you may expect `::`.
azimuth_test/self_contained_standard_tests.mbt:7:2-7:2 [E4074] Missing type annotation for the return value.
azimuth_test/self_contained_standard_tests.mbt:9:17-9:25 [E3002] Expected upper case identifier for type name, found lower case identifier.
azimuth_test/self_contained_standard_tests.mbt:9:25-9:26 [E3002] Parse error, unexpected token `(`, you may expect `::`.
azimuth_test/self_contained_standard_tests.mbt:11:2-11:2 [E4074] Missing type annotation for the return value.
azimuth_test/self_contained_standard_tests.mbt:13:17-13:22 [E3002] Expected upper case identifier for type name, found lower case identifier.
azimuth_test/self_contained_standard_tests.mbt:13:22-13:23 [E3002] Parse error, unexpected token `(`, you may expect `::`.
azimuth_test/self_contained_standard_tests.mbt:15:2-15:2 [E4074] Missing type annotation for the return value.
azimuth_test/self_contained_standard_tests.mbt:17:17-17:26 [E3002] Expected upper case identifier for type name, found lower case identifier.
azimuth_test/self_contained_standard_tests.mbt:17:26-17:27 [E3002] Parse error, unexpected token `(`, you may expect `::`.
azimuth_test/self_contained_standard_tests.mbt:23:2-23:2 [E4074] Missing type annotation for the return value.
azimuth_test/self_contained_standard_tests.mbt:25:17-25:33 [E3002] Expected upper case identifier for type name, found lower case identifier.
azimuth_test/self_contained_standard_tests.mbt:25:33-25:34 [E3002] Parse error, unexpected token `(`, you may expect `::`.
azimuth_test/self_contained_standard_tests.mbt:31:2-31:2 [E4074] Missing type annotation for the return value.
Error: self_contained_standard_tests.mbt compilation failed
Checking user_moonbit_standard_tests.mbt...
azimuth_test/user_moonbit_standard_tests.mbt:78:22-78:26 [E4014] Expr Type Mismatch
        has type : Bool
        wanted   : Int
azimuth_test/user_moonbit_standard_tests.mbt:78:28-78:33 [E4014] Expr Type Mismatch
        has type : Bool
        wanted   : Int
azimuth_test/user_moonbit_standard_tests.mbt:79:3-79:34 [E4014] Type Mismatch
        has type : Unit
        wanted   : function type
azimuth_test/user_moonbit_standard_tests.mbt:102:22-102:54 [E4080] This function has type (Int, Int) -> Int, which requires 2 arguments, but is given 3 arguments.
azimuth_test/user_moonbit_standard_tests.mbt:102:22-102:65 [E4014] Expr Type Mismatch
        has type : Bool
        wanted   : Int
azimuth_test/user_moonbit_standard_tests.mbt:102:3-102:66 [E4080] This function has type (Int, Int) -> Unit, which requires 2 arguments, but is given 1 arguments.
azimuth_test/user_moonbit_standard_tests.mbt:103:22-103:57 [E4080] This function has type (Int, Int) -> Int, which requires 2 arguments, but is given 3 arguments.
azimuth_test/user_moonbit_standard_tests.mbt:103:22-103:68 [E4014] Expr Type Mismatch
        has type : Bool
        wanted   : Int
azimuth_test/user_moonbit_standard_tests.mbt:103:3-103:69 [E4080] This function has type (Int, Int) -> Unit, which requires 2 arguments, but is given 1 arguments.
Error: user_moonbit_standard_tests.mbt compilation failed
Checking standard_moonbit_core_tests.mbt...
Found 10 tests in standard_moonbit_core_tests.mbt
test ... ok
test ... ok
test ... ok
test ... ok
test ... ok
test ... ok
test ... ok
test ... ok
test ... ok
test ... ok
Checking standard_moonbit_tests_new.mbt...
azimuth_test/standard_moonbit_tests_new.mbt:119:7-119:18 [E0002] Warning (unused_value): Unused variable 'data_points'
Found 9 tests in standard_moonbit_tests_new.mbt
test ... ok
test ... ok
test ... ok
test ... ok
test ... ok
test ... ok
test ... ok
test ... ok
test ... ok
Checking user_additional_tests.mbt...
Found 10 tests in user_additional_tests.mbt
test ... ok
test ... ok
test ... ok
test ... ok
test ... ok
test ... ok
test ... ok
test ... ok
test ... ok
test ... ok
Checking user_moonbit_test_cases.mbt...
Found 10 tests in user_moonbit_test_cases.mbt
test ... ok
test ... ok
test ... ok
test ... ok
test ... ok
test ... ok
test ... ok
test ... ok
test ... ok
test ... ok
Checking user_focused_moonbit_tests.mbt...
azimuth_test/user_focused_moonbit_tests.mbt:113:22-113:54 [E4080] This function has type (Int, Int) -> Int, which requires 2 arguments, but is given 3 arguments.
azimuth_test/user_focused_moonbit_tests.mbt:113:22-113:65 [E4014] Expr Type Mismatch
        has type : Bool
        wanted   : Int
azimuth_test/user_focused_moonbit_tests.mbt:113:3-113:66 [E4080] This function has type (Int, Int) -> Unit, which requires 2 arguments, but is given 1 arguments.
azimuth_test/user_focused_moonbit_tests.mbt:114:22-114:55 [E4080] This function has type (Int, Int) -> Int, which requires 2 arguments, but is given 3 arguments.
azimuth_test/user_focused_moonbit_tests.mbt:114:22-114:66 [E4014] Expr Type Mismatch
        has type : Bool
        wanted   : Int
azimuth_test/user_focused_moonbit_tests.mbt:114:3-114:67 [E4080] This function has type (Int, Int) -> Unit, which requires 2 arguments, but is given 1 arguments.
azimuth_test/user_focused_moonbit_tests.mbt:115:22-115:57 [E4080] This function has type (Int, Int) -> Int, which requires 2 arguments, but is given 3 arguments.
azimuth_test/user_focused_moonbit_tests.mbt:115:22-115:68 [E4014] Expr Type Mismatch
        has type : Bool
        wanted   : Int
azimuth_test/user_focused_moonbit_tests.mbt:115:3-115:69 [E4080] This function has type (Int, Int) -> Unit, which requires 2 arguments, but is given 1 arguments.
azimuth_test/user_focused_moonbit_tests.mbt:116:22-116:58 [E4080] This function has type (Int, Int) -> Int, which requires 2 arguments, but is given 3 arguments.
azimuth_test/user_focused_moonbit_tests.mbt:116:22-116:69 [E4014] Expr Type Mismatch
        has type : Bool
        wanted   : Int
azimuth_test/user_focused_moonbit_tests.mbt:116:3-116:70 [E4080] This function has type (Int, Int) -> Unit, which requires 2 arguments, but is given 1 arguments.
Error: user_focused_moonbit_tests.mbt compilation failed
Checking user_focused_tests.mbt...
Found 8 tests in user_focused_tests.mbt
test ... ok
test ... ok
test ... ok
test ... ok
test ... ok
test ... ok
test ... ok
test ... ok
Checking azimuth_new_comprehensive_tests.mbt...
azimuth_test/azimuth_new_comprehensive_tests.mbt:15:22-15:33 [E4014] Expr Type Mismatch
        has type : Bool
        wanted   : Int
azimuth_test/azimuth_new_comprehensive_tests.mbt:15:35-15:39 [E4014] Expr Type Mismatch
        has type : Bool
        wanted   : Int
azimuth_test/azimuth_new_comprehensive_tests.mbt:16:3-16:40 [E4014] Type Mismatch
        has type : Unit
        wanted   : function type
azimuth_test/azimuth_new_comprehensive_tests.mbt:17:3-17:40 [E4014] Type Mismatch
        has type : Unit
        wanted   : function type
azimuth_test/azimuth_new_comprehensive_tests.mbt:18:3-18:40 [E4014] Type Mismatch
        has type : Unit
        wanted   : function type
azimuth_test/azimuth_new_comprehensive_tests.mbt:26:22-26:32 [E4014] Expr Type Mismatch
        has type : Bool
        wanted   : Int
azimuth_test/azimuth_new_comprehensive_tests.mbt:26:34-26:38 [E4014] Expr Type Mismatch
        has type : Bool
        wanted   : Int
azimuth_test/azimuth_new_comprehensive_tests.mbt:27:22-27:32 [E4014] Expr Type Mismatch
        has type : Bool
        wanted   : Int
azimuth_test/azimuth_new_comprehensive_tests.mbt:27:34-27:38 [E4014] Expr Type Mismatch
        has type : Bool
        wanted   : Int
azimuth_test/azimuth_new_comprehensive_tests.mbt:28:22-28:32 [E4014] Expr Type Mismatch
        has type : Bool
        wanted   : Int
azimuth_test/azimuth_new_comprehensive_tests.mbt:28:34-28:38 [E4014] Expr Type Mismatch
        has type : Bool
        wanted   : Int
azimuth_test/azimuth_new_comprehensive_tests.mbt:29:3-29:39 [E4014] Type Mismatch
        has type : Unit
        wanted   : function type
azimuth_test/azimuth_new_comprehensive_tests.mbt:39:22-39:28 [E4014] Expr Type Mismatch
        has type : Bool
        wanted   : Int
azimuth_test/azimuth_new_comprehensive_tests.mbt:39:30-39:34 [E4014] Expr Type Mismatch
        has type : Bool
        wanted   : Int
azimuth_test/azimuth_new_comprehensive_tests.mbt:40:3-40:35 [E4014] Type Mismatch
        has type : Unit
        wanted   : function type
azimuth_test/azimuth_new_comprehensive_tests.mbt:43:22-43:28 [E4014] Expr Type Mismatch
        has type : Bool
        wanted   : Int
azimuth_test/azimuth_new_comprehensive_tests.mbt:43:30-43:34 [E4014] Expr Type Mismatch
        has type : Bool
        wanted   : Int
azimuth_test/azimuth_new_comprehensive_tests.mbt:44:3-44:35 [E4014] Type Mismatch
        has type : Unit
        wanted   : function type
azimuth_test/azimuth_new_comprehensive_tests.mbt:47:22-47:26 [E4014] Expr Type Mismatch
        has type : Bool
        wanted   : Int
azimuth_test/azimuth_new_comprehensive_tests.mbt:47:28-47:33 [E4014] Expr Type Mismatch
        has type : Bool
        wanted   : Int
azimuth_test/azimuth_new_comprehensive_tests.mbt:48:3-48:34 [E4014] Type Mismatch
        has type : Unit
        wanted   : function type
azimuth_test/azimuth_new_comprehensive_tests.mbt:49:3-49:34 [E4014] Type Mismatch
        has type : Unit
        wanted   : function type
azimuth_test/azimuth_new_comprehensive_tests.mbt:52:22-52:26 [E4014] Expr Type Mismatch
        has type : Bool
        wanted   : Int
azimuth_test/azimuth_new_comprehensive_tests.mbt:52:28-52:33 [E4014] Expr Type Mismatch
        has type : Bool
        wanted   : Int
azimuth_test/azimuth_new_comprehensive_tests.mbt:53:3-53:34 [E4014] Type Mismatch
        has type : Unit
        wanted   : function type
azimuth_test/azimuth_new_comprehensive_tests.mbt:54:3-54:34 [E4014] Type Mismatch
        has type : Unit
        wanted   : function type
azimuth_test/azimuth_new_comprehensive_tests.mbt:57:22-57:28 [E4014] Expr Type Mismatch
        has type : Bool
        wanted   : Int
azimuth_test/azimuth_new_comprehensive_tests.mbt:57:30-57:34 [E4014] Expr Type Mismatch
        has type : Bool
        wanted   : Int
azimuth_test/azimuth_new_comprehensive_tests.mbt:58:22-58:28 [E4014] Expr Type Mismatch
        has type : Bool
        wanted   : Int
azimuth_test/azimuth_new_comprehensive_tests.mbt:58:30-58:34 [E4014] Expr Type Mismatch
        has type : Bool
        wanted   : Int
azimuth_test/azimuth_new_comprehensive_tests.mbt:59:3-59:35 [E4014] Type Mismatch
        has type : Unit
        wanted   : function type
azimuth_test/azimuth_new_comprehensive_tests.mbt:62:22-62:28 [E4014] Expr Type Mismatch
        has type : Bool
        wanted   : Int
azimuth_test/azimuth_new_comprehensive_tests.mbt:62:30-62:34 [E4014] Expr Type Mismatch
        has type : Bool
        wanted   : Int
azimuth_test/azimuth_new_comprehensive_tests.mbt:63:22-63:28 [E4014] Expr Type Mismatch
        has type : Bool
        wanted   : Int
azimuth_test/azimuth_new_comprehensive_tests.mbt:63:30-63:34 [E4014] Expr Type Mismatch
        has type : Bool
        wanted   : Int
azimuth_test/azimuth_new_comprehensive_tests.mbt:64:3-64:35 [E4014] Type Mismatch
        has type : Unit
        wanted   : function type
azimuth_test/azimuth_new_comprehensive_tests.mbt:146:22-146:26 [E4014] Expr Type Mismatch
        has type : Bool
        wanted   : Int
azimuth_test/azimuth_new_comprehensive_tests.mbt:146:28-146:39 [E4014] Expr Type Mismatch
        has type : Bool
        wanted   : Int
azimuth_test/azimuth_new_comprehensive_tests.mbt:147:22-147:26 [E4014] Expr Type Mismatch
        has type : Bool
        wanted   : Int
azimuth_test/azimuth_new_comprehensive_tests.mbt:147:28-147:39 [E4014] Expr Type Mismatch
        has type : Bool
        wanted   : Int
azimuth_test/azimuth_new_comprehensive_tests.mbt:148:22-148:26 [E4014] Expr Type Mismatch
        has type : Bool
        wanted   : Int
azimuth_test/azimuth_new_comprehensive_tests.mbt:148:28-148:39 [E4014] Expr Type Mismatch
        has type : Bool
        wanted   : Int
azimuth_test/azimuth_new_comprehensive_tests.mbt:149:22-149:26 [E4014] Expr Type Mismatch
        has type : Bool
        wanted   : Int
azimuth_test/azimuth_new_comprehensive_tests.mbt:149:28-149:39 [E4014] Expr Type Mismatch
        has type : Bool
        wanted   : Int
azimuth_test/azimuth_new_comprehensive_tests.mbt:152:22-152:26 [E4014] Expr Type Mismatch
        has type : Bool
        wanted   : Int
azimuth_test/azimuth_new_comprehensive_tests.mbt:152:28-152:39 [E4014] Expr Type Mismatch
        has type : Bool
        wanted   : Int
azimuth_test/azimuth_new_comprehensive_tests.mbt:153:22-153:26 [E4014] Expr Type Mismatch
        has type : Bool
        wanted   : Int
azimuth_test/azimuth_new_comprehensive_tests.mbt:153:28-153:39 [E4014] Expr Type Mismatch
        has type : Bool
        wanted   : Int
azimuth_test/azimuth_new_comprehensive_tests.mbt:154:22-154:26 [E4014] Expr Type Mismatch
        has type : Bool
        wanted   : Int
azimuth_test/azimuth_new_comprehensive_tests.mbt:154:28-154:39 [E4014] Expr Type Mismatch
        has type : Bool
        wanted   : Int
azimuth_test/azimuth_new_comprehensive_tests.mbt:155:22-155:26 [E4014] Expr Type Mismatch
        has type : Bool
        wanted   : Int
azimuth_test/azimuth_new_comprehensive_tests.mbt:155:28-155:39 [E4014] Expr Type Mismatch
        has type : Bool
        wanted   : Int
azimuth_test/azimuth_new_comprehensive_tests.mbt:163:7-163:14 [E0002] Warning (unused_value): Unused variable 'divisor'
Error: azimuth_new_comprehensive_tests.mbt compilation failed
Checking simple_user_tests.mbt...
azimuth_test/simple_user_tests.mbt:83:7-83:9 [E0002] Warning (unused_value): Unused variable 'r3'
azimuth_test/simple_user_tests.mbt:93:7-93:9 [E0002] Warning (unused_value): Unused variable 's2'
azimuth_test/simple_user_tests.mbt:111:5-111:15 [E4087] The variable is_prime_7 is not mutable.
azimuth_test/simple_user_tests.mbt:113:5-113:15 [E4087] The variable is_prime_7 is not mutable.
azimuth_test/simple_user_tests.mbt:115:22-115:26 [E4014] Expr Type Mismatch
        has type : Bool
        wanted   : Int
azimuth_test/simple_user_tests.mbt:115:28-115:38 [E4014] Expr Type Mismatch
        has type : Bool
        wanted   : Int
azimuth_test/simple_user_tests.mbt:127:5-127:15 [E4087] The variable is_prime_9 is not mutable.
azimuth_test/simple_user_tests.mbt:129:5-129:15 [E4087] The variable is_prime_9 is not mutable.
azimuth_test/simple_user_tests.mbt:131:22-131:27 [E4014] Expr Type Mismatch
        has type : Bool
        wanted   : Int
azimuth_test/simple_user_tests.mbt:131:29-131:39 [E4014] Expr Type Mismatch
        has type : Bool
        wanted   : Int
azimuth_test/simple_user_tests.mbt:166:7-166:14 [E0002] Warning (unused_value): Unused variable 'decimal'
azimuth_test/simple_user_tests.mbt:175:7-175:15 [E0002] Warning (unused_value): Unused variable 'decimal2'
azimuth_test/simple_user_tests.mbt:189:7-189:22 [E0002] Warning (unused_value): Unused variable 'months_per_year'
azimuth_test/simple_user_tests.mbt:208:7-208:16 [E0002] Warning (unused_value): Unused variable 'start_day'
azimuth_test/simple_user_tests.mbt:228:7-228:15 [E0002] Warning (unused_value): Unused variable 'c1_after'
azimuth_test/simple_user_tests.mbt:265:22-265:26 [E4014] Expr Type Mismatch
        has type : Bool
        wanted   : Int
azimuth_test/simple_user_tests.mbt:265:28-265:33 [E4014] Expr Type Mismatch
        has type : Bool
        wanted   : Int
azimuth_test/simple_user_tests.mbt:268:7-268:14 [E0002] Warning (unused_value): Unused variable 'target2'
azimuth_test/simple_user_tests.mbt:283:22-283:26 [E4014] Expr Type Mismatch
        has type : Bool
        wanted   : Int
azimuth_test/simple_user_tests.mbt:283:28-283:34 [E4014] Expr Type Mismatch
        has type : Bool
        wanted   : Int
Error: simple_user_tests.mbt compilation failed
Checking simple_azimuth_new_tests.mbt...
Found 5 tests in simple_azimuth_new_tests.mbt
test ... ok
test ... ok
test ... ok
test ... ok
test ... ok
Test file azimuth_new_tests.mbt not found
Checking azimuth_new_practical_tests.mbt...
Found 9 tests in azimuth_new_practical_tests.mbt
test ... ok
test ... ok
test ... ok
test ... ok
test ... ok
test ... ok
test ... ok
test ... ok
test ... ok
Checking user_new_addition_tests.mbt...
Found 10 tests in user_new_addition_tests.mbt
test ... ok
test ... ok
test ... ok
test ... ok
test ... ok
test ... ok
test ... ok
test ... ok
test ... ok
test ... ok
Checking user_comprehensive_tests.mbt...
Found 10 tests in user_comprehensive_tests.mbt
test ... ok
test ... ok
test ... ok
test ... ok
test ... ok
test ... ok
test ... ok
test ... ok
test ... ok
test ... ok
Checking azimuth_new_standard_tests.mbt...
Found 8 tests in azimuth_new_standard_tests.mbt
test ... ok
test ... ok
test ... ok
test ... ok
test ... ok
test ... ok
test ... ok
test ... ok
Checking azimuth_practical_test_suite.mbt...
azimuth_test/azimuth_practical_test_suite.mbt:138:7-138:12 [E0002] Warning (unused_value): Unused variable 'email'
azimuth_test/azimuth_practical_test_suite.mbt:140:7-140:15 [E0002] Warning (unused_value): Unused variable 'password'
Found 8 tests in azimuth_practical_test_suite.mbt
test ... ok
test ... ok
test ... ok
test ... ok
test ... ok
test ... ok
test ... ok
test ... ok
Checking user_focused_tests.mbt...
Found 8 tests in user_focused_tests.mbt
test ... ok
test ... ok
test ... ok
test ... ok
test ... ok
test ... ok
test ... ok
test ... ok
Checking azimuth_comprehensive_unit_tests.mbt...
azimuth_test/azimuth_comprehensive_unit_tests.mbt:89:7-89:8 [E0002] Warning (unused_value): Unused variable 'n'
Found 10 tests in azimuth_comprehensive_unit_tests.mbt
test ... ok
test ... ok
test ... ok
test ... ok
test ... ok
test ... ok
test ... ok
test ... ok
test ... ok
test ... ok
Checking user_enhanced_tests.mbt...
Found 10 tests in user_enhanced_tests.mbt
test ... ok
test ... ok
test ... ok
test ... ok
test ... ok
test ... ok
test ... ok
test ... ok
test ... ok
test ... ok
Checking additional_standard_tests.mbt...
azimuth_test/additional_standard_tests.mbt:6:3-6:12 [E4021] The value identifier assert_eq is unbound.
azimuth_test/additional_standard_tests.mbt:6:16-6:24 [E4021] The value identifier subtract is unbound.
azimuth_test/additional_standard_tests.mbt:7:3-7:12 [E4021] The value identifier assert_eq is unbound.
azimuth_test/additional_standard_tests.mbt:7:17-7:25 [E4021] The value identifier subtract is unbound.
azimuth_test/additional_standard_tests.mbt:8:3-8:12 [E4021] The value identifier assert_eq is unbound.
azimuth_test/additional_standard_tests.mbt:8:16-8:24 [E4021] The value identifier subtract is unbound.
azimuth_test/additional_standard_tests.mbt:9:3-9:12 [E4021] The value identifier assert_eq is unbound.
azimuth_test/additional_standard_tests.mbt:9:17-9:25 [E4021] The value identifier subtract is unbound.
azimuth_test/additional_standard_tests.mbt:10:3-10:12 [E4021] The value identifier assert_eq is unbound.
azimuth_test/additional_standard_tests.mbt:10:18-10:26 [E4021] The value identifier subtract is unbound.
azimuth_test/additional_standard_tests.mbt:11:3-11:12 [E4021] The value identifier assert_eq is unbound.
azimuth_test/additional_standard_tests.mbt:11:17-11:25 [E4021] The value identifier subtract is unbound.
azimuth_test/additional_standard_tests.mbt:12:3-12:12 [E4021] The value identifier assert_eq is unbound.
azimuth_test/additional_standard_tests.mbt:12:18-12:26 [E4021] The value identifier subtract is unbound.
azimuth_test/additional_standard_tests.mbt:20:7-20:12 [E0002] Warning (unused_value): Unused variable 'years'
azimuth_test/additional_standard_tests.mbt:23:19-23:35 [E4021] The value identifier divide_with_ceil is unbound.
azimuth_test/additional_standard_tests.mbt:23:36-23:44 [E4021] The value identifier multiply is unbound.
azimuth_test/additional_standard_tests.mbt:24:17-24:20 [E4021] The value identifier add is unbound.
azimuth_test/additional_standard_tests.mbt:27:19-27:35 [E4021] The value identifier divide_with_ceil is unbound.
azimuth_test/additional_standard_tests.mbt:27:36-27:44 [E4021] The value identifier multiply is unbound.
azimuth_test/additional_standard_tests.mbt:28:22-28:25 [E4021] The value identifier add is unbound.
azimuth_test/additional_standard_tests.mbt:30:3-30:12 [E4021] The value identifier assert_eq is unbound.
azimuth_test/additional_standard_tests.mbt:31:3-31:12 [E4021] The value identifier assert_eq is unbound.
azimuth_test/additional_standard_tests.mbt:32:3-32:12 [E4021] The value identifier assert_eq is unbound.
azimuth_test/additional_standard_tests.mbt:33:3-33:12 [E4021] The value identifier assert_eq is unbound.
azimuth_test/additional_standard_tests.mbt:44:26-44:42 [E4021] The value identifier divide_with_ceil is unbound.
azimuth_test/additional_standard_tests.mbt:50:25-50:33 [E4021] The value identifier multiply is unbound.
azimuth_test/additional_standard_tests.mbt:52:3-52:12 [E4021] The value identifier assert_eq is unbound.
azimuth_test/additional_standard_tests.mbt:53:3-53:12 [E4021] The value identifier assert_eq is unbound.
azimuth_test/additional_standard_tests.mbt:54:3-54:12 [E4021] The value identifier assert_eq is unbound.
azimuth_test/additional_standard_tests.mbt:64:15-64:31 [E4021] The value identifier divide_with_ceil is unbound.
azimuth_test/additional_standard_tests.mbt:65:5-65:13 [E4021] The value identifier multiply is unbound.
azimuth_test/additional_standard_tests.mbt:65:25-65:28 [E4021] The value identifier add is unbound.
azimuth_test/additional_standard_tests.mbt:65:29-65:37 [E4021] The value identifier multiply is unbound.
azimuth_test/additional_standard_tests.mbt:65:54-65:62 [E4021] The value identifier multiply is unbound.
azimuth_test/additional_standard_tests.mbt:72:7-72:16 [E0002] Warning (unused_value): Unused variable 'geo_terms'
azimuth_test/additional_standard_tests.mbt:73:17-73:20 [E4021] The value identifier add is unbound.
azimuth_test/additional_standard_tests.mbt:73:21-73:24 [E4021] The value identifier add is unbound.
azimuth_test/additional_standard_tests.mbt:73:25-73:28 [E4021] The value identifier add is unbound.
azimuth_test/additional_standard_tests.mbt:73:29-73:32 [E4021] The value identifier add is unbound.
azimuth_test/additional_standard_tests.mbt:73:44-73:52 [E4021] The value identifier multiply is unbound.
azimuth_test/additional_standard_tests.mbt:74:5-74:13 [E4021] The value identifier multiply is unbound.
azimuth_test/additional_standard_tests.mbt:74:25-74:33 [E4021] The value identifier multiply is unbound.
azimuth_test/additional_standard_tests.mbt:75:5-75:13 [E4021] The value identifier multiply is unbound.
azimuth_test/additional_standard_tests.mbt:75:25-75:33 [E4021] The value identifier multiply is unbound.
azimuth_test/additional_standard_tests.mbt:75:41-75:49 [E4021] The value identifier multiply is unbound.
azimuth_test/additional_standard_tests.mbt:76:5-76:13 [E4021] The value identifier multiply is unbound.
azimuth_test/additional_standard_tests.mbt:76:25-76:33 [E4021] The value identifier multiply is unbound.
azimuth_test/additional_standard_tests.mbt:76:41-76:49 [E4021] The value identifier multiply is unbound.
azimuth_test/additional_standard_tests.mbt:76:57-76:65 [E4021] The value identifier multiply is unbound.
azimuth_test/additional_standard_tests.mbt:78:3-78:12 [E4021] The value identifier assert_eq is unbound.
azimuth_test/additional_standard_tests.mbt:79:3-79:12 [E4021] The value identifier assert_eq is unbound.
azimuth_test/additional_standard_tests.mbt:89:3-89:12 [E4021] The value identifier assert_eq is unbound.
azimuth_test/additional_standard_tests.mbt:89:25-89:33 [E4021] The value identifier subtract is unbound.
azimuth_test/additional_standard_tests.mbt:90:3-90:12 [E4021] The value identifier assert_eq is unbound.
azimuth_test/additional_standard_tests.mbt:90:26-90:34 [E4021] The value identifier subtract is unbound.
azimuth_test/additional_standard_tests.mbt:91:3-91:12 [E4021] The value identifier assert_eq is unbound.
azimuth_test/additional_standard_tests.mbt:91:16-91:24 [E4021] The value identifier subtract is unbound.
azimuth_test/additional_standard_tests.mbt:94:3-94:12 [E4021] The value identifier assert_eq is unbound.
azimuth_test/additional_standard_tests.mbt:94:16-94:32 [E4021] The value identifier divide_with_ceil is unbound.
azimuth_test/additional_standard_tests.mbt:95:3-95:12 [E4021] The value identifier assert_eq is unbound.
azimuth_test/additional_standard_tests.mbt:95:16-95:32 [E4021] The value identifier divide_with_ceil is unbound.
azimuth_test/additional_standard_tests.mbt:96:3-96:12 [E4021] The value identifier assert_eq is unbound.
azimuth_test/additional_standard_tests.mbt:96:16-96:32 [E4021] The value identifier divide_with_ceil is unbound.
azimuth_test/additional_standard_tests.mbt:97:3-97:12 [E4021] The value identifier assert_eq is unbound.
azimuth_test/additional_standard_tests.mbt:97:16-97:32 [E4021] The value identifier divide_with_ceil is unbound.
azimuth_test/additional_standard_tests.mbt:98:3-98:12 [E4021] The value identifier assert_eq is unbound.
azimuth_test/additional_standard_tests.mbt:98:16-98:32 [E4021] The value identifier divide_with_ceil is unbound.
azimuth_test/additional_standard_tests.mbt:99:3-99:12 [E4021] The value identifier assert_eq is unbound.
azimuth_test/additional_standard_tests.mbt:99:16-99:32 [E4021] The value identifier divide_with_ceil is unbound.
azimuth_test/additional_standard_tests.mbt:105:3-105:19 [E4021] The value identifier assert_eq_string is unbound.
azimuth_test/additional_standard_tests.mbt:105:35-105:40 [E4021] The value identifier greet is unbound.
azimuth_test/additional_standard_tests.mbt:106:3-106:19 [E4021] The value identifier assert_eq_string is unbound.
azimuth_test/additional_standard_tests.mbt:106:36-106:41 [E4021] The value identifier greet is unbound.
azimuth_test/additional_standard_tests.mbt:107:3-107:19 [E4021] The value identifier assert_eq_string is unbound.
azimuth_test/additional_standard_tests.mbt:107:38-107:43 [E4021] The value identifier greet is unbound.
azimuth_test/additional_standard_tests.mbt:108:3-108:19 [E4021] The value identifier assert_eq_string is unbound.
azimuth_test/additional_standard_tests.mbt:108:34-108:39 [E4021] The value identifier greet is unbound.
azimuth_test/additional_standard_tests.mbt:109:3-109:19 [E4021] The value identifier assert_eq_string is unbound.
azimuth_test/additional_standard_tests.mbt:109:39-109:44 [E4021] The value identifier greet is unbound.
azimuth_test/additional_standard_tests.mbt:110:3-110:19 [E4021] The value identifier assert_eq_string is unbound.
azimuth_test/additional_standard_tests.mbt:110:39-110:44 [E4021] The value identifier greet is unbound.
azimuth_test/additional_standard_tests.mbt:111:3-111:19 [E4021] The value identifier assert_eq_string is unbound.
azimuth_test/additional_standard_tests.mbt:111:37-111:42 [E4021] The value identifier greet is unbound.
azimuth_test/additional_standard_tests.mbt:112:3-112:19 [E4021] The value identifier assert_eq_string is unbound.
azimuth_test/additional_standard_tests.mbt:112:35-112:40 [E4021] The value identifier greet is unbound.
azimuth_test/additional_standard_tests.mbt:113:3-113:19 [E4021] The value identifier assert_eq_string is unbound.
azimuth_test/additional_standard_tests.mbt:113:35-113:40 [E4021] The value identifier greet is unbound.
azimuth_test/additional_standard_tests.mbt:125:25-125:33 [E4021] The value identifier multiply is unbound.
azimuth_test/additional_standard_tests.mbt:125:46-125:54 [E4021] The value identifier multiply is unbound.
azimuth_test/additional_standard_tests.mbt:128:26-128:42 [E4021] The value identifier divide_with_ceil is unbound.
azimuth_test/additional_standard_tests.mbt:131:23-131:31 [E4021] The value identifier multiply is unbound.
azimuth_test/additional_standard_tests.mbt:133:3-133:12 [E4021] The value identifier assert_eq is unbound.
azimuth_test/additional_standard_tests.mbt:134:3-134:12 [E4021] The value identifier assert_eq is unbound.
azimuth_test/additional_standard_tests.mbt:135:3-135:12 [E4021] The value identifier assert_eq is unbound.
azimuth_test/additional_standard_tests.mbt:144:18-144:21 [E4021] The value identifier add is unbound.
azimuth_test/additional_standard_tests.mbt:144:22-144:25 [E4021] The value identifier add is unbound.
azimuth_test/additional_standard_tests.mbt:144:26-144:29 [E4021] The value identifier add is unbound.
azimuth_test/additional_standard_tests.mbt:144:30-144:33 [E4021] The value identifier add is unbound.
azimuth_test/additional_standard_tests.mbt:144:34-144:37 [E4021] The value identifier add is unbound.
azimuth_test/additional_standard_tests.mbt:144:38-144:41 [E4021] The value identifier add is unbound.
azimuth_test/additional_standard_tests.mbt:144:42-144:45 [E4021] The value identifier add is unbound.
azimuth_test/additional_standard_tests.mbt:144:46-144:49 [E4021] The value identifier add is unbound.
azimuth_test/additional_standard_tests.mbt:144:50-144:53 [E4021] The value identifier add is unbound.
azimuth_test/additional_standard_tests.mbt:149:17-149:33 [E4021] The value identifier divide_with_ceil is unbound.
azimuth_test/additional_standard_tests.mbt:154:15-154:23 [E4021] The value identifier subtract is unbound.
azimuth_test/additional_standard_tests.mbt:156:3-156:12 [E4021] The value identifier assert_eq is unbound.
azimuth_test/additional_standard_tests.mbt:157:3-157:12 [E4021] The value identifier assert_eq is unbound.
azimuth_test/additional_standard_tests.mbt:158:3-158:12 [E4021] The value identifier assert_eq is unbound.
azimuth_test/additional_standard_tests.mbt:167:27-167:35 [E4021] The value identifier multiply is unbound.
azimuth_test/additional_standard_tests.mbt:170:30-170:38 [E4021] The value identifier multiply is unbound.
azimuth_test/additional_standard_tests.mbt:173:32-173:48 [E4021] The value identifier divide_with_ceil is unbound.
azimuth_test/additional_standard_tests.mbt:176:29-176:45 [E4021] The value identifier divide_with_ceil is unbound.
azimuth_test/additional_standard_tests.mbt:177:31-177:47 [E4021] The value identifier divide_with_ceil is unbound.
azimuth_test/additional_standard_tests.mbt:179:3-179:12 [E4021] The value identifier assert_eq is unbound.
azimuth_test/additional_standard_tests.mbt:180:3-180:12 [E4021] The value identifier assert_eq is unbound.
azimuth_test/additional_standard_tests.mbt:181:3-181:12 [E4021] The value identifier assert_eq is unbound.
azimuth_test/additional_standard_tests.mbt:182:3-182:12 [E4021] The value identifier assert_eq is unbound.
azimuth_test/additional_standard_tests.mbt:183:3-183:12 [E4021] The value identifier assert_eq is unbound.
azimuth_test/additional_standard_tests.mbt:194:21-194:29 [E4021] The value identifier multiply is unbound.
azimuth_test/additional_standard_tests.mbt:197:23-197:31 [E4021] The value identifier multiply is unbound.
azimuth_test/additional_standard_tests.mbt:200:21-200:37 [E4021] The value identifier divide_with_ceil is unbound.
azimuth_test/additional_standard_tests.mbt:200:38-200:46 [E4021] The value identifier multiply is unbound.
azimuth_test/additional_standard_tests.mbt:203:24-203:27 [E4021] The value identifier add is unbound.
azimuth_test/additional_standard_tests.mbt:206:21-206:29 [E4021] The value identifier multiply is unbound.
azimuth_test/additional_standard_tests.mbt:208:3-208:12 [E4021] The value identifier assert_eq is unbound.
azimuth_test/additional_standard_tests.mbt:209:3-209:12 [E4021] The value identifier assert_eq is unbound.
azimuth_test/additional_standard_tests.mbt:210:3-210:12 [E4021] The value identifier assert_eq is unbound.
azimuth_test/additional_standard_tests.mbt:211:3-211:12 [E4021] The value identifier assert_eq is unbound.
azimuth_test/additional_standard_tests.mbt:212:3-212:12 [E4021] The value identifier assert_eq is unbound.
Error: additional_standard_tests.mbt compilation failed
Checking azimuth_standard_tests_enhanced.mbt...
azimuth_test/azimuth_standard_tests_enhanced.mbt:6:17-6:20 [E4021] The value identifier add is unbound.
azimuth_test/azimuth_standard_tests_enhanced.mbt:7:17-7:20 [E4021] The value identifier add is unbound.
azimuth_test/azimuth_standard_tests_enhanced.mbt:8:17-8:20 [E4021] The value identifier add is unbound.
azimuth_test/azimuth_standard_tests_enhanced.mbt:16:17-16:20 [E4021] The value identifier add is unbound.
azimuth_test/azimuth_standard_tests_enhanced.mbt:17:17-17:20 [E4021] The value identifier add is unbound.
azimuth_test/azimuth_standard_tests_enhanced.mbt:18:17-18:20 [E4021] The value identifier add is unbound.
azimuth_test/azimuth_standard_tests_enhanced.mbt:26:17-26:25 [E4021] The value identifier multiply is unbound.
azimuth_test/azimuth_standard_tests_enhanced.mbt:27:17-27:25 [E4021] The value identifier multiply is unbound.
azimuth_test/azimuth_standard_tests_enhanced.mbt:28:17-28:25 [E4021] The value identifier multiply is unbound.
azimuth_test/azimuth_standard_tests_enhanced.mbt:36:17-36:25 [E4021] The value identifier multiply is unbound.
azimuth_test/azimuth_standard_tests_enhanced.mbt:37:17-37:25 [E4021] The value identifier multiply is unbound.
azimuth_test/azimuth_standard_tests_enhanced.mbt:38:17-38:25 [E4021] The value identifier multiply is unbound.
azimuth_test/azimuth_standard_tests_enhanced.mbt:46:17-46:25 [E4021] The value identifier multiply is unbound.
azimuth_test/azimuth_standard_tests_enhanced.mbt:47:17-47:25 [E4021] The value identifier multiply is unbound.
azimuth_test/azimuth_standard_tests_enhanced.mbt:48:17-48:25 [E4021] The value identifier multiply is unbound.
azimuth_test/azimuth_standard_tests_enhanced.mbt:56:17-56:22 [E4021] The value identifier greet is unbound.
azimuth_test/azimuth_standard_tests_enhanced.mbt:57:17-57:22 [E4021] The value identifier greet is unbound.
azimuth_test/azimuth_standard_tests_enhanced.mbt:58:17-58:22 [E4021] The value identifier greet is unbound.
azimuth_test/azimuth_standard_tests_enhanced.mbt:66:17-66:22 [E4021] The value identifier greet is unbound.
azimuth_test/azimuth_standard_tests_enhanced.mbt:67:17-67:22 [E4021] The value identifier greet is unbound.
azimuth_test/azimuth_standard_tests_enhanced.mbt:68:17-68:22 [E4021] The value identifier greet is unbound.
azimuth_test/azimuth_standard_tests_enhanced.mbt:81:17-81:20 [E4021] The value identifier add is unbound.
azimuth_test/azimuth_standard_tests_enhanced.mbt:81:21-81:29 [E4021] The value identifier multiply is unbound.
azimuth_test/azimuth_standard_tests_enhanced.mbt:82:17-82:25 [E4021] The value identifier multiply is unbound.
azimuth_test/azimuth_standard_tests_enhanced.mbt:82:26-82:29 [E4021] The value identifier add is unbound.
azimuth_test/azimuth_standard_tests_enhanced.mbt:83:17-83:20 [E4021] The value identifier add is unbound.
azimuth_test/azimuth_standard_tests_enhanced.mbt:83:21-83:29 [E4021] The value identifier multiply is unbound.
azimuth_test/azimuth_standard_tests_enhanced.mbt:83:37-83:45 [E4021] The value identifier multiply is unbound.
azimuth_test/azimuth_standard_tests_enhanced.mbt:92:17-92:20 [E4021] The value identifier add is unbound.
azimuth_test/azimuth_standard_tests_enhanced.mbt:93:17-93:25 [E4021] The value identifier multiply is unbound.
azimuth_test/azimuth_standard_tests_enhanced.mbt:94:17-94:20 [E4021] The value identifier add is unbound.
Error: azimuth_standard_tests_enhanced.mbt compilation failed
Checking azimuth_practical_unit_tests.mbt...
Found 10 tests in azimuth_practical_unit_tests.mbt
test ... ok
test ... ok
test ... ok
test ... ok
test ... ok
test ... ok
test ... ok
test ... ok
test ... ok
test ... ok
Checking additional_moonbit_tests_v3.mbt...
azimuth_test/additional_moonbit_tests_v3.mbt:136:22-136:52 [E4080] This function has type (Int, Int) -> Int, which requires 2 arguments, but is given 3 arguments.
azimuth_test/additional_moonbit_tests_v3.mbt:136:22-136:63 [E4014] Expr Type Mismatch
        has type : Bool
        wanted   : Int
azimuth_test/additional_moonbit_tests_v3.mbt:136:3-136:64 [E4080] This function has type (Int, Int) -> Unit, which requires 2 arguments, but is given 1 arguments.
azimuth_test/additional_moonbit_tests_v3.mbt:137:22-137:53 [E4080] This function has type (Int, Int) -> Int, which requires 2 arguments, but is given 3 arguments.
azimuth_test/additional_moonbit_tests_v3.mbt:137:22-137:64 [E4014] Expr Type Mismatch
        has type : Bool
        wanted   : Int
azimuth_test/additional_moonbit_tests_v3.mbt:137:3-137:65 [E4080] This function has type (Int, Int) -> Unit, which requires 2 arguments, but is given 1 arguments.
azimuth_test/additional_moonbit_tests_v3.mbt:138:22-138:57 [E4080] This function has type (Int, Int) -> Int, which requires 2 arguments, but is given 3 arguments.
azimuth_test/additional_moonbit_tests_v3.mbt:138:22-138:68 [E4014] Expr Type Mismatch
        has type : Bool
        wanted   : Int
azimuth_test/additional_moonbit_tests_v3.mbt:138:3-138:69 [E4080] This function has type (Int, Int) -> Unit, which requires 2 arguments, but is given 1 arguments.
azimuth_test/additional_moonbit_tests_v3.mbt:139:22-139:58 [E4080] This function has type (Int, Int) -> Int, which requires 2 arguments, but is given 3 arguments.
azimuth_test/additional_moonbit_tests_v3.mbt:139:22-139:69 [E4014] Expr Type Mismatch
        has type : Bool
        wanted   : Int
azimuth_test/additional_moonbit_tests_v3.mbt:139:3-139:70 [E4080] This function has type (Int, Int) -> Unit, which requires 2 arguments, but is given 1 arguments.
Error: additional_moonbit_tests_v3.mbt compilation failed
Checking user_comprehensive_standard_tests.mbt...
Found 10 tests in user_comprehensive_standard_tests.mbt
test ... ok
test ... ok
test ... ok
test ... ok
test ... ok
test ... ok
test ... ok
test ... ok
test ... ok
test ... ok
Checking standard_moonbit_tests.mbt...
azimuth_test/standard_moonbit_tests.mbt:6:3-6:12 [E4021] The value identifier assert_eq is unbound.
azimuth_test/standard_moonbit_tests.mbt:6:16-6:19 [E4021] The value identifier add is unbound.
azimuth_test/standard_moonbit_tests.mbt:7:3-7:12 [E4021] The value identifier assert_eq is unbound.
azimuth_test/standard_moonbit_tests.mbt:7:16-7:19 [E4021] The value identifier add is unbound.
azimuth_test/standard_moonbit_tests.mbt:8:3-8:12 [E4021] The value identifier assert_eq is unbound.
azimuth_test/standard_moonbit_tests.mbt:8:17-8:20 [E4021] The value identifier add is unbound.
azimuth_test/standard_moonbit_tests.mbt:9:3-9:12 [E4021] The value identifier assert_eq is unbound.
azimuth_test/standard_moonbit_tests.mbt:9:17-9:20 [E4021] The value identifier add is unbound.
azimuth_test/standard_moonbit_tests.mbt:14:3-14:12 [E4021] The value identifier assert_eq is unbound.
azimuth_test/standard_moonbit_tests.mbt:14:16-14:24 [E4021] The value identifier multiply is unbound.
azimuth_test/standard_moonbit_tests.mbt:15:3-15:12 [E4021] The value identifier assert_eq is unbound.
azimuth_test/standard_moonbit_tests.mbt:15:16-15:24 [E4021] The value identifier multiply is unbound.
azimuth_test/standard_moonbit_tests.mbt:16:3-16:12 [E4021] The value identifier assert_eq is unbound.
azimuth_test/standard_moonbit_tests.mbt:16:17-16:25 [E4021] The value identifier multiply is unbound.
azimuth_test/standard_moonbit_tests.mbt:17:3-17:12 [E4021] The value identifier assert_eq is unbound.
azimuth_test/standard_moonbit_tests.mbt:17:17-17:25 [E4021] The value identifier multiply is unbound.
azimuth_test/standard_moonbit_tests.mbt:22:3-22:12 [E4021] The value identifier assert_eq is unbound.
azimuth_test/standard_moonbit_tests.mbt:22:16-22:24 [E4021] The value identifier subtract is unbound.
azimuth_test/standard_moonbit_tests.mbt:23:3-23:12 [E4021] The value identifier assert_eq is unbound.
azimuth_test/standard_moonbit_tests.mbt:23:16-23:24 [E4021] The value identifier subtract is unbound.
azimuth_test/standard_moonbit_tests.mbt:24:3-24:12 [E4021] The value identifier assert_eq is unbound.
azimuth_test/standard_moonbit_tests.mbt:24:17-24:25 [E4021] The value identifier subtract is unbound.
azimuth_test/standard_moonbit_tests.mbt:25:3-25:12 [E4021] The value identifier assert_eq is unbound.
azimuth_test/standard_moonbit_tests.mbt:25:17-25:25 [E4021] The value identifier subtract is unbound.
azimuth_test/standard_moonbit_tests.mbt:30:3-30:19 [E4021] The value identifier assert_eq_string is unbound.
azimuth_test/standard_moonbit_tests.mbt:30:37-30:42 [E4021] The value identifier greet is unbound.
azimuth_test/standard_moonbit_tests.mbt:31:3-31:19 [E4021] The value identifier assert_eq_string is unbound.
azimuth_test/standard_moonbit_tests.mbt:31:39-31:44 [E4021] The value identifier greet is unbound.
azimuth_test/standard_moonbit_tests.mbt:32:3-32:19 [E4021] The value identifier assert_eq_string is unbound.
azimuth_test/standard_moonbit_tests.mbt:32:32-32:37 [E4021] The value identifier greet is unbound.
azimuth_test/standard_moonbit_tests.mbt:37:3-37:12 [E4021] The value identifier assert_eq is unbound.
azimuth_test/standard_moonbit_tests.mbt:37:16-37:32 [E4021] The value identifier divide_with_ceil is unbound.
azimuth_test/standard_moonbit_tests.mbt:38:3-38:12 [E4021] The value identifier assert_eq is unbound.
azimuth_test/standard_moonbit_tests.mbt:38:16-38:32 [E4021] The value identifier divide_with_ceil is unbound.
azimuth_test/standard_moonbit_tests.mbt:39:3-39:12 [E4021] The value identifier assert_eq is unbound.
azimuth_test/standard_moonbit_tests.mbt:39:16-39:32 [E4021] The value identifier divide_with_ceil is unbound.
azimuth_test/standard_moonbit_tests.mbt:40:3-40:12 [E4021] The value identifier assert_eq is unbound.
azimuth_test/standard_moonbit_tests.mbt:40:16-40:32 [E4021] The value identifier divide_with_ceil is unbound.
azimuth_test/standard_moonbit_tests.mbt:49:3-49:12 [E4021] The value identifier assert_eq is unbound.
azimuth_test/standard_moonbit_tests.mbt:49:13-49:16 [E4021] The value identifier add is unbound.
azimuth_test/standard_moonbit_tests.mbt:49:24-49:27 [E4021] The value identifier add is unbound.
azimuth_test/standard_moonbit_tests.mbt:52:3-52:12 [E4021] The value identifier assert_eq is unbound.
azimuth_test/standard_moonbit_tests.mbt:52:13-52:21 [E4021] The value identifier multiply is unbound.
azimuth_test/standard_moonbit_tests.mbt:52:29-52:37 [E4021] The value identifier multiply is unbound.
azimuth_test/standard_moonbit_tests.mbt:55:3-55:12 [E4021] The value identifier assert_eq is unbound.
azimuth_test/standard_moonbit_tests.mbt:55:16-55:24 [E4021] The value identifier multiply is unbound.
azimuth_test/standard_moonbit_tests.mbt:56:3-56:12 [E4021] The value identifier assert_eq is unbound.
azimuth_test/standard_moonbit_tests.mbt:56:16-56:19 [E4021] The value identifier add is unbound.
azimuth_test/standard_moonbit_tests.mbt:61:17-61:20 [E4021] The value identifier add is unbound.
azimuth_test/standard_moonbit_tests.mbt:61:21-61:29 [E4021] The value identifier multiply is unbound.
azimuth_test/standard_moonbit_tests.mbt:61:37-61:45 [E4021] The value identifier multiply is unbound.
azimuth_test/standard_moonbit_tests.mbt:62:3-62:12 [E4021] The value identifier assert_eq is unbound.
azimuth_test/standard_moonbit_tests.mbt:64:17-64:25 [E4021] The value identifier multiply is unbound.
azimuth_test/standard_moonbit_tests.mbt:64:26-64:29 [E4021] The value identifier add is unbound.
azimuth_test/standard_moonbit_tests.mbt:65:3-65:12 [E4021] The value identifier assert_eq is unbound.
azimuth_test/standard_moonbit_tests.mbt:74:18-74:26 [E4021] The value identifier multiply is unbound.
azimuth_test/standard_moonbit_tests.mbt:75:15-75:18 [E4021] The value identifier add is unbound.
azimuth_test/standard_moonbit_tests.mbt:77:3-77:12 [E4021] The value identifier assert_eq is unbound.
azimuth_test/standard_moonbit_tests.mbt:78:3-78:12 [E4021] The value identifier assert_eq is unbound.
azimuth_test/standard_moonbit_tests.mbt:85:22-85:38 [E4021] The value identifier divide_with_ceil is unbound.
azimuth_test/standard_moonbit_tests.mbt:87:3-87:12 [E4021] The value identifier assert_eq is unbound.
azimuth_test/standard_moonbit_tests.mbt:92:3-92:19 [E4021] The value identifier assert_eq_string is unbound.
azimuth_test/standard_moonbit_tests.mbt:92:34-92:39 [E4021] The value identifier greet is unbound.
azimuth_test/standard_moonbit_tests.mbt:93:3-93:19 [E4021] The value identifier assert_eq_string is unbound.
azimuth_test/standard_moonbit_tests.mbt:93:33-93:38 [E4021] The value identifier greet is unbound.
azimuth_test/standard_moonbit_tests.mbt:94:3-94:19 [E4021] The value identifier assert_eq_string is unbound.
azimuth_test/standard_moonbit_tests.mbt:94:35-94:40 [E4021] The value identifier greet is unbound.
azimuth_test/standard_moonbit_tests.mbt:95:3-95:19 [E4021] The value identifier assert_eq_string is unbound.
azimuth_test/standard_moonbit_tests.mbt:95:48-95:53 [E4021] The value identifier greet is unbound.
Error: standard_moonbit_tests.mbt compilation failed
Checking azimuth_standard_test_suite.mbt...
Found 10 tests in azimuth_standard_test_suite.mbt
test ... ok
test ... ok
test ... ok
test ... ok
test ... ok
test ... ok
test ... ok
test ... ok
test ... ok
test ... ok
Test file standard_test_cases.mbt not found
Checking standard_moonbit_tests_v15.mbt...
Found 10 tests in standard_moonbit_tests_v15.mbt
test ... ok
test ... ok
test ... ok
test ... ok
test ... ok
test ... ok
test ... ok
test ... ok
test ... ok
test ... ok
Checking standard_moonbit_tests_v16.mbt...
azimuth_test/standard_moonbit_tests_v16.mbt:97:22-97:38 [E4014] Expr Type Mismatch
        has type : Bool
        wanted   : Int
azimuth_test/standard_moonbit_tests_v16.mbt:97:40-97:44 [E4014] Expr Type Mismatch
        has type : Bool
        wanted   : Int
azimuth_test/standard_moonbit_tests_v16.mbt:98:3-98:45 [E4014] Type Mismatch
        has type : Unit
        wanted   : function type
Error: standard_moonbit_tests_v16.mbt compilation failed
Checking azimuth_additional_edge_case_tests.mbt...
azimuth_test/azimuth_additional_edge_case_tests.mbt:66:22-66:46 [E4080] This function has type (Int, Int) -> Int, which requires 2 arguments, but is given 3 arguments.
azimuth_test/azimuth_additional_edge_case_tests.mbt:66:22-66:51 [E4014] Expr Type Mismatch
        has type : Bool
        wanted   : Int
azimuth_test/azimuth_additional_edge_case_tests.mbt:66:3-66:52 [E4080] This function has type (Int, Int) -> Unit, which requires 2 arguments, but is given 1 arguments.
azimuth_test/azimuth_additional_edge_case_tests.mbt:67:3-67:52 [E4014] Type Mismatch
        has type : Unit
        wanted   : function type
azimuth_test/azimuth_additional_edge_case_tests.mbt:102:22-102:52 [E4080] This function has type (Int, Int) -> Int, which requires 2 arguments, but is given 3 arguments.
azimuth_test/azimuth_additional_edge_case_tests.mbt:102:22-102:63 [E4014] Expr Type Mismatch
        has type : Bool
        wanted   : Int
azimuth_test/azimuth_additional_edge_case_tests.mbt:102:3-102:64 [E4080] This function has type (Int, Int) -> Unit, which requires 2 arguments, but is given 1 arguments.
azimuth_test/azimuth_additional_edge_case_tests.mbt:103:22-103:53 [E4080] This function has type (Int, Int) -> Int, which requires 2 arguments, but is given 3 arguments.
azimuth_test/azimuth_additional_edge_case_tests.mbt:103:22-103:64 [E4014] Expr Type Mismatch
        has type : Bool
        wanted   : Int
azimuth_test/azimuth_additional_edge_case_tests.mbt:103:3-103:65 [E4080] This function has type (Int, Int) -> Unit, which requires 2 arguments, but is given 1 arguments.
azimuth_test/azimuth_additional_edge_case_tests.mbt:104:22-104:57 [E4080] This function has type (Int, Int) -> Int, which requires 2 arguments, but is given 3 arguments.
azimuth_test/azimuth_additional_edge_case_tests.mbt:104:22-104:68 [E4014] Expr Type Mismatch
        has type : Bool
        wanted   : Int
azimuth_test/azimuth_additional_edge_case_tests.mbt:104:3-104:69 [E4080] This function has type (Int, Int) -> Unit, which requires 2 arguments, but is given 1 arguments.
azimuth_test/azimuth_additional_edge_case_tests.mbt:105:22-105:58 [E4080] This function has type (Int, Int) -> Int, which requires 2 arguments, but is given 3 arguments.
azimuth_test/azimuth_additional_edge_case_tests.mbt:105:22-105:69 [E4014] Expr Type Mismatch
        has type : Bool
        wanted   : Int
azimuth_test/azimuth_additional_edge_case_tests.mbt:105:3-105:70 [E4080] This function has type (Int, Int) -> Unit, which requires 2 arguments, but is given 1 arguments.
Error: azimuth_additional_edge_case_tests.mbt compilation failed
Checking azimuth_standard_test_cases.mbt...
Found 10 tests in azimuth_standard_test_cases.mbt
test ... ok
test ... ok
test ... ok
test ... ok
test ... ok
test ... ok
test ... ok
test ... ok
test ... ok
test ... ok
Checking user_new_standard_tests.mbt...
azimuth_test/user_new_standard_tests.mbt:118:22-118:54 [E4080] This function has type (Int, Int) -> Int, which requires 2 arguments, but is given 3 arguments.
azimuth_test/user_new_standard_tests.mbt:118:22-118:65 [E4014] Expr Type Mismatch
        has type : Bool
        wanted   : Int
azimuth_test/user_new_standard_tests.mbt:118:3-118:66 [E4080] This function has type (Int, Int) -> Unit, which requires 2 arguments, but is given 1 arguments.
azimuth_test/user_new_standard_tests.mbt:119:22-119:57 [E4080] This function has type (Int, Int) -> Int, which requires 2 arguments, but is given 3 arguments.
azimuth_test/user_new_standard_tests.mbt:119:22-119:68 [E4014] Expr Type Mismatch
        has type : Bool
        wanted   : Int
azimuth_test/user_new_standard_tests.mbt:119:3-119:69 [E4080] This function has type (Int, Int) -> Unit, which requires 2 arguments, but is given 1 arguments.
Error: user_new_standard_tests.mbt compilation failed
Checking ../azimuth_enhanced_unit_tests.mbt...
azimuth_test/azimuth_enhanced_unit_tests.mbt:6:3-6:12 [E4021] The value identifier assert_eq is unbound.
azimuth_test/azimuth_enhanced_unit_tests.mbt:6:16-6:24 [E4021] The value identifier subtract is unbound.
azimuth_test/azimuth_enhanced_unit_tests.mbt:7:3-7:12 [E4021] The value identifier assert_eq is unbound.
azimuth_test/azimuth_enhanced_unit_tests.mbt:7:17-7:25 [E4021] The value identifier subtract is unbound.
azimuth_test/azimuth_enhanced_unit_tests.mbt:8:3-8:12 [E4021] The value identifier assert_eq is unbound.
azimuth_test/azimuth_enhanced_unit_tests.mbt:8:16-8:24 [E4021] The value identifier subtract is unbound.
azimuth_test/azimuth_enhanced_unit_tests.mbt:9:3-9:12 [E4021] The value identifier assert_eq is unbound.
azimuth_test/azimuth_enhanced_unit_tests.mbt:9:17-9:25 [E4021] The value identifier subtract is unbound.
azimuth_test/azimuth_enhanced_unit_tests.mbt:10:3-10:12 [E4021] The value identifier assert_eq is unbound.
azimuth_test/azimuth_enhanced_unit_tests.mbt:10:18-10:26 [E4021] The value identifier subtract is unbound.
azimuth_test/azimuth_enhanced_unit_tests.mbt:15:3-15:12 [E4021] The value identifier assert_eq is unbound.
azimuth_test/azimuth_enhanced_unit_tests.mbt:15:16-15:19 [E4021] The value identifier add is unbound.
azimuth_test/azimuth_enhanced_unit_tests.mbt:16:3-16:12 [E4021] The value identifier assert_eq is unbound.
azimuth_test/azimuth_enhanced_unit_tests.mbt:16:17-16:20 [E4021] The value identifier add is unbound.
azimuth_test/azimuth_enhanced_unit_tests.mbt:17:3-17:12 [E4021] The value identifier assert_eq is unbound.
azimuth_test/azimuth_enhanced_unit_tests.mbt:17:16-17:19 [E4021] The value identifier add is unbound.
azimuth_test/azimuth_enhanced_unit_tests.mbt:18:3-18:12 [E4021] The value identifier assert_eq is unbound.
azimuth_test/azimuth_enhanced_unit_tests.mbt:18:18-18:21 [E4021] The value identifier add is unbound.
azimuth_test/azimuth_enhanced_unit_tests.mbt:19:3-19:12 [E4021] The value identifier assert_eq is unbound.
azimuth_test/azimuth_enhanced_unit_tests.mbt:19:19-19:22 [E4021] The value identifier add is unbound.
azimuth_test/azimuth_enhanced_unit_tests.mbt:24:3-24:12 [E4021] The value identifier assert_eq is unbound.
azimuth_test/azimuth_enhanced_unit_tests.mbt:24:16-24:24 [E4021] The value identifier multiply is unbound.
azimuth_test/azimuth_enhanced_unit_tests.mbt:25:3-25:12 [E4021] The value identifier assert_eq is unbound.
azimuth_test/azimuth_enhanced_unit_tests.mbt:25:16-25:24 [E4021] The value identifier multiply is unbound.
azimuth_test/azimuth_enhanced_unit_tests.mbt:26:3-26:12 [E4021] The value identifier assert_eq is unbound.
azimuth_test/azimuth_enhanced_unit_tests.mbt:26:16-26:24 [E4021] The value identifier multiply is unbound.
azimuth_test/azimuth_enhanced_unit_tests.mbt:27:3-27:12 [E4021] The value identifier assert_eq is unbound.
azimuth_test/azimuth_enhanced_unit_tests.mbt:27:16-27:24 [E4021] The value identifier multiply is unbound.
azimuth_test/azimuth_enhanced_unit_tests.mbt:28:3-28:12 [E4021] The value identifier assert_eq is unbound.
azimuth_test/azimuth_enhanced_unit_tests.mbt:28:16-28:24 [E4021] The value identifier multiply is unbound.
azimuth_test/azimuth_enhanced_unit_tests.mbt:33:3-33:19 [E4021] The value identifier assert_eq_string is unbound.
azimuth_test/azimuth_enhanced_unit_tests.mbt:33:32-33:37 [E4021] The value identifier greet is unbound.
azimuth_test/azimuth_enhanced_unit_tests.mbt:34:3-34:19 [E4021] The value identifier assert_eq_string is unbound.
azimuth_test/azimuth_enhanced_unit_tests.mbt:34:34-34:39 [E4021] The value identifier greet is unbound.
azimuth_test/azimuth_enhanced_unit_tests.mbt:35:3-35:19 [E4021] The value identifier assert_eq_string is unbound.
azimuth_test/azimuth_enhanced_unit_tests.mbt:35:36-35:41 [E4021] The value identifier greet is unbound.
azimuth_test/azimuth_enhanced_unit_tests.mbt:36:3-36:19 [E4021] The value identifier assert_eq_string is unbound.
azimuth_test/azimuth_enhanced_unit_tests.mbt:36:37-36:42 [E4021] The value identifier greet is unbound.
azimuth_test/azimuth_enhanced_unit_tests.mbt:37:3-37:19 [E4021] The value identifier assert_eq_string is unbound.
azimuth_test/azimuth_enhanced_unit_tests.mbt:37:33-37:38 [E4021] The value identifier greet is unbound.
azimuth_test/azimuth_enhanced_unit_tests.mbt:42:3-42:12 [E4021] The value identifier assert_eq is unbound.
azimuth_test/azimuth_enhanced_unit_tests.mbt:42:17-42:33 [E4021] The value identifier divide_with_ceil is unbound.
azimuth_test/azimuth_enhanced_unit_tests.mbt:43:3-43:12 [E4021] The value identifier assert_eq is unbound.
azimuth_test/azimuth_enhanced_unit_tests.mbt:43:16-43:32 [E4021] The value identifier divide_with_ceil is unbound.
azimuth_test/azimuth_enhanced_unit_tests.mbt:44:3-44:12 [E4021] The value identifier assert_eq is unbound.
azimuth_test/azimuth_enhanced_unit_tests.mbt:44:16-44:32 [E4021] The value identifier divide_with_ceil is unbound.
azimuth_test/azimuth_enhanced_unit_tests.mbt:45:3-45:12 [E4021] The value identifier assert_eq is unbound.
azimuth_test/azimuth_enhanced_unit_tests.mbt:45:16-45:32 [E4021] The value identifier divide_with_ceil is unbound.
azimuth_test/azimuth_enhanced_unit_tests.mbt:46:3-46:12 [E4021] The value identifier assert_eq is unbound.
azimuth_test/azimuth_enhanced_unit_tests.mbt:46:16-46:32 [E4021] The value identifier divide_with_ceil is unbound.
azimuth_test/azimuth_enhanced_unit_tests.mbt:57:20-57:36 [E4021] The value identifier divide_with_ceil is unbound.
azimuth_test/azimuth_enhanced_unit_tests.mbt:57:37-57:45 [E4021] The value identifier multiply is unbound.
azimuth_test/azimuth_enhanced_unit_tests.mbt:60:20-60:23 [E4021] The value identifier add is unbound.
azimuth_test/azimuth_enhanced_unit_tests.mbt:63:25-63:41 [E4021] The value identifier divide_with_ceil is unbound.
azimuth_test/azimuth_enhanced_unit_tests.mbt:65:3-65:12 [E4021] The value identifier assert_eq is unbound.
azimuth_test/azimuth_enhanced_unit_tests.mbt:66:3-66:12 [E4021] The value identifier assert_eq is unbound.
azimuth_test/azimuth_enhanced_unit_tests.mbt:67:3-67:12 [E4021] The value identifier assert_eq is unbound.
azimuth_test/azimuth_enhanced_unit_tests.mbt:73:3-73:12 [E4021] The value identifier assert_eq is unbound.
azimuth_test/azimuth_enhanced_unit_tests.mbt:73:16-73:32 [E4021] The value identifier divide_with_ceil is unbound.
azimuth_test/azimuth_enhanced_unit_tests.mbt:74:3-74:12 [E4021] The value identifier assert_eq is unbound.
azimuth_test/azimuth_enhanced_unit_tests.mbt:74:16-74:32 [E4021] The value identifier divide_with_ceil is unbound.
azimuth_test/azimuth_enhanced_unit_tests.mbt:75:3-75:12 [E4021] The value identifier assert_eq is unbound.
azimuth_test/azimuth_enhanced_unit_tests.mbt:75:16-75:32 [E4021] The value identifier divide_with_ceil is unbound.
azimuth_test/azimuth_enhanced_unit_tests.mbt:78:3-78:12 [E4021] The value identifier assert_eq is unbound.
azimuth_test/azimuth_enhanced_unit_tests.mbt:78:16-78:32 [E4021] The value identifier divide_with_ceil is unbound.
azimuth_test/azimuth_enhanced_unit_tests.mbt:79:3-79:12 [E4021] The value identifier assert_eq is unbound.
azimuth_test/azimuth_enhanced_unit_tests.mbt:79:17-79:33 [E4021] The value identifier divide_with_ceil is unbound.
azimuth_test/azimuth_enhanced_unit_tests.mbt:80:3-80:12 [E4021] The value identifier assert_eq is unbound.
azimuth_test/azimuth_enhanced_unit_tests.mbt:80:16-80:32 [E4021] The value identifier divide_with_ceil is unbound.
azimuth_test/azimuth_enhanced_unit_tests.mbt:91:25-91:41 [E4021] The value identifier divide_with_ceil is unbound.
azimuth_test/azimuth_enhanced_unit_tests.mbt:97:25-97:33 [E4021] The value identifier multiply is unbound.
azimuth_test/azimuth_enhanced_unit_tests.mbt:98:26-98:34 [E4021] The value identifier subtract is unbound.
azimuth_test/azimuth_enhanced_unit_tests.mbt:100:3-100:12 [E4021] The value identifier assert_eq is unbound.
azimuth_test/azimuth_enhanced_unit_tests.mbt:101:3-101:14 [E4021] The value identifier assert_true is unbound.
azimuth_test/azimuth_enhanced_unit_tests.mbt:102:3-102:12 [E4021] The value identifier assert_eq is unbound.
Error: ../azimuth_enhanced_unit_tests.mbt compilation failed
Test file ../test_simple_enhanced.mbt not found
Checking additional_moonbit_tests_v4.mbt...
Found 10 tests in additional_moonbit_tests_v4.mbt
test ... ok
test ... ok
test ... ok
test ... ok
test ... ok
test ... ok
test ... ok
test ... ok
test ... ok
test ... ok
Checking azimuth_standard_unit_tests.mbt...
azimuth_test/azimuth_standard_unit_tests.mbt:7:3-7:10 [E3002] Expected upper case identifier for type name, found lower case identifier.
azimuth_test/azimuth_standard_unit_tests.mbt:7:12-7:20 [E3002] Parse error, unexpected token package name, you may expect method name, constructor name, "[" or "{".
azimuth_test/azimuth_standard_unit_tests.mbt:8:3-8:10 [E3002] Expected upper case identifier for type name, found lower case identifier.
azimuth_test/azimuth_standard_unit_tests.mbt:8:12-8:20 [E3002] Parse error, unexpected token package name, you may expect method name, constructor name, "[" or "{".
azimuth_test/azimuth_standard_unit_tests.mbt:9:3-9:10 [E3002] Expected upper case identifier for type name, found lower case identifier.
azimuth_test/azimuth_standard_unit_tests.mbt:9:12-9:20 [E3002] Parse error, unexpected token package name, you may expect method name, constructor name, "[" or "{".
azimuth_test/azimuth_standard_unit_tests.mbt:10:3-10:10 [E3002] Expected upper case identifier for type name, found lower case identifier.
azimuth_test/azimuth_standard_unit_tests.mbt:10:12-10:20 [E3002] Parse error, unexpected token package name, you may expect method name, constructor name, "[" or "{".
azimuth_test/azimuth_standard_unit_tests.mbt:11:3-11:10 [E3002] Expected upper case identifier for type name, found lower case identifier.
azimuth_test/azimuth_standard_unit_tests.mbt:11:12-11:20 [E3002] Parse error, unexpected token package name, you may expect method name, constructor name, "[" or "{".
azimuth_test/azimuth_standard_unit_tests.mbt:12:3-12:10 [E3002] Expected upper case identifier for type name, found lower case identifier.
azimuth_test/azimuth_standard_unit_tests.mbt:12:12-12:20 [E3002] Parse error, unexpected token package name, you may expect method name, constructor name, "[" or "{".
azimuth_test/azimuth_standard_unit_tests.mbt:17:7-17:14 [E0002] Warning (unused_value): Unused variable 'max_val'
azimuth_test/azimuth_standard_unit_tests.mbt:18:7-18:14 [E0002] Warning (unused_value): Unused variable 'min_val'
azimuth_test/azimuth_standard_unit_tests.mbt:21:3-21:10 [E3002] Expected upper case identifier for type name, found lower case identifier.
azimuth_test/azimuth_standard_unit_tests.mbt:21:12-21:20 [E3002] Parse error, unexpected token package name, you may expect method name, constructor name, "[" or "{".
azimuth_test/azimuth_standard_unit_tests.mbt:22:3-22:10 [E3002] Expected upper case identifier for type name, found lower case identifier.
azimuth_test/azimuth_standard_unit_tests.mbt:22:12-22:20 [E3002] Parse error, unexpected token package name, you may expect method name, constructor name, "[" or "{".
azimuth_test/azimuth_standard_unit_tests.mbt:25:3-25:10 [E3002] Expected upper case identifier for type name, found lower case identifier.
azimuth_test/azimuth_standard_unit_tests.mbt:25:12-25:20 [E3002] Parse error, unexpected token package name, you may expect method name, constructor name, "[" or "{".
azimuth_test/azimuth_standard_unit_tests.mbt:26:3-26:10 [E3002] Expected upper case identifier for type name, found lower case identifier.
azimuth_test/azimuth_standard_unit_tests.mbt:26:12-26:20 [E3002] Parse error, unexpected token package name, you may expect method name, constructor name, "[" or "{".
azimuth_test/azimuth_standard_unit_tests.mbt:27:3-27:10 [E3002] Expected upper case identifier for type name, found lower case identifier.
azimuth_test/azimuth_standard_unit_tests.mbt:27:12-27:20 [E3002] Parse error, unexpected token package name, you may expect method name, constructor name, "[" or "{".
azimuth_test/azimuth_standard_unit_tests.mbt:28:3-28:10 [E3002] Expected upper case identifier for type name, found lower case identifier.
azimuth_test/azimuth_standard_unit_tests.mbt:28:12-28:20 [E3002] Parse error, unexpected token package name, you may expect method name, constructor name, "[" or "{".
azimuth_test/azimuth_standard_unit_tests.mbt:31:3-31:10 [E3002] Expected upper case identifier for type name, found lower case identifier.
azimuth_test/azimuth_standard_unit_tests.mbt:31:12-31:20 [E3002] Parse error, unexpected token package name, you may expect method name, constructor name, "[" or "{".
azimuth_test/azimuth_standard_unit_tests.mbt:36:3-36:10 [E3002] Expected upper case identifier for type name, found lower case identifier.
azimuth_test/azimuth_standard_unit_tests.mbt:36:12-36:20 [E3002] Parse error, unexpected token package name, you may expect method name, constructor name, "[" or "{".
azimuth_test/azimuth_standard_unit_tests.mbt:37:3-37:10 [E3002] Expected upper case identifier for type name, found lower case identifier.
azimuth_test/azimuth_standard_unit_tests.mbt:37:12-37:20 [E3002] Parse error, unexpected token package name, you may expect method name, constructor name, "[" or "{".
azimuth_test/azimuth_standard_unit_tests.mbt:38:3-38:10 [E3002] Expected upper case identifier for type name, found lower case identifier.
azimuth_test/azimuth_standard_unit_tests.mbt:38:12-38:20 [E3002] Parse error, unexpected token package name, you may expect method name, constructor name, "[" or "{".
azimuth_test/azimuth_standard_unit_tests.mbt:39:3-39:10 [E3002] Expected upper case identifier for type name, found lower case identifier.
azimuth_test/azimuth_standard_unit_tests.mbt:39:12-39:20 [E3002] Parse error, unexpected token package name, you may expect method name, constructor name, "[" or "{".
azimuth_test/azimuth_standard_unit_tests.mbt:40:3-40:10 [E3002] Expected upper case identifier for type name, found lower case identifier.
azimuth_test/azimuth_standard_unit_tests.mbt:40:12-40:20 [E3002] Parse error, unexpected token package name, you may expect method name, constructor name, "[" or "{".
azimuth_test/azimuth_standard_unit_tests.mbt:41:3-41:10 [E3002] Expected upper case identifier for type name, found lower case identifier.
azimuth_test/azimuth_standard_unit_tests.mbt:41:12-41:20 [E3002] Parse error, unexpected token package name, you may expect method name, constructor name, "[" or "{".
azimuth_test/azimuth_standard_unit_tests.mbt:42:3-42:10 [E3002] Expected upper case identifier for type name, found lower case identifier.
azimuth_test/azimuth_standard_unit_tests.mbt:42:12-42:20 [E3002] Parse error, unexpected token package name, you may expect method name, constructor name, "[" or "{".
azimuth_test/azimuth_standard_unit_tests.mbt:43:3-43:10 [E3002] Expected upper case identifier for type name, found lower case identifier.
azimuth_test/azimuth_standard_unit_tests.mbt:43:12-43:20 [E3002] Parse error, unexpected token package name, you may expect method name, constructor name, "[" or "{".
azimuth_test/azimuth_standard_unit_tests.mbt:48:7-48:14 [E0002] Warning (unused_value): Unused variable 'max_val'
azimuth_test/azimuth_standard_unit_tests.mbt:49:7-49:14 [E0002] Warning (unused_value): Unused variable 'min_val'
azimuth_test/azimuth_standard_unit_tests.mbt:52:3-52:10 [E3002] Expected upper case identifier for type name, found lower case identifier.
azimuth_test/azimuth_standard_unit_tests.mbt:52:12-52:20 [E3002] Parse error, unexpected token package name, you may expect method name, constructor name, "[" or "{".
azimuth_test/azimuth_standard_unit_tests.mbt:53:3-53:10 [E3002] Expected upper case identifier for type name, found lower case identifier.
azimuth_test/azimuth_standard_unit_tests.mbt:53:12-53:20 [E3002] Parse error, unexpected token package name, you may expect method name, constructor name, "[" or "{".
azimuth_test/azimuth_standard_unit_tests.mbt:54:3-54:10 [E3002] Expected upper case identifier for type name, found lower case identifier.
azimuth_test/azimuth_standard_unit_tests.mbt:54:12-54:20 [E3002] Parse error, unexpected token package name, you may expect method name, constructor name, "[" or "{".
azimuth_test/azimuth_standard_unit_tests.mbt:55:3-55:10 [E3002] Expected upper case identifier for type name, found lower case identifier.
azimuth_test/azimuth_standard_unit_tests.mbt:55:12-55:20 [E3002] Parse error, unexpected token package name, you may expect method name, constructor name, "[" or "{".
azimuth_test/azimuth_standard_unit_tests.mbt:58:3-58:10 [E3002] Expected upper case identifier for type name, found lower case identifier.
azimuth_test/azimuth_standard_unit_tests.mbt:58:12-58:20 [E3002] Parse error, unexpected token package name, you may expect method name, constructor name, "[" or "{".
azimuth_test/azimuth_standard_unit_tests.mbt:59:3-59:10 [E3002] Expected upper case identifier for type name, found lower case identifier.
azimuth_test/azimuth_standard_unit_tests.mbt:59:12-59:20 [E3002] Parse error, unexpected token package name, you may expect method name, constructor name, "[" or "{".
azimuth_test/azimuth_standard_unit_tests.mbt:60:3-60:10 [E3002] Expected upper case identifier for type name, found lower case identifier.
azimuth_test/azimuth_standard_unit_tests.mbt:60:12-60:20 [E3002] Parse error, unexpected token package name, you may expect method name, constructor name, "[" or "{".
azimuth_test/azimuth_standard_unit_tests.mbt:61:3-61:10 [E3002] Expected upper case identifier for type name, found lower case identifier.
azimuth_test/azimuth_standard_unit_tests.mbt:61:12-61:20 [E3002] Parse error, unexpected token package name, you may expect method name, constructor name, "[" or "{".
azimuth_test/azimuth_standard_unit_tests.mbt:62:3-62:10 [E3002] Expected upper case identifier for type name, found lower case identifier.
azimuth_test/azimuth_standard_unit_tests.mbt:62:12-62:20 [E3002] Parse error, unexpected token package name, you may expect method name, constructor name, "[" or "{".
azimuth_test/azimuth_standard_unit_tests.mbt:63:3-63:10 [E3002] Expected upper case identifier for type name, found lower case identifier.
azimuth_test/azimuth_standard_unit_tests.mbt:63:12-63:20 [E3002] Parse error, unexpected token package name, you may expect method name, constructor name, "[" or "{".
azimuth_test/azimuth_standard_unit_tests.mbt:66:3-66:10 [E3002] Expected upper case identifier for type name, found lower case identifier.
azimuth_test/azimuth_standard_unit_tests.mbt:66:12-66:20 [E3002] Parse error, unexpected token package name, you may expect method name, constructor name, "[" or "{".
azimuth_test/azimuth_standard_unit_tests.mbt:67:3-67:10 [E3002] Expected upper case identifier for type name, found lower case identifier.
azimuth_test/azimuth_standard_unit_tests.mbt:67:12-67:20 [E3002] Parse error, unexpected token package name, you may expect method name, constructor name, "[" or "{".
azimuth_test/azimuth_standard_unit_tests.mbt:72:3-72:10 [E3002] Expected upper case identifier for type name, found lower case identifier.
azimuth_test/azimuth_standard_unit_tests.mbt:72:12-72:20 [E3002] Parse error, unexpected token package name, you may expect method name, constructor name, "[" or "{".
azimuth_test/azimuth_standard_unit_tests.mbt:73:3-73:10 [E3002] Expected upper case identifier for type name, found lower case identifier.
azimuth_test/azimuth_standard_unit_tests.mbt:73:12-73:20 [E3002] Parse error, unexpected token package name, you may expect method name, constructor name, "[" or "{".
azimuth_test/azimuth_standard_unit_tests.mbt:74:3-74:10 [E3002] Expected upper case identifier for type name, found lower case identifier.
azimuth_test/azimuth_standard_unit_tests.mbt:74:12-74:20 [E3002] Parse error, unexpected token package name, you may expect method name, constructor name, "[" or "{".
azimuth_test/azimuth_standard_unit_tests.mbt:75:3-75:10 [E3002] Expected upper case identifier for type name, found lower case identifier.
azimuth_test/azimuth_standard_unit_tests.mbt:75:12-75:20 [E3002] Parse error, unexpected token package name, you may expect method name, constructor name, "[" or "{".
azimuth_test/azimuth_standard_unit_tests.mbt:76:3-76:10 [E3002] Expected upper case identifier for type name, found lower case identifier.
azimuth_test/azimuth_standard_unit_tests.mbt:76:12-76:20 [E3002] Parse error, unexpected token package name, you may expect method name, constructor name, "[" or "{".
azimuth_test/azimuth_standard_unit_tests.mbt:81:3-81:10 [E3002] Expected upper case identifier for type name, found lower case identifier.
azimuth_test/azimuth_standard_unit_tests.mbt:81:12-81:20 [E3002] Parse error, unexpected token package name, you may expect method name, constructor name, "[" or "{".
azimuth_test/azimuth_standard_unit_tests.mbt:82:3-82:10 [E3002] Expected upper case identifier for type name, found lower case identifier.
azimuth_test/azimuth_standard_unit_tests.mbt:82:12-82:20 [E3002] Parse error, unexpected token package name, you may expect method name, constructor name, "[" or "{".
azimuth_test/azimuth_standard_unit_tests.mbt:83:3-83:10 [E3002] Expected upper case identifier for type name, found lower case identifier.
azimuth_test/azimuth_standard_unit_tests.mbt:83:12-83:20 [E3002] Parse error, unexpected token package name, you may expect method name, constructor name, "[" or "{".
azimuth_test/azimuth_standard_unit_tests.mbt:84:3-84:10 [E3002] Expected upper case identifier for type name, found lower case identifier.
azimuth_test/azimuth_standard_unit_tests.mbt:84:12-84:20 [E3002] Parse error, unexpected token package name, you may expect method name, constructor name, "[" or "{".
azimuth_test/azimuth_standard_unit_tests.mbt:89:3-89:10 [E3002] Expected upper case identifier for type name, found lower case identifier.
azimuth_test/azimuth_standard_unit_tests.mbt:89:12-89:20 [E3002] Parse error, unexpected token package name, you may expect method name, constructor name, "[" or "{".
azimuth_test/azimuth_standard_unit_tests.mbt:90:3-90:10 [E3002] Expected upper case identifier for type name, found lower case identifier.
azimuth_test/azimuth_standard_unit_tests.mbt:90:12-90:20 [E3002] Parse error, unexpected token package name, you may expect method name, constructor name, "[" or "{".
azimuth_test/azimuth_standard_unit_tests.mbt:91:3-91:10 [E3002] Expected upper case identifier for type name, found lower case identifier.
azimuth_test/azimuth_standard_unit_tests.mbt:91:12-91:20 [E3002] Parse error, unexpected token package name, you may expect method name, constructor name, "[" or "{".
azimuth_test/azimuth_standard_unit_tests.mbt:92:3-92:10 [E3002] Expected upper case identifier for type name, found lower case identifier.
azimuth_test/azimuth_standard_unit_tests.mbt:92:12-92:20 [E3002] Parse error, unexpected token package name, you may expect method name, constructor name, "[" or "{".
azimuth_test/azimuth_standard_unit_tests.mbt:93:3-93:10 [E3002] Expected upper case identifier for type name, found lower case identifier.
azimuth_test/azimuth_standard_unit_tests.mbt:93:12-93:20 [E3002] Parse error, unexpected token package name, you may expect method name, constructor name, "[" or "{".
azimuth_test/azimuth_standard_unit_tests.mbt:98:3-98:10 [E3002] Expected upper case identifier for type name, found lower case identifier.
azimuth_test/azimuth_standard_unit_tests.mbt:98:12-98:20 [E3002] Parse error, unexpected token package name, you may expect method name, constructor name, "[" or "{".
azimuth_test/azimuth_standard_unit_tests.mbt:99:3-99:10 [E3002] Expected upper case identifier for type name, found lower case identifier.
azimuth_test/azimuth_standard_unit_tests.mbt:99:12-99:20 [E3002] Parse error, unexpected token package name, you may expect method name, constructor name, "[" or "{".
azimuth_test/azimuth_standard_unit_tests.mbt:100:3-100:10 [E3002] Expected upper case identifier for type name, found lower case identifier.
azimuth_test/azimuth_standard_unit_tests.mbt:100:12-100:20 [E3002] Parse error, unexpected token package name, you may expect method name, constructor name, "[" or "{".
azimuth_test/azimuth_standard_unit_tests.mbt:101:3-101:10 [E3002] Expected upper case identifier for type name, found lower case identifier.
azimuth_test/azimuth_standard_unit_tests.mbt:101:12-101:20 [E3002] Parse error, unexpected token package name, you may expect method name, constructor name, "[" or "{".
azimuth_test/azimuth_standard_unit_tests.mbt:102:3-102:10 [E3002] Expected upper case identifier for type name, found lower case identifier.
azimuth_test/azimuth_standard_unit_tests.mbt:102:12-102:20 [E3002] Parse error, unexpected token package name, you may expect method name, constructor name, "[" or "{".
azimuth_test/azimuth_standard_unit_tests.mbt:103:3-103:10 [E3002] Expected upper case identifier for type name, found lower case identifier.
azimuth_test/azimuth_standard_unit_tests.mbt:103:12-103:20 [E3002] Parse error, unexpected token package name, you may expect method name, constructor name, "[" or "{".
azimuth_test/azimuth_standard_unit_tests.mbt:108:7-108:8 [E0002] Warning (unused_value): Unused variable 'a'
azimuth_test/azimuth_standard_unit_tests.mbt:109:7-109:8 [E0002] Warning (unused_value): Unused variable 'b'
azimuth_test/azimuth_standard_unit_tests.mbt:112:7-112:10 [E0002] Warning (unused_value): Unused variable 'sum'
azimuth_test/azimuth_standard_unit_tests.mbt:112:13-112:20 [E3002] Expected upper case identifier for type name, found lower case identifier.
azimuth_test/azimuth_standard_unit_tests.mbt:112:22-112:30 [E3002] Parse error, unexpected token package name, you may expect method name, constructor name, "[" or "{".
azimuth_test/azimuth_standard_unit_tests.mbt:113:7-113:14 [E0002] Warning (unused_value): Unused variable 'product'
azimuth_test/azimuth_standard_unit_tests.mbt:113:17-113:24 [E3002] Expected upper case identifier for type name, found lower case identifier.
azimuth_test/azimuth_standard_unit_tests.mbt:113:26-113:34 [E3002] Parse error, unexpected token package name, you may expect method name, constructor name, "[" or "{".
azimuth_test/azimuth_standard_unit_tests.mbt:114:7-114:15 [E0002] Warning (unused_value): Unused variable 'combined'
azimuth_test/azimuth_standard_unit_tests.mbt:114:18-114:25 [E3002] Expected upper case identifier for type name, found lower case identifier.
azimuth_test/azimuth_standard_unit_tests.mbt:114:27-114:35 [E3002] Parse error, unexpected token package name, you may expect method name, constructor name, "[" or "{".
azimuth_test/azimuth_standard_unit_tests.mbt:115:3-115:10 [E3002] Expected upper case identifier for type name, found lower case identifier.
azimuth_test/azimuth_standard_unit_tests.mbt:115:12-115:20 [E3002] Parse error, unexpected token package name, you may expect method name, constructor name, "[" or "{".
azimuth_test/azimuth_standard_unit_tests.mbt:118:7-118:18 [E0002] Warning (unused_value): Unused variable 'ceil_result'
azimuth_test/azimuth_standard_unit_tests.mbt:118:21-118:28 [E3002] Expected upper case identifier for type name, found lower case identifier.
azimuth_test/azimuth_standard_unit_tests.mbt:118:30-118:38 [E3002] Parse error, unexpected token package name, you may expect method name, constructor name, "[" or "{".
azimuth_test/azimuth_standard_unit_tests.mbt:119:7-119:19 [E0002] Warning (unused_value): Unused variable 'final_result'
azimuth_test/azimuth_standard_unit_tests.mbt:119:22-119:29 [E3002] Expected upper case identifier for type name, found lower case identifier.
azimuth_test/azimuth_standard_unit_tests.mbt:119:31-119:39 [E3002] Parse error, unexpected token package name, you may expect method name, constructor name, "[" or "{".
azimuth_test/azimuth_standard_unit_tests.mbt:120:3-120:10 [E3002] Expected upper case identifier for type name, found lower case identifier.
azimuth_test/azimuth_standard_unit_tests.mbt:120:12-120:20 [E3002] Parse error, unexpected token package name, you may expect method name, constructor name, "[" or "{".
azimuth_test/azimuth_standard_unit_tests.mbt:123:7-123:15 [E0002] Warning (unused_value): Unused variable 'greeting'
azimuth_test/azimuth_standard_unit_tests.mbt:123:18-123:25 [E3002] Expected upper case identifier for type name, found lower case identifier.
azimuth_test/azimuth_standard_unit_tests.mbt:123:27-123:35 [E3002] Parse error, unexpected token package name, you may expect method name, constructor name, "[" or "{".
azimuth_test/azimuth_standard_unit_tests.mbt:124:7-124:20 [E0002] Warning (unused_value): Unused variable 'number_result'
azimuth_test/azimuth_standard_unit_tests.mbt:124:23-124:30 [E3002] Expected upper case identifier for type name, found lower case identifier.
azimuth_test/azimuth_standard_unit_tests.mbt:124:32-124:40 [E3002] Parse error, unexpected token package name, you may expect method name, constructor name, "[" or "{".
azimuth_test/azimuth_standard_unit_tests.mbt:125:3-125:10 [E3002] Expected upper case identifier for type name, found lower case identifier.
azimuth_test/azimuth_standard_unit_tests.mbt:125:12-125:20 [E3002] Parse error, unexpected token package name, you may expect method name, constructor name, "[" or "{".
azimuth_test/azimuth_standard_unit_tests.mbt:126:3-126:10 [E3002] Expected upper case identifier for type name, found lower case identifier.
azimuth_test/azimuth_standard_unit_tests.mbt:126:12-126:20 [E3002] Parse error, unexpected token package name, you may expect method name, constructor name, "[" or "{".
Error: azimuth_standard_unit_tests.mbt compilation failed
Checking simple_test_add.mbt...
Found 1 tests in simple_test_add.mbt
test ... ok
Checking standard_moonbit_tests_v19.mbt...
azimuth_test/standard_moonbit_tests_v19.mbt:107:22-107:26 [E4014] Expr Type Mismatch
        has type : Bool
        wanted   : Int
azimuth_test/standard_moonbit_tests_v19.mbt:107:28-107:33 [E4014] Expr Type Mismatch
        has type : Bool
        wanted   : Int
azimuth_test/standard_moonbit_tests_v19.mbt:108:3-108:34 [E4014] Type Mismatch
        has type : Unit
        wanted   : function type
Error: standard_moonbit_tests_v19.mbt compilation failed
Checking azimuth_standard_tests.mbt...
azimuth_test/azimuth_standard_tests.mbt:7:3-7:12 [E4021] The value identifier assert_eq is unbound.
azimuth_test/azimuth_standard_tests.mbt:7:16-7:19 [E4021] The value identifier add is unbound.
azimuth_test/azimuth_standard_tests.mbt:8:3-8:12 [E4021] The value identifier assert_eq is unbound.
azimuth_test/azimuth_standard_tests.mbt:8:16-8:19 [E4021] The value identifier add is unbound.
azimuth_test/azimuth_standard_tests.mbt:9:3-9:12 [E4021] The value identifier assert_eq is unbound.
azimuth_test/azimuth_standard_tests.mbt:9:17-9:20 [E4021] The value identifier add is unbound.
azimuth_test/azimuth_standard_tests.mbt:12:3-12:12 [E4021] The value identifier assert_eq is unbound.
azimuth_test/azimuth_standard_tests.mbt:12:17-12:25 [E4021] The value identifier multiply is unbound.
azimuth_test/azimuth_standard_tests.mbt:13:3-13:12 [E4021] The value identifier assert_eq is unbound.
azimuth_test/azimuth_standard_tests.mbt:13:16-13:24 [E4021] The value identifier multiply is unbound.
azimuth_test/azimuth_standard_tests.mbt:14:3-14:12 [E4021] The value identifier assert_eq is unbound.
azimuth_test/azimuth_standard_tests.mbt:14:18-14:26 [E4021] The value identifier multiply is unbound.
azimuth_test/azimuth_standard_tests.mbt:17:3-17:12 [E4021] The value identifier assert_eq is unbound.
azimuth_test/azimuth_standard_tests.mbt:17:16-17:24 [E4021] The value identifier subtract is unbound.
azimuth_test/azimuth_standard_tests.mbt:18:3-18:12 [E4021] The value identifier assert_eq is unbound.
azimuth_test/azimuth_standard_tests.mbt:18:17-18:25 [E4021] The value identifier subtract is unbound.
azimuth_test/azimuth_standard_tests.mbt:19:3-19:12 [E4021] The value identifier assert_eq is unbound.
azimuth_test/azimuth_standard_tests.mbt:19:16-19:24 [E4021] The value identifier subtract is unbound.
azimuth_test/azimuth_standard_tests.mbt:25:3-25:12 [E4021] The value identifier assert_eq is unbound.
azimuth_test/azimuth_standard_tests.mbt:25:16-25:32 [E4021] The value identifier divide_with_ceil is unbound.
azimuth_test/azimuth_standard_tests.mbt:26:3-26:12 [E4021] The value identifier assert_eq is unbound.
azimuth_test/azimuth_standard_tests.mbt:26:16-26:32 [E4021] The value identifier divide_with_ceil is unbound.
azimuth_test/azimuth_standard_tests.mbt:27:3-27:12 [E4021] The value identifier assert_eq is unbound.
azimuth_test/azimuth_standard_tests.mbt:27:16-27:32 [E4021] The value identifier divide_with_ceil is unbound.
azimuth_test/azimuth_standard_tests.mbt:30:3-30:12 [E4021] The value identifier assert_eq is unbound.
azimuth_test/azimuth_standard_tests.mbt:30:16-30:32 [E4021] The value identifier divide_with_ceil is unbound.
azimuth_test/azimuth_standard_tests.mbt:31:3-31:12 [E4021] The value identifier assert_eq is unbound.
azimuth_test/azimuth_standard_tests.mbt:31:16-31:32 [E4021] The value identifier divide_with_ceil is unbound.
azimuth_test/azimuth_standard_tests.mbt:34:3-34:12 [E4021] The value identifier assert_eq is unbound.
azimuth_test/azimuth_standard_tests.mbt:34:17-34:33 [E4021] The value identifier divide_with_ceil is unbound.
azimuth_test/azimuth_standard_tests.mbt:35:3-35:12 [E4021] The value identifier assert_eq is unbound.
azimuth_test/azimuth_standard_tests.mbt:35:16-35:32 [E4021] The value identifier divide_with_ceil is unbound.
azimuth_test/azimuth_standard_tests.mbt:41:3-41:19 [E4021] The value identifier assert_eq_string is unbound.
azimuth_test/azimuth_standard_tests.mbt:41:37-41:42 [E4021] The value identifier greet is unbound.
azimuth_test/azimuth_standard_tests.mbt:42:3-42:19 [E4021] The value identifier assert_eq_string is unbound.
azimuth_test/azimuth_standard_tests.mbt:42:39-42:44 [E4021] The value identifier greet is unbound.
azimuth_test/azimuth_standard_tests.mbt:45:3-45:19 [E4021] The value identifier assert_eq_string is unbound.
azimuth_test/azimuth_standard_tests.mbt:45:34-45:39 [E4021] The value identifier greet is unbound.
azimuth_test/azimuth_standard_tests.mbt:46:3-46:19 [E4021] The value identifier assert_eq_string is unbound.
azimuth_test/azimuth_standard_tests.mbt:46:33-46:38 [E4021] The value identifier greet is unbound.
azimuth_test/azimuth_standard_tests.mbt:49:3-49:19 [E4021] The value identifier assert_eq_string is unbound.
azimuth_test/azimuth_standard_tests.mbt:49:32-49:37 [E4021] The value identifier greet is unbound.
azimuth_test/azimuth_standard_tests.mbt:50:3-50:19 [E4021] The value identifier assert_eq_string is unbound.
azimuth_test/azimuth_standard_tests.mbt:50:37-50:42 [E4021] The value identifier greet is unbound.
azimuth_test/azimuth_standard_tests.mbt:56:3-56:12 [E4021] The value identifier assert_eq is unbound.
azimuth_test/azimuth_standard_tests.mbt:56:13-56:16 [E4021] The value identifier add is unbound.
azimuth_test/azimuth_standard_tests.mbt:56:25-56:28 [E4021] The value identifier add is unbound.
azimuth_test/azimuth_standard_tests.mbt:57:3-57:12 [E4021] The value identifier assert_eq is unbound.
azimuth_test/azimuth_standard_tests.mbt:57:13-57:16 [E4021] The value identifier add is unbound.
azimuth_test/azimuth_standard_tests.mbt:57:26-57:29 [E4021] The value identifier add is unbound.
azimuth_test/azimuth_standard_tests.mbt:60:3-60:12 [E4021] The value identifier assert_eq is unbound.
azimuth_test/azimuth_standard_tests.mbt:60:13-60:21 [E4021] The value identifier multiply is unbound.
azimuth_test/azimuth_standard_tests.mbt:60:30-60:38 [E4021] The value identifier multiply is unbound.
azimuth_test/azimuth_standard_tests.mbt:61:3-61:12 [E4021] The value identifier assert_eq is unbound.
azimuth_test/azimuth_standard_tests.mbt:61:13-61:21 [E4021] The value identifier multiply is unbound.
azimuth_test/azimuth_standard_tests.mbt:61:31-61:39 [E4021] The value identifier multiply is unbound.
azimuth_test/azimuth_standard_tests.mbt:67:3-67:12 [E4021] The value identifier assert_eq is unbound.
azimuth_test/azimuth_standard_tests.mbt:67:16-67:19 [E4021] The value identifier add is unbound.
azimuth_test/azimuth_standard_tests.mbt:68:3-68:12 [E4021] The value identifier assert_eq is unbound.
azimuth_test/azimuth_standard_tests.mbt:68:16-68:19 [E4021] The value identifier add is unbound.
azimuth_test/azimuth_standard_tests.mbt:69:3-69:12 [E4021] The value identifier assert_eq is unbound.
azimuth_test/azimuth_standard_tests.mbt:69:17-69:20 [E4021] The value identifier add is unbound.
azimuth_test/azimuth_standard_tests.mbt:72:3-72:12 [E4021] The value identifier assert_eq is unbound.
azimuth_test/azimuth_standard_tests.mbt:72:16-72:24 [E4021] The value identifier multiply is unbound.
azimuth_test/azimuth_standard_tests.mbt:73:3-73:12 [E4021] The value identifier assert_eq is unbound.
azimuth_test/azimuth_standard_tests.mbt:73:16-73:24 [E4021] The value identifier multiply is unbound.
azimuth_test/azimuth_standard_tests.mbt:74:3-74:12 [E4021] The value identifier assert_eq is unbound.
azimuth_test/azimuth_standard_tests.mbt:74:16-74:24 [E4021] The value identifier multiply is unbound.
azimuth_test/azimuth_standard_tests.mbt:80:17-80:20 [E4021] The value identifier add is unbound.
azimuth_test/azimuth_standard_tests.mbt:80:21-80:29 [E4021] The value identifier multiply is unbound.
azimuth_test/azimuth_standard_tests.mbt:80:37-80:45 [E4021] The value identifier multiply is unbound.
azimuth_test/azimuth_standard_tests.mbt:81:3-81:12 [E4021] The value identifier assert_eq is unbound.
azimuth_test/azimuth_standard_tests.mbt:84:17-84:25 [E4021] The value identifier multiply is unbound.
azimuth_test/azimuth_standard_tests.mbt:84:26-84:29 [E4021] The value identifier add is unbound.
azimuth_test/azimuth_standard_tests.mbt:84:37-84:45 [E4021] The value identifier subtract is unbound.
azimuth_test/azimuth_standard_tests.mbt:85:3-85:12 [E4021] The value identifier assert_eq is unbound.
azimuth_test/azimuth_standard_tests.mbt:88:17-88:33 [E4021] The value identifier divide_with_ceil is unbound.
azimuth_test/azimuth_standard_tests.mbt:88:34-88:42 [E4021] The value identifier multiply is unbound.
azimuth_test/azimuth_standard_tests.mbt:88:50-88:53 [E4021] The value identifier add is unbound.
azimuth_test/azimuth_standard_tests.mbt:89:3-89:12 [E4021] The value identifier assert_eq is unbound.
azimuth_test/azimuth_standard_tests.mbt:97:22-97:38 [E4021] The value identifier divide_with_ceil is unbound.
azimuth_test/azimuth_standard_tests.mbt:98:3-98:12 [E4021] The value identifier assert_eq is unbound.
azimuth_test/azimuth_standard_tests.mbt:101:24-101:32 [E4021] The value identifier multiply is unbound.
azimuth_test/azimuth_standard_tests.mbt:102:3-102:12 [E4021] The value identifier assert_eq is unbound.
azimuth_test/azimuth_standard_tests.mbt:105:25-105:33 [E4021] The value identifier subtract is unbound.
azimuth_test/azimuth_standard_tests.mbt:106:3-106:12 [E4021] The value identifier assert_eq is unbound.
azimuth_test/azimuth_standard_tests.mbt:112:3-112:12 [E4021] The value identifier assert_eq is unbound.
azimuth_test/azimuth_standard_tests.mbt:112:16-112:32 [E4021] The value identifier divide_with_ceil is unbound.
azimuth_test/azimuth_standard_tests.mbt:113:3-113:12 [E4021] The value identifier assert_eq is unbound.
azimuth_test/azimuth_standard_tests.mbt:113:16-113:32 [E4021] The value identifier divide_with_ceil is unbound.
azimuth_test/azimuth_standard_tests.mbt:114:3-114:12 [E4021] The value identifier assert_eq is unbound.
azimuth_test/azimuth_standard_tests.mbt:114:16-114:32 [E4021] The value identifier divide_with_ceil is unbound.
azimuth_test/azimuth_standard_tests.mbt:117:3-117:12 [E4021] The value identifier assert_eq is unbound.
azimuth_test/azimuth_standard_tests.mbt:117:22-117:30 [E4021] The value identifier multiply is unbound.
azimuth_test/azimuth_standard_tests.mbt:118:3-118:12 [E4021] The value identifier assert_eq is unbound.
azimuth_test/azimuth_standard_tests.mbt:118:22-118:25 [E4021] The value identifier add is unbound.
azimuth_test/azimuth_standard_tests.mbt:121:3-121:12 [E4021] The value identifier assert_eq is unbound.
azimuth_test/azimuth_standard_tests.mbt:121:19-121:35 [E4021] The value identifier divide_with_ceil is unbound.
azimuth_test/azimuth_standard_tests.mbt:122:3-122:12 [E4021] The value identifier assert_eq is unbound.
azimuth_test/azimuth_standard_tests.mbt:122:19-122:35 [E4021] The value identifier divide_with_ceil is unbound.
azimuth_test/azimuth_standard_tests.mbt:131:15-131:18 [E4021] The value identifier add is unbound.
azimuth_test/azimuth_standard_tests.mbt:131:34-131:50 [E4021] The value identifier divide_with_ceil is unbound.
azimuth_test/azimuth_standard_tests.mbt:134:15-134:23 [E4021] The value identifier multiply is unbound.
azimuth_test/azimuth_standard_tests.mbt:138:15-138:31 [E4021] The value identifier divide_with_ceil is unbound.
azimuth_test/azimuth_standard_tests.mbt:142:22-142:25 [E4021] The value identifier add is unbound.
azimuth_test/azimuth_standard_tests.mbt:145:3-145:12 [E4021] The value identifier assert_eq is unbound.
azimuth_test/azimuth_standard_tests.mbt:151:3-151:12 [E4021] The value identifier assert_eq is unbound.
azimuth_test/azimuth_standard_tests.mbt:151:16-151:32 [E4021] The value identifier divide_with_ceil is unbound.
azimuth_test/azimuth_standard_tests.mbt:152:3-152:12 [E4021] The value identifier assert_eq is unbound.
azimuth_test/azimuth_standard_tests.mbt:152:16-152:32 [E4021] The value identifier divide_with_ceil is unbound.
azimuth_test/azimuth_standard_tests.mbt:153:3-153:12 [E4021] The value identifier assert_eq is unbound.
azimuth_test/azimuth_standard_tests.mbt:153:16-153:32 [E4021] The value identifier divide_with_ceil is unbound.
azimuth_test/azimuth_standard_tests.mbt:154:3-154:12 [E4021] The value identifier assert_eq is unbound.
azimuth_test/azimuth_standard_tests.mbt:154:16-154:32 [E4021] The value identifier divide_with_ceil is unbound.
azimuth_test/azimuth_standard_tests.mbt:158:3-158:12 [E4021] The value identifier assert_eq is unbound.
azimuth_test/azimuth_standard_tests.mbt:158:16-158:24 [E4021] The value identifier multiply is unbound.
azimuth_test/azimuth_standard_tests.mbt:159:3-159:12 [E4021] The value identifier assert_eq is unbound.
azimuth_test/azimuth_standard_tests.mbt:159:27-159:30 [E4021] The value identifier add is unbound.
azimuth_test/azimuth_standard_tests.mbt:162:3-162:19 [E4021] The value identifier assert_eq_string is unbound.
azimuth_test/azimuth_standard_tests.mbt:162:32-162:37 [E4021] The value identifier greet is unbound.
azimuth_test/azimuth_standard_tests.mbt:163:3-163:19 [E4021] The value identifier assert_eq_string is unbound.
azimuth_test/azimuth_standard_tests.mbt:163:33-163:38 [E4021] The value identifier greet is unbound.
azimuth_test/azimuth_standard_tests.mbt:164:3-164:19 [E4021] The value identifier assert_eq_string is unbound.
azimuth_test/azimuth_standard_tests.mbt:164:35-164:40 [E4021] The value identifier greet is unbound.
Error: azimuth_standard_tests.mbt compilation failed
Checking standard_tests.mbt...
Found 10 tests in standard_tests.mbt
test ... ok
test ... ok
test ... ok
test ... ok
test ... ok
test ... ok
test ... ok
test ... ok
test ... ok
test ... ok
Checking azimuth_standard_tests.mbt...
azimuth_test/azimuth_standard_tests.mbt:7:3-7:12 [E4021] The value identifier assert_eq is unbound.
azimuth_test/azimuth_standard_tests.mbt:7:16-7:19 [E4021] The value identifier add is unbound.
azimuth_test/azimuth_standard_tests.mbt:8:3-8:12 [E4021] The value identifier assert_eq is unbound.
azimuth_test/azimuth_standard_tests.mbt:8:16-8:19 [E4021] The value identifier add is unbound.
azimuth_test/azimuth_standard_tests.mbt:9:3-9:12 [E4021] The value identifier assert_eq is unbound.
azimuth_test/azimuth_standard_tests.mbt:9:17-9:20 [E4021] The value identifier add is unbound.
azimuth_test/azimuth_standard_tests.mbt:12:3-12:12 [E4021] The value identifier assert_eq is unbound.
azimuth_test/azimuth_standard_tests.mbt:12:17-12:25 [E4021] The value identifier multiply is unbound.
azimuth_test/azimuth_standard_tests.mbt:13:3-13:12 [E4021] The value identifier assert_eq is unbound.
azimuth_test/azimuth_standard_tests.mbt:13:16-13:24 [E4021] The value identifier multiply is unbound.
azimuth_test/azimuth_standard_tests.mbt:14:3-14:12 [E4021] The value identifier assert_eq is unbound.
azimuth_test/azimuth_standard_tests.mbt:14:18-14:26 [E4021] The value identifier multiply is unbound.
azimuth_test/azimuth_standard_tests.mbt:17:3-17:12 [E4021] The value identifier assert_eq is unbound.
azimuth_test/azimuth_standard_tests.mbt:17:16-17:24 [E4021] The value identifier subtract is unbound.
azimuth_test/azimuth_standard_tests.mbt:18:3-18:12 [E4021] The value identifier assert_eq is unbound.
azimuth_test/azimuth_standard_tests.mbt:18:17-18:25 [E4021] The value identifier subtract is unbound.
azimuth_test/azimuth_standard_tests.mbt:19:3-19:12 [E4021] The value identifier assert_eq is unbound.
azimuth_test/azimuth_standard_tests.mbt:19:16-19:24 [E4021] The value identifier subtract is unbound.
azimuth_test/azimuth_standard_tests.mbt:25:3-25:12 [E4021] The value identifier assert_eq is unbound.
azimuth_test/azimuth_standard_tests.mbt:25:16-25:32 [E4021] The value identifier divide_with_ceil is unbound.
azimuth_test/azimuth_standard_tests.mbt:26:3-26:12 [E4021] The value identifier assert_eq is unbound.
azimuth_test/azimuth_standard_tests.mbt:26:16-26:32 [E4021] The value identifier divide_with_ceil is unbound.
azimuth_test/azimuth_standard_tests.mbt:27:3-27:12 [E4021] The value identifier assert_eq is unbound.
azimuth_test/azimuth_standard_tests.mbt:27:16-27:32 [E4021] The value identifier divide_with_ceil is unbound.
azimuth_test/azimuth_standard_tests.mbt:30:3-30:12 [E4021] The value identifier assert_eq is unbound.
azimuth_test/azimuth_standard_tests.mbt:30:16-30:32 [E4021] The value identifier divide_with_ceil is unbound.
azimuth_test/azimuth_standard_tests.mbt:31:3-31:12 [E4021] The value identifier assert_eq is unbound.
azimuth_test/azimuth_standard_tests.mbt:31:16-31:32 [E4021] The value identifier divide_with_ceil is unbound.
azimuth_test/azimuth_standard_tests.mbt:34:3-34:12 [E4021] The value identifier assert_eq is unbound.
azimuth_test/azimuth_standard_tests.mbt:34:17-34:33 [E4021] The value identifier divide_with_ceil is unbound.
azimuth_test/azimuth_standard_tests.mbt:35:3-35:12 [E4021] The value identifier assert_eq is unbound.
azimuth_test/azimuth_standard_tests.mbt:35:16-35:32 [E4021] The value identifier divide_with_ceil is unbound.
azimuth_test/azimuth_standard_tests.mbt:41:3-41:19 [E4021] The value identifier assert_eq_string is unbound.
azimuth_test/azimuth_standard_tests.mbt:41:37-41:42 [E4021] The value identifier greet is unbound.
azimuth_test/azimuth_standard_tests.mbt:42:3-42:19 [E4021] The value identifier assert_eq_string is unbound.
azimuth_test/azimuth_standard_tests.mbt:42:39-42:44 [E4021] The value identifier greet is unbound.
azimuth_test/azimuth_standard_tests.mbt:45:3-45:19 [E4021] The value identifier assert_eq_string is unbound.
azimuth_test/azimuth_standard_tests.mbt:45:34-45:39 [E4021] The value identifier greet is unbound.
azimuth_test/azimuth_standard_tests.mbt:46:3-46:19 [E4021] The value identifier assert_eq_string is unbound.
azimuth_test/azimuth_standard_tests.mbt:46:33-46:38 [E4021] The value identifier greet is unbound.
azimuth_test/azimuth_standard_tests.mbt:49:3-49:19 [E4021] The value identifier assert_eq_string is unbound.
azimuth_test/azimuth_standard_tests.mbt:49:32-49:37 [E4021] The value identifier greet is unbound.
azimuth_test/azimuth_standard_tests.mbt:50:3-50:19 [E4021] The value identifier assert_eq_string is unbound.
azimuth_test/azimuth_standard_tests.mbt:50:37-50:42 [E4021] The value identifier greet is unbound.
azimuth_test/azimuth_standard_tests.mbt:56:3-56:12 [E4021] The value identifier assert_eq is unbound.
azimuth_test/azimuth_standard_tests.mbt:56:13-56:16 [E4021] The value identifier add is unbound.
azimuth_test/azimuth_standard_tests.mbt:56:25-56:28 [E4021] The value identifier add is unbound.
azimuth_test/azimuth_standard_tests.mbt:57:3-57:12 [E4021] The value identifier assert_eq is unbound.
azimuth_test/azimuth_standard_tests.mbt:57:13-57:16 [E4021] The value identifier add is unbound.
azimuth_test/azimuth_standard_tests.mbt:57:26-57:29 [E4021] The value identifier add is unbound.
azimuth_test/azimuth_standard_tests.mbt:60:3-60:12 [E4021] The value identifier assert_eq is unbound.
azimuth_test/azimuth_standard_tests.mbt:60:13-60:21 [E4021] The value identifier multiply is unbound.
azimuth_test/azimuth_standard_tests.mbt:60:30-60:38 [E4021] The value identifier multiply is unbound.
azimuth_test/azimuth_standard_tests.mbt:61:3-61:12 [E4021] The value identifier assert_eq is unbound.
azimuth_test/azimuth_standard_tests.mbt:61:13-61:21 [E4021] The value identifier multiply is unbound.
azimuth_test/azimuth_standard_tests.mbt:61:31-61:39 [E4021] The value identifier multiply is unbound.
azimuth_test/azimuth_standard_tests.mbt:67:3-67:12 [E4021] The value identifier assert_eq is unbound.
azimuth_test/azimuth_standard_tests.mbt:67:16-67:19 [E4021] The value identifier add is unbound.
azimuth_test/azimuth_standard_tests.mbt:68:3-68:12 [E4021] The value identifier assert_eq is unbound.
azimuth_test/azimuth_standard_tests.mbt:68:16-68:19 [E4021] The value identifier add is unbound.
azimuth_test/azimuth_standard_tests.mbt:69:3-69:12 [E4021] The value identifier assert_eq is unbound.
azimuth_test/azimuth_standard_tests.mbt:69:17-69:20 [E4021] The value identifier add is unbound.
azimuth_test/azimuth_standard_tests.mbt:72:3-72:12 [E4021] The value identifier assert_eq is unbound.
azimuth_test/azimuth_standard_tests.mbt:72:16-72:24 [E4021] The value identifier multiply is unbound.
azimuth_test/azimuth_standard_tests.mbt:73:3-73:12 [E4021] The value identifier assert_eq is unbound.
azimuth_test/azimuth_standard_tests.mbt:73:16-73:24 [E4021] The value identifier multiply is unbound.
azimuth_test/azimuth_standard_tests.mbt:74:3-74:12 [E4021] The value identifier assert_eq is unbound.
azimuth_test/azimuth_standard_tests.mbt:74:16-74:24 [E4021] The value identifier multiply is unbound.
azimuth_test/azimuth_standard_tests.mbt:80:17-80:20 [E4021] The value identifier add is unbound.
azimuth_test/azimuth_standard_tests.mbt:80:21-80:29 [E4021] The value identifier multiply is unbound.
azimuth_test/azimuth_standard_tests.mbt:80:37-80:45 [E4021] The value identifier multiply is unbound.
azimuth_test/azimuth_standard_tests.mbt:81:3-81:12 [E4021] The value identifier assert_eq is unbound.
azimuth_test/azimuth_standard_tests.mbt:84:17-84:25 [E4021] The value identifier multiply is unbound.
azimuth_test/azimuth_standard_tests.mbt:84:26-84:29 [E4021] The value identifier add is unbound.
azimuth_test/azimuth_standard_tests.mbt:84:37-84:45 [E4021] The value identifier subtract is unbound.
azimuth_test/azimuth_standard_tests.mbt:85:3-85:12 [E4021] The value identifier assert_eq is unbound.
azimuth_test/azimuth_standard_tests.mbt:88:17-88:33 [E4021] The value identifier divide_with_ceil is unbound.
azimuth_test/azimuth_standard_tests.mbt:88:34-88:42 [E4021] The value identifier multiply is unbound.
azimuth_test/azimuth_standard_tests.mbt:88:50-88:53 [E4021] The value identifier add is unbound.
azimuth_test/azimuth_standard_tests.mbt:89:3-89:12 [E4021] The value identifier assert_eq is unbound.
azimuth_test/azimuth_standard_tests.mbt:97:22-97:38 [E4021] The value identifier divide_with_ceil is unbound.
azimuth_test/azimuth_standard_tests.mbt:98:3-98:12 [E4021] The value identifier assert_eq is unbound.
azimuth_test/azimuth_standard_tests.mbt:101:24-101:32 [E4021] The value identifier multiply is unbound.
azimuth_test/azimuth_standard_tests.mbt:102:3-102:12 [E4021] The value identifier assert_eq is unbound.
azimuth_test/azimuth_standard_tests.mbt:105:25-105:33 [E4021] The value identifier subtract is unbound.
azimuth_test/azimuth_standard_tests.mbt:106:3-106:12 [E4021] The value identifier assert_eq is unbound.
azimuth_test/azimuth_standard_tests.mbt:112:3-112:12 [E4021] The value identifier assert_eq is unbound.
azimuth_test/azimuth_standard_tests.mbt:112:16-112:32 [E4021] The value identifier divide_with_ceil is unbound.
azimuth_test/azimuth_standard_tests.mbt:113:3-113:12 [E4021] The value identifier assert_eq is unbound.
azimuth_test/azimuth_standard_tests.mbt:113:16-113:32 [E4021] The value identifier divide_with_ceil is unbound.
azimuth_test/azimuth_standard_tests.mbt:114:3-114:12 [E4021] The value identifier assert_eq is unbound.
azimuth_test/azimuth_standard_tests.mbt:114:16-114:32 [E4021] The value identifier divide_with_ceil is unbound.
azimuth_test/azimuth_standard_tests.mbt:117:3-117:12 [E4021] The value identifier assert_eq is unbound.
azimuth_test/azimuth_standard_tests.mbt:117:22-117:30 [E4021] The value identifier multiply is unbound.
azimuth_test/azimuth_standard_tests.mbt:118:3-118:12 [E4021] The value identifier assert_eq is unbound.
azimuth_test/azimuth_standard_tests.mbt:118:22-118:25 [E4021] The value identifier add is unbound.
azimuth_test/azimuth_standard_tests.mbt:121:3-121:12 [E4021] The value identifier assert_eq is unbound.
azimuth_test/azimuth_standard_tests.mbt:121:19-121:35 [E4021] The value identifier divide_with_ceil is unbound.
azimuth_test/azimuth_standard_tests.mbt:122:3-122:12 [E4021] The value identifier assert_eq is unbound.
azimuth_test/azimuth_standard_tests.mbt:122:19-122:35 [E4021] The value identifier divide_with_ceil is unbound.
azimuth_test/azimuth_standard_tests.mbt:131:15-131:18 [E4021] The value identifier add is unbound.
azimuth_test/azimuth_standard_tests.mbt:131:34-131:50 [E4021] The value identifier divide_with_ceil is unbound.
azimuth_test/azimuth_standard_tests.mbt:134:15-134:23 [E4021] The value identifier multiply is unbound.
azimuth_test/azimuth_standard_tests.mbt:138:15-138:31 [E4021] The value identifier divide_with_ceil is unbound.
azimuth_test/azimuth_standard_tests.mbt:142:22-142:25 [E4021] The value identifier add is unbound.
azimuth_test/azimuth_standard_tests.mbt:145:3-145:12 [E4021] The value identifier assert_eq is unbound.
azimuth_test/azimuth_standard_tests.mbt:151:3-151:12 [E4021] The value identifier assert_eq is unbound.
azimuth_test/azimuth_standard_tests.mbt:151:16-151:32 [E4021] The value identifier divide_with_ceil is unbound.
azimuth_test/azimuth_standard_tests.mbt:152:3-152:12 [E4021] The value identifier assert_eq is unbound.
azimuth_test/azimuth_standard_tests.mbt:152:16-152:32 [E4021] The value identifier divide_with_ceil is unbound.
azimuth_test/azimuth_standard_tests.mbt:153:3-153:12 [E4021] The value identifier assert_eq is unbound.
azimuth_test/azimuth_standard_tests.mbt:153:16-153:32 [E4021] The value identifier divide_with_ceil is unbound.
azimuth_test/azimuth_standard_tests.mbt:154:3-154:12 [E4021] The value identifier assert_eq is unbound.
azimuth_test/azimuth_standard_tests.mbt:154:16-154:32 [E4021] The value identifier divide_with_ceil is unbound.
azimuth_test/azimuth_standard_tests.mbt:158:3-158:12 [E4021] The value identifier assert_eq is unbound.
azimuth_test/azimuth_standard_tests.mbt:158:16-158:24 [E4021] The value identifier multiply is unbound.
azimuth_test/azimuth_standard_tests.mbt:159:3-159:12 [E4021] The value identifier assert_eq is unbound.
azimuth_test/azimuth_standard_tests.mbt:159:27-159:30 [E4021] The value identifier add is unbound.
azimuth_test/azimuth_standard_tests.mbt:162:3-162:19 [E4021] The value identifier assert_eq_string is unbound.
azimuth_test/azimuth_standard_tests.mbt:162:32-162:37 [E4021] The value identifier greet is unbound.
azimuth_test/azimuth_standard_tests.mbt:163:3-163:19 [E4021] The value identifier assert_eq_string is unbound.
azimuth_test/azimuth_standard_tests.mbt:163:33-163:38 [E4021] The value identifier greet is unbound.
azimuth_test/azimuth_standard_tests.mbt:164:3-164:19 [E4021] The value identifier assert_eq_string is unbound.
azimuth_test/azimuth_standard_tests.mbt:164:35-164:40 [E4021] The value identifier greet is unbound.
Error: azimuth_standard_tests.mbt compilation failed
Checking user_new_additional_tests.mbt...
Found 9 tests in user_new_additional_tests.mbt
test ... ok
test ... ok
test ... ok
test ... ok
test ... ok
test ... ok
test ... ok
test ... ok
test ... ok
Test file ../../azimuth_enhanced_test_cases.mbt not found
Checking azimuth_additional_test_cases.mbt...
Found 10 tests in azimuth_additional_test_cases.mbt
test ... ok
test ... ok
test ... ok
test ... ok
test ... ok
test ... ok
test ... ok
test ... ok
test ... ok
test ... ok
Checking azimuth_additional_standard_tests.mbt...
Found 10 tests in azimuth_additional_standard_tests.mbt
test ... ok
test ... ok
test ... ok
test ... ok
test ... ok
test ... ok
test ... ok
test ... ok
test ... ok
test ... ok
Checking azimuth_new_user_tests.mbt...
azimuth_test/azimuth_new_user_tests.mbt:140:22-140:48 [E4014] Expr Type Mismatch
        has type : Bool
        wanted   : Int
azimuth_test/azimuth_new_user_tests.mbt:140:50-140:54 [E4014] Expr Type Mismatch
        has type : Bool
        wanted   : Int
azimuth_test/azimuth_new_user_tests.mbt:143:22-143:49 [E4014] Expr Type Mismatch
        has type : Bool
        wanted   : Int
azimuth_test/azimuth_new_user_tests.mbt:143:51-143:55 [E4014] Expr Type Mismatch
        has type : Bool
        wanted   : Int
Error: azimuth_new_user_tests.mbt compilation failed
Checking azimuth_standard_moonbit_tests.mbt...
azimuth_test/azimuth_standard_moonbit_tests.mbt:107:22-107:54 [E4080] This function has type (Int, Int) -> Int, which requires 2 arguments, but is given 3 arguments.
azimuth_test/azimuth_standard_moonbit_tests.mbt:107:22-107:65 [E4014] Expr Type Mismatch
        has type : Bool
        wanted   : Int
azimuth_test/azimuth_standard_moonbit_tests.mbt:107:3-107:66 [E4080] This function has type (Int, Int) -> Unit, which requires 2 arguments, but is given 1 arguments.
azimuth_test/azimuth_standard_moonbit_tests.mbt:108:22-108:57 [E4080] This function has type (Int, Int) -> Int, which requires 2 arguments, but is given 3 arguments.
azimuth_test/azimuth_standard_moonbit_tests.mbt:108:22-108:68 [E4014] Expr Type Mismatch
        has type : Bool
        wanted   : Int
azimuth_test/azimuth_standard_moonbit_tests.mbt:108:3-108:69 [E4080] This function has type (Int, Int) -> Unit, which requires 2 arguments, but is given 1 arguments.
Error: azimuth_standard_moonbit_tests.mbt compilation failed
Test file ../../azimuth_standard_test_cases.mbt not found
Checking simple_test_new3.mbt...
Found 1 tests in simple_test_new3.mbt
test ... ok
Checking standard_moonbit_test_cases_new.mbt...
Found 10 tests in standard_moonbit_test_cases_new.mbt
test ... ok
test ... ok
test ... ok
test ... ok
test ... ok
test ... ok
test ... ok
test ... ok
test ... ok
test ... ok
Checking my_enhanced_tests.mbt...
Found 10 tests in my_enhanced_tests.mbt
test ... ok
test ... ok
test ... ok
test ... ok
test ... ok
test ... ok
test ... ok
test ... ok
test ... ok
test ... ok
Checking ../concise_core_tests.mbt...
Found 8 tests in ../concise_core_tests.mbt
test ... ok
test ... ok
test ... ok
test ... ok
test ... ok
test ... ok
test ... ok
test ... ok
Checking concise_core_tests.mbt...
Found 10 tests in concise_core_tests.mbt
test ... ok
test ... ok
test ... ok
test ... ok
test ... ok
test ... ok
test ... ok
test ... ok
test ... ok
test ... ok
Checking ../standard_essential_tests.mbt...
azimuth_test/standard_essential_tests.mbt:85:3-85:23 [E4021] Value assert_true not found in package `azimuth`.
azimuth_test/standard_essential_tests.mbt:86:3-86:24 [E4021] Value assert_false not found in package `azimuth`.
Error: ../standard_essential_tests.mbt compilation failed
Checking advanced_test_scenarios.mbt...
azimuth_test/advanced_test_scenarios.mbt:30:7-30:19 [E0002] Warning (unused_value): Unused variable 'monthly_rate'
Found 10 tests in advanced_test_scenarios.mbt
test ... ok
test ... ok
test ... ok
test ... ok
test ... ok
test ... ok
test ... ok
test ... ok
test ... ok
test ... ok
Checking standard_comprehensive_test_suite.mbt...
Found 9 tests in standard_comprehensive_test_suite.mbt
test ... ok
test ... ok
test ... ok
test ... ok
test ... ok
test ... ok
test ... ok
test ... ok
test ... ok
Checking standard_enhanced_tests.mbt...
Found 9 tests in standard_enhanced_tests.mbt
test ... ok
test ... ok
test ... ok
test ... ok
test ... ok
test ... ok
test ... ok
test ... ok
test ... ok
Checking enhanced_azimuth_tests.mbt...
Found 10 tests in enhanced_azimuth_tests.mbt
test ... ok
test ... ok
test ... ok
test ... ok
test ... ok
test ... ok
test ... ok
test ... ok
test ... ok
test ... ok
Checking azimuth_standard_tests.mbt...
azimuth_test/azimuth_standard_tests.mbt:7:3-7:12 [E4021] The value identifier assert_eq is unbound.
azimuth_test/azimuth_standard_tests.mbt:7:16-7:19 [E4021] The value identifier add is unbound.
azimuth_test/azimuth_standard_tests.mbt:8:3-8:12 [E4021] The value identifier assert_eq is unbound.
azimuth_test/azimuth_standard_tests.mbt:8:16-8:19 [E4021] The value identifier add is unbound.
azimuth_test/azimuth_standard_tests.mbt:9:3-9:12 [E4021] The value identifier assert_eq is unbound.
azimuth_test/azimuth_standard_tests.mbt:9:17-9:20 [E4021] The value identifier add is unbound.
azimuth_test/azimuth_standard_tests.mbt:12:3-12:12 [E4021] The value identifier assert_eq is unbound.
azimuth_test/azimuth_standard_tests.mbt:12:17-12:25 [E4021] The value identifier multiply is unbound.
azimuth_test/azimuth_standard_tests.mbt:13:3-13:12 [E4021] The value identifier assert_eq is unbound.
azimuth_test/azimuth_standard_tests.mbt:13:16-13:24 [E4021] The value identifier multiply is unbound.
azimuth_test/azimuth_standard_tests.mbt:14:3-14:12 [E4021] The value identifier assert_eq is unbound.
azimuth_test/azimuth_standard_tests.mbt:14:18-14:26 [E4021] The value identifier multiply is unbound.
azimuth_test/azimuth_standard_tests.mbt:17:3-17:12 [E4021] The value identifier assert_eq is unbound.
azimuth_test/azimuth_standard_tests.mbt:17:16-17:24 [E4021] The value identifier subtract is unbound.
azimuth_test/azimuth_standard_tests.mbt:18:3-18:12 [E4021] The value identifier assert_eq is unbound.
azimuth_test/azimuth_standard_tests.mbt:18:17-18:25 [E4021] The value identifier subtract is unbound.
azimuth_test/azimuth_standard_tests.mbt:19:3-19:12 [E4021] The value identifier assert_eq is unbound.
azimuth_test/azimuth_standard_tests.mbt:19:16-19:24 [E4021] The value identifier subtract is unbound.
azimuth_test/azimuth_standard_tests.mbt:25:3-25:12 [E4021] The value identifier assert_eq is unbound.
azimuth_test/azimuth_standard_tests.mbt:25:16-25:32 [E4021] The value identifier divide_with_ceil is unbound.
azimuth_test/azimuth_standard_tests.mbt:26:3-26:12 [E4021] The value identifier assert_eq is unbound.
azimuth_test/azimuth_standard_tests.mbt:26:16-26:32 [E4021] The value identifier divide_with_ceil is unbound.
azimuth_test/azimuth_standard_tests.mbt:27:3-27:12 [E4021] The value identifier assert_eq is unbound.
azimuth_test/azimuth_standard_tests.mbt:27:16-27:32 [E4021] The value identifier divide_with_ceil is unbound.
azimuth_test/azimuth_standard_tests.mbt:30:3-30:12 [E4021] The value identifier assert_eq is unbound.
azimuth_test/azimuth_standard_tests.mbt:30:16-30:32 [E4021] The value identifier divide_with_ceil is unbound.
azimuth_test/azimuth_standard_tests.mbt:31:3-31:12 [E4021] The value identifier assert_eq is unbound.
azimuth_test/azimuth_standard_tests.mbt:31:16-31:32 [E4021] The value identifier divide_with_ceil is unbound.
azimuth_test/azimuth_standard_tests.mbt:34:3-34:12 [E4021] The value identifier assert_eq is unbound.
azimuth_test/azimuth_standard_tests.mbt:34:17-34:33 [E4021] The value identifier divide_with_ceil is unbound.
azimuth_test/azimuth_standard_tests.mbt:35:3-35:12 [E4021] The value identifier assert_eq is unbound.
azimuth_test/azimuth_standard_tests.mbt:35:16-35:32 [E4021] The value identifier divide_with_ceil is unbound.
azimuth_test/azimuth_standard_tests.mbt:41:3-41:19 [E4021] The value identifier assert_eq_string is unbound.
azimuth_test/azimuth_standard_tests.mbt:41:37-41:42 [E4021] The value identifier greet is unbound.
azimuth_test/azimuth_standard_tests.mbt:42:3-42:19 [E4021] The value identifier assert_eq_string is unbound.
azimuth_test/azimuth_standard_tests.mbt:42:39-42:44 [E4021] The value identifier greet is unbound.
azimuth_test/azimuth_standard_tests.mbt:45:3-45:19 [E4021] The value identifier assert_eq_string is unbound.
azimuth_test/azimuth_standard_tests.mbt:45:34-45:39 [E4021] The value identifier greet is unbound.
azimuth_test/azimuth_standard_tests.mbt:46:3-46:19 [E4021] The value identifier assert_eq_string is unbound.
azimuth_test/azimuth_standard_tests.mbt:46:33-46:38 [E4021] The value identifier greet is unbound.
azimuth_test/azimuth_standard_tests.mbt:49:3-49:19 [E4021] The value identifier assert_eq_string is unbound.
azimuth_test/azimuth_standard_tests.mbt:49:32-49:37 [E4021] The value identifier greet is unbound.
azimuth_test/azimuth_standard_tests.mbt:50:3-50:19 [E4021] The value identifier assert_eq_string is unbound.
azimuth_test/azimuth_standard_tests.mbt:50:37-50:42 [E4021] The value identifier greet is unbound.
azimuth_test/azimuth_standard_tests.mbt:56:3-56:12 [E4021] The value identifier assert_eq is unbound.
azimuth_test/azimuth_standard_tests.mbt:56:13-56:16 [E4021] The value identifier add is unbound.
azimuth_test/azimuth_standard_tests.mbt:56:25-56:28 [E4021] The value identifier add is unbound.
azimuth_test/azimuth_standard_tests.mbt:57:3-57:12 [E4021] The value identifier assert_eq is unbound.
azimuth_test/azimuth_standard_tests.mbt:57:13-57:16 [E4021] The value identifier add is unbound.
azimuth_test/azimuth_standard_tests.mbt:57:26-57:29 [E4021] The value identifier add is unbound.
azimuth_test/azimuth_standard_tests.mbt:60:3-60:12 [E4021] The value identifier assert_eq is unbound.
azimuth_test/azimuth_standard_tests.mbt:60:13-60:21 [E4021] The value identifier multiply is unbound.
azimuth_test/azimuth_standard_tests.mbt:60:30-60:38 [E4021] The value identifier multiply is unbound.
azimuth_test/azimuth_standard_tests.mbt:61:3-61:12 [E4021] The value identifier assert_eq is unbound.
azimuth_test/azimuth_standard_tests.mbt:61:13-61:21 [E4021] The value identifier multiply is unbound.
azimuth_test/azimuth_standard_tests.mbt:61:31-61:39 [E4021] The value identifier multiply is unbound.
azimuth_test/azimuth_standard_tests.mbt:67:3-67:12 [E4021] The value identifier assert_eq is unbound.
azimuth_test/azimuth_standard_tests.mbt:67:16-67:19 [E4021] The value identifier add is unbound.
azimuth_test/azimuth_standard_tests.mbt:68:3-68:12 [E4021] The value identifier assert_eq is unbound.
azimuth_test/azimuth_standard_tests.mbt:68:16-68:19 [E4021] The value identifier add is unbound.
azimuth_test/azimuth_standard_tests.mbt:69:3-69:12 [E4021] The value identifier assert_eq is unbound.
azimuth_test/azimuth_standard_tests.mbt:69:17-69:20 [E4021] The value identifier add is unbound.
azimuth_test/azimuth_standard_tests.mbt:72:3-72:12 [E4021] The value identifier assert_eq is unbound.
azimuth_test/azimuth_standard_tests.mbt:72:16-72:24 [E4021] The value identifier multiply is unbound.
azimuth_test/azimuth_standard_tests.mbt:73:3-73:12 [E4021] The value identifier assert_eq is unbound.
azimuth_test/azimuth_standard_tests.mbt:73:16-73:24 [E4021] The value identifier multiply is unbound.
azimuth_test/azimuth_standard_tests.mbt:74:3-74:12 [E4021] The value identifier assert_eq is unbound.
azimuth_test/azimuth_standard_tests.mbt:74:16-74:24 [E4021] The value identifier multiply is unbound.
azimuth_test/azimuth_standard_tests.mbt:80:17-80:20 [E4021] The value identifier add is unbound.
azimuth_test/azimuth_standard_tests.mbt:80:21-80:29 [E4021] The value identifier multiply is unbound.
azimuth_test/azimuth_standard_tests.mbt:80:37-80:45 [E4021] The value identifier multiply is unbound.
azimuth_test/azimuth_standard_tests.mbt:81:3-81:12 [E4021] The value identifier assert_eq is unbound.
azimuth_test/azimuth_standard_tests.mbt:84:17-84:25 [E4021] The value identifier multiply is unbound.
azimuth_test/azimuth_standard_tests.mbt:84:26-84:29 [E4021] The value identifier add is unbound.
azimuth_test/azimuth_standard_tests.mbt:84:37-84:45 [E4021] The value identifier subtract is unbound.
azimuth_test/azimuth_standard_tests.mbt:85:3-85:12 [E4021] The value identifier assert_eq is unbound.
azimuth_test/azimuth_standard_tests.mbt:88:17-88:33 [E4021] The value identifier divide_with_ceil is unbound.
azimuth_test/azimuth_standard_tests.mbt:88:34-88:42 [E4021] The value identifier multiply is unbound.
azimuth_test/azimuth_standard_tests.mbt:88:50-88:53 [E4021] The value identifier add is unbound.
azimuth_test/azimuth_standard_tests.mbt:89:3-89:12 [E4021] The value identifier assert_eq is unbound.
azimuth_test/azimuth_standard_tests.mbt:97:22-97:38 [E4021] The value identifier divide_with_ceil is unbound.
azimuth_test/azimuth_standard_tests.mbt:98:3-98:12 [E4021] The value identifier assert_eq is unbound.
azimuth_test/azimuth_standard_tests.mbt:101:24-101:32 [E4021] The value identifier multiply is unbound.
azimuth_test/azimuth_standard_tests.mbt:102:3-102:12 [E4021] The value identifier assert_eq is unbound.
azimuth_test/azimuth_standard_tests.mbt:105:25-105:33 [E4021] The value identifier subtract is unbound.
azimuth_test/azimuth_standard_tests.mbt:106:3-106:12 [E4021] The value identifier assert_eq is unbound.
azimuth_test/azimuth_standard_tests.mbt:112:3-112:12 [E4021] The value identifier assert_eq is unbound.
azimuth_test/azimuth_standard_tests.mbt:112:16-112:32 [E4021] The value identifier divide_with_ceil is unbound.
azimuth_test/azimuth_standard_tests.mbt:113:3-113:12 [E4021] The value identifier assert_eq is unbound.
azimuth_test/azimuth_standard_tests.mbt:113:16-113:32 [E4021] The value identifier divide_with_ceil is unbound.
azimuth_test/azimuth_standard_tests.mbt:114:3-114:12 [E4021] The value identifier assert_eq is unbound.
azimuth_test/azimuth_standard_tests.mbt:114:16-114:32 [E4021] The value identifier divide_with_ceil is unbound.
azimuth_test/azimuth_standard_tests.mbt:117:3-117:12 [E4021] The value identifier assert_eq is unbound.
azimuth_test/azimuth_standard_tests.mbt:117:22-117:30 [E4021] The value identifier multiply is unbound.
azimuth_test/azimuth_standard_tests.mbt:118:3-118:12 [E4021] The value identifier assert_eq is unbound.
azimuth_test/azimuth_standard_tests.mbt:118:22-118:25 [E4021] The value identifier add is unbound.
azimuth_test/azimuth_standard_tests.mbt:121:3-121:12 [E4021] The value identifier assert_eq is unbound.
azimuth_test/azimuth_standard_tests.mbt:121:19-121:35 [E4021] The value identifier divide_with_ceil is unbound.
azimuth_test/azimuth_standard_tests.mbt:122:3-122:12 [E4021] The value identifier assert_eq is unbound.
azimuth_test/azimuth_standard_tests.mbt:122:19-122:35 [E4021] The value identifier divide_with_ceil is unbound.
azimuth_test/azimuth_standard_tests.mbt:131:15-131:18 [E4021] The value identifier add is unbound.
azimuth_test/azimuth_standard_tests.mbt:131:34-131:50 [E4021] The value identifier divide_with_ceil is unbound.
azimuth_test/azimuth_standard_tests.mbt:134:15-134:23 [E4021] The value identifier multiply is unbound.
azimuth_test/azimuth_standard_tests.mbt:138:15-138:31 [E4021] The value identifier divide_with_ceil is unbound.
azimuth_test/azimuth_standard_tests.mbt:142:22-142:25 [E4021] The value identifier add is unbound.
azimuth_test/azimuth_standard_tests.mbt:145:3-145:12 [E4021] The value identifier assert_eq is unbound.
azimuth_test/azimuth_standard_tests.mbt:151:3-151:12 [E4021] The value identifier assert_eq is unbound.
azimuth_test/azimuth_standard_tests.mbt:151:16-151:32 [E4021] The value identifier divide_with_ceil is unbound.
azimuth_test/azimuth_standard_tests.mbt:152:3-152:12 [E4021] The value identifier assert_eq is unbound.
azimuth_test/azimuth_standard_tests.mbt:152:16-152:32 [E4021] The value identifier divide_with_ceil is unbound.
azimuth_test/azimuth_standard_tests.mbt:153:3-153:12 [E4021] The value identifier assert_eq is unbound.
azimuth_test/azimuth_standard_tests.mbt:153:16-153:32 [E4021] The value identifier divide_with_ceil is unbound.
azimuth_test/azimuth_standard_tests.mbt:154:3-154:12 [E4021] The value identifier assert_eq is unbound.
azimuth_test/azimuth_standard_tests.mbt:154:16-154:32 [E4021] The value identifier divide_with_ceil is unbound.
azimuth_test/azimuth_standard_tests.mbt:158:3-158:12 [E4021] The value identifier assert_eq is unbound.
azimuth_test/azimuth_standard_tests.mbt:158:16-158:24 [E4021] The value identifier multiply is unbound.
azimuth_test/azimuth_standard_tests.mbt:159:3-159:12 [E4021] The value identifier assert_eq is unbound.
azimuth_test/azimuth_standard_tests.mbt:159:27-159:30 [E4021] The value identifier add is unbound.
azimuth_test/azimuth_standard_tests.mbt:162:3-162:19 [E4021] The value identifier assert_eq_string is unbound.
azimuth_test/azimuth_standard_tests.mbt:162:32-162:37 [E4021] The value identifier greet is unbound.
azimuth_test/azimuth_standard_tests.mbt:163:3-163:19 [E4021] The value identifier assert_eq_string is unbound.
azimuth_test/azimuth_standard_tests.mbt:163:33-163:38 [E4021] The value identifier greet is unbound.
azimuth_test/azimuth_standard_tests.mbt:164:3-164:19 [E4021] The value identifier assert_eq_string is unbound.
azimuth_test/azimuth_standard_tests.mbt:164:35-164:40 [E4021] The value identifier greet is unbound.
Error: azimuth_standard_tests.mbt compilation failed
Checking standard_moonbit_tests_new.mbt...
azimuth_test/standard_moonbit_tests_new.mbt:119:7-119:18 [E0002] Warning (unused_value): Unused variable 'data_points'
Found 9 tests in standard_moonbit_tests_new.mbt
test ... ok
test ... ok
test ... ok
test ... ok
test ... ok
test ... ok
test ... ok
test ... ok
test ... ok
Checking high_quality_comprehensive_tests.mbt...
Found 10 tests in high_quality_comprehensive_tests.mbt
test ... ok
test ... ok
test ... ok
test ... ok
test ... ok
test ... ok
test ... ok
test ... ok
test ... ok
test ... ok
Checking quality_focused_tests.mbt...
azimuth_test/quality_focused_tests.mbt:88:22-88:26 [E4014] Expr Type Mismatch
        has type : Bool
        wanted   : Int
azimuth_test/quality_focused_tests.mbt:88:28-88:43 [E4014] Expr Type Mismatch
        has type : Bool
        wanted   : Int
Error: quality_focused_tests.mbt compilation failed
Checking standard_moonbit_tests_v20.mbt...
azimuth_test/standard_moonbit_tests_v20.mbt:55:7-55:12 [E0002] Warning (unused_value): Unused variable 'years'
azimuth_test/standard_moonbit_tests_v20.mbt:117:7-117:9 [E0002] Warning (unused_value): Unused variable 'id'
Found 10 tests in standard_moonbit_tests_v20.mbt
test ... ok
test ... ok
test ... ok
test ... ok
test ... ok
test ... ok
test ... ok
test ... ok
test ... ok
test ... ok
Checking standard_moonbit_tests_v21.mbt...
Found 10 tests in standard_moonbit_tests_v21.mbt
test ... ok
test ... ok
test ... ok
test ... ok
test ... ok
test ... ok
test ... ok
test ... ok
test ... ok
test ... ok
Checking azimuth_new_quality_tests.mbt...
azimuth_test/azimuth_new_quality_tests.mbt:8:7-8:12 [E0002] Warning (unused_value): Unused variable 'years'
azimuth_test/azimuth_new_quality_tests.mbt:90:7-90:12 [E0002] Warning (unused_value): Unused variable 'terms'
Found 10 tests in azimuth_new_quality_tests.mbt
test ... ok
test ... ok
test ... ok
test ... ok
test ... ok
test ... ok
test ... ok
test ... ok
test ... ok
test ... ok
Checking azimuth_standard_test_suite.mbt...
Found 10 tests in azimuth_standard_test_suite.mbt
test ... ok
test ... ok
test ... ok
test ... ok
test ... ok
test ... ok
test ... ok
test ... ok
test ... ok
test ... ok
Checking azimuth_standard_tests.mbt...
azimuth_test/azimuth_standard_tests.mbt:7:3-7:12 [E4021] The value identifier assert_eq is unbound.
azimuth_test/azimuth_standard_tests.mbt:7:16-7:19 [E4021] The value identifier add is unbound.
azimuth_test/azimuth_standard_tests.mbt:8:3-8:12 [E4021] The value identifier assert_eq is unbound.
azimuth_test/azimuth_standard_tests.mbt:8:16-8:19 [E4021] The value identifier add is unbound.
azimuth_test/azimuth_standard_tests.mbt:9:3-9:12 [E4021] The value identifier assert_eq is unbound.
azimuth_test/azimuth_standard_tests.mbt:9:17-9:20 [E4021] The value identifier add is unbound.
azimuth_test/azimuth_standard_tests.mbt:12:3-12:12 [E4021] The value identifier assert_eq is unbound.
azimuth_test/azimuth_standard_tests.mbt:12:17-12:25 [E4021] The value identifier multiply is unbound.
azimuth_test/azimuth_standard_tests.mbt:13:3-13:12 [E4021] The value identifier assert_eq is unbound.
azimuth_test/azimuth_standard_tests.mbt:13:16-13:24 [E4021] The value identifier multiply is unbound.
azimuth_test/azimuth_standard_tests.mbt:14:3-14:12 [E4021] The value identifier assert_eq is unbound.
azimuth_test/azimuth_standard_tests.mbt:14:18-14:26 [E4021] The value identifier multiply is unbound.
azimuth_test/azimuth_standard_tests.mbt:17:3-17:12 [E4021] The value identifier assert_eq is unbound.
azimuth_test/azimuth_standard_tests.mbt:17:16-17:24 [E4021] The value identifier subtract is unbound.
azimuth_test/azimuth_standard_tests.mbt:18:3-18:12 [E4021] The value identifier assert_eq is unbound.
azimuth_test/azimuth_standard_tests.mbt:18:17-18:25 [E4021] The value identifier subtract is unbound.
azimuth_test/azimuth_standard_tests.mbt:19:3-19:12 [E4021] The value identifier assert_eq is unbound.
azimuth_test/azimuth_standard_tests.mbt:19:16-19:24 [E4021] The value identifier subtract is unbound.
azimuth_test/azimuth_standard_tests.mbt:25:3-25:12 [E4021] The value identifier assert_eq is unbound.
azimuth_test/azimuth_standard_tests.mbt:25:16-25:32 [E4021] The value identifier divide_with_ceil is unbound.
azimuth_test/azimuth_standard_tests.mbt:26:3-26:12 [E4021] The value identifier assert_eq is unbound.
azimuth_test/azimuth_standard_tests.mbt:26:16-26:32 [E4021] The value identifier divide_with_ceil is unbound.
azimuth_test/azimuth_standard_tests.mbt:27:3-27:12 [E4021] The value identifier assert_eq is unbound.
azimuth_test/azimuth_standard_tests.mbt:27:16-27:32 [E4021] The value identifier divide_with_ceil is unbound.
azimuth_test/azimuth_standard_tests.mbt:30:3-30:12 [E4021] The value identifier assert_eq is unbound.
azimuth_test/azimuth_standard_tests.mbt:30:16-30:32 [E4021] The value identifier divide_with_ceil is unbound.
azimuth_test/azimuth_standard_tests.mbt:31:3-31:12 [E4021] The value identifier assert_eq is unbound.
azimuth_test/azimuth_standard_tests.mbt:31:16-31:32 [E4021] The value identifier divide_with_ceil is unbound.
azimuth_test/azimuth_standard_tests.mbt:34:3-34:12 [E4021] The value identifier assert_eq is unbound.
azimuth_test/azimuth_standard_tests.mbt:34:17-34:33 [E4021] The value identifier divide_with_ceil is unbound.
azimuth_test/azimuth_standard_tests.mbt:35:3-35:12 [E4021] The value identifier assert_eq is unbound.
azimuth_test/azimuth_standard_tests.mbt:35:16-35:32 [E4021] The value identifier divide_with_ceil is unbound.
azimuth_test/azimuth_standard_tests.mbt:41:3-41:19 [E4021] The value identifier assert_eq_string is unbound.
azimuth_test/azimuth_standard_tests.mbt:41:37-41:42 [E4021] The value identifier greet is unbound.
azimuth_test/azimuth_standard_tests.mbt:42:3-42:19 [E4021] The value identifier assert_eq_string is unbound.
azimuth_test/azimuth_standard_tests.mbt:42:39-42:44 [E4021] The value identifier greet is unbound.
azimuth_test/azimuth_standard_tests.mbt:45:3-45:19 [E4021] The value identifier assert_eq_string is unbound.
azimuth_test/azimuth_standard_tests.mbt:45:34-45:39 [E4021] The value identifier greet is unbound.
azimuth_test/azimuth_standard_tests.mbt:46:3-46:19 [E4021] The value identifier assert_eq_string is unbound.
azimuth_test/azimuth_standard_tests.mbt:46:33-46:38 [E4021] The value identifier greet is unbound.
azimuth_test/azimuth_standard_tests.mbt:49:3-49:19 [E4021] The value identifier assert_eq_string is unbound.
azimuth_test/azimuth_standard_tests.mbt:49:32-49:37 [E4021] The value identifier greet is unbound.
azimuth_test/azimuth_standard_tests.mbt:50:3-50:19 [E4021] The value identifier assert_eq_string is unbound.
azimuth_test/azimuth_standard_tests.mbt:50:37-50:42 [E4021] The value identifier greet is unbound.
azimuth_test/azimuth_standard_tests.mbt:56:3-56:12 [E4021] The value identifier assert_eq is unbound.
azimuth_test/azimuth_standard_tests.mbt:56:13-56:16 [E4021] The value identifier add is unbound.
azimuth_test/azimuth_standard_tests.mbt:56:25-56:28 [E4021] The value identifier add is unbound.
azimuth_test/azimuth_standard_tests.mbt:57:3-57:12 [E4021] The value identifier assert_eq is unbound.
azimuth_test/azimuth_standard_tests.mbt:57:13-57:16 [E4021] The value identifier add is unbound.
azimuth_test/azimuth_standard_tests.mbt:57:26-57:29 [E4021] The value identifier add is unbound.
azimuth_test/azimuth_standard_tests.mbt:60:3-60:12 [E4021] The value identifier assert_eq is unbound.
azimuth_test/azimuth_standard_tests.mbt:60:13-60:21 [E4021] The value identifier multiply is unbound.
azimuth_test/azimuth_standard_tests.mbt:60:30-60:38 [E4021] The value identifier multiply is unbound.
azimuth_test/azimuth_standard_tests.mbt:61:3-61:12 [E4021] The value identifier assert_eq is unbound.
azimuth_test/azimuth_standard_tests.mbt:61:13-61:21 [E4021] The value identifier multiply is unbound.
azimuth_test/azimuth_standard_tests.mbt:61:31-61:39 [E4021] The value identifier multiply is unbound.
azimuth_test/azimuth_standard_tests.mbt:67:3-67:12 [E4021] The value identifier assert_eq is unbound.
azimuth_test/azimuth_standard_tests.mbt:67:16-67:19 [E4021] The value identifier add is unbound.
azimuth_test/azimuth_standard_tests.mbt:68:3-68:12 [E4021] The value identifier assert_eq is unbound.
azimuth_test/azimuth_standard_tests.mbt:68:16-68:19 [E4021] The value identifier add is unbound.
azimuth_test/azimuth_standard_tests.mbt:69:3-69:12 [E4021] The value identifier assert_eq is unbound.
azimuth_test/azimuth_standard_tests.mbt:69:17-69:20 [E4021] The value identifier add is unbound.
azimuth_test/azimuth_standard_tests.mbt:72:3-72:12 [E4021] The value identifier assert_eq is unbound.
azimuth_test/azimuth_standard_tests.mbt:72:16-72:24 [E4021] The value identifier multiply is unbound.
azimuth_test/azimuth_standard_tests.mbt:73:3-73:12 [E4021] The value identifier assert_eq is unbound.
azimuth_test/azimuth_standard_tests.mbt:73:16-73:24 [E4021] The value identifier multiply is unbound.
azimuth_test/azimuth_standard_tests.mbt:74:3-74:12 [E4021] The value identifier assert_eq is unbound.
azimuth_test/azimuth_standard_tests.mbt:74:16-74:24 [E4021] The value identifier multiply is unbound.
azimuth_test/azimuth_standard_tests.mbt:80:17-80:20 [E4021] The value identifier add is unbound.
azimuth_test/azimuth_standard_tests.mbt:80:21-80:29 [E4021] The value identifier multiply is unbound.
azimuth_test/azimuth_standard_tests.mbt:80:37-80:45 [E4021] The value identifier multiply is unbound.
azimuth_test/azimuth_standard_tests.mbt:81:3-81:12 [E4021] The value identifier assert_eq is unbound.
azimuth_test/azimuth_standard_tests.mbt:84:17-84:25 [E4021] The value identifier multiply is unbound.
azimuth_test/azimuth_standard_tests.mbt:84:26-84:29 [E4021] The value identifier add is unbound.
azimuth_test/azimuth_standard_tests.mbt:84:37-84:45 [E4021] The value identifier subtract is unbound.
azimuth_test/azimuth_standard_tests.mbt:85:3-85:12 [E4021] The value identifier assert_eq is unbound.
azimuth_test/azimuth_standard_tests.mbt:88:17-88:33 [E4021] The value identifier divide_with_ceil is unbound.
azimuth_test/azimuth_standard_tests.mbt:88:34-88:42 [E4021] The value identifier multiply is unbound.
azimuth_test/azimuth_standard_tests.mbt:88:50-88:53 [E4021] The value identifier add is unbound.
azimuth_test/azimuth_standard_tests.mbt:89:3-89:12 [E4021] The value identifier assert_eq is unbound.
azimuth_test/azimuth_standard_tests.mbt:97:22-97:38 [E4021] The value identifier divide_with_ceil is unbound.
azimuth_test/azimuth_standard_tests.mbt:98:3-98:12 [E4021] The value identifier assert_eq is unbound.
azimuth_test/azimuth_standard_tests.mbt:101:24-101:32 [E4021] The value identifier multiply is unbound.
azimuth_test/azimuth_standard_tests.mbt:102:3-102:12 [E4021] The value identifier assert_eq is unbound.
azimuth_test/azimuth_standard_tests.mbt:105:25-105:33 [E4021] The value identifier subtract is unbound.
azimuth_test/azimuth_standard_tests.mbt:106:3-106:12 [E4021] The value identifier assert_eq is unbound.
azimuth_test/azimuth_standard_tests.mbt:112:3-112:12 [E4021] The value identifier assert_eq is unbound.
azimuth_test/azimuth_standard_tests.mbt:112:16-112:32 [E4021] The value identifier divide_with_ceil is unbound.
azimuth_test/azimuth_standard_tests.mbt:113:3-113:12 [E4021] The value identifier assert_eq is unbound.
azimuth_test/azimuth_standard_tests.mbt:113:16-113:32 [E4021] The value identifier divide_with_ceil is unbound.
azimuth_test/azimuth_standard_tests.mbt:114:3-114:12 [E4021] The value identifier assert_eq is unbound.
azimuth_test/azimuth_standard_tests.mbt:114:16-114:32 [E4021] The value identifier divide_with_ceil is unbound.
azimuth_test/azimuth_standard_tests.mbt:117:3-117:12 [E4021] The value identifier assert_eq is unbound.
azimuth_test/azimuth_standard_tests.mbt:117:22-117:30 [E4021] The value identifier multiply is unbound.
azimuth_test/azimuth_standard_tests.mbt:118:3-118:12 [E4021] The value identifier assert_eq is unbound.
azimuth_test/azimuth_standard_tests.mbt:118:22-118:25 [E4021] The value identifier add is unbound.
azimuth_test/azimuth_standard_tests.mbt:121:3-121:12 [E4021] The value identifier assert_eq is unbound.
azimuth_test/azimuth_standard_tests.mbt:121:19-121:35 [E4021] The value identifier divide_with_ceil is unbound.
azimuth_test/azimuth_standard_tests.mbt:122:3-122:12 [E4021] The value identifier assert_eq is unbound.
azimuth_test/azimuth_standard_tests.mbt:122:19-122:35 [E4021] The value identifier divide_with_ceil is unbound.
azimuth_test/azimuth_standard_tests.mbt:131:15-131:18 [E4021] The value identifier add is unbound.
azimuth_test/azimuth_standard_tests.mbt:131:34-131:50 [E4021] The value identifier divide_with_ceil is unbound.
azimuth_test/azimuth_standard_tests.mbt:134:15-134:23 [E4021] The value identifier multiply is unbound.
azimuth_test/azimuth_standard_tests.mbt:138:15-138:31 [E4021] The value identifier divide_with_ceil is unbound.
azimuth_test/azimuth_standard_tests.mbt:142:22-142:25 [E4021] The value identifier add is unbound.
azimuth_test/azimuth_standard_tests.mbt:145:3-145:12 [E4021] The value identifier assert_eq is unbound.
azimuth_test/azimuth_standard_tests.mbt:151:3-151:12 [E4021] The value identifier assert_eq is unbound.
azimuth_test/azimuth_standard_tests.mbt:151:16-151:32 [E4021] The value identifier divide_with_ceil is unbound.
azimuth_test/azimuth_standard_tests.mbt:152:3-152:12 [E4021] The value identifier assert_eq is unbound.
azimuth_test/azimuth_standard_tests.mbt:152:16-152:32 [E4021] The value identifier divide_with_ceil is unbound.
azimuth_test/azimuth_standard_tests.mbt:153:3-153:12 [E4021] The value identifier assert_eq is unbound.
azimuth_test/azimuth_standard_tests.mbt:153:16-153:32 [E4021] The value identifier divide_with_ceil is unbound.
azimuth_test/azimuth_standard_tests.mbt:154:3-154:12 [E4021] The value identifier assert_eq is unbound.
azimuth_test/azimuth_standard_tests.mbt:154:16-154:32 [E4021] The value identifier divide_with_ceil is unbound.
azimuth_test/azimuth_standard_tests.mbt:158:3-158:12 [E4021] The value identifier assert_eq is unbound.
azimuth_test/azimuth_standard_tests.mbt:158:16-158:24 [E4021] The value identifier multiply is unbound.
azimuth_test/azimuth_standard_tests.mbt:159:3-159:12 [E4021] The value identifier assert_eq is unbound.
azimuth_test/azimuth_standard_tests.mbt:159:27-159:30 [E4021] The value identifier add is unbound.
azimuth_test/azimuth_standard_tests.mbt:162:3-162:19 [E4021] The value identifier assert_eq_string is unbound.
azimuth_test/azimuth_standard_tests.mbt:162:32-162:37 [E4021] The value identifier greet is unbound.
azimuth_test/azimuth_standard_tests.mbt:163:3-163:19 [E4021] The value identifier assert_eq_string is unbound.
azimuth_test/azimuth_standard_tests.mbt:163:33-163:38 [E4021] The value identifier greet is unbound.
azimuth_test/azimuth_standard_tests.mbt:164:3-164:19 [E4021] The value identifier assert_eq_string is unbound.
azimuth_test/azimuth_standard_tests.mbt:164:35-164:40 [E4021] The value identifier greet is unbound.
Error: azimuth_standard_tests.mbt compilation failed
Checking advanced_moonbit_test_cases.mbt...
azimuth_test/advanced_moonbit_test_cases.mbt:22:7-22:12 [E0002] Warning (unused_value): Unused variable 'years'
azimuth_test/advanced_moonbit_test_cases.mbt:159:7-159:26 [E0002] Warning (unused_value): Unused variable 'optimization_factor'
azimuth_test/advanced_moonbit_test_cases.mbt:175:7-175:17 [E0002] Warning (unused_value): Unused variable 'array_size'
Found 10 tests in advanced_moonbit_test_cases.mbt
test ... ok
test ... ok
test ... ok
test ... ok
test ... ok
test ... ok
test ... ok
test ... ok
test ... ok
test ... ok
Checking azimuth_premium_test_cases.mbt...
azimuth_test/azimuth_premium_test_cases.mbt:24:7-24:12 [E0002] Warning (unused_value): Unused variable 'years'
Found 10 tests in azimuth_premium_test_cases.mbt
test ... ok
test ... ok
test ... ok
test ... ok
test ... ok
test ... ok
test ... ok
test ... ok
test ... ok
test ... ok
Checking standard_core_functionality_tests.mbt...
Found 10 tests in standard_core_functionality_tests.mbt
test ... ok
test ... ok
test ... ok
test ... ok
test ... ok
test ... ok
test ... ok
test ... ok
test ... ok
test ... ok
Checking high_quality_focused_tests.mbt...
Found 10 tests in high_quality_focused_tests.mbt
test ... ok
test ... ok
test ... ok
test ... ok
test ... ok
test ... ok
test ... ok
test ... ok
test ... ok
test ... ok
Checking standard_moonbit_quality_tests.mbt...
Found 10 tests in standard_moonbit_quality_tests.mbt
test ... ok
test ... ok
test ... ok
test ... ok
test ... ok
test ... ok
test ... ok
test ... ok
test ... ok
test ... ok
Checking standard_moonbit_selfcontained_tests.mbt...
Found 10 tests in standard_moonbit_selfcontained_tests.mbt
test ... ok
test ... ok
test ... ok
test ... ok
test ... ok
test ... ok
test ... ok
test ... ok
test ... ok
test ... ok
Checking enhanced_test_cases.mbt...
Found 9 tests in enhanced_test_cases.mbt
test ... ok
test ... ok
test ... ok
test ... ok
test ... ok
test ... ok
test ... ok
test ... ok
test ... ok
Checking standard_enhanced_moonbit_tests.mbt...
azimuth_test/standard_enhanced_moonbit_tests.mbt:6:3-6:12 [E4021] The value identifier assert_eq is unbound.
azimuth_test/standard_enhanced_moonbit_tests.mbt:6:16-6:19 [E4021] The value identifier add is unbound.
azimuth_test/standard_enhanced_moonbit_tests.mbt:7:3-7:12 [E4021] The value identifier assert_eq is unbound.
azimuth_test/standard_enhanced_moonbit_tests.mbt:7:16-7:19 [E4021] The value identifier add is unbound.
azimuth_test/standard_enhanced_moonbit_tests.mbt:8:3-8:12 [E4021] The value identifier assert_eq is unbound.
azimuth_test/standard_enhanced_moonbit_tests.mbt:8:17-8:20 [E4021] The value identifier add is unbound.
azimuth_test/standard_enhanced_moonbit_tests.mbt:9:3-9:12 [E4021] The value identifier assert_eq is unbound.
azimuth_test/standard_enhanced_moonbit_tests.mbt:9:18-9:21 [E4021] The value identifier add is unbound.
azimuth_test/standard_enhanced_moonbit_tests.mbt:14:3-14:12 [E4021] The value identifier assert_eq is unbound.
azimuth_test/standard_enhanced_moonbit_tests.mbt:14:17-14:25 [E4021] The value identifier multiply is unbound.
azimuth_test/standard_enhanced_moonbit_tests.mbt:15:3-15:12 [E4021] The value identifier assert_eq is unbound.
azimuth_test/standard_enhanced_moonbit_tests.mbt:15:16-15:24 [E4021] The value identifier multiply is unbound.
azimuth_test/standard_enhanced_moonbit_tests.mbt:16:3-16:12 [E4021] The value identifier assert_eq is unbound.
azimuth_test/standard_enhanced_moonbit_tests.mbt:16:18-16:26 [E4021] The value identifier multiply is unbound.
azimuth_test/standard_enhanced_moonbit_tests.mbt:17:3-17:12 [E4021] The value identifier assert_eq is unbound.
azimuth_test/standard_enhanced_moonbit_tests.mbt:17:17-17:25 [E4021] The value identifier multiply is unbound.
azimuth_test/standard_enhanced_moonbit_tests.mbt:22:3-22:12 [E4021] The value identifier assert_eq is unbound.
azimuth_test/standard_enhanced_moonbit_tests.mbt:22:16-22:32 [E4021] The value identifier divide_with_ceil is unbound.
azimuth_test/standard_enhanced_moonbit_tests.mbt:23:3-23:12 [E4021] The value identifier assert_eq is unbound.
azimuth_test/standard_enhanced_moonbit_tests.mbt:23:16-23:32 [E4021] The value identifier divide_with_ceil is unbound.
azimuth_test/standard_enhanced_moonbit_tests.mbt:24:3-24:12 [E4021] The value identifier assert_eq is unbound.
azimuth_test/standard_enhanced_moonbit_tests.mbt:24:16-24:32 [E4021] The value identifier divide_with_ceil is unbound.
azimuth_test/standard_enhanced_moonbit_tests.mbt:25:3-25:12 [E4021] The value identifier assert_eq is unbound.
azimuth_test/standard_enhanced_moonbit_tests.mbt:25:16-25:32 [E4021] The value identifier divide_with_ceil is unbound.
azimuth_test/standard_enhanced_moonbit_tests.mbt:30:3-30:19 [E4021] The value identifier assert_eq_string is unbound.
azimuth_test/standard_enhanced_moonbit_tests.mbt:30:39-30:44 [E4021] The value identifier greet is unbound.
azimuth_test/standard_enhanced_moonbit_tests.mbt:31:3-31:19 [E4021] The value identifier assert_eq_string is unbound.
azimuth_test/standard_enhanced_moonbit_tests.mbt:31:32-31:37 [E4021] The value identifier greet is unbound.
azimuth_test/standard_enhanced_moonbit_tests.mbt:32:3-32:19 [E4021] The value identifier assert_eq_string is unbound.
azimuth_test/standard_enhanced_moonbit_tests.mbt:32:35-32:40 [E4021] The value identifier greet is unbound.
azimuth_test/standard_enhanced_moonbit_tests.mbt:39:3-39:12 [E4021] The value identifier assert_eq is unbound.
azimuth_test/standard_enhanced_moonbit_tests.mbt:39:13-39:16 [E4021] The value identifier add is unbound.
azimuth_test/standard_enhanced_moonbit_tests.mbt:39:24-39:27 [E4021] The value identifier add is unbound.
azimuth_test/standard_enhanced_moonbit_tests.mbt:40:3-40:12 [E4021] The value identifier assert_eq is unbound.
azimuth_test/standard_enhanced_moonbit_tests.mbt:40:13-40:21 [E4021] The value identifier multiply is unbound.
azimuth_test/standard_enhanced_moonbit_tests.mbt:40:29-40:37 [E4021] The value identifier multiply is unbound.
azimuth_test/standard_enhanced_moonbit_tests.mbt:47:16-47:32 [E4021] The value identifier divide_with_ceil is unbound.
azimuth_test/standard_enhanced_moonbit_tests.mbt:48:3-48:12 [E4021] The value identifier assert_eq is unbound.
azimuth_test/standard_enhanced_moonbit_tests.mbt:50:24-50:32 [E4021] The value identifier multiply is unbound.
azimuth_test/standard_enhanced_moonbit_tests.mbt:51:3-51:12 [E4021] The value identifier assert_eq is unbound.
azimuth_test/standard_enhanced_moonbit_tests.mbt:56:3-56:12 [E4021] The value identifier assert_eq is unbound.
azimuth_test/standard_enhanced_moonbit_tests.mbt:56:17-56:20 [E4021] The value identifier add is unbound.
azimuth_test/standard_enhanced_moonbit_tests.mbt:57:3-57:12 [E4021] The value identifier assert_eq is unbound.
azimuth_test/standard_enhanced_moonbit_tests.mbt:57:17-57:25 [E4021] The value identifier multiply is unbound.
azimuth_test/standard_enhanced_moonbit_tests.mbt:58:3-58:12 [E4021] The value identifier assert_eq is unbound.
azimuth_test/standard_enhanced_moonbit_tests.mbt:58:17-58:33 [E4021] The value identifier divide_with_ceil is unbound.
azimuth_test/standard_enhanced_moonbit_tests.mbt:59:3-59:12 [E4021] The value identifier assert_eq is unbound.
azimuth_test/standard_enhanced_moonbit_tests.mbt:59:16-59:32 [E4021] The value identifier divide_with_ceil is unbound.
azimuth_test/standard_enhanced_moonbit_tests.mbt:65:15-65:18 [E4021] The value identifier add is unbound.
azimuth_test/standard_enhanced_moonbit_tests.mbt:66:15-66:23 [E4021] The value identifier multiply is unbound.
azimuth_test/standard_enhanced_moonbit_tests.mbt:67:15-67:31 [E4021] The value identifier divide_with_ceil is unbound.
azimuth_test/standard_enhanced_moonbit_tests.mbt:68:15-68:18 [E4021] The value identifier add is unbound.
azimuth_test/standard_enhanced_moonbit_tests.mbt:69:3-69:12 [E4021] The value identifier assert_eq is unbound.
azimuth_test/standard_enhanced_moonbit_tests.mbt:74:3-74:12 [E4021] The value identifier assert_eq is unbound.
azimuth_test/standard_enhanced_moonbit_tests.mbt:74:16-74:32 [E4021] The value identifier divide_with_ceil is unbound.
azimuth_test/standard_enhanced_moonbit_tests.mbt:75:3-75:12 [E4021] The value identifier assert_eq is unbound.
azimuth_test/standard_enhanced_moonbit_tests.mbt:75:16-75:32 [E4021] The value identifier divide_with_ceil is unbound.
azimuth_test/standard_enhanced_moonbit_tests.mbt:76:3-76:12 [E4021] The value identifier assert_eq is unbound.
azimuth_test/standard_enhanced_moonbit_tests.mbt:76:16-76:32 [E4021] The value identifier divide_with_ceil is unbound.
azimuth_test/standard_enhanced_moonbit_tests.mbt:77:3-77:12 [E4021] The value identifier assert_eq is unbound.
azimuth_test/standard_enhanced_moonbit_tests.mbt:77:17-77:33 [E4021] The value identifier divide_with_ceil is unbound.
Error: standard_enhanced_moonbit_tests.mbt compilation failed
Checking new_azimuth_test_suite.mbt...
Found 10 tests in new_azimuth_test_suite.mbt
test ... ok
test ... ok
test ... ok
test ... ok
test ... ok
test ... ok
test ... ok
test ... ok
test ... ok
test ... ok
Checking my_standard_tests.mbt...
azimuth_test/my_standard_tests.mbt:6:3-6:12 [E4021] The value identifier assert_eq is unbound.
azimuth_test/my_standard_tests.mbt:6:16-6:19 [E4021] The value identifier add is unbound.
azimuth_test/my_standard_tests.mbt:7:3-7:12 [E4021] The value identifier assert_eq is unbound.
azimuth_test/my_standard_tests.mbt:7:16-7:19 [E4021] The value identifier add is unbound.
azimuth_test/my_standard_tests.mbt:8:3-8:12 [E4021] The value identifier assert_eq is unbound.
azimuth_test/my_standard_tests.mbt:8:17-8:20 [E4021] The value identifier add is unbound.
azimuth_test/my_standard_tests.mbt:9:3-9:12 [E4021] The value identifier assert_eq is unbound.
azimuth_test/my_standard_tests.mbt:9:18-9:21 [E4021] The value identifier add is unbound.
azimuth_test/my_standard_tests.mbt:14:3-14:12 [E4021] The value identifier assert_eq is unbound.
azimuth_test/my_standard_tests.mbt:14:17-14:25 [E4021] The value identifier multiply is unbound.
azimuth_test/my_standard_tests.mbt:15:3-15:12 [E4021] The value identifier assert_eq is unbound.
azimuth_test/my_standard_tests.mbt:15:16-15:24 [E4021] The value identifier multiply is unbound.
azimuth_test/my_standard_tests.mbt:16:3-16:12 [E4021] The value identifier assert_eq is unbound.
azimuth_test/my_standard_tests.mbt:16:18-16:26 [E4021] The value identifier multiply is unbound.
azimuth_test/my_standard_tests.mbt:17:3-17:12 [E4021] The value identifier assert_eq is unbound.
azimuth_test/my_standard_tests.mbt:17:17-17:25 [E4021] The value identifier multiply is unbound.
azimuth_test/my_standard_tests.mbt:22:3-22:12 [E4021] The value identifier assert_eq is unbound.
azimuth_test/my_standard_tests.mbt:22:16-22:32 [E4021] The value identifier divide_with_ceil is unbound.
azimuth_test/my_standard_tests.mbt:23:3-23:12 [E4021] The value identifier assert_eq is unbound.
azimuth_test/my_standard_tests.mbt:23:16-23:32 [E4021] The value identifier divide_with_ceil is unbound.
azimuth_test/my_standard_tests.mbt:24:3-24:12 [E4021] The value identifier assert_eq is unbound.
azimuth_test/my_standard_tests.mbt:24:16-24:32 [E4021] The value identifier divide_with_ceil is unbound.
azimuth_test/my_standard_tests.mbt:25:3-25:12 [E4021] The value identifier assert_eq is unbound.
azimuth_test/my_standard_tests.mbt:25:16-25:32 [E4021] The value identifier divide_with_ceil is unbound.
azimuth_test/my_standard_tests.mbt:30:3-30:19 [E4021] The value identifier assert_eq_string is unbound.
azimuth_test/my_standard_tests.mbt:30:37-30:42 [E4021] The value identifier greet is unbound.
azimuth_test/my_standard_tests.mbt:31:3-31:19 [E4021] The value identifier assert_eq_string is unbound.
azimuth_test/my_standard_tests.mbt:31:39-31:44 [E4021] The value identifier greet is unbound.
azimuth_test/my_standard_tests.mbt:32:3-32:19 [E4021] The value identifier assert_eq_string is unbound.
azimuth_test/my_standard_tests.mbt:32:32-32:37 [E4021] The value identifier greet is unbound.
azimuth_test/my_standard_tests.mbt:41:3-41:12 [E4021] The value identifier assert_eq is unbound.
azimuth_test/my_standard_tests.mbt:41:13-41:16 [E4021] The value identifier add is unbound.
azimuth_test/my_standard_tests.mbt:41:24-41:27 [E4021] The value identifier add is unbound.
azimuth_test/my_standard_tests.mbt:44:3-44:12 [E4021] The value identifier assert_eq is unbound.
azimuth_test/my_standard_tests.mbt:44:13-44:21 [E4021] The value identifier multiply is unbound.
azimuth_test/my_standard_tests.mbt:44:29-44:37 [E4021] The value identifier multiply is unbound.
azimuth_test/my_standard_tests.mbt:47:3-47:12 [E4021] The value identifier assert_eq is unbound.
azimuth_test/my_standard_tests.mbt:47:16-47:24 [E4021] The value identifier multiply is unbound.
azimuth_test/my_standard_tests.mbt:48:3-48:12 [E4021] The value identifier assert_eq is unbound.
azimuth_test/my_standard_tests.mbt:48:16-48:19 [E4021] The value identifier add is unbound.
azimuth_test/my_standard_tests.mbt:53:3-53:12 [E4021] The value identifier assert_eq is unbound.
azimuth_test/my_standard_tests.mbt:53:17-53:20 [E4021] The value identifier add is unbound.
azimuth_test/my_standard_tests.mbt:54:3-54:12 [E4021] The value identifier assert_eq is unbound.
azimuth_test/my_standard_tests.mbt:54:16-54:19 [E4021] The value identifier add is unbound.
azimuth_test/my_standard_tests.mbt:55:3-55:12 [E4021] The value identifier assert_eq is unbound.
azimuth_test/my_standard_tests.mbt:55:17-55:25 [E4021] The value identifier multiply is unbound.
azimuth_test/my_standard_tests.mbt:56:3-56:12 [E4021] The value identifier assert_eq is unbound.
azimuth_test/my_standard_tests.mbt:56:18-56:26 [E4021] The value identifier multiply is unbound.
azimuth_test/my_standard_tests.mbt:57:3-57:12 [E4021] The value identifier assert_eq is unbound.
azimuth_test/my_standard_tests.mbt:57:17-57:33 [E4021] The value identifier divide_with_ceil is unbound.
azimuth_test/my_standard_tests.mbt:67:18-67:26 [E4021] The value identifier multiply is unbound.
azimuth_test/my_standard_tests.mbt:68:15-68:18 [E4021] The value identifier add is unbound.
azimuth_test/my_standard_tests.mbt:70:3-70:12 [E4021] The value identifier assert_eq is unbound.
azimuth_test/my_standard_tests.mbt:71:3-71:12 [E4021] The value identifier assert_eq is unbound.
azimuth_test/my_standard_tests.mbt:78:22-78:38 [E4021] The value identifier divide_with_ceil is unbound.
azimuth_test/my_standard_tests.mbt:80:3-80:12 [E4021] The value identifier assert_eq is unbound.
azimuth_test/my_standard_tests.mbt:83:24-83:32 [E4021] The value identifier multiply is unbound.
azimuth_test/my_standard_tests.mbt:84:3-84:12 [E4021] The value identifier assert_eq is unbound.
azimuth_test/my_standard_tests.mbt:89:3-89:19 [E4021] The value identifier assert_eq_string is unbound.
azimuth_test/my_standard_tests.mbt:89:34-89:39 [E4021] The value identifier greet is unbound.
azimuth_test/my_standard_tests.mbt:90:3-90:19 [E4021] The value identifier assert_eq_string is unbound.
azimuth_test/my_standard_tests.mbt:90:33-90:38 [E4021] The value identifier greet is unbound.
azimuth_test/my_standard_tests.mbt:91:3-91:19 [E4021] The value identifier assert_eq_string is unbound.
azimuth_test/my_standard_tests.mbt:91:36-91:41 [E4021] The value identifier greet is unbound.
azimuth_test/my_standard_tests.mbt:92:3-92:19 [E4021] The value identifier assert_eq_string is unbound.
azimuth_test/my_standard_tests.mbt:92:35-92:40 [E4021] The value identifier greet is unbound.
azimuth_test/my_standard_tests.mbt:97:17-97:20 [E4021] The value identifier add is unbound.
azimuth_test/my_standard_tests.mbt:97:21-97:29 [E4021] The value identifier multiply is unbound.
azimuth_test/my_standard_tests.mbt:97:37-97:45 [E4021] The value identifier multiply is unbound.
azimuth_test/my_standard_tests.mbt:98:3-98:12 [E4021] The value identifier assert_eq is unbound.
azimuth_test/my_standard_tests.mbt:100:17-100:33 [E4021] The value identifier divide_with_ceil is unbound.
azimuth_test/my_standard_tests.mbt:100:34-100:37 [E4021] The value identifier add is unbound.
azimuth_test/my_standard_tests.mbt:100:38-100:46 [E4021] The value identifier multiply is unbound.
azimuth_test/my_standard_tests.mbt:101:3-101:12 [E4021] The value identifier assert_eq is unbound.
Error: my_standard_tests.mbt compilation failed
Checking new_practical_application_tests.mbt...
Found 10 tests in new_practical_application_tests.mbt
test ... ok
test ... ok
test ... ok
test ... ok
test ... ok
test ... ok
test ... ok
test ... ok
test ... ok
test ... ok
Checking additional_enhanced_tests.mbt...
Found 10 tests in additional_enhanced_tests.mbt
test ... ok
test ... ok
test ... ok
test ... ok
test ... ok
test ... ok
test ... ok
test ... ok
test ... ok
test ... ok
Checking quality_test_suite.mbt...
Found 10 tests in quality_test_suite.mbt
test ... ok
test ... ok
test ... ok
test ... ok
test ... ok
test ... ok
test ... ok
test ... ok
test ... ok
test ... ok
Checking quality_test_suite_final.mbt...
Found 11 tests in quality_test_suite_final.mbt
test ... ok
test ... ok
test ... ok
test ... ok
test ... ok
test ... ok
test ... ok
test ... ok
test ... ok
test ... ok
test ... ok
Checking quality_test_suite_new.mbt...
Found 10 tests in quality_test_suite_new.mbt
test ... ok
test ... ok
test ... ok
test ... ok
test ... ok
test ... ok
test ... ok
test ... ok
test ... ok
test ... ok
Checking concise_standard_test_cases.mbt...
azimuth_test/concise_standard_test_cases.mbt:6:3-6:12 [E4021] The value identifier assert_eq is unbound.
azimuth_test/concise_standard_test_cases.mbt:6:16-6:19 [E4021] The value identifier add is unbound.
azimuth_test/concise_standard_test_cases.mbt:7:3-7:12 [E4021] The value identifier assert_eq is unbound.
azimuth_test/concise_standard_test_cases.mbt:7:16-7:19 [E4021] The value identifier add is unbound.
azimuth_test/concise_standard_test_cases.mbt:8:3-8:12 [E4021] The value identifier assert_eq is unbound.
azimuth_test/concise_standard_test_cases.mbt:8:17-8:20 [E4021] The value identifier add is unbound.
azimuth_test/concise_standard_test_cases.mbt:9:3-9:12 [E4021] The value identifier assert_eq is unbound.
azimuth_test/concise_standard_test_cases.mbt:9:19-9:22 [E4021] The value identifier add is unbound.
azimuth_test/concise_standard_test_cases.mbt:14:3-14:12 [E4021] The value identifier assert_eq is unbound.
azimuth_test/concise_standard_test_cases.mbt:14:17-14:25 [E4021] The value identifier multiply is unbound.
azimuth_test/concise_standard_test_cases.mbt:15:3-15:12 [E4021] The value identifier assert_eq is unbound.
azimuth_test/concise_standard_test_cases.mbt:15:16-15:24 [E4021] The value identifier multiply is unbound.
azimuth_test/concise_standard_test_cases.mbt:16:3-16:12 [E4021] The value identifier assert_eq is unbound.
azimuth_test/concise_standard_test_cases.mbt:16:18-16:26 [E4021] The value identifier multiply is unbound.
azimuth_test/concise_standard_test_cases.mbt:17:3-17:12 [E4021] The value identifier assert_eq is unbound.
azimuth_test/concise_standard_test_cases.mbt:17:17-17:25 [E4021] The value identifier multiply is unbound.
azimuth_test/concise_standard_test_cases.mbt:22:3-22:12 [E4021] The value identifier assert_eq is unbound.
azimuth_test/concise_standard_test_cases.mbt:22:16-22:32 [E4021] The value identifier divide_with_ceil is unbound.
azimuth_test/concise_standard_test_cases.mbt:23:3-23:12 [E4021] The value identifier assert_eq is unbound.
azimuth_test/concise_standard_test_cases.mbt:23:16-23:32 [E4021] The value identifier divide_with_ceil is unbound.
azimuth_test/concise_standard_test_cases.mbt:24:3-24:12 [E4021] The value identifier assert_eq is unbound.
azimuth_test/concise_standard_test_cases.mbt:24:17-24:33 [E4021] The value identifier divide_with_ceil is unbound.
azimuth_test/concise_standard_test_cases.mbt:25:3-25:12 [E4021] The value identifier assert_eq is unbound.
azimuth_test/concise_standard_test_cases.mbt:25:16-25:32 [E4021] The value identifier divide_with_ceil is unbound.
azimuth_test/concise_standard_test_cases.mbt:26:3-26:12 [E4021] The value identifier assert_eq is unbound.
azimuth_test/concise_standard_test_cases.mbt:26:16-26:32 [E4021] The value identifier divide_with_ceil is unbound.
azimuth_test/concise_standard_test_cases.mbt:31:3-31:19 [E4021] The value identifier assert_eq_string is unbound.
azimuth_test/concise_standard_test_cases.mbt:31:39-31:44 [E4021] The value identifier greet is unbound.
azimuth_test/concise_standard_test_cases.mbt:32:3-32:19 [E4021] The value identifier assert_eq_string is unbound.
azimuth_test/concise_standard_test_cases.mbt:32:32-32:37 [E4021] The value identifier greet is unbound.
azimuth_test/concise_standard_test_cases.mbt:33:3-33:19 [E4021] The value identifier assert_eq_string is unbound.
azimuth_test/concise_standard_test_cases.mbt:33:35-33:40 [E4021] The value identifier greet is unbound.
azimuth_test/concise_standard_test_cases.mbt:34:3-34:19 [E4021] The value identifier assert_eq_string is unbound.
azimuth_test/concise_standard_test_cases.mbt:34:34-34:39 [E4021] The value identifier greet is unbound.
azimuth_test/concise_standard_test_cases.mbt:43:3-43:12 [E4021] The value identifier assert_eq is unbound.
azimuth_test/concise_standard_test_cases.mbt:43:13-43:16 [E4021] The value identifier add is unbound.
azimuth_test/concise_standard_test_cases.mbt:43:24-43:27 [E4021] The value identifier add is unbound.
azimuth_test/concise_standard_test_cases.mbt:44:3-44:12 [E4021] The value identifier assert_eq is unbound.
azimuth_test/concise_standard_test_cases.mbt:44:13-44:21 [E4021] The value identifier multiply is unbound.
azimuth_test/concise_standard_test_cases.mbt:44:29-44:37 [E4021] The value identifier multiply is unbound.
azimuth_test/concise_standard_test_cases.mbt:47:3-47:12 [E4021] The value identifier assert_eq is unbound.
azimuth_test/concise_standard_test_cases.mbt:47:16-47:19 [E4021] The value identifier add is unbound.
azimuth_test/concise_standard_test_cases.mbt:48:3-48:12 [E4021] The value identifier assert_eq is unbound.
azimuth_test/concise_standard_test_cases.mbt:48:16-48:24 [E4021] The value identifier multiply is unbound.
azimuth_test/concise_standard_test_cases.mbt:53:17-53:20 [E4021] The value identifier add is unbound.
azimuth_test/concise_standard_test_cases.mbt:53:21-53:29 [E4021] The value identifier multiply is unbound.
azimuth_test/concise_standard_test_cases.mbt:53:37-53:45 [E4021] The value identifier multiply is unbound.
azimuth_test/concise_standard_test_cases.mbt:54:3-54:12 [E4021] The value identifier assert_eq is unbound.
azimuth_test/concise_standard_test_cases.mbt:56:17-56:25 [E4021] The value identifier multiply is unbound.
azimuth_test/concise_standard_test_cases.mbt:56:26-56:29 [E4021] The value identifier add is unbound.
azimuth_test/concise_standard_test_cases.mbt:57:3-57:12 [E4021] The value identifier assert_eq is unbound.
azimuth_test/concise_standard_test_cases.mbt:66:18-66:26 [E4021] The value identifier multiply is unbound.
azimuth_test/concise_standard_test_cases.mbt:67:15-67:18 [E4021] The value identifier add is unbound.
azimuth_test/concise_standard_test_cases.mbt:69:3-69:12 [E4021] The value identifier assert_eq is unbound.
azimuth_test/concise_standard_test_cases.mbt:70:3-70:12 [E4021] The value identifier assert_eq is unbound.
azimuth_test/concise_standard_test_cases.mbt:77:22-77:38 [E4021] The value identifier divide_with_ceil is unbound.
azimuth_test/concise_standard_test_cases.mbt:79:3-79:12 [E4021] The value identifier assert_eq is unbound.
azimuth_test/concise_standard_test_cases.mbt:84:3-84:12 [E4021] The value identifier assert_eq is unbound.
azimuth_test/concise_standard_test_cases.mbt:84:16-84:24 [E4021] The value identifier multiply is unbound.
azimuth_test/concise_standard_test_cases.mbt:85:3-85:12 [E4021] The value identifier assert_eq is unbound.
azimuth_test/concise_standard_test_cases.mbt:85:16-85:32 [E4021] The value identifier divide_with_ceil is unbound.
azimuth_test/concise_standard_test_cases.mbt:86:3-86:12 [E4021] The value identifier assert_eq is unbound.
azimuth_test/concise_standard_test_cases.mbt:86:16-86:32 [E4021] The value identifier divide_with_ceil is unbound.
azimuth_test/concise_standard_test_cases.mbt:87:3-87:12 [E4021] The value identifier assert_eq is unbound.
azimuth_test/concise_standard_test_cases.mbt:87:17-87:20 [E4021] The value identifier add is unbound.
azimuth_test/concise_standard_test_cases.mbt:88:3-88:19 [E4021] The value identifier assert_eq_string is unbound.
azimuth_test/concise_standard_test_cases.mbt:88:32-88:37 [E4021] The value identifier greet is unbound.
azimuth_test/concise_standard_test_cases.mbt:98:18-98:26 [E4021] The value identifier multiply is unbound.
azimuth_test/concise_standard_test_cases.mbt:99:24-99:27 [E4021] The value identifier add is unbound.
azimuth_test/concise_standard_test_cases.mbt:100:13-100:29 [E4021] The value identifier divide_with_ceil is unbound.
azimuth_test/concise_standard_test_cases.mbt:100:30-100:38 [E4021] The value identifier multiply is unbound.
azimuth_test/concise_standard_test_cases.mbt:101:21-101:24 [E4021] The value identifier add is unbound.
azimuth_test/concise_standard_test_cases.mbt:103:3-103:12 [E4021] The value identifier assert_eq is unbound.
azimuth_test/concise_standard_test_cases.mbt:104:3-104:12 [E4021] The value identifier assert_eq is unbound.
azimuth_test/concise_standard_test_cases.mbt:105:3-105:12 [E4021] The value identifier assert_eq is unbound.
azimuth_test/concise_standard_test_cases.mbt:106:3-106:12 [E4021] The value identifier assert_eq is unbound.
Error: concise_standard_test_cases.mbt compilation failed
Checking azimuth_enhanced_core_tests.mbt...
Found 10 tests in azimuth_enhanced_core_tests.mbt
test ... ok
test ... ok
test ... ok
test ... ok
test ... ok
test ... ok
test ... ok
test ... ok
test ... ok
test ... ok
Checking standard_comprehensive_tests.mbt...
Found 10 tests in standard_comprehensive_tests.mbt
test ... ok
test ... ok
test ... ok
test ... ok
test ... ok
test ... ok
test ... ok
test ... ok
test ... ok
test ... ok
Checking standard_moonbit_tests_v22.mbt...
Found 10 tests in standard_moonbit_tests_v22.mbt
test ... ok
test ... ok
test ... ok
test ... ok
test ... ok
test ... ok
test ... ok
test ... ok
test ... ok
test ... ok
Compiling clean_test...
Generating clean_test.wasm...
Testing clean_test...
Checking simple_test.mbt...
Found 25 tests in simple_test.mbt
test ... ok
test ... ok
test ... ok
test ... ok
test ... ok
test ... ok
test ... ok
test ... ok
test ... ok
test ... ok
test ... ok
test ... ok
test ... ok
test ... ok
test ... ok
test ... ok
test ... ok
test ... ok
test ... ok
test ... ok
test ... ok
test ... ok
test ... ok
test ... ok
test ... ok
Checking additional_comprehensive_tests.mbt...
Found 3 tests in additional_comprehensive_tests.mbt
test ... ok
test ... ok
test ... ok
Checking standard_tests.mbt...
Found 8 tests in standard_tests.mbt
test ... ok
test ... ok
test ... ok
test ... ok
test ... ok
test ... ok
test ... ok
test ... ok
Testing test_only...
Found 21 tests in test_only
test ... ok
test ... ok
test ... ok
test ... ok
test ... ok
test ... ok
test ... ok
test ... ok
test ... ok
test ... ok
test ... ok
test ... ok
test ... ok
test ... ok
test ... ok
test ... ok
test ... ok
test ... ok
test ... ok
test ... ok
test ... ok

1659 tests passed, 0 failed

All packages compiled and tests passed successfully!
